[2026-07-18 06:21:26] Wall clock start: 2026-07-18 06:21:26
[2026-07-18 06:21:26] ============================================================
[2026-07-18 06:21:26]   V11: PAM with new memory dynamics
[2026-07-18 06:21:26]   Preset: v11_e3_k3_chat | Stage: pretrain | Dataset: pretrain_mix
[2026-07-18 06:21:26] ============================================================

[2026-07-18 06:21:26] Config: {'vocab_size': 50261, 'dim': 384, 'n_heads': 6, 'head_dim': 64, 'n_layers': 16, 'expand': 3, 'dropout': 0.1, 'max_seq_len': 2048, 'use_learned_pos': False, 'use_rope': True, 'use_gsp': True, 'fused_qkv': True, 'qk_norm': False, 'tie_weights': True, 'gradient_checkpointing': False, 'activation': 'swish', 'chunk_size': 256, 'decay_mode': 'head', 'write_mode': 'additive', 'n_states': 3, 'delta_chunk': 64, 'state_dt_spread': 2.0, 'base_dt_bias': -4.0, 'gate_content_aware': True, 'protect_gate_bias': -3.0, 'routing_content_aware': True, 'state_compete': True, 'phase_init': 'zero', 'route_balance_lambda': 0.01, 'aux_loss_weight': 1.0, 'fused_e3': True, 'recompute_pam_chunks': False, 'gamma_floor': 0.0, 'gate_surprisal_lambda': 0.3, 'gate_surprisal_tau': 0.5, 'gate_surprisal_sign': 1.0, 'vault_state': True, 'vault_state_idx': 0, 'write_phase_address': True}
[2026-07-18 06:21:26] Memory dynamics: decay_mode=head, write_mode=additive, n_states=3, chunk_size=256
[2026-07-18 06:21:26] Batch size: 16, Epochs: 9999, LR: 0.0001
[2026-07-18 06:21:26] Token budget: 1,000,000,000

[2026-07-18 06:21:26] Loading pretrain_mix (seq_len=2048)...
[2026-07-18 06:21:28] Streaming pretrain blend: sources=['fineweb', 'recall'] weights=[93.0, 3.0] edu>=3 budget=1000000000 vocab=50261 holdout_pct=5 exclude_holdout=True mix_seed=42 warmup=0 skips={'fineweb': 0, 'recall': 0}
[2026-07-18 06:21:28] [cache] Pretrain holdout val from .cache/v7_tokens/pretrain_holdout_v1_v50261_t500000_e3_p5.pt (500,000 tokens)
[2026-07-18 06:21:29] [cache] Loaded WikiText-103 validation from .cache/v7_tokens/wikitext103_validation_v2_full_sl2048.pt (248,461 tokens)
[2026-07-18 06:21:29] Val chunks: 121
[2026-07-18 06:21:29] Val: in-distro holdout (16 batches), WikiText secondary (8 batches)
[2026-07-18 06:21:29] Train batches: streaming, Val batches: 16

[2026-07-18 06:21:31] Model parameters: {'embedding (tied)': 38600448, 'blocks': 61982656, 'norms': 768, 'lm_head': 296064, 'total': 100879936}
[2026-07-18 06:21:31] Total: 100,879,936 (100.9M)
[2026-07-18 06:21:31] Param groups: 244 tensors (100,827,904) with wd, 213 tensors (52,032) without
[2026-07-18 06:21:31] Compiling model (mode=default)...
[2026-07-18 06:21:32]   fused_ce: compiled _hidden_to_lm (logits never materialized)

[2026-07-18 06:21:32] Training on cuda
[2026-07-18 06:21:32] Parameters: {'embedding (tied)': 38600448, 'blocks': 61982656, 'norms': 768, 'lm_head': 296064, 'total': 100879936}
[2026-07-18 06:21:32] Total: 100,879,936 (100.9M)
[2026-07-18 06:21:32] Epochs: 1..9999, Batches/epoch: stream
[2026-07-18 06:21:32] Periodic checkpoint: every 2000 steps -> latest.pt


[2026-07-18 06:21:32] ============================================================
[2026-07-18 06:21:32] Epoch 1/9999
[2026-07-18 06:21:32] ============================================================
[2026-07-18 06:21:32] [fineweb] local parquet stream: 15 shards under data/fineweb-edu/sample-10BT
[2026-07-18 06:31:21]   [1] 0 loss=10.9036 ppl=54370.4 lr=2.00e-07 | 56 tok/s (avg 56) ETA n/a | GPU 1.4/44.4GB | gtok=32768
[2026-07-18 06:32:14]   [1] 50 loss=10.6448 ppl=41972.1 lr=1.02e-05 | 30979 tok/s (avg 2605) ETA n/a | GPU 1.4/45.2GB | gtok=1671168
[2026-07-18 06:33:06]   [1] 100 loss=10.0963 ppl=24251.9 lr=2.02e-05 | 30991 tok/s (avg 4767) ETA n/a | GPU 1.4/45.2GB | gtok=3309568
[2026-07-18 06:33:59]   [1] 150 loss=9.0103 ppl=8187.2 lr=3.02e-05 | 30952 tok/s (avg 6622) ETA n/a | GPU 1.4/45.2GB | gtok=4947968
[2026-07-18 06:34:59]   [1] 200 loss=8.3575 ppl=4262.2 lr=4.02e-05 | 27675 tok/s (avg 8167) ETA n/a | GPU 1.4/45.2GB | gtok=6586368
[2026-07-18 06:35:52]   [1] 250 loss=7.9026 ppl=2704.4 lr=5.02e-05 | 30818 tok/s (avg 9568) ETA n/a | GPU 1.4/45.2GB | gtok=8224768
[2026-07-18 06:36:45]   [1] 300 loss=7.4223 ppl=1672.9 lr=6.02e-05 | 30837 tok/s (avg 10806) ETA n/a | GPU 1.4/45.2GB | gtok=9863168
[2026-07-18 06:37:38]   [1] 350 loss=7.5975 ppl=1993.3 lr=7.02e-05 | 30839 tok/s (avg 11908) ETA n/a | GPU 1.4/45.2GB | gtok=11501568
[2026-07-18 06:38:31]   [1] 400 loss=7.2975 ppl=1476.6 lr=8.02e-05 | 30818 tok/s (avg 12894) ETA n/a | GPU 1.4/45.2GB | gtok=13139968
[2026-07-18 06:39:24]   [1] 450 loss=7.1169 ppl=1232.6 lr=9.02e-05 | 30817 tok/s (avg 13783) ETA n/a | GPU 1.4/45.2GB | gtok=14778368
[2026-07-18 06:40:17]   [1] 500 loss=6.8368 ppl=931.5 lr=1.00e-04 | 30818 tok/s (avg 14588) ETA n/a | GPU 1.4/45.2GB | gtok=16416768
[2026-07-18 06:41:11]   [1] 550 loss=6.8923 ppl=984.6 lr=1.00e-04 | 30812 tok/s (avg 15320) ETA n/a | GPU 1.4/45.2GB | gtok=18055168
[2026-07-18 06:42:04]   [1] 600 loss=6.7634 ppl=865.6 lr=1.00e-04 | 30817 tok/s (avg 15989) ETA n/a | GPU 1.4/45.2GB | gtok=19693568
[2026-07-18 06:42:57]   [1] 650 loss=6.5962 ppl=732.3 lr=1.00e-04 | 30851 tok/s (avg 16603) ETA n/a | GPU 1.4/45.2GB | gtok=21331968
[2026-07-18 06:43:50]   [1] 700 loss=6.6459 ppl=769.6 lr=1.00e-04 | 30870 tok/s (avg 17169) ETA n/a | GPU 1.4/45.2GB | gtok=22970368
[2026-07-18 06:44:43]   [1] 750 loss=6.3524 ppl=573.9 lr=1.00e-04 | 30863 tok/s (avg 17692) ETA n/a | GPU 1.4/45.2GB | gtok=24608768
[2026-07-18 06:45:36]   [1] 800 loss=6.5188 ppl=677.8 lr=1.00e-04 | 30850 tok/s (avg 18176) ETA n/a | GPU 1.4/45.2GB | gtok=26247168
[2026-07-18 06:46:29]   [1] 850 loss=6.3776 ppl=588.5 lr=1.00e-04 | 30907 tok/s (avg 18626) ETA n/a | GPU 1.4/45.2GB | gtok=27885568
[2026-07-18 06:47:22]   [1] 900 loss=6.3298 ppl=561.0 lr=1.00e-04 | 30883 tok/s (avg 19046) ETA n/a | GPU 1.4/45.2GB | gtok=29523968
[2026-07-18 06:48:15]   [1] 950 loss=6.0759 ppl=435.2 lr=9.99e-05 | 30918 tok/s (avg 19438) ETA n/a | GPU 1.4/45.2GB | gtok=31162368
[2026-07-18 06:49:08]   [1] 1000 loss=6.0298 ppl=415.6 lr=9.99e-05 | 30907 tok/s (avg 19805) ETA n/a | GPU 1.4/45.2GB | gtok=32800768
[2026-07-18 06:50:06]   [1] 1050 loss=6.3078 ppl=548.8 lr=9.99e-05 | 28569 tok/s (avg 20099) ETA n/a | GPU 1.4/45.2GB | gtok=34439168
[2026-07-18 06:50:59]   [1] 1100 loss=6.0398 ppl=419.8 lr=9.99e-05 | 30891 tok/s (avg 20423) ETA n/a | GPU 1.4/45.2GB | gtok=36077568
[2026-07-18 06:51:52]   [1] 1150 loss=5.9187 ppl=371.9 lr=9.99e-05 | 30860 tok/s (avg 20727) ETA n/a | GPU 1.4/45.2GB | gtok=37715968
[2026-07-18 06:52:45]   [1] 1200 loss=5.9357 ppl=378.3 lr=9.99e-05 | 30918 tok/s (avg 21016) ETA n/a | GPU 1.4/45.2GB | gtok=39354368
[2026-07-18 06:53:38]   [1] 1250 loss=5.6528 ppl=285.1 lr=9.99e-05 | 30912 tok/s (avg 21288) ETA n/a | GPU 1.4/45.2GB | gtok=40992768
[2026-07-18 06:54:31]   [1] 1300 loss=5.5950 ppl=269.1 lr=9.98e-05 | 30931 tok/s (avg 21546) ETA n/a | GPU 1.4/45.2GB | gtok=42631168
[2026-07-18 06:55:24]   [1] 1350 loss=5.8775 ppl=356.9 lr=9.98e-05 | 30903 tok/s (avg 21790) ETA n/a | GPU 1.4/45.2GB | gtok=44269568
[2026-07-18 06:56:17]   [1] 1400 loss=5.8596 ppl=350.6 lr=9.98e-05 | 30916 tok/s (avg 22022) ETA n/a | GPU 1.4/45.2GB | gtok=45907968
[2026-07-18 06:57:10]   [1] 1450 loss=5.8422 ppl=344.5 lr=9.98e-05 | 30905 tok/s (avg 22243) ETA n/a | GPU 1.4/45.2GB | gtok=47546368
[2026-07-18 06:58:03]   [1] 1500 loss=5.8046 ppl=331.8 lr=9.97e-05 | 30892 tok/s (avg 22452) ETA n/a | GPU 1.4/45.2GB | gtok=49184768
[2026-07-18 06:58:56]   [1] 1550 loss=5.4143 ppl=224.6 lr=9.97e-05 | 30879 tok/s (avg 22651) ETA n/a | GPU 1.4/45.2GB | gtok=50823168
[2026-07-18 06:59:49]   [1] 1600 loss=5.6764 ppl=291.9 lr=9.97e-05 | 30908 tok/s (avg 22842) ETA n/a | GPU 1.4/45.2GB | gtok=52461568
[2026-07-18 07:00:42]   [1] 1650 loss=5.5156 ppl=248.5 lr=9.96e-05 | 30897 tok/s (avg 23024) ETA n/a | GPU 1.4/45.2GB | gtok=54099968
[2026-07-18 07:01:35]   [1] 1700 loss=5.3945 ppl=220.2 lr=9.96e-05 | 30902 tok/s (avg 23197) ETA n/a | GPU 1.4/45.2GB | gtok=55738368
[2026-07-18 07:02:28]   [1] 1750 loss=5.3529 ppl=211.2 lr=9.96e-05 | 30842 tok/s (avg 23363) ETA n/a | GPU 1.4/45.2GB | gtok=57376768
[2026-07-18 07:03:21]   [1] 1800 loss=5.2907 ppl=198.5 lr=9.96e-05 | 30893 tok/s (avg 23522) ETA n/a | GPU 1.4/45.2GB | gtok=59015168
[2026-07-18 07:04:14]   [1] 1850 loss=5.5204 ppl=249.7 lr=9.95e-05 | 30894 tok/s (avg 23675) ETA n/a | GPU 1.4/45.2GB | gtok=60653568
[2026-07-18 07:05:11]   [1] 1900 loss=5.1866 ppl=178.9 lr=9.95e-05 | 28584 tok/s (avg 23782) ETA n/a | GPU 1.4/45.2GB | gtok=62291968
[2026-07-18 07:06:04]   [1] 1950 loss=5.3536 ppl=211.4 lr=9.94e-05 | 30909 tok/s (avg 23923) ETA n/a | GPU 1.4/45.2GB | gtok=63930368
[2026-07-18 07:06:57] Saved checkpoint: checkpoints_v11_recall_stage6_combo/best_run/latest.pt
[2026-07-18 07:06:57]   [checkpoint @ step 2000, 65,536,000 tok]
[2026-07-18 07:06:58]   [1] 2000 loss=5.0517 ppl=156.3 lr=9.94e-05 | 30622 tok/s (avg 24055) ETA n/a | GPU 1.4/45.2GB | gtok=65568768
[2026-07-18 07:07:51]   [1] 2050 loss=5.3730 ppl=215.5 lr=9.94e-05 | 30901 tok/s (avg 24186) ETA n/a | GPU 1.4/45.2GB | gtok=67207168
[2026-07-18 07:08:44]   [1] 2100 loss=5.3553 ppl=211.7 lr=9.93e-05 | 30910 tok/s (avg 24311) ETA n/a | GPU 1.4/45.2GB | gtok=68845568
[2026-07-18 07:09:37]   [1] 2150 loss=5.3020 ppl=200.7 lr=9.93e-05 | 30897 tok/s (avg 24432) ETA n/a | GPU 1.4/45.2GB | gtok=70483968
[2026-07-18 07:10:30]   [1] 2200 loss=5.3387 ppl=208.2 lr=9.92e-05 | 30934 tok/s (avg 24550) ETA n/a | GPU 1.4/45.2GB | gtok=72122368
[2026-07-18 07:11:23]   [1] 2250 loss=5.2980 ppl=199.9 lr=9.92e-05 | 30947 tok/s (avg 24663) ETA n/a | GPU 1.4/45.2GB | gtok=73760768
[2026-07-18 07:12:16]   [1] 2300 loss=5.3747 ppl=215.9 lr=9.91e-05 | 30929 tok/s (avg 24772) ETA n/a | GPU 1.4/45.2GB | gtok=75399168
[2026-07-18 07:13:09]   [1] 2350 loss=5.0078 ppl=149.6 lr=9.91e-05 | 30919 tok/s (avg 24877) ETA n/a | GPU 1.4/45.2GB | gtok=77037568
[2026-07-18 07:14:02]   [1] 2400 loss=5.1620 ppl=174.5 lr=9.90e-05 | 30917 tok/s (avg 24979) ETA n/a | GPU 1.4/45.2GB | gtok=78675968
[2026-07-18 07:14:55]   [1] 2450 loss=5.2274 ppl=186.3 lr=9.90e-05 | 30921 tok/s (avg 25077) ETA n/a | GPU 1.4/45.2GB | gtok=80314368
[2026-07-18 07:15:48]   [1] 2500 loss=5.1481 ppl=172.1 lr=9.89e-05 | 30937 tok/s (avg 25172) ETA n/a | GPU 1.4/45.2GB | gtok=81952768
[2026-07-18 07:16:41]   [1] 2550 loss=5.2203 ppl=185.0 lr=9.89e-05 | 30935 tok/s (avg 25265) ETA n/a | GPU 1.4/45.2GB | gtok=83591168
[2026-07-18 07:17:34]   [1] 2600 loss=5.0207 ppl=151.5 lr=9.88e-05 | 30918 tok/s (avg 25354) ETA n/a | GPU 1.4/45.2GB | gtok=85229568
[2026-07-18 07:18:27]   [1] 2650 loss=4.9817 ppl=145.7 lr=9.88e-05 | 30930 tok/s (avg 25440) ETA n/a | GPU 1.4/45.2GB | gtok=86867968
[2026-07-18 07:19:20]   [1] 2700 loss=5.0295 ppl=152.9 lr=9.87e-05 | 30925 tok/s (avg 25524) ETA n/a | GPU 1.4/45.2GB | gtok=88506368
[2026-07-18 07:20:17]   [1] 2750 loss=5.1093 ppl=165.5 lr=9.87e-05 | 28600 tok/s (avg 25574) ETA n/a | GPU 1.4/45.2GB | gtok=90144768
[2026-07-18 07:21:10]   [1] 2800 loss=4.9601 ppl=142.6 lr=9.86e-05 | 30913 tok/s (avg 25653) ETA n/a | GPU 1.4/45.2GB | gtok=91783168
[2026-07-18 07:22:03]   [1] 2850 loss=4.9374 ppl=139.4 lr=9.85e-05 | 30950 tok/s (avg 25730) ETA n/a | GPU 1.4/45.2GB | gtok=93421568
[2026-07-18 07:22:56]   [1] 2900 loss=5.1459 ppl=171.7 lr=9.85e-05 | 30929 tok/s (avg 25805) ETA n/a | GPU 1.4/45.2GB | gtok=95059968
[2026-07-18 07:23:49]   [1] 2950 loss=5.0859 ppl=161.7 lr=9.84e-05 | 30832 tok/s (avg 25877) ETA n/a | GPU 1.4/45.2GB | gtok=96698368
[2026-07-18 07:24:42]   [1] 3000 loss=5.0893 ppl=162.3 lr=9.84e-05 | 30785 tok/s (avg 25945) ETA n/a | GPU 1.4/45.2GB | gtok=98336768
[2026-07-18 07:25:35]   [1] 3050 loss=4.9241 ppl=137.6 lr=9.83e-05 | 30809 tok/s (avg 26013) ETA n/a | GPU 1.4/45.2GB | gtok=99975168
[2026-07-18 07:26:29]   [1] 3100 loss=4.8900 ppl=133.0 lr=9.82e-05 | 30810 tok/s (avg 26078) ETA n/a | GPU 1.4/45.2GB | gtok=101613568
[2026-07-18 07:27:22]   [1] 3150 loss=5.0637 ppl=158.2 lr=9.81e-05 | 30904 tok/s (avg 26143) ETA n/a | GPU 1.4/45.2GB | gtok=103251968
[2026-07-18 07:28:15]   [1] 3200 loss=4.9273 ppl=138.0 lr=9.81e-05 | 30926 tok/s (avg 26206) ETA n/a | GPU 1.4/45.2GB | gtok=104890368
[2026-07-18 07:29:08]   [1] 3250 loss=4.8956 ppl=133.7 lr=9.80e-05 | 30927 tok/s (avg 26268) ETA n/a | GPU 1.4/45.2GB | gtok=106528768
[2026-07-18 07:30:01]   [1] 3300 loss=4.7032 ppl=110.3 lr=9.79e-05 | 30901 tok/s (avg 26328) ETA n/a | GPU 1.4/45.2GB | gtok=108167168
[2026-07-18 07:30:54]   [1] 3350 loss=4.7352 ppl=113.9 lr=9.79e-05 | 30905 tok/s (avg 26386) ETA n/a | GPU 1.4/45.2GB | gtok=109805568
[2026-07-18 07:31:47]   [1] 3400 loss=4.8036 ppl=121.9 lr=9.78e-05 | 30887 tok/s (avg 26443) ETA n/a | GPU 1.4/45.2GB | gtok=111443968
[2026-07-18 07:32:40]   [1] 3450 loss=4.7874 ppl=120.0 lr=9.77e-05 | 30921 tok/s (avg 26498) ETA n/a | GPU 1.4/45.2GB | gtok=113082368
[2026-07-18 07:33:33]   [1] 3500 loss=4.8381 ppl=126.2 lr=9.76e-05 | 30937 tok/s (avg 26553) ETA n/a | GPU 1.4/45.2GB | gtok=114720768
[2026-07-18 07:34:30]   [1] 3550 loss=4.8483 ppl=127.5 lr=9.76e-05 | 28592 tok/s (avg 26579) ETA n/a | GPU 1.4/45.2GB | gtok=116359168
[2026-07-18 07:35:23]   [1] 3600 loss=4.7421 ppl=114.7 lr=9.75e-05 | 30910 tok/s (avg 26631) ETA n/a | GPU 1.4/45.2GB | gtok=117997568
[2026-07-18 07:36:16]   [1] 3650 loss=4.7908 ppl=120.4 lr=9.74e-05 | 30891 tok/s (avg 26682) ETA n/a | GPU 1.4/45.2GB | gtok=119635968
[2026-07-18 07:37:09]   [1] 3700 loss=4.9078 ppl=135.3 lr=9.73e-05 | 30841 tok/s (avg 26730) ETA n/a | GPU 1.4/45.2GB | gtok=121274368
[2026-07-18 07:38:02]   [1] 3750 loss=4.8740 ppl=130.8 lr=9.72e-05 | 30909 tok/s (avg 26779) ETA n/a | GPU 1.4/45.2GB | gtok=122912768
[2026-07-18 07:38:55]   [1] 3800 loss=4.6426 ppl=103.8 lr=9.71e-05 | 30939 tok/s (avg 26826) ETA n/a | GPU 1.4/45.2GB | gtok=124551168
[2026-07-18 07:39:48]   [1] 3850 loss=4.8875 ppl=132.6 lr=9.71e-05 | 30937 tok/s (avg 26872) ETA n/a | GPU 1.4/45.2GB | gtok=126189568
[2026-07-18 07:40:41]   [1] 3900 loss=4.6458 ppl=104.1 lr=9.70e-05 | 30921 tok/s (avg 26918) ETA n/a | GPU 1.4/45.2GB | gtok=127827968
[2026-07-18 07:41:34]   [1] 3950 loss=4.7995 ppl=121.4 lr=9.69e-05 | 30923 tok/s (avg 26962) ETA n/a | GPU 1.4/45.2GB | gtok=129466368
[2026-07-18 07:42:28] Saved checkpoint: checkpoints_v11_recall_stage6_combo/best_run/latest.pt
[2026-07-18 07:42:28]   [checkpoint @ step 4000, 131,072,000 tok]
[2026-07-18 07:42:29]   [1] 4000 loss=4.8127 ppl=123.1 lr=9.68e-05 | 29912 tok/s (avg 26995) ETA n/a | GPU 1.4/45.2GB | gtok=131104768
[2026-07-18 07:43:22]   [1] 4050 loss=4.9257 ppl=137.8 lr=9.67e-05 | 30938 tok/s (avg 27038) ETA n/a | GPU 1.4/45.2GB | gtok=132743168
[2026-07-18 07:44:15]   [1] 4100 loss=4.5557 ppl=95.2 lr=9.66e-05 | 30966 tok/s (avg 27079) ETA n/a | GPU 1.4/45.2GB | gtok=134381568
[2026-07-18 07:45:07]   [1] 4150 loss=4.6619 ppl=105.8 lr=9.65e-05 | 30959 tok/s (avg 27120) ETA n/a | GPU 1.4/45.2GB | gtok=136019968
[2026-07-18 07:46:00]   [1] 4200 loss=4.5382 ppl=93.5 lr=9.64e-05 | 30976 tok/s (avg 27161) ETA n/a | GPU 1.4/45.2GB | gtok=137658368
[2026-07-18 07:46:53]   [1] 4250 loss=4.4253 ppl=83.5 lr=9.63e-05 | 30947 tok/s (avg 27200) ETA n/a | GPU 1.4/45.2GB | gtok=139296768
[2026-07-18 07:47:46]   [1] 4300 loss=4.8807 ppl=131.7 lr=9.62e-05 | 30917 tok/s (avg 27238) ETA n/a | GPU 1.4/45.2GB | gtok=140935168
[2026-07-18 07:48:39]   [1] 4350 loss=4.7394 ppl=114.4 lr=9.61e-05 | 30919 tok/s (avg 27275) ETA n/a | GPU 1.4/45.2GB | gtok=142573568
[2026-07-18 07:49:37]   [1] 4400 loss=4.4986 ppl=89.9 lr=9.60e-05 | 28576 tok/s (avg 27289) ETA n/a | GPU 1.4/45.2GB | gtok=144211968
[2026-07-18 07:50:30]   [1] 4450 loss=4.7039 ppl=110.4 lr=9.59e-05 | 30920 tok/s (avg 27325) ETA n/a | GPU 1.4/45.2GB | gtok=145850368
[2026-07-18 07:51:23]   [1] 4500 loss=4.6810 ppl=107.9 lr=9.58e-05 | 30948 tok/s (avg 27361) ETA n/a | GPU 1.4/45.2GB | gtok=147488768
[2026-07-18 07:52:16]   [1] 4550 loss=4.7242 ppl=112.6 lr=9.57e-05 | 30938 tok/s (avg 27396) ETA n/a | GPU 1.4/45.2GB | gtok=149127168
[2026-07-18 07:53:09]   [1] 4600 loss=4.5743 ppl=97.0 lr=9.56e-05 | 30907 tok/s (avg 27430) ETA n/a | GPU 1.4/45.2GB | gtok=150765568
[2026-07-18 07:54:01]   [1] 4650 loss=4.6760 ppl=107.3 lr=9.55e-05 | 30946 tok/s (avg 27463) ETA n/a | GPU 1.4/45.2GB | gtok=152403968
[2026-07-18 07:54:54]   [1] 4700 loss=4.1919 ppl=66.1 lr=9.54e-05 | 30947 tok/s (avg 27496) ETA n/a | GPU 1.4/45.2GB | gtok=154042368
[2026-07-18 07:55:47]   [1] 4750 loss=4.4986 ppl=89.9 lr=9.53e-05 | 30978 tok/s (avg 27529) ETA n/a | GPU 1.4/45.2GB | gtok=155680768
[2026-07-18 07:56:40]   [1] 4800 loss=4.4455 ppl=85.2 lr=9.52e-05 | 30944 tok/s (avg 27560) ETA n/a | GPU 1.4/45.2GB | gtok=157319168
[2026-07-18 07:57:33]   [1] 4850 loss=4.3441 ppl=77.0 lr=9.51e-05 | 30955 tok/s (avg 27591) ETA n/a | GPU 1.4/45.2GB | gtok=158957568
[2026-07-18 07:58:26]   [1] 4900 loss=4.4582 ppl=86.3 lr=9.50e-05 | 30919 tok/s (avg 27622) ETA n/a | GPU 1.4/45.2GB | gtok=160595968
[2026-07-18 07:59:19]   [1] 4950 loss=4.5205 ppl=91.9 lr=9.48e-05 | 30930 tok/s (avg 27652) ETA n/a | GPU 1.4/45.2GB | gtok=162234368
[2026-07-18 08:00:12]   [1] 5000 loss=4.7097 ppl=111.0 lr=9.47e-05 | 30930 tok/s (avg 27681) ETA n/a | GPU 1.4/45.2GB | gtok=163872768
[2026-07-18 08:01:05]   [1] 5050 loss=4.5912 ppl=98.6 lr=9.46e-05 | 30945 tok/s (avg 27710) ETA n/a | GPU 1.4/45.2GB | gtok=165511168
[2026-07-18 08:01:58]   [1] 5100 loss=4.8076 ppl=122.4 lr=9.45e-05 | 30930 tok/s (avg 27738) ETA n/a | GPU 1.4/45.2GB | gtok=167149568
[2026-07-18 08:02:51]   [1] 5150 loss=4.6707 ppl=106.8 lr=9.44e-05 | 30955 tok/s (avg 27766) ETA n/a | GPU 1.4/45.2GB | gtok=168787968
[2026-07-18 08:03:44]   [1] 5200 loss=4.5339 ppl=93.1 lr=9.43e-05 | 30927 tok/s (avg 27793) ETA n/a | GPU 1.4/45.2GB | gtok=170426368
[2026-07-18 08:04:41]   [1] 5250 loss=4.6611 ppl=105.8 lr=9.41e-05 | 28576 tok/s (avg 27801) ETA n/a | GPU 1.4/45.2GB | gtok=172064768
[2026-07-18 08:05:34]   [1] 5300 loss=4.4681 ppl=87.2 lr=9.40e-05 | 30927 tok/s (avg 27827) ETA n/a | GPU 1.4/45.2GB | gtok=173703168
[2026-07-18 08:06:27]   [1] 5350 loss=4.4770 ppl=88.0 lr=9.39e-05 | 30932 tok/s (avg 27853) ETA n/a | GPU 1.4/45.2GB | gtok=175341568
[2026-07-18 08:07:20]   [1] 5400 loss=4.5287 ppl=92.6 lr=9.38e-05 | 30946 tok/s (avg 27879) ETA n/a | GPU 1.4/45.2GB | gtok=176979968
[2026-07-18 08:08:13]   [1] 5450 loss=4.5144 ppl=91.3 lr=9.36e-05 | 30958 tok/s (avg 27905) ETA n/a | GPU 1.4/45.2GB | gtok=178618368
[2026-07-18 08:09:06]   [1] 5500 loss=4.7164 ppl=111.8 lr=9.35e-05 | 30918 tok/s (avg 27929) ETA n/a | GPU 1.4/45.2GB | gtok=180256768
[2026-07-18 08:09:59]   [1] 5550 loss=4.3167 ppl=74.9 lr=9.34e-05 | 30886 tok/s (avg 27953) ETA n/a | GPU 1.4/45.2GB | gtok=181895168
[2026-07-18 08:10:52]   [1] 5600 loss=4.4146 ppl=82.7 lr=9.33e-05 | 30904 tok/s (avg 27977) ETA n/a | GPU 1.4/45.2GB | gtok=183533568
[2026-07-18 08:11:45]   [1] 5650 loss=4.3700 ppl=79.0 lr=9.31e-05 | 30915 tok/s (avg 28001) ETA n/a | GPU 1.4/45.2GB | gtok=185171968
[2026-07-18 08:12:38]   [1] 5700 loss=4.5319 ppl=92.9 lr=9.30e-05 | 30921 tok/s (avg 28024) ETA n/a | GPU 1.4/45.2GB | gtok=186810368
[2026-07-18 08:13:31]   [1] 5750 loss=4.3820 ppl=80.0 lr=9.29e-05 | 30926 tok/s (avg 28047) ETA n/a | GPU 1.4/45.2GB | gtok=188448768
[2026-07-18 08:14:24]   [1] 5800 loss=4.5091 ppl=90.8 lr=9.27e-05 | 30933 tok/s (avg 28070) ETA n/a | GPU 1.4/45.2GB | gtok=190087168
[2026-07-18 08:15:17]   [1] 5850 loss=4.3598 ppl=78.2 lr=9.26e-05 | 30895 tok/s (avg 28091) ETA n/a | GPU 1.4/45.2GB | gtok=191725568
[2026-07-18 08:16:10]   [1] 5900 loss=4.3052 ppl=74.1 lr=9.25e-05 | 30889 tok/s (avg 28113) ETA n/a | GPU 1.4/45.2GB | gtok=193363968
[2026-07-18 08:17:03]   [1] 5950 loss=4.3401 ppl=76.7 lr=9.23e-05 | 30912 tok/s (avg 28134) ETA n/a | GPU 1.4/45.2GB | gtok=195002368
[2026-07-18 08:17:57] Saved checkpoint: checkpoints_v11_recall_stage6_combo/best_run/latest.pt
[2026-07-18 08:17:57]   [checkpoint @ step 6000, 196,608,000 tok]
[2026-07-18 08:17:58]   [1] 6000 loss=4.4193 ppl=83.0 lr=9.22e-05 | 29832 tok/s (avg 28148) ETA n/a | GPU 1.4/45.2GB | gtok=196640768
[2026-07-18 08:18:51]   [1] 6050 loss=4.3249 ppl=75.6 lr=9.21e-05 | 30916 tok/s (avg 28169) ETA n/a | GPU 1.4/45.2GB | gtok=198279168
[2026-07-18 08:19:48]   [1] 6100 loss=4.3108 ppl=74.5 lr=9.19e-05 | 28594 tok/s (avg 28172) ETA n/a | GPU 1.4/45.2GB | gtok=199917568
[2026-07-18 08:20:41]   [1] 6150 loss=4.5620 ppl=95.8 lr=9.18e-05 | 30894 tok/s (avg 28192) ETA n/a | GPU 1.4/45.2GB | gtok=201555968
[2026-07-18 08:21:34]   [1] 6200 loss=4.5715 ppl=96.7 lr=9.16e-05 | 30936 tok/s (avg 28212) ETA n/a | GPU 1.4/45.2GB | gtok=203194368
[2026-07-18 08:22:27]   [1] 6250 loss=4.4279 ppl=83.8 lr=9.15e-05 | 30904 tok/s (avg 28232) ETA n/a | GPU 1.4/45.2GB | gtok=204832768
[2026-07-18 08:23:20]   [1] 6300 loss=4.4165 ppl=82.8 lr=9.13e-05 | 30942 tok/s (avg 28252) ETA n/a | GPU 1.4/45.2GB | gtok=206471168
[2026-07-18 08:24:13]   [1] 6350 loss=4.1453 ppl=63.1 lr=9.12e-05 | 30947 tok/s (avg 28271) ETA n/a | GPU 1.4/45.2GB | gtok=208109568
[2026-07-18 08:25:06]   [1] 6400 loss=4.2739 ppl=71.8 lr=9.11e-05 | 30901 tok/s (avg 28290) ETA n/a | GPU 1.4/45.2GB | gtok=209747968
[2026-07-18 08:25:59]   [1] 6450 loss=4.3780 ppl=79.7 lr=9.09e-05 | 30801 tok/s (avg 28308) ETA n/a | GPU 1.4/45.2GB | gtok=211386368
[2026-07-18 08:26:53]   [1] 6500 loss=4.1804 ppl=65.4 lr=9.08e-05 | 30807 tok/s (avg 28325) ETA n/a | GPU 1.4/45.2GB | gtok=213024768
[2026-07-18 08:27:46]   [1] 6550 loss=4.4585 ppl=86.4 lr=9.06e-05 | 30964 tok/s (avg 28344) ETA n/a | GPU 1.4/45.2GB | gtok=214663168
[2026-07-18 08:28:39]   [1] 6600 loss=4.2039 ppl=66.9 lr=9.05e-05 | 30895 tok/s (avg 28362) ETA n/a | GPU 1.4/45.2GB | gtok=216301568
[2026-07-18 08:29:32]   [1] 6650 loss=4.5264 ppl=92.4 lr=9.03e-05 | 30926 tok/s (avg 28379) ETA n/a | GPU 1.4/45.2GB | gtok=217939968
[2026-07-18 08:30:25]   [1] 6700 loss=4.4756 ppl=87.8 lr=9.02e-05 | 30922 tok/s (avg 28397) ETA n/a | GPU 1.4/45.2GB | gtok=219578368
[2026-07-18 08:31:18]   [1] 6750 loss=4.3873 ppl=80.4 lr=9.00e-05 | 30880 tok/s (avg 28414) ETA n/a | GPU 1.4/45.2GB | gtok=221216768
[2026-07-18 08:32:11]   [1] 6800 loss=4.3891 ppl=80.6 lr=8.98e-05 | 30893 tok/s (avg 28430) ETA n/a | GPU 1.4/45.2GB | gtok=222855168
[2026-07-18 08:33:04]   [1] 6850 loss=4.2624 ppl=71.0 lr=8.97e-05 | 30883 tok/s (avg 28447) ETA n/a | GPU 1.4/45.2GB | gtok=224493568
[2026-07-18 08:33:57]   [1] 6900 loss=4.2396 ppl=69.4 lr=8.95e-05 | 30897 tok/s (avg 28463) ETA n/a | GPU 1.4/45.2GB | gtok=226131968
[2026-07-18 08:34:54]   [1] 6950 loss=4.4791 ppl=88.2 lr=8.94e-05 | 28631 tok/s (avg 28464) ETA n/a | GPU 1.4/45.2GB | gtok=227770368
[2026-07-18 08:35:47]   [1] 7000 loss=4.3106 ppl=74.5 lr=8.92e-05 | 30902 tok/s (avg 28481) ETA n/a | GPU 1.4/45.2GB | gtok=229408768
[2026-07-18 08:36:40]   [1] 7050 loss=4.2921 ppl=73.1 lr=8.91e-05 | 30912 tok/s (avg 28496) ETA n/a | GPU 1.4/45.2GB | gtok=231047168
[2026-07-18 08:37:33]   [1] 7100 loss=4.3703 ppl=79.1 lr=8.89e-05 | 30892 tok/s (avg 28512) ETA n/a | GPU 1.4/45.2GB | gtok=232685568
[2026-07-18 08:38:26]   [1] 7150 loss=4.0633 ppl=58.2 lr=8.87e-05 | 30902 tok/s (avg 28527) ETA n/a | GPU 1.4/45.2GB | gtok=234323968
[2026-07-18 08:39:19]   [1] 7200 loss=4.3031 ppl=73.9 lr=8.86e-05 | 30892 tok/s (avg 28543) ETA n/a | GPU 1.4/45.2GB | gtok=235962368
[2026-07-18 08:40:12]   [1] 7250 loss=4.1489 ppl=63.4 lr=8.84e-05 | 30894 tok/s (avg 28558) ETA n/a | GPU 1.4/45.2GB | gtok=237600768
[2026-07-18 08:41:05]   [1] 7300 loss=4.3805 ppl=79.9 lr=8.82e-05 | 30912 tok/s (avg 28572) ETA n/a | GPU 1.4/45.2GB | gtok=239239168
[2026-07-18 08:41:58]   [1] 7350 loss=4.3125 ppl=74.6 lr=8.81e-05 | 30870 tok/s (avg 28587) ETA n/a | GPU 1.4/45.2GB | gtok=240877568
[2026-07-18 08:42:51]   [1] 7400 loss=4.4300 ppl=83.9 lr=8.79e-05 | 30878 tok/s (avg 28601) ETA n/a | GPU 1.4/45.2GB | gtok=242515968
[2026-07-18 08:43:44]   [1] 7450 loss=4.3333 ppl=76.2 lr=8.77e-05 | 30891 tok/s (avg 28616) ETA n/a | GPU 1.4/45.2GB | gtok=244154368
[2026-07-18 08:44:37]   [1] 7500 loss=4.1885 ppl=65.9 lr=8.76e-05 | 30869 tok/s (avg 28629) ETA n/a | GPU 1.4/45.2GB | gtok=245792768
[2026-07-18 08:45:30]   [1] 7550 loss=4.1850 ppl=65.7 lr=8.74e-05 | 30920 tok/s (avg 28644) ETA n/a | GPU 1.4/45.2GB | gtok=247431168
[2026-07-18 08:46:23]   [1] 7600 loss=4.1205 ppl=61.6 lr=8.72e-05 | 30906 tok/s (avg 28657) ETA n/a | GPU 1.4/45.2GB | gtok=249069568
[2026-07-18 08:47:16]   [1] 7650 loss=4.4230 ppl=83.3 lr=8.71e-05 | 30894 tok/s (avg 28671) ETA n/a | GPU 1.4/45.2GB | gtok=250707968
[2026-07-18 08:48:09]   [1] 7700 loss=4.1468 ppl=63.2 lr=8.69e-05 | 30885 tok/s (avg 28684) ETA n/a | GPU 1.4/45.2GB | gtok=252346368
[2026-07-18 08:49:03]   [1] 7750 loss=4.3016 ppl=73.8 lr=8.67e-05 | 30892 tok/s (avg 28697) ETA n/a | GPU 1.4/45.2GB | gtok=253984768
[2026-07-18 08:50:00]   [1] 7800 loss=4.2546 ppl=70.4 lr=8.65e-05 | 28601 tok/s (avg 28697) ETA n/a | GPU 1.4/45.2GB | gtok=255623168
[2026-07-18 08:50:53]   [1] 7850 loss=4.3380 ppl=76.6 lr=8.64e-05 | 30925 tok/s (avg 28710) ETA n/a | GPU 1.4/45.2GB | gtok=257261568
[2026-07-18 08:51:46]   [1] 7900 loss=4.0742 ppl=58.8 lr=8.62e-05 | 30906 tok/s (avg 28723) ETA n/a | GPU 1.4/45.2GB | gtok=258899968
[2026-07-18 08:52:39]   [1] 7950 loss=4.0202 ppl=55.7 lr=8.60e-05 | 30895 tok/s (avg 28736) ETA n/a | GPU 1.4/45.2GB | gtok=260538368
[2026-07-18 08:53:33] Saved checkpoint: checkpoints_v11_recall_stage6_combo/best_run/latest.pt
[2026-07-18 08:53:33]   [checkpoint @ step 8000, 262,144,000 tok]
[2026-07-18 08:53:34]   [1] 8000 loss=4.4759 ppl=87.9 lr=8.58e-05 | 29881 tok/s (avg 28743) ETA n/a | GPU 1.4/45.2GB | gtok=262176768
[2026-07-18 08:54:27]   [1] 8050 loss=4.1611 ppl=64.1 lr=8.56e-05 | 30886 tok/s (avg 28755) ETA n/a | GPU 1.4/45.2GB | gtok=263815168
[2026-07-18 08:55:20]   [1] 8100 loss=4.2178 ppl=67.9 lr=8.55e-05 | 30882 tok/s (avg 28767) ETA n/a | GPU 1.4/45.2GB | gtok=265453568
[2026-07-18 08:56:13]   [1] 8150 loss=4.2964 ppl=73.4 lr=8.53e-05 | 30904 tok/s (avg 28779) ETA n/a | GPU 1.4/45.2GB | gtok=267091968
[2026-07-18 08:57:06]   [1] 8200 loss=4.0997 ppl=60.3 lr=8.51e-05 | 30914 tok/s (avg 28791) ETA n/a | GPU 1.4/45.2GB | gtok=268730368
[2026-07-18 08:57:59]   [1] 8250 loss=4.2536 ppl=70.4 lr=8.49e-05 | 30928 tok/s (avg 28804) ETA n/a | GPU 1.4/45.2GB | gtok=270368768
[2026-07-18 08:58:52]   [1] 8300 loss=4.3603 ppl=78.3 lr=8.47e-05 | 30900 tok/s (avg 28815) ETA n/a | GPU 1.4/45.2GB | gtok=272007168
[2026-07-18 08:59:45]   [1] 8350 loss=3.8876 ppl=48.8 lr=8.45e-05 | 30867 tok/s (avg 28827) ETA n/a | GPU 1.4/45.2GB | gtok=273645568
[2026-07-18 09:00:38]   [1] 8400 loss=4.1679 ppl=64.6 lr=8.44e-05 | 30885 tok/s (avg 28838) ETA n/a | GPU 1.4/45.2GB | gtok=275283968
[2026-07-18 09:01:31]   [1] 8450 loss=4.3028 ppl=73.9 lr=8.42e-05 | 30893 tok/s (avg 28850) ETA n/a | GPU 1.4/45.2GB | gtok=276922368
[2026-07-18 09:02:24]   [1] 8500 loss=4.2571 ppl=70.6 lr=8.40e-05 | 30913 tok/s (avg 28861) ETA n/a | GPU 1.4/45.2GB | gtok=278560768
[2026-07-18 09:03:17]   [1] 8550 loss=4.0503 ppl=57.4 lr=8.38e-05 | 30913 tok/s (avg 28872) ETA n/a | GPU 1.4/45.2GB | gtok=280199168
[2026-07-18 09:04:10]   [1] 8600 loss=4.1144 ppl=61.2 lr=8.36e-05 | 30892 tok/s (avg 28883) ETA n/a | GPU 1.4/45.2GB | gtok=281837568
[2026-07-18 09:05:07]   [1] 8650 loss=4.3116 ppl=74.6 lr=8.34e-05 | 28565 tok/s (avg 28881) ETA n/a | GPU 1.4/45.2GB | gtok=283475968
[2026-07-18 09:06:00]   [1] 8700 loss=4.0429 ppl=57.0 lr=8.32e-05 | 30882 tok/s (avg 28892) ETA n/a | GPU 1.4/45.2GB | gtok=285114368
[2026-07-18 09:06:53]   [1] 8750 loss=4.2653 ppl=71.2 lr=8.30e-05 | 30886 tok/s (avg 28903) ETA n/a | GPU 1.4/45.2GB | gtok=286752768
[2026-07-18 09:07:46]   [1] 8800 loss=4.2583 ppl=70.7 lr=8.28e-05 | 30906 tok/s (avg 28913) ETA n/a | GPU 1.4/45.2GB | gtok=288391168
[2026-07-18 09:08:39]   [1] 8850 loss=4.2436 ppl=69.7 lr=8.26e-05 | 30911 tok/s (avg 28924) ETA n/a | GPU 1.4/45.2GB | gtok=290029568
[2026-07-18 09:09:32]   [1] 8900 loss=3.9937 ppl=54.3 lr=8.24e-05 | 30899 tok/s (avg 28934) ETA n/a | GPU 1.4/45.2GB | gtok=291667968
[2026-07-18 09:10:26]   [1] 8950 loss=4.1365 ppl=62.6 lr=8.22e-05 | 30882 tok/s (avg 28944) ETA n/a | GPU 1.4/45.2GB | gtok=293306368
[2026-07-18 09:11:19]   [1] 9000 loss=4.0978 ppl=60.2 lr=8.20e-05 | 30908 tok/s (avg 28955) ETA n/a | GPU 1.4/45.2GB | gtok=294944768
[2026-07-18 09:12:12]   [1] 9050 loss=4.1620 ppl=64.2 lr=8.18e-05 | 30905 tok/s (avg 28965) ETA n/a | GPU 1.4/45.2GB | gtok=296583168
[2026-07-18 09:13:05]   [1] 9100 loss=4.2158 ppl=67.7 lr=8.16e-05 | 30922 tok/s (avg 28975) ETA n/a | GPU 1.4/45.2GB | gtok=298221568
[2026-07-18 09:13:57]   [1] 9150 loss=4.0743 ppl=58.8 lr=8.14e-05 | 30959 tok/s (avg 28985) ETA n/a | GPU 1.4/45.2GB | gtok=299859968
[2026-07-18 09:14:50]   [1] 9200 loss=3.9915 ppl=54.1 lr=8.12e-05 | 31081 tok/s (avg 28996) ETA n/a | GPU 1.4/45.2GB | gtok=301498368
[2026-07-18 09:15:43]   [1] 9250 loss=4.1188 ppl=61.5 lr=8.10e-05 | 31083 tok/s (avg 29006) ETA n/a | GPU 1.4/45.2GB | gtok=303136768
[2026-07-18 09:16:36]   [1] 9300 loss=4.0312 ppl=56.3 lr=8.08e-05 | 31024 tok/s (avg 29016) ETA n/a | GPU 1.4/45.2GB | gtok=304775168
[2026-07-18 09:17:28]   [1] 9350 loss=4.1741 ppl=65.0 lr=8.06e-05 | 31020 tok/s (avg 29026) ETA n/a | GPU 1.4/45.2GB | gtok=306413568
[2026-07-18 09:18:21]   [1] 9400 loss=4.0919 ppl=59.9 lr=8.04e-05 | 31033 tok/s (avg 29036) ETA n/a | GPU 1.4/45.2GB | gtok=308051968
[2026-07-18 09:19:14]   [1] 9450 loss=4.2086 ppl=67.3 lr=8.02e-05 | 31037 tok/s (avg 29046) ETA n/a | GPU 1.4/45.2GB | gtok=309690368
[2026-07-18 09:20:11]   [1] 9500 loss=4.3345 ppl=76.3 lr=8.00e-05 | 28741 tok/s (avg 29045) ETA n/a | GPU 1.4/45.2GB | gtok=311328768
[2026-07-18 09:21:04]   [1] 9550 loss=4.2529 ppl=70.3 lr=7.98e-05 | 31012 tok/s (avg 29054) ETA n/a | GPU 1.4/45.2GB | gtok=312967168
[2026-07-18 09:21:57]   [1] 9600 loss=4.1640 ppl=64.3 lr=7.96e-05 | 31021 tok/s (avg 29064) ETA n/a | GPU 1.4/45.2GB | gtok=314605568
[2026-07-18 09:22:50]   [1] 9650 loss=4.0754 ppl=58.9 lr=7.94e-05 | 30985 tok/s (avg 29073) ETA n/a | GPU 1.4/45.2GB | gtok=316243968
[2026-07-18 09:23:42]   [1] 9700 loss=4.0887 ppl=59.7 lr=7.92e-05 | 30994 tok/s (avg 29082) ETA n/a | GPU 1.4/45.2GB | gtok=317882368
[2026-07-18 09:24:35]   [1] 9750 loss=4.0904 ppl=59.8 lr=7.90e-05 | 31017 tok/s (avg 29092) ETA n/a | GPU 1.4/45.2GB | gtok=319520768
[2026-07-18 09:25:28]   [1] 9800 loss=4.0823 ppl=59.3 lr=7.88e-05 | 31005 tok/s (avg 29101) ETA n/a | GPU 1.4/45.2GB | gtok=321159168
[2026-07-18 09:26:21]   [1] 9850 loss=3.9331 ppl=51.1 lr=7.86e-05 | 31019 tok/s (avg 29110) ETA n/a | GPU 1.4/45.2GB | gtok=322797568
[2026-07-18 09:27:14]   [1] 9900 loss=4.1681 ppl=64.6 lr=7.84e-05 | 31040 tok/s (avg 29119) ETA n/a | GPU 1.4/45.2GB | gtok=324435968
[2026-07-18 09:28:07]   [1] 9950 loss=4.0554 ppl=57.7 lr=7.81e-05 | 30974 tok/s (avg 29128) ETA n/a | GPU 1.4/45.2GB | gtok=326074368
[2026-07-18 09:29:00] Saved checkpoint: checkpoints_v11_recall_stage6_combo/best_run/latest.pt
[2026-07-18 09:29:00]   [checkpoint @ step 10000, 327,680,000 tok]
[2026-07-18 09:29:01]   [1] 10000 loss=4.1995 ppl=66.7 lr=7.79e-05 | 29976 tok/s (avg 29132) ETA n/a | GPU 1.4/45.2GB | gtok=327712768
[2026-07-18 09:29:54]   [1] 10050 loss=4.1966 ppl=66.5 lr=7.77e-05 | 31000 tok/s (avg 29141) ETA n/a | GPU 1.4/45.2GB | gtok=329351168
[2026-07-18 09:30:47]   [1] 10100 loss=4.1730 ppl=64.9 lr=7.75e-05 | 31016 tok/s (avg 29149) ETA n/a | GPU 1.4/45.2GB | gtok=330989568
[2026-07-18 09:31:40]   [1] 10150 loss=3.7856 ppl=44.1 lr=7.73e-05 | 31031 tok/s (avg 29158) ETA n/a | GPU 1.4/45.2GB | gtok=332627968
[2026-07-18 09:32:33]   [1] 10200 loss=4.1604 ppl=64.1 lr=7.71e-05 | 31004 tok/s (avg 29167) ETA n/a | GPU 1.4/45.2GB | gtok=334266368
[2026-07-18 09:33:25]   [1] 10250 loss=4.2470 ppl=69.9 lr=7.69e-05 | 30998 tok/s (avg 29175) ETA n/a | GPU 1.4/45.2GB | gtok=335904768
[2026-07-18 09:34:18]   [1] 10300 loss=4.0747 ppl=58.8 lr=7.66e-05 | 30977 tok/s (avg 29183) ETA n/a | GPU 1.4/45.2GB | gtok=337543168
[2026-07-18 09:35:15]   [1] 10350 loss=3.9841 ppl=53.7 lr=7.64e-05 | 28684 tok/s (avg 29181) ETA n/a | GPU 1.4/45.2GB | gtok=339181568
[2026-07-18 09:36:08]   [1] 10400 loss=4.2237 ppl=68.3 lr=7.62e-05 | 31007 tok/s (avg 29189) ETA n/a | GPU 1.4/45.2GB | gtok=340819968
[2026-07-18 09:37:01]   [1] 10450 loss=3.9220 ppl=50.5 lr=7.60e-05 | 31004 tok/s (avg 29197) ETA n/a | GPU 1.4/45.2GB | gtok=342458368
[2026-07-18 09:37:54]   [1] 10500 loss=3.9690 ppl=52.9 lr=7.58e-05 | 31001 tok/s (avg 29205) ETA n/a | GPU 1.4/45.2GB | gtok=344096768
[2026-07-18 09:38:47]   [1] 10550 loss=4.0554 ppl=57.7 lr=7.55e-05 | 31018 tok/s (avg 29214) ETA n/a | GPU 1.4/45.2GB | gtok=345735168
[2026-07-18 09:39:40]   [1] 10600 loss=3.9834 ppl=53.7 lr=7.53e-05 | 30957 tok/s (avg 29221) ETA n/a | GPU 1.4/45.2GB | gtok=347373568
[2026-07-18 09:40:33]   [1] 10650 loss=3.7924 ppl=44.4 lr=7.51e-05 | 30980 tok/s (avg 29229) ETA n/a | GPU 1.4/45.2GB | gtok=349011968
[2026-07-18 09:41:26]   [1] 10700 loss=4.1563 ppl=63.8 lr=7.49e-05 | 30981 tok/s (avg 29237) ETA n/a | GPU 1.4/45.2GB | gtok=350650368
[2026-07-18 09:42:18]   [1] 10750 loss=4.0737 ppl=58.8 lr=7.46e-05 | 31032 tok/s (avg 29245) ETA n/a | GPU 1.4/45.2GB | gtok=352288768
[2026-07-18 09:43:11]   [1] 10800 loss=3.8865 ppl=48.7 lr=7.44e-05 | 30989 tok/s (avg 29252) ETA n/a | GPU 1.4/45.2GB | gtok=353927168
[2026-07-18 09:44:04]   [1] 10850 loss=3.9388 ppl=51.4 lr=7.42e-05 | 30994 tok/s (avg 29260) ETA n/a | GPU 1.4/45.2GB | gtok=355565568
[2026-07-18 09:44:57]   [1] 10900 loss=4.2084 ppl=67.3 lr=7.40e-05 | 30974 tok/s (avg 29267) ETA n/a | GPU 1.4/45.2GB | gtok=357203968
[2026-07-18 09:45:50]   [1] 10950 loss=4.0706 ppl=58.6 lr=7.37e-05 | 30995 tok/s (avg 29275) ETA n/a | GPU 1.4/45.2GB | gtok=358842368
[2026-07-18 09:46:43]   [1] 11000 loss=4.0067 ppl=55.0 lr=7.35e-05 | 30988 tok/s (avg 29282) ETA n/a | GPU 1.4/45.2GB | gtok=360480768
[2026-07-18 09:47:36]   [1] 11050 loss=3.9485 ppl=51.9 lr=7.33e-05 | 31001 tok/s (avg 29289) ETA n/a | GPU 1.4/45.2GB | gtok=362119168
[2026-07-18 09:48:28]   [1] 11100 loss=3.7756 ppl=43.6 lr=7.31e-05 | 31016 tok/s (avg 29297) ETA n/a | GPU 1.4/45.2GB | gtok=363757568
[2026-07-18 09:49:21]   [1] 11150 loss=4.1437 ppl=63.0 lr=7.28e-05 | 30973 tok/s (avg 29304) ETA n/a | GPU 1.4/45.2GB | gtok=365395968
[2026-07-18 09:50:18]   [1] 11200 loss=3.9345 ppl=51.1 lr=7.26e-05 | 28667 tok/s (avg 29301) ETA n/a | GPU 1.4/45.2GB | gtok=367034368
[2026-07-18 09:51:11]   [1] 11250 loss=4.0764 ppl=58.9 lr=7.24e-05 | 30896 tok/s (avg 29308) ETA n/a | GPU 1.4/45.2GB | gtok=368672768
[2026-07-18 09:52:04]   [1] 11300 loss=4.1507 ppl=63.5 lr=7.21e-05 | 30885 tok/s (avg 29314) ETA n/a | GPU 1.4/45.2GB | gtok=370311168
[2026-07-18 09:52:57]   [1] 11350 loss=4.2599 ppl=70.8 lr=7.19e-05 | 30919 tok/s (avg 29321) ETA n/a | GPU 1.4/45.2GB | gtok=371949568
[2026-07-18 09:53:51]   [1] 11400 loss=4.2140 ppl=67.6 lr=7.17e-05 | 30903 tok/s (avg 29328) ETA n/a | GPU 1.4/45.2GB | gtok=373587968
[2026-07-18 09:54:44]   [1] 11450 loss=3.9289 ppl=50.9 lr=7.15e-05 | 30881 tok/s (avg 29334) ETA n/a | GPU 1.4/45.2GB | gtok=375226368
[2026-07-18 09:55:37]   [1] 11500 loss=3.8510 ppl=47.0 lr=7.12e-05 | 30885 tok/s (avg 29340) ETA n/a | GPU 1.4/45.2GB | gtok=376864768
[2026-07-18 09:56:30]   [1] 11550 loss=3.9730 ppl=53.1 lr=7.10e-05 | 30940 tok/s (avg 29347) ETA n/a | GPU 1.4/45.2GB | gtok=378503168
[2026-07-18 09:57:22]   [1] 11600 loss=3.9446 ppl=51.7 lr=7.08e-05 | 30954 tok/s (avg 29354) ETA n/a | GPU 1.4/45.2GB | gtok=380141568
[2026-07-18 09:58:15]   [1] 11650 loss=4.0692 ppl=58.5 lr=7.05e-05 | 30973 tok/s (avg 29360) ETA n/a | GPU 1.4/45.2GB | gtok=381779968
[2026-07-18 09:59:08]   [1] 11700 loss=3.9534 ppl=52.1 lr=7.03e-05 | 30991 tok/s (avg 29367) ETA n/a | GPU 1.4/45.2GB | gtok=383418368
[2026-07-18 10:00:01]   [1] 11750 loss=3.9234 ppl=50.6 lr=7.00e-05 | 30970 tok/s (avg 29373) ETA n/a | GPU 1.4/45.2GB | gtok=385056768
[2026-07-18 10:00:54]   [1] 11800 loss=3.9487 ppl=51.9 lr=6.98e-05 | 30964 tok/s (avg 29380) ETA n/a | GPU 1.4/45.2GB | gtok=386695168
[2026-07-18 10:01:47]   [1] 11850 loss=4.1514 ppl=63.5 lr=6.96e-05 | 30957 tok/s (avg 29386) ETA n/a | GPU 1.4/45.2GB | gtok=388333568
[2026-07-18 10:02:40]   [1] 11900 loss=3.8852 ppl=48.7 lr=6.93e-05 | 30940 tok/s (avg 29392) ETA n/a | GPU 1.4/45.2GB | gtok=389971968
[2026-07-18 10:03:33]   [1] 11950 loss=3.8867 ppl=48.8 lr=6.91e-05 | 30955 tok/s (avg 29398) ETA n/a | GPU 1.4/45.2GB | gtok=391610368
[2026-07-18 10:04:27] Saved checkpoint: checkpoints_v11_recall_stage6_combo/best_run/latest.pt
[2026-07-18 10:04:27]   [checkpoint @ step 12000, 393,216,000 tok]
[2026-07-18 10:04:28]   [1] 12000 loss=3.8662 ppl=47.8 lr=6.89e-05 | 29955 tok/s (avg 29401) ETA n/a | GPU 1.4/45.2GB | gtok=393248768
[2026-07-18 10:05:25]   [1] 12050 loss=3.9688 ppl=52.9 lr=6.86e-05 | 28673 tok/s (avg 29398) ETA n/a | GPU 1.4/45.2GB | gtok=394887168
[2026-07-18 10:06:18]   [1] 12100 loss=4.0759 ppl=58.9 lr=6.84e-05 | 30968 tok/s (avg 29404) ETA n/a | GPU 1.4/45.2GB | gtok=396525568
[2026-07-18 10:07:11]   [1] 12150 loss=3.9917 ppl=54.1 lr=6.81e-05 | 30939 tok/s (avg 29410) ETA n/a | GPU 1.4/45.2GB | gtok=398163968
[2026-07-18 10:08:04]   [1] 12200 loss=4.1611 ppl=64.1 lr=6.79e-05 | 30942 tok/s (avg 29416) ETA n/a | GPU 1.4/45.2GB | gtok=399802368
[2026-07-18 10:08:56]   [1] 12250 loss=4.0195 ppl=55.7 lr=6.77e-05 | 30978 tok/s (avg 29422) ETA n/a | GPU 1.4/45.2GB | gtok=401440768
[2026-07-18 10:09:49]   [1] 12300 loss=3.9182 ppl=50.3 lr=6.74e-05 | 30961 tok/s (avg 29428) ETA n/a | GPU 1.4/45.2GB | gtok=403079168
[2026-07-18 10:10:42]   [1] 12350 loss=4.0159 ppl=55.5 lr=6.72e-05 | 30967 tok/s (avg 29434) ETA n/a | GPU 1.4/45.2GB | gtok=404717568
[2026-07-18 10:11:35]   [1] 12400 loss=4.0257 ppl=56.0 lr=6.69e-05 | 30965 tok/s (avg 29439) ETA n/a | GPU 1.4/45.2GB | gtok=406355968
[2026-07-18 10:12:28]   [1] 12450 loss=4.1436 ppl=63.0 lr=6.67e-05 | 30934 tok/s (avg 29445) ETA n/a | GPU 1.4/45.2GB | gtok=407994368
[2026-07-18 10:13:21]   [1] 12500 loss=4.0826 ppl=59.3 lr=6.65e-05 | 30947 tok/s (avg 29451) ETA n/a | GPU 1.4/45.2GB | gtok=409632768
[2026-07-18 10:14:14]   [1] 12550 loss=4.0104 ppl=55.2 lr=6.62e-05 | 30953 tok/s (avg 29457) ETA n/a | GPU 1.4/45.2GB | gtok=411271168
[2026-07-18 10:15:07]   [1] 12600 loss=3.9225 ppl=50.5 lr=6.60e-05 | 30965 tok/s (avg 29462) ETA n/a | GPU 1.4/45.2GB | gtok=412909568
[2026-07-18 10:16:00]   [1] 12650 loss=4.0419 ppl=56.9 lr=6.57e-05 | 30960 tok/s (avg 29468) ETA n/a | GPU 1.4/45.2GB | gtok=414547968
[2026-07-18 10:16:53]   [1] 12700 loss=4.1399 ppl=62.8 lr=6.55e-05 | 30977 tok/s (avg 29474) ETA n/a | GPU 1.4/45.2GB | gtok=416186368
[2026-07-18 10:17:46]   [1] 12750 loss=4.0156 ppl=55.5 lr=6.52e-05 | 30975 tok/s (avg 29479) ETA n/a | GPU 1.4/45.2GB | gtok=417824768
[2026-07-18 10:18:39]   [1] 12800 loss=3.9157 ppl=50.2 lr=6.50e-05 | 30931 tok/s (avg 29485) ETA n/a | GPU 1.4/45.2GB | gtok=419463168
[2026-07-18 10:19:32]   [1] 12850 loss=4.0086 ppl=55.1 lr=6.47e-05 | 30965 tok/s (avg 29490) ETA n/a | GPU 1.4/45.2GB | gtok=421101568
[2026-07-18 10:20:29]   [1] 12900 loss=4.0016 ppl=54.7 lr=6.45e-05 | 28671 tok/s (avg 29487) ETA n/a | GPU 1.4/45.2GB | gtok=422739968
[2026-07-18 10:21:22]   [1] 12950 loss=3.9160 ppl=50.2 lr=6.43e-05 | 30984 tok/s (avg 29492) ETA n/a | GPU 1.4/45.2GB | gtok=424378368
[2026-07-18 10:22:14]   [1] 13000 loss=4.1634 ppl=64.3 lr=6.40e-05 | 31021 tok/s (avg 29498) ETA n/a | GPU 1.4/45.2GB | gtok=426016768
[2026-07-18 10:23:07]   [1] 13050 loss=4.1078 ppl=60.8 lr=6.38e-05 | 30985 tok/s (avg 29503) ETA n/a | GPU 1.4/45.2GB | gtok=427655168
[2026-07-18 10:24:00]   [1] 13100 loss=3.8928 ppl=49.0 lr=6.35e-05 | 30954 tok/s (avg 29509) ETA n/a | GPU 1.4/45.2GB | gtok=429293568
[2026-07-18 10:24:53]   [1] 13150 loss=4.0053 ppl=54.9 lr=6.33e-05 | 30935 tok/s (avg 29514) ETA n/a | GPU 1.4/45.2GB | gtok=430931968
[2026-07-18 10:25:46]   [1] 13200 loss=3.7814 ppl=43.9 lr=6.30e-05 | 30946 tok/s (avg 29519) ETA n/a | GPU 1.4/45.2GB | gtok=432570368
[2026-07-18 10:26:39]   [1] 13250 loss=4.0524 ppl=57.5 lr=6.28e-05 | 30984 tok/s (avg 29524) ETA n/a | GPU 1.4/45.2GB | gtok=434208768
[2026-07-18 10:27:32]   [1] 13300 loss=3.8846 ppl=48.6 lr=6.25e-05 | 30984 tok/s (avg 29529) ETA n/a | GPU 1.4/45.2GB | gtok=435847168
[2026-07-18 10:28:25]   [1] 13350 loss=3.8773 ppl=48.3 lr=6.23e-05 | 31001 tok/s (avg 29535) ETA n/a | GPU 1.4/45.2GB | gtok=437485568
[2026-07-18 10:29:18]   [1] 13400 loss=4.0517 ppl=57.5 lr=6.20e-05 | 30979 tok/s (avg 29540) ETA n/a | GPU 1.4/45.2GB | gtok=439123968
[2026-07-18 10:30:11]   [1] 13450 loss=3.8602 ppl=47.5 lr=6.18e-05 | 30846 tok/s (avg 29544) ETA n/a | GPU 1.4/45.2GB | gtok=440762368
[2026-07-18 10:31:04]   [1] 13500 loss=4.0364 ppl=56.6 lr=6.15e-05 | 30966 tok/s (avg 29550) ETA n/a | GPU 1.4/45.2GB | gtok=442400768
[2026-07-18 10:31:56]   [1] 13550 loss=3.7993 ppl=44.7 lr=6.13e-05 | 30971 tok/s (avg 29555) ETA n/a | GPU 1.4/45.2GB | gtok=444039168
[2026-07-18 10:32:49]   [1] 13600 loss=3.8302 ppl=46.1 lr=6.10e-05 | 30976 tok/s (avg 29560) ETA n/a | GPU 1.4/45.2GB | gtok=445677568
[2026-07-18 10:33:42]   [1] 13650 loss=4.0749 ppl=58.8 lr=6.08e-05 | 30990 tok/s (avg 29565) ETA n/a | GPU 1.4/45.2GB | gtok=447315968
[2026-07-18 10:34:35]   [1] 13700 loss=3.7447 ppl=42.3 lr=6.05e-05 | 30924 tok/s (avg 29569) ETA n/a | GPU 1.4/45.2GB | gtok=448954368
[2026-07-18 10:35:32]   [1] 13750 loss=3.6212 ppl=37.4 lr=6.03e-05 | 28714 tok/s (avg 29566) ETA n/a | GPU 1.4/45.2GB | gtok=450592768
[2026-07-18 10:36:25]   [1] 13800 loss=3.9229 ppl=50.5 lr=6.00e-05 | 30953 tok/s (avg 29571) ETA n/a | GPU 1.4/45.2GB | gtok=452231168
[2026-07-18 10:37:18]   [1] 13850 loss=3.9337 ppl=51.1 lr=5.98e-05 | 30948 tok/s (avg 29576) ETA n/a | GPU 1.4/45.2GB | gtok=453869568
[2026-07-18 10:38:11]   [1] 13900 loss=3.9614 ppl=52.5 lr=5.95e-05 | 30957 tok/s (avg 29580) ETA n/a | GPU 1.4/45.2GB | gtok=455507968
[2026-07-18 10:39:04]   [1] 13950 loss=3.9949 ppl=54.3 lr=5.93e-05 | 30988 tok/s (avg 29585) ETA n/a | GPU 1.4/45.2GB | gtok=457146368
[2026-07-18 10:39:58] Saved checkpoint: checkpoints_v11_recall_stage6_combo/best_run/latest.pt
[2026-07-18 10:39:58]   [checkpoint @ step 14000, 458,752,000 tok]
[2026-07-18 10:39:59]   [1] 14000 loss=3.8454 ppl=46.8 lr=5.90e-05 | 29931 tok/s (avg 29586) ETA n/a | GPU 1.4/45.2GB | gtok=458784768
[2026-07-18 10:40:52]   [1] 14050 loss=4.0383 ppl=56.7 lr=5.87e-05 | 30986 tok/s (avg 29591) ETA n/a | GPU 1.4/45.2GB | gtok=460423168
[2026-07-18 10:41:44]   [1] 14100 loss=3.8591 ppl=47.4 lr=5.85e-05 | 30958 tok/s (avg 29596) ETA n/a | GPU 1.4/45.2GB | gtok=462061568
[2026-07-18 10:42:37]   [1] 14150 loss=3.9373 ppl=51.3 lr=5.82e-05 | 30958 tok/s (avg 29600) ETA n/a | GPU 1.4/45.2GB | gtok=463699968
[2026-07-18 10:43:30]   [1] 14200 loss=3.9106 ppl=49.9 lr=5.80e-05 | 30955 tok/s (avg 29605) ETA n/a | GPU 1.4/45.2GB | gtok=465338368
[2026-07-18 10:44:23]   [1] 14250 loss=3.7913 ppl=44.3 lr=5.77e-05 | 30992 tok/s (avg 29610) ETA n/a | GPU 1.4/45.2GB | gtok=466976768
[2026-07-18 10:45:16]   [1] 14300 loss=3.8632 ppl=47.6 lr=5.75e-05 | 30977 tok/s (avg 29614) ETA n/a | GPU 1.4/45.2GB | gtok=468615168
[2026-07-18 10:46:09]   [1] 14350 loss=4.0338 ppl=56.5 lr=5.72e-05 | 30969 tok/s (avg 29619) ETA n/a | GPU 1.4/45.2GB | gtok=470253568
[2026-07-18 10:47:02]   [1] 14400 loss=3.7911 ppl=44.3 lr=5.70e-05 | 30988 tok/s (avg 29623) ETA n/a | GPU 1.4/45.2GB | gtok=471891968
[2026-07-18 10:47:55]   [1] 14450 loss=4.0473 ppl=57.2 lr=5.67e-05 | 30960 tok/s (avg 29628) ETA n/a | GPU 1.4/45.2GB | gtok=473530368
[2026-07-18 10:48:48]   [1] 14500 loss=4.0389 ppl=56.8 lr=5.65e-05 | 30946 tok/s (avg 29632) ETA n/a | GPU 1.4/45.2GB | gtok=475168768
[2026-07-18 10:49:41]   [1] 14550 loss=3.8208 ppl=45.6 lr=5.62e-05 | 31006 tok/s (avg 29636) ETA n/a | GPU 1.4/45.2GB | gtok=476807168
[2026-07-18 10:50:38]   [1] 14600 loss=3.8667 ppl=47.8 lr=5.59e-05 | 28624 tok/s (avg 29633) ETA n/a | GPU 1.4/45.2GB | gtok=478445568
[2026-07-18 10:51:31]   [1] 14650 loss=4.0480 ppl=57.3 lr=5.57e-05 | 31001 tok/s (avg 29637) ETA n/a | GPU 1.4/45.2GB | gtok=480083968
[2026-07-18 10:52:24]   [1] 14700 loss=3.9798 ppl=53.5 lr=5.54e-05 | 30957 tok/s (avg 29642) ETA n/a | GPU 1.4/45.2GB | gtok=481722368
[2026-07-18 10:53:16]   [1] 14750 loss=3.8884 ppl=48.8 lr=5.52e-05 | 30989 tok/s (avg 29646) ETA n/a | GPU 1.4/45.2GB | gtok=483360768
[2026-07-18 10:54:09]   [1] 14800 loss=3.7103 ppl=40.9 lr=5.49e-05 | 30955 tok/s (avg 29650) ETA n/a | GPU 1.4/45.2GB | gtok=484999168
[2026-07-18 10:55:02]   [1] 14850 loss=3.8918 ppl=49.0 lr=5.47e-05 | 30977 tok/s (avg 29655) ETA n/a | GPU 1.4/45.2GB | gtok=486637568
[2026-07-18 10:55:55]   [1] 14900 loss=4.0311 ppl=56.3 lr=5.44e-05 | 30980 tok/s (avg 29659) ETA n/a | GPU 1.4/45.2GB | gtok=488275968
[2026-07-18 10:56:48]   [1] 14950 loss=3.9549 ppl=52.2 lr=5.42e-05 | 31013 tok/s (avg 29663) ETA n/a | GPU 1.4/45.2GB | gtok=489914368
[2026-07-18 10:57:41]   [1] 15000 loss=4.0180 ppl=55.6 lr=5.39e-05 | 30982 tok/s (avg 29667) ETA n/a | GPU 1.4/45.2GB | gtok=491552768
[2026-07-18 10:58:34]   [1] 15050 loss=3.8141 ppl=45.3 lr=5.36e-05 | 30954 tok/s (avg 29671) ETA n/a | GPU 1.4/45.2GB | gtok=493191168
[2026-07-18 10:59:27]   [1] 15100 loss=3.6611 ppl=38.9 lr=5.34e-05 | 30984 tok/s (avg 29676) ETA n/a | GPU 1.4/45.2GB | gtok=494829568
[2026-07-18 11:00:20]   [1] 15150 loss=3.8021 ppl=44.8 lr=5.31e-05 | 30993 tok/s (avg 29680) ETA n/a | GPU 1.4/45.2GB | gtok=496467968
[2026-07-18 11:01:12]   [1] 15200 loss=3.7594 ppl=42.9 lr=5.29e-05 | 30962 tok/s (avg 29684) ETA n/a | GPU 1.4/45.2GB | gtok=498106368
[2026-07-18 11:02:05]   [1] 15250 loss=4.1240 ppl=61.8 lr=5.26e-05 | 31038 tok/s (avg 29688) ETA n/a | GPU 1.4/45.2GB | gtok=499744768
[2026-07-18 11:02:58]   [1] 15300 loss=3.9148 ppl=50.1 lr=5.24e-05 | 30971 tok/s (avg 29692) ETA n/a | GPU 1.4/45.2GB | gtok=501383168
[2026-07-18 11:03:51]   [1] 15350 loss=4.0737 ppl=58.8 lr=5.21e-05 | 30959 tok/s (avg 29696) ETA n/a | GPU 1.4/45.2GB | gtok=503021568
[2026-07-18 11:04:44]   [1] 15400 loss=3.9784 ppl=53.4 lr=5.18e-05 | 30973 tok/s (avg 29700) ETA n/a | GPU 1.4/45.2GB | gtok=504659968
[2026-07-18 11:05:41]   [1] 15450 loss=3.8986 ppl=49.3 lr=5.16e-05 | 28627 tok/s (avg 29696) ETA n/a | GPU 1.4/45.2GB | gtok=506298368
[2026-07-18 11:06:34]   [1] 15500 loss=3.8951 ppl=49.2 lr=5.13e-05 | 30998 tok/s (avg 29700) ETA n/a | GPU 1.4/45.2GB | gtok=507936768
[2026-07-18 11:07:27]   [1] 15550 loss=3.9669 ppl=52.8 lr=5.11e-05 | 30945 tok/s (avg 29704) ETA n/a | GPU 1.4/45.2GB | gtok=509575168
[2026-07-18 11:08:20]   [1] 15600 loss=3.8948 ppl=49.1 lr=5.08e-05 | 30937 tok/s (avg 29708) ETA n/a | GPU 1.4/45.2GB | gtok=511213568
[2026-07-18 11:09:13]   [1] 15650 loss=3.8261 ppl=45.9 lr=5.06e-05 | 30970 tok/s (avg 29712) ETA n/a | GPU 1.4/45.2GB | gtok=512851968
[2026-07-18 11:10:06]   [1] 15700 loss=3.8301 ppl=46.1 lr=5.03e-05 | 30966 tok/s (avg 29716) ETA n/a | GPU 1.4/45.2GB | gtok=514490368
[2026-07-18 11:10:59]   [1] 15750 loss=3.9789 ppl=53.5 lr=5.00e-05 | 30959 tok/s (avg 29720) ETA n/a | GPU 1.4/45.2GB | gtok=516128768
[2026-07-18 11:11:52]   [1] 15800 loss=4.0210 ppl=55.8 lr=4.98e-05 | 31007 tok/s (avg 29723) ETA n/a | GPU 1.4/45.2GB | gtok=517767168
[2026-07-18 11:12:44]   [1] 15850 loss=3.8840 ppl=48.6 lr=4.95e-05 | 30993 tok/s (avg 29727) ETA n/a | GPU 1.4/45.2GB | gtok=519405568
[2026-07-18 11:13:37]   [1] 15900 loss=3.7279 ppl=41.6 lr=4.93e-05 | 30972 tok/s (avg 29731) ETA n/a | GPU 1.4/45.2GB | gtok=521043968
[2026-07-18 11:14:30]   [1] 15950 loss=3.9618 ppl=52.6 lr=4.90e-05 | 30936 tok/s (avg 29735) ETA n/a | GPU 1.4/45.2GB | gtok=522682368
[2026-07-18 11:15:24] Saved checkpoint: checkpoints_v11_recall_stage6_combo/best_run/latest.pt
[2026-07-18 11:15:24]   [checkpoint @ step 16000, 524,288,000 tok]
[2026-07-18 11:15:25]   [1] 16000 loss=3.6813 ppl=39.7 lr=4.88e-05 | 29960 tok/s (avg 29735) ETA n/a | GPU 1.4/45.2GB | gtok=524320768
[2026-07-18 11:16:18]   [1] 16050 loss=3.9382 ppl=51.3 lr=4.85e-05 | 30951 tok/s (avg 29739) ETA n/a | GPU 1.4/45.2GB | gtok=525959168
[2026-07-18 11:17:11]   [1] 16100 loss=3.8046 ppl=44.9 lr=4.82e-05 | 30971 tok/s (avg 29743) ETA n/a | GPU 1.4/45.2GB | gtok=527597568
[2026-07-18 11:18:04]   [1] 16150 loss=3.8186 ppl=45.5 lr=4.80e-05 | 30974 tok/s (avg 29746) ETA n/a | GPU 1.4/45.2GB | gtok=529235968
[2026-07-18 11:18:57]   [1] 16200 loss=3.9732 ppl=53.2 lr=4.77e-05 | 30992 tok/s (avg 29750) ETA n/a | GPU 1.4/45.2GB | gtok=530874368
[2026-07-18 11:19:50]   [1] 16250 loss=3.8611 ppl=47.5 lr=4.75e-05 | 30952 tok/s (avg 29754) ETA n/a | GPU 1.4/45.2GB | gtok=532512768
[2026-07-18 11:20:47]   [1] 16300 loss=3.7859 ppl=44.1 lr=4.72e-05 | 28577 tok/s (avg 29750) ETA n/a | GPU 1.4/45.2GB | gtok=534151168
[2026-07-18 11:21:40]   [1] 16350 loss=3.9049 ppl=49.6 lr=4.70e-05 | 30976 tok/s (avg 29753) ETA n/a | GPU 1.4/45.2GB | gtok=535789568
[2026-07-18 11:22:33]   [1] 16400 loss=3.7960 ppl=44.5 lr=4.67e-05 | 30981 tok/s (avg 29757) ETA n/a | GPU 1.4/45.2GB | gtok=537427968
[2026-07-18 11:23:25]   [1] 16450 loss=3.8079 ppl=45.1 lr=4.64e-05 | 30982 tok/s (avg 29761) ETA n/a | GPU 1.4/45.2GB | gtok=539066368
[2026-07-18 11:24:18]   [1] 16500 loss=3.8934 ppl=49.1 lr=4.62e-05 | 30968 tok/s (avg 29764) ETA n/a | GPU 1.4/45.2GB | gtok=540704768
[2026-07-18 11:25:11]   [1] 16550 loss=3.9336 ppl=51.1 lr=4.59e-05 | 30968 tok/s (avg 29768) ETA n/a | GPU 1.4/45.2GB | gtok=542343168
[2026-07-18 11:26:04]   [1] 16600 loss=3.9916 ppl=54.1 lr=4.57e-05 | 30958 tok/s (avg 29771) ETA n/a | GPU 1.4/45.2GB | gtok=543981568
[2026-07-18 11:26:57]   [1] 16650 loss=3.8609 ppl=47.5 lr=4.54e-05 | 30967 tok/s (avg 29775) ETA n/a | GPU 1.4/45.2GB | gtok=545619968
[2026-07-18 11:27:50]   [1] 16700 loss=3.8692 ppl=47.9 lr=4.52e-05 | 30974 tok/s (avg 29778) ETA n/a | GPU 1.4/45.2GB | gtok=547258368
[2026-07-18 11:28:43]   [1] 16750 loss=3.9484 ppl=51.9 lr=4.49e-05 | 30974 tok/s (avg 29781) ETA n/a | GPU 1.4/45.2GB | gtok=548896768
[2026-07-18 11:29:36]   [1] 16800 loss=3.8722 ppl=48.0 lr=4.46e-05 | 30981 tok/s (avg 29785) ETA n/a | GPU 1.4/45.2GB | gtok=550535168
[2026-07-18 11:30:29]   [1] 16850 loss=3.9070 ppl=49.7 lr=4.44e-05 | 30981 tok/s (avg 29788) ETA n/a | GPU 1.4/45.2GB | gtok=552173568
[2026-07-18 11:31:22]   [1] 16900 loss=3.7300 ppl=41.7 lr=4.41e-05 | 30959 tok/s (avg 29792) ETA n/a | GPU 1.4/45.2GB | gtok=553811968
[2026-07-18 11:32:15]   [1] 16950 loss=3.9138 ppl=50.1 lr=4.39e-05 | 30958 tok/s (avg 29795) ETA n/a | GPU 1.4/45.2GB | gtok=555450368
[2026-07-18 11:33:07]   [1] 17000 loss=3.9159 ppl=50.2 lr=4.36e-05 | 30975 tok/s (avg 29798) ETA n/a | GPU 1.4/45.2GB | gtok=557088768
[2026-07-18 11:34:00]   [1] 17050 loss=3.8695 ppl=47.9 lr=4.34e-05 | 30986 tok/s (avg 29802) ETA n/a | GPU 1.4/45.2GB | gtok=558727168
[2026-07-18 11:34:57]   [1] 17100 loss=4.0483 ppl=57.3 lr=4.31e-05 | 28657 tok/s (avg 29798) ETA n/a | GPU 1.4/45.2GB | gtok=560365568
[2026-07-18 11:35:50]   [1] 17150 loss=3.8574 ppl=47.3 lr=4.29e-05 | 31023 tok/s (avg 29802) ETA n/a | GPU 1.4/45.2GB | gtok=562003968
[2026-07-18 11:36:43]   [1] 17200 loss=3.9810 ppl=53.6 lr=4.26e-05 | 30943 tok/s (avg 29805) ETA n/a | GPU 1.4/45.2GB | gtok=563642368
[2026-07-18 11:37:36]   [1] 17250 loss=3.8755 ppl=48.2 lr=4.23e-05 | 30967 tok/s (avg 29808) ETA n/a | GPU 1.4/45.2GB | gtok=565280768
[2026-07-18 11:38:29]   [1] 17300 loss=3.6418 ppl=38.2 lr=4.21e-05 | 30982 tok/s (avg 29811) ETA n/a | GPU 1.4/45.2GB | gtok=566919168
[2026-07-18 11:39:22]   [1] 17350 loss=3.7954 ppl=44.5 lr=4.18e-05 | 30996 tok/s (avg 29815) ETA n/a | GPU 1.4/45.2GB | gtok=568557568
[2026-07-18 11:40:15]   [1] 17400 loss=3.6755 ppl=39.5 lr=4.16e-05 | 31009 tok/s (avg 29818) ETA n/a | GPU 1.4/45.2GB | gtok=570195968
[2026-07-18 11:41:08]   [1] 17450 loss=3.7753 ppl=43.6 lr=4.13e-05 | 31009 tok/s (avg 29821) ETA n/a | GPU 1.4/45.2GB | gtok=571834368
[2026-07-18 11:42:00]   [1] 17500 loss=3.8586 ppl=47.4 lr=4.11e-05 | 30984 tok/s (avg 29824) ETA n/a | GPU 1.4/45.2GB | gtok=573472768
[2026-07-18 11:42:53]   [1] 17550 loss=3.9182 ppl=50.3 lr=4.08e-05 | 30955 tok/s (avg 29827) ETA n/a | GPU 1.4/45.2GB | gtok=575111168
[2026-07-18 11:43:46]   [1] 17600 loss=3.8777 ppl=48.3 lr=4.06e-05 | 30958 tok/s (avg 29830) ETA n/a | GPU 1.4/45.2GB | gtok=576749568
[2026-07-18 11:44:39]   [1] 17650 loss=3.8841 ppl=48.6 lr=4.03e-05 | 30967 tok/s (avg 29834) ETA n/a | GPU 1.4/45.2GB | gtok=578387968
[2026-07-18 11:45:32]   [1] 17700 loss=3.8235 ppl=45.8 lr=4.01e-05 | 30936 tok/s (avg 29837) ETA n/a | GPU 1.4/45.2GB | gtok=580026368
[2026-07-18 11:46:25]   [1] 17750 loss=3.8504 ppl=47.0 lr=3.98e-05 | 30864 tok/s (avg 29839) ETA n/a | GPU 1.4/45.2GB | gtok=581664768
[2026-07-18 11:47:18]   [1] 17800 loss=3.7757 ppl=43.6 lr=3.96e-05 | 30875 tok/s (avg 29842) ETA n/a | GPU 1.4/45.2GB | gtok=583303168
[2026-07-18 11:48:11]   [1] 17850 loss=3.9060 ppl=49.7 lr=3.93e-05 | 30879 tok/s (avg 29845) ETA n/a | GPU 1.4/45.2GB | gtok=584941568
[2026-07-18 11:49:04]   [1] 17900 loss=3.9304 ppl=50.9 lr=3.91e-05 | 30939 tok/s (avg 29848) ETA n/a | GPU 1.4/45.2GB | gtok=586579968
[2026-07-18 11:50:02]   [1] 17950 loss=4.0039 ppl=54.8 lr=3.88e-05 | 28550 tok/s (avg 29844) ETA n/a | GPU 1.4/45.2GB | gtok=588218368
[2026-07-18 11:50:55] Saved checkpoint: checkpoints_v11_recall_stage6_combo/best_run/latest.pt
[2026-07-18 11:50:55]   [checkpoint @ step 18000, 589,824,000 tok]
[2026-07-18 11:50:57]   [1] 18000 loss=3.7512 ppl=42.6 lr=3.86e-05 | 29900 tok/s (avg 29844) ETA n/a | GPU 1.4/45.2GB | gtok=589856768
[2026-07-18 11:51:50]   [1] 18050 loss=3.9123 ppl=50.0 lr=3.83e-05 | 30881 tok/s (avg 29847) ETA n/a | GPU 1.4/45.2GB | gtok=591495168
[2026-07-18 11:52:43]   [1] 18100 loss=3.8770 ppl=48.3 lr=3.81e-05 | 30890 tok/s (avg 29850) ETA n/a | GPU 1.4/45.2GB | gtok=593133568
[2026-07-18 11:53:36]   [1] 18150 loss=3.8285 ppl=46.0 lr=3.78e-05 | 30873 tok/s (avg 29853) ETA n/a | GPU 1.4/45.2GB | gtok=594771968
[2026-07-18 11:54:29]   [1] 18200 loss=3.8073 ppl=45.0 lr=3.76e-05 | 30849 tok/s (avg 29855) ETA n/a | GPU 1.4/45.2GB | gtok=596410368
[2026-07-18 11:55:22]   [1] 18250 loss=3.8142 ppl=45.3 lr=3.73e-05 | 30858 tok/s (avg 29858) ETA n/a | GPU 1.4/45.2GB | gtok=598048768
[2026-07-18 11:56:15]   [1] 18300 loss=3.7387 ppl=42.0 lr=3.71e-05 | 30868 tok/s (avg 29861) ETA n/a | GPU 1.4/45.2GB | gtok=599687168
[2026-07-18 11:57:08]   [1] 18350 loss=3.7442 ppl=42.3 lr=3.68e-05 | 30881 tok/s (avg 29863) ETA n/a | GPU 1.4/45.2GB | gtok=601325568
[2026-07-18 11:58:01]   [1] 18400 loss=3.7111 ppl=40.9 lr=3.66e-05 | 30861 tok/s (avg 29866) ETA n/a | GPU 1.4/45.2GB | gtok=602963968
[2026-07-18 11:58:54]   [1] 18450 loss=3.7873 ppl=44.1 lr=3.63e-05 | 30869 tok/s (avg 29869) ETA n/a | GPU 1.4/45.2GB | gtok=604602368
[2026-07-18 11:59:47]   [1] 18500 loss=3.8815 ppl=48.5 lr=3.61e-05 | 30855 tok/s (avg 29871) ETA n/a | GPU 1.4/45.2GB | gtok=606240768
[2026-07-18 12:00:40]   [1] 18550 loss=3.8801 ppl=48.4 lr=3.58e-05 | 30833 tok/s (avg 29874) ETA n/a | GPU 1.4/45.2GB | gtok=607879168
[2026-07-18 12:01:33]   [1] 18600 loss=3.5602 ppl=35.2 lr=3.56e-05 | 30882 tok/s (avg 29876) ETA n/a | GPU 1.4/45.2GB | gtok=609517568
[2026-07-18 12:02:27]   [1] 18650 loss=3.8205 ppl=45.6 lr=3.53e-05 | 30886 tok/s (avg 29879) ETA n/a | GPU 1.4/45.2GB | gtok=611155968
[2026-07-18 12:03:19]   [1] 18700 loss=3.8349 ppl=46.3 lr=3.51e-05 | 30945 tok/s (avg 29882) ETA n/a | GPU 1.4/45.2GB | gtok=612794368
[2026-07-18 12:04:17]   [1] 18750 loss=3.9844 ppl=53.8 lr=3.48e-05 | 28641 tok/s (avg 29878) ETA n/a | GPU 1.4/45.2GB | gtok=614432768
[2026-07-18 12:05:10]   [1] 18800 loss=4.0041 ppl=54.8 lr=3.46e-05 | 30951 tok/s (avg 29881) ETA n/a | GPU 1.4/45.2GB | gtok=616071168
[2026-07-18 12:06:03]   [1] 18850 loss=3.7449 ppl=42.3 lr=3.43e-05 | 30813 tok/s (avg 29883) ETA n/a | GPU 1.4/45.2GB | gtok=617709568
[2026-07-18 12:06:56]   [1] 18900 loss=3.8627 ppl=47.6 lr=3.41e-05 | 30896 tok/s (avg 29886) ETA n/a | GPU 1.4/45.2GB | gtok=619347968
[2026-07-18 12:07:49]   [1] 18950 loss=3.7336 ppl=41.8 lr=3.39e-05 | 30929 tok/s (avg 29889) ETA n/a | GPU 1.4/45.2GB | gtok=620986368
[2026-07-18 12:08:42]   [1] 19000 loss=3.8916 ppl=49.0 lr=3.36e-05 | 30986 tok/s (avg 29891) ETA n/a | GPU 1.4/45.2GB | gtok=622624768
[2026-07-18 12:09:34]   [1] 19050 loss=3.8329 ppl=46.2 lr=3.34e-05 | 31043 tok/s (avg 29894) ETA n/a | GPU 1.4/45.2GB | gtok=624263168
[2026-07-18 12:10:27]   [1] 19100 loss=3.7379 ppl=42.0 lr=3.31e-05 | 30980 tok/s (avg 29897) ETA n/a | GPU 1.4/45.2GB | gtok=625901568
[2026-07-18 12:11:20]   [1] 19150 loss=4.0144 ppl=55.4 lr=3.29e-05 | 30955 tok/s (avg 29900) ETA n/a | GPU 1.4/45.2GB | gtok=627539968
[2026-07-18 12:12:13]   [1] 19200 loss=3.9562 ppl=52.3 lr=3.26e-05 | 30952 tok/s (avg 29902) ETA n/a | GPU 1.4/45.2GB | gtok=629178368
[2026-07-18 12:13:06]   [1] 19250 loss=3.9100 ppl=49.9 lr=3.24e-05 | 30940 tok/s (avg 29905) ETA n/a | GPU 1.4/45.2GB | gtok=630816768
[2026-07-18 12:13:59]   [1] 19300 loss=3.8666 ppl=47.8 lr=3.22e-05 | 30927 tok/s (avg 29907) ETA n/a | GPU 1.4/45.2GB | gtok=632455168
[2026-07-18 12:14:52]   [1] 19350 loss=3.7159 ppl=41.1 lr=3.19e-05 | 30955 tok/s (avg 29910) ETA n/a | GPU 1.4/45.2GB | gtok=634093568
[2026-07-18 12:15:45]   [1] 19400 loss=3.6337 ppl=37.9 lr=3.17e-05 | 30863 tok/s (avg 29912) ETA n/a | GPU 1.4/45.2GB | gtok=635731968
[2026-07-18 12:16:38]   [1] 19450 loss=3.8939 ppl=49.1 lr=3.14e-05 | 30850 tok/s (avg 29915) ETA n/a | GPU 1.4/45.2GB | gtok=637370368
[2026-07-18 12:17:31]   [1] 19500 loss=3.8264 ppl=45.9 lr=3.12e-05 | 30808 tok/s (avg 29917) ETA n/a | GPU 1.4/45.2GB | gtok=639008768
[2026-07-18 12:18:25]   [1] 19550 loss=4.0304 ppl=56.3 lr=3.10e-05 | 30861 tok/s (avg 29919) ETA n/a | GPU 1.4/45.2GB | gtok=640647168
[2026-07-18 12:19:22]   [1] 19600 loss=3.7798 ppl=43.8 lr=3.07e-05 | 28619 tok/s (avg 29916) ETA n/a | GPU 1.4/45.2GB | gtok=642285568
[2026-07-18 12:20:15]   [1] 19650 loss=3.9662 ppl=52.8 lr=3.05e-05 | 30952 tok/s (avg 29918) ETA n/a | GPU 1.4/45.2GB | gtok=643923968
[2026-07-18 12:21:08]   [1] 19700 loss=3.7725 ppl=43.5 lr=3.03e-05 | 30968 tok/s (avg 29921) ETA n/a | GPU 1.4/45.2GB | gtok=645562368
[2026-07-18 12:22:01]   [1] 19750 loss=3.9575 ppl=52.3 lr=3.00e-05 | 30962 tok/s (avg 29924) ETA n/a | GPU 1.4/45.2GB | gtok=647200768
[2026-07-18 12:22:53]   [1] 19800 loss=3.6805 ppl=39.7 lr=2.98e-05 | 30934 tok/s (avg 29926) ETA n/a | GPU 1.4/45.2GB | gtok=648839168
[2026-07-18 12:23:46]   [1] 19850 loss=3.9545 ppl=52.2 lr=2.96e-05 | 30968 tok/s (avg 29929) ETA n/a | GPU 1.4/45.2GB | gtok=650477568
[2026-07-18 12:24:39]   [1] 19900 loss=3.9036 ppl=49.6 lr=2.93e-05 | 30944 tok/s (avg 29931) ETA n/a | GPU 1.4/45.2GB | gtok=652115968
[2026-07-18 12:25:32]   [1] 19950 loss=3.7306 ppl=41.7 lr=2.91e-05 | 30960 tok/s (avg 29934) ETA n/a | GPU 1.4/45.2GB | gtok=653754368
[2026-07-18 12:26:26] Saved checkpoint: checkpoints_v11_recall_stage6_combo/best_run/latest.pt
[2026-07-18 12:26:26]   [checkpoint @ step 20000, 655,360,000 tok]
[2026-07-18 12:26:27]   [1] 20000 loss=3.8626 ppl=47.6 lr=2.89e-05 | 29968 tok/s (avg 29934) ETA n/a | GPU 1.4/45.2GB | gtok=655392768
[2026-07-18 12:27:20]   [1] 20050 loss=3.7037 ppl=40.6 lr=2.86e-05 | 30950 tok/s (avg 29936) ETA n/a | GPU 1.4/45.2GB | gtok=657031168
[2026-07-18 12:28:13]   [1] 20100 loss=4.0800 ppl=59.1 lr=2.84e-05 | 30940 tok/s (avg 29938) ETA n/a | GPU 1.4/45.2GB | gtok=658669568
[2026-07-18 12:29:06]   [1] 20150 loss=3.5662 ppl=35.4 lr=2.82e-05 | 30943 tok/s (avg 29941) ETA n/a | GPU 1.4/45.2GB | gtok=660307968
[2026-07-18 12:29:59]   [1] 20200 loss=3.4154 ppl=30.4 lr=2.79e-05 | 30957 tok/s (avg 29943) ETA n/a | GPU 1.4/45.2GB | gtok=661946368
[2026-07-18 12:30:52]   [1] 20250 loss=3.7255 ppl=41.5 lr=2.77e-05 | 30960 tok/s (avg 29946) ETA n/a | GPU 1.4/45.2GB | gtok=663584768
[2026-07-18 12:31:45]   [1] 20300 loss=3.8795 ppl=48.4 lr=2.75e-05 | 30969 tok/s (avg 29948) ETA n/a | GPU 1.4/45.2GB | gtok=665223168
[2026-07-18 12:32:37]   [1] 20350 loss=3.7772 ppl=43.7 lr=2.72e-05 | 30960 tok/s (avg 29951) ETA n/a | GPU 1.4/45.2GB | gtok=666861568
[2026-07-18 12:33:30]   [1] 20400 loss=3.8653 ppl=47.7 lr=2.70e-05 | 30943 tok/s (avg 29953) ETA n/a | GPU 1.4/45.2GB | gtok=668499968
[2026-07-18 12:34:28]   [1] 20450 loss=3.9742 ppl=53.2 lr=2.68e-05 | 28609 tok/s (avg 29950) ETA n/a | GPU 1.4/45.2GB | gtok=670138368
[2026-07-18 12:35:21]   [1] 20500 loss=3.8181 ppl=45.5 lr=2.65e-05 | 30963 tok/s (avg 29952) ETA n/a | GPU 1.4/45.2GB | gtok=671776768
[2026-07-18 12:36:13]   [1] 20550 loss=3.8505 ppl=47.0 lr=2.63e-05 | 30982 tok/s (avg 29954) ETA n/a | GPU 1.4/45.2GB | gtok=673415168
[2026-07-18 12:37:06]   [1] 20600 loss=3.6558 ppl=38.7 lr=2.61e-05 | 30975 tok/s (avg 29957) ETA n/a | GPU 1.4/45.2GB | gtok=675053568
[2026-07-18 12:37:59]   [1] 20650 loss=3.8509 ppl=47.0 lr=2.59e-05 | 30973 tok/s (avg 29959) ETA n/a | GPU 1.4/45.2GB | gtok=676691968
[2026-07-18 12:38:52]   [1] 20700 loss=3.7779 ppl=43.7 lr=2.56e-05 | 30956 tok/s (avg 29961) ETA n/a | GPU 1.4/45.2GB | gtok=678330368
[2026-07-18 12:39:45]   [1] 20750 loss=3.8820 ppl=48.5 lr=2.54e-05 | 30932 tok/s (avg 29964) ETA n/a | GPU 1.4/45.2GB | gtok=679968768
[2026-07-18 12:40:38]   [1] 20800 loss=3.6158 ppl=37.2 lr=2.52e-05 | 30939 tok/s (avg 29966) ETA n/a | GPU 1.4/45.2GB | gtok=681607168
[2026-07-18 12:41:31]   [1] 20850 loss=3.6725 ppl=39.4 lr=2.50e-05 | 30955 tok/s (avg 29968) ETA n/a | GPU 1.4/45.2GB | gtok=683245568
[2026-07-18 12:42:24]   [1] 20900 loss=3.5702 ppl=35.5 lr=2.47e-05 | 30959 tok/s (avg 29971) ETA n/a | GPU 1.4/45.2GB | gtok=684883968
[2026-07-18 12:43:17]   [1] 20950 loss=3.6574 ppl=38.8 lr=2.45e-05 | 30958 tok/s (avg 29973) ETA n/a | GPU 1.4/45.2GB | gtok=686522368
[2026-07-18 12:44:10]   [1] 21000 loss=3.6474 ppl=38.4 lr=2.43e-05 | 30844 tok/s (avg 29975) ETA n/a | GPU 1.4/45.2GB | gtok=688160768
[2026-07-18 12:45:03]   [1] 21050 loss=3.7962 ppl=44.5 lr=2.41e-05 | 30833 tok/s (avg 29977) ETA n/a | GPU 1.4/45.2GB | gtok=689799168
[2026-07-18 12:45:56]   [1] 21100 loss=3.9296 ppl=50.9 lr=2.39e-05 | 30834 tok/s (avg 29979) ETA n/a | GPU 1.4/45.2GB | gtok=691437568
[2026-07-18 12:46:49]   [1] 21150 loss=3.7528 ppl=42.6 lr=2.36e-05 | 30845 tok/s (avg 29981) ETA n/a | GPU 1.4/45.2GB | gtok=693075968
[2026-07-18 12:47:42]   [1] 21200 loss=3.7257 ppl=41.5 lr=2.34e-05 | 30883 tok/s (avg 29983) ETA n/a | GPU 1.4/45.2GB | gtok=694714368
[2026-07-18 12:48:36]   [1] 21250 loss=3.8176 ppl=45.5 lr=2.32e-05 | 30883 tok/s (avg 29985) ETA n/a | GPU 1.4/45.2GB | gtok=696352768
[2026-07-18 12:49:33]   [1] 21300 loss=3.8395 ppl=46.5 lr=2.30e-05 | 28551 tok/s (avg 29981) ETA n/a | GPU 1.4/45.2GB | gtok=697991168
[2026-07-18 12:50:26]   [1] 21350 loss=3.9261 ppl=50.7 lr=2.28e-05 | 30847 tok/s (avg 29983) ETA n/a | GPU 1.4/45.2GB | gtok=699629568
[2026-07-18 12:51:19]   [1] 21400 loss=3.8863 ppl=48.7 lr=2.26e-05 | 30837 tok/s (avg 29985) ETA n/a | GPU 1.4/45.2GB | gtok=701267968
[2026-07-18 12:52:12]   [1] 21450 loss=3.8244 ppl=45.8 lr=2.23e-05 | 30863 tok/s (avg 29987) ETA n/a | GPU 1.4/45.2GB | gtok=702906368
[2026-07-18 12:53:05]   [1] 21500 loss=3.9197 ppl=50.4 lr=2.21e-05 | 30862 tok/s (avg 29989) ETA n/a | GPU 1.4/45.2GB | gtok=704544768
[2026-07-18 12:53:58]   [1] 21550 loss=3.8608 ppl=47.5 lr=2.19e-05 | 30889 tok/s (avg 29991) ETA n/a | GPU 1.4/45.2GB | gtok=706183168
[2026-07-18 12:54:51]   [1] 21600 loss=3.8552 ppl=47.2 lr=2.17e-05 | 30863 tok/s (avg 29993) ETA n/a | GPU 1.4/45.2GB | gtok=707821568
[2026-07-18 12:55:45]   [1] 21650 loss=3.8052 ppl=44.9 lr=2.15e-05 | 30852 tok/s (avg 29995) ETA n/a | GPU 1.4/45.2GB | gtok=709459968
[2026-07-18 12:56:38]   [1] 21700 loss=3.8977 ppl=49.3 lr=2.13e-05 | 30839 tok/s (avg 29997) ETA n/a | GPU 1.4/45.2GB | gtok=711098368
[2026-07-18 12:57:31]   [1] 21750 loss=3.6543 ppl=38.6 lr=2.11e-05 | 30857 tok/s (avg 29999) ETA n/a | GPU 1.4/45.2GB | gtok=712736768
[2026-07-18 12:58:24]   [1] 21800 loss=3.6632 ppl=39.0 lr=2.09e-05 | 30892 tok/s (avg 30001) ETA n/a | GPU 1.4/45.2GB | gtok=714375168
[2026-07-18 12:59:17]   [1] 21850 loss=3.7969 ppl=44.6 lr=2.07e-05 | 30874 tok/s (avg 30003) ETA n/a | GPU 1.4/45.2GB | gtok=716013568
[2026-07-18 13:00:10]   [1] 21900 loss=3.7318 ppl=41.8 lr=2.04e-05 | 30899 tok/s (avg 30005) ETA n/a | GPU 1.4/45.2GB | gtok=717651968
[2026-07-18 13:01:03]   [1] 21950 loss=3.8333 ppl=46.2 lr=2.02e-05 | 30874 tok/s (avg 30007) ETA n/a | GPU 1.4/45.2GB | gtok=719290368
[2026-07-18 13:01:57] Saved checkpoint: checkpoints_v11_recall_stage6_combo/best_run/latest.pt
[2026-07-18 13:01:57]   [checkpoint @ step 22000, 720,896,000 tok]
[2026-07-18 13:01:58]   [1] 22000 loss=3.8617 ppl=47.5 lr=2.00e-05 | 29893 tok/s (avg 30007) ETA n/a | GPU 1.4/45.2GB | gtok=720928768
[2026-07-18 13:02:51]   [1] 22050 loss=3.7349 ppl=41.9 lr=1.98e-05 | 30836 tok/s (avg 30008) ETA n/a | GPU 1.4/45.2GB | gtok=722567168
[2026-07-18 13:03:44]   [1] 22100 loss=3.7680 ppl=43.3 lr=1.96e-05 | 30871 tok/s (avg 30010) ETA n/a | GPU 1.4/45.2GB | gtok=724205568
[2026-07-18 13:04:41]   [1] 22150 loss=3.8146 ppl=45.4 lr=1.94e-05 | 28538 tok/s (avg 30007) ETA n/a | GPU 1.4/45.2GB | gtok=725843968
[2026-07-18 13:05:34]   [1] 22200 loss=3.8110 ppl=45.2 lr=1.92e-05 | 30856 tok/s (avg 30009) ETA n/a | GPU 1.4/45.2GB | gtok=727482368
[2026-07-18 13:06:28]   [1] 22250 loss=3.9493 ppl=51.9 lr=1.90e-05 | 30901 tok/s (avg 30011) ETA n/a | GPU 1.4/45.2GB | gtok=729120768
[2026-07-18 13:07:21]   [1] 22300 loss=3.7248 ppl=41.5 lr=1.88e-05 | 30862 tok/s (avg 30012) ETA n/a | GPU 1.4/45.2GB | gtok=730759168
[2026-07-18 13:08:14]   [1] 22350 loss=3.8978 ppl=49.3 lr=1.86e-05 | 30851 tok/s (avg 30014) ETA n/a | GPU 1.4/45.2GB | gtok=732397568
[2026-07-18 13:09:07]   [1] 22400 loss=3.8458 ppl=46.8 lr=1.84e-05 | 30839 tok/s (avg 30016) ETA n/a | GPU 1.4/45.2GB | gtok=734035968
[2026-07-18 13:10:00]   [1] 22450 loss=3.8382 ppl=46.4 lr=1.82e-05 | 30840 tok/s (avg 30018) ETA n/a | GPU 1.4/45.2GB | gtok=735674368
[2026-07-18 13:10:53]   [1] 22500 loss=3.6518 ppl=38.5 lr=1.80e-05 | 30867 tok/s (avg 30020) ETA n/a | GPU 1.4/45.2GB | gtok=737312768
[2026-07-18 13:11:46]   [1] 22550 loss=3.8398 ppl=46.5 lr=1.78e-05 | 30864 tok/s (avg 30022) ETA n/a | GPU 1.4/45.2GB | gtok=738951168
[2026-07-18 13:12:39]   [1] 22600 loss=3.7945 ppl=44.5 lr=1.76e-05 | 30894 tok/s (avg 30023) ETA n/a | GPU 1.4/45.2GB | gtok=740589568
[2026-07-18 13:13:32]   [1] 22650 loss=3.8046 ppl=44.9 lr=1.74e-05 | 30839 tok/s (avg 30025) ETA n/a | GPU 1.4/45.2GB | gtok=742227968
[2026-07-18 13:14:25]   [1] 22700 loss=3.7014 ppl=40.5 lr=1.72e-05 | 30825 tok/s (avg 30027) ETA n/a | GPU 1.4/45.2GB | gtok=743866368
[2026-07-18 13:15:19]   [1] 22750 loss=3.7429 ppl=42.2 lr=1.70e-05 | 30866 tok/s (avg 30029) ETA n/a | GPU 1.4/45.2GB | gtok=745504768
[2026-07-18 13:16:12]   [1] 22800 loss=3.6784 ppl=39.6 lr=1.68e-05 | 30868 tok/s (avg 30030) ETA n/a | GPU 1.4/45.2GB | gtok=747143168
[2026-07-18 13:17:05]   [1] 22850 loss=3.9241 ppl=50.6 lr=1.67e-05 | 30878 tok/s (avg 30032) ETA n/a | GPU 1.4/45.2GB | gtok=748781568
[2026-07-18 13:17:58]   [1] 22900 loss=3.8104 ppl=45.2 lr=1.65e-05 | 30885 tok/s (avg 30034) ETA n/a | GPU 1.4/45.2GB | gtok=750419968
[2026-07-18 13:18:51]   [1] 22950 loss=3.7642 ppl=43.1 lr=1.63e-05 | 30868 tok/s (avg 30036) ETA n/a | GPU 1.4/45.2GB | gtok=752058368
[2026-07-18 13:19:48]   [1] 23000 loss=3.9344 ppl=51.1 lr=1.61e-05 | 28539 tok/s (avg 30032) ETA n/a | GPU 1.4/45.2GB | gtok=753696768
[2026-07-18 13:20:41]   [1] 23050 loss=3.7381 ppl=42.0 lr=1.59e-05 | 30849 tok/s (avg 30034) ETA n/a | GPU 1.4/45.2GB | gtok=755335168
[2026-07-18 13:21:34]   [1] 23100 loss=3.8242 ppl=45.8 lr=1.57e-05 | 30854 tok/s (avg 30036) ETA n/a | GPU 1.4/45.2GB | gtok=756973568
[2026-07-18 13:22:28]   [1] 23150 loss=3.7459 ppl=42.3 lr=1.55e-05 | 30826 tok/s (avg 30038) ETA n/a | GPU 1.4/45.2GB | gtok=758611968
[2026-07-18 13:23:21]   [1] 23200 loss=3.8275 ppl=45.9 lr=1.53e-05 | 30868 tok/s (avg 30039) ETA n/a | GPU 1.4/45.2GB | gtok=760250368
[2026-07-18 13:24:14]   [1] 23250 loss=3.6456 ppl=38.3 lr=1.51e-05 | 30875 tok/s (avg 30041) ETA n/a | GPU 1.4/45.2GB | gtok=761888768
[2026-07-18 13:25:07]   [1] 23300 loss=3.7610 ppl=43.0 lr=1.50e-05 | 30818 tok/s (avg 30043) ETA n/a | GPU 1.4/45.2GB | gtok=763527168
[2026-07-18 13:26:00]   [1] 23350 loss=3.6839 ppl=39.8 lr=1.48e-05 | 30843 tok/s (avg 30044) ETA n/a | GPU 1.4/45.2GB | gtok=765165568
[2026-07-18 13:26:53]   [1] 23400 loss=3.7171 ppl=41.1 lr=1.46e-05 | 30859 tok/s (avg 30046) ETA n/a | GPU 1.4/45.2GB | gtok=766803968
[2026-07-18 13:27:46]   [1] 23450 loss=3.7168 ppl=41.1 lr=1.44e-05 | 30857 tok/s (avg 30048) ETA n/a | GPU 1.4/45.2GB | gtok=768442368
[2026-07-18 13:28:39]   [1] 23500 loss=3.9790 ppl=53.5 lr=1.42e-05 | 30854 tok/s (avg 30049) ETA n/a | GPU 1.4/45.2GB | gtok=770080768
[2026-07-18 13:29:32]   [1] 23550 loss=3.7113 ppl=40.9 lr=1.41e-05 | 30884 tok/s (avg 30051) ETA n/a | GPU 1.4/45.2GB | gtok=771719168
[2026-07-18 13:30:25]   [1] 23600 loss=3.8718 ppl=48.0 lr=1.39e-05 | 30856 tok/s (avg 30053) ETA n/a | GPU 1.4/45.2GB | gtok=773357568
[2026-07-18 13:31:19]   [1] 23650 loss=3.8762 ppl=48.2 lr=1.37e-05 | 30831 tok/s (avg 30054) ETA n/a | GPU 1.4/45.2GB | gtok=774995968
[2026-07-18 13:32:12]   [1] 23700 loss=3.6068 ppl=36.8 lr=1.35e-05 | 30870 tok/s (avg 30056) ETA n/a | GPU 1.4/45.2GB | gtok=776634368
[2026-07-18 13:33:05]   [1] 23750 loss=3.5541 ppl=35.0 lr=1.33e-05 | 30885 tok/s (avg 30058) ETA n/a | GPU 1.4/45.2GB | gtok=778272768
[2026-07-18 13:34:02]   [1] 23800 loss=3.8313 ppl=46.1 lr=1.32e-05 | 28573 tok/s (avg 30054) ETA n/a | GPU 1.4/45.2GB | gtok=779911168
[2026-07-18 13:34:55]   [1] 23850 loss=3.6657 ppl=39.1 lr=1.30e-05 | 30910 tok/s (avg 30056) ETA n/a | GPU 1.4/45.2GB | gtok=781549568
[2026-07-18 13:35:48]   [1] 23900 loss=3.7384 ppl=42.0 lr=1.28e-05 | 30883 tok/s (avg 30058) ETA n/a | GPU 1.4/45.2GB | gtok=783187968
[2026-07-18 13:36:41]   [1] 23950 loss=3.6572 ppl=38.8 lr=1.27e-05 | 30857 tok/s (avg 30059) ETA n/a | GPU 1.4/45.2GB | gtok=784826368
[2026-07-18 13:37:35] Saved checkpoint: checkpoints_v11_recall_stage6_combo/best_run/latest.pt
[2026-07-18 13:37:35]   [checkpoint @ step 24000, 786,432,000 tok]
[2026-07-18 13:37:36]   [1] 24000 loss=3.8056 ppl=45.0 lr=1.25e-05 | 29877 tok/s (avg 30059) ETA n/a | GPU 1.4/45.2GB | gtok=786464768
[2026-07-18 13:38:29]   [1] 24050 loss=3.6212 ppl=37.4 lr=1.23e-05 | 30844 tok/s (avg 30061) ETA n/a | GPU 1.4/45.2GB | gtok=788103168
[2026-07-18 13:39:22]   [1] 24100 loss=3.6280 ppl=37.6 lr=1.21e-05 | 30850 tok/s (avg 30062) ETA n/a | GPU 1.4/45.2GB | gtok=789741568
[2026-07-18 13:40:15]   [1] 24150 loss=3.8942 ppl=49.1 lr=1.20e-05 | 30842 tok/s (avg 30064) ETA n/a | GPU 1.4/45.2GB | gtok=791379968
[2026-07-18 13:41:08]   [1] 24200 loss=3.8069 ppl=45.0 lr=1.18e-05 | 30861 tok/s (avg 30065) ETA n/a | GPU 1.4/45.2GB | gtok=793018368
[2026-07-18 13:42:02]   [1] 24250 loss=3.7341 ppl=41.9 lr=1.16e-05 | 30812 tok/s (avg 30067) ETA n/a | GPU 1.4/45.2GB | gtok=794656768
[2026-07-18 13:42:55]   [1] 24300 loss=3.7858 ppl=44.1 lr=1.15e-05 | 30822 tok/s (avg 30068) ETA n/a | GPU 1.4/45.2GB | gtok=796295168
[2026-07-18 13:43:48]   [1] 24350 loss=3.8441 ppl=46.7 lr=1.13e-05 | 30890 tok/s (avg 30070) ETA n/a | GPU 1.4/45.2GB | gtok=797933568
[2026-07-18 13:44:41]   [1] 24400 loss=3.6067 ppl=36.8 lr=1.12e-05 | 30928 tok/s (avg 30072) ETA n/a | GPU 1.4/45.2GB | gtok=799571968
[2026-07-18 13:45:34]   [1] 24450 loss=3.6208 ppl=37.4 lr=1.10e-05 | 30888 tok/s (avg 30073) ETA n/a | GPU 1.4/45.2GB | gtok=801210368
[2026-07-18 13:46:27]   [1] 24500 loss=3.7786 ppl=43.8 lr=1.08e-05 | 30940 tok/s (avg 30075) ETA n/a | GPU 1.4/45.2GB | gtok=802848768
[2026-07-18 13:47:20]   [1] 24550 loss=3.7080 ppl=40.8 lr=1.07e-05 | 30928 tok/s (avg 30077) ETA n/a | GPU 1.4/45.2GB | gtok=804487168
[2026-07-18 13:48:13]   [1] 24600 loss=3.8064 ppl=45.0 lr=1.05e-05 | 30939 tok/s (avg 30079) ETA n/a | GPU 1.4/45.2GB | gtok=806125568
[2026-07-18 13:49:10]   [1] 24650 loss=3.8301 ppl=46.1 lr=1.04e-05 | 28611 tok/s (avg 30075) ETA n/a | GPU 1.4/45.2GB | gtok=807763968
[2026-07-18 13:50:03]   [1] 24700 loss=3.8726 ppl=48.1 lr=1.02e-05 | 30948 tok/s (avg 30077) ETA n/a | GPU 1.4/45.2GB | gtok=809402368
[2026-07-18 13:50:56]   [1] 24750 loss=3.8485 ppl=46.9 lr=1.00e-05 | 30959 tok/s (avg 30079) ETA n/a | GPU 1.4/45.2GB | gtok=811040768
[2026-07-18 13:51:49]   [1] 24800 loss=3.6287 ppl=37.7 lr=9.89e-06 | 30941 tok/s (avg 30081) ETA n/a | GPU 1.4/45.2GB | gtok=812679168
[2026-07-18 13:52:42]   [1] 24850 loss=3.8350 ppl=46.3 lr=9.74e-06 | 30933 tok/s (avg 30082) ETA n/a | GPU 1.4/45.2GB | gtok=814317568
[2026-07-18 13:53:35]   [1] 24900 loss=3.6937 ppl=40.2 lr=9.59e-06 | 30961 tok/s (avg 30084) ETA n/a | GPU 1.4/45.2GB | gtok=815955968
[2026-07-18 13:54:28]   [1] 24950 loss=3.5953 ppl=36.4 lr=9.44e-06 | 30927 tok/s (avg 30086) ETA n/a | GPU 1.4/45.2GB | gtok=817594368
[2026-07-18 13:55:21]   [1] 25000 loss=3.9144 ppl=50.1 lr=9.29e-06 | 30949 tok/s (avg 30087) ETA n/a | GPU 1.4/45.2GB | gtok=819232768
[2026-07-18 13:56:14]   [1] 25050 loss=3.8059 ppl=45.0 lr=9.14e-06 | 30960 tok/s (avg 30089) ETA n/a | GPU 1.4/45.2GB | gtok=820871168
[2026-07-18 13:57:06]   [1] 25100 loss=3.7264 ppl=41.5 lr=8.99e-06 | 30955 tok/s (avg 30091) ETA n/a | GPU 1.4/45.2GB | gtok=822509568
[2026-07-18 13:57:59]   [1] 25150 loss=3.6893 ppl=40.0 lr=8.84e-06 | 30938 tok/s (avg 30092) ETA n/a | GPU 1.4/45.2GB | gtok=824147968
[2026-07-18 13:58:52]   [1] 25200 loss=3.9776 ppl=53.4 lr=8.70e-06 | 30933 tok/s (avg 30094) ETA n/a | GPU 1.4/45.2GB | gtok=825786368
[2026-07-18 13:59:45]   [1] 25250 loss=3.7020 ppl=40.5 lr=8.55e-06 | 30932 tok/s (avg 30096) ETA n/a | GPU 1.4/45.2GB | gtok=827424768
[2026-07-18 14:00:38]   [1] 25300 loss=4.0359 ppl=56.6 lr=8.41e-06 | 30900 tok/s (avg 30097) ETA n/a | GPU 1.4/45.2GB | gtok=829063168
[2026-07-18 14:01:31]   [1] 25350 loss=3.9654 ppl=52.7 lr=8.27e-06 | 30947 tok/s (avg 30099) ETA n/a | GPU 1.4/45.2GB | gtok=830701568
[2026-07-18 14:02:24]   [1] 25400 loss=3.7130 ppl=41.0 lr=8.13e-06 | 30938 tok/s (avg 30100) ETA n/a | GPU 1.4/45.2GB | gtok=832339968
[2026-07-18 14:03:17]   [1] 25450 loss=3.7380 ppl=42.0 lr=7.99e-06 | 30958 tok/s (avg 30102) ETA n/a | GPU 1.4/45.2GB | gtok=833978368
[2026-07-18 14:04:14]   [1] 25500 loss=3.6123 ppl=37.1 lr=7.85e-06 | 28641 tok/s (avg 30099) ETA n/a | GPU 1.4/45.2GB | gtok=835616768
[2026-07-18 14:05:07]   [1] 25550 loss=3.9179 ppl=50.3 lr=7.71e-06 | 30948 tok/s (avg 30101) ETA n/a | GPU 1.4/45.2GB | gtok=837255168
[2026-07-18 14:06:00]   [1] 25600 loss=3.8255 ppl=45.9 lr=7.57e-06 | 30971 tok/s (avg 30102) ETA n/a | GPU 1.4/45.2GB | gtok=838893568
[2026-07-18 14:06:53]   [1] 25650 loss=3.6358 ppl=37.9 lr=7.44e-06 | 30970 tok/s (avg 30104) ETA n/a | GPU 1.4/45.2GB | gtok=840531968
[2026-07-18 14:07:46]   [1] 25700 loss=3.8163 ppl=45.4 lr=7.30e-06 | 30970 tok/s (avg 30105) ETA n/a | GPU 1.4/45.2GB | gtok=842170368
[2026-07-18 14:08:39]   [1] 25750 loss=3.7322 ppl=41.8 lr=7.17e-06 | 30983 tok/s (avg 30107) ETA n/a | GPU 1.4/45.2GB | gtok=843808768
[2026-07-18 14:09:32]   [1] 25800 loss=3.7375 ppl=42.0 lr=7.04e-06 | 30945 tok/s (avg 30109) ETA n/a | GPU 1.4/45.2GB | gtok=845447168
[2026-07-18 14:10:25]   [1] 25850 loss=3.7055 ppl=40.7 lr=6.91e-06 | 30929 tok/s (avg 30110) ETA n/a | GPU 1.4/45.2GB | gtok=847085568
[2026-07-18 14:11:18]   [1] 25900 loss=3.7483 ppl=42.5 lr=6.78e-06 | 30953 tok/s (avg 30112) ETA n/a | GPU 1.4/45.2GB | gtok=848723968
[2026-07-18 14:12:11]   [1] 25950 loss=3.7546 ppl=42.7 lr=6.65e-06 | 30952 tok/s (avg 30113) ETA n/a | GPU 1.4/45.2GB | gtok=850362368
[2026-07-18 14:13:04] Saved checkpoint: checkpoints_v11_recall_stage6_combo/best_run/latest.pt
[2026-07-18 14:13:04]   [checkpoint @ step 26000, 851,968,000 tok]
[2026-07-18 14:13:05]   [1] 26000 loss=3.8100 ppl=45.1 lr=6.52e-06 | 29978 tok/s (avg 30113) ETA n/a | GPU 1.4/45.2GB | gtok=852000768
[2026-07-18 14:13:58]   [1] 26050 loss=3.7540 ppl=42.7 lr=6.39e-06 | 30954 tok/s (avg 30115) ETA n/a | GPU 1.4/45.2GB | gtok=853639168
[2026-07-18 14:14:51]   [1] 26100 loss=3.8499 ppl=47.0 lr=6.27e-06 | 30845 tok/s (avg 30116) ETA n/a | GPU 1.4/45.2GB | gtok=855277568
[2026-07-18 14:15:45]   [1] 26150 loss=3.6887 ppl=40.0 lr=6.14e-06 | 30838 tok/s (avg 30117) ETA n/a | GPU 1.4/45.2GB | gtok=856915968
[2026-07-18 14:16:38]   [1] 26200 loss=3.9597 ppl=52.4 lr=6.02e-06 | 30877 tok/s (avg 30119) ETA n/a | GPU 1.4/45.2GB | gtok=858554368
[2026-07-18 14:17:31]   [1] 26250 loss=3.6388 ppl=38.0 lr=5.90e-06 | 30957 tok/s (avg 30120) ETA n/a | GPU 1.4/45.2GB | gtok=860192768
[2026-07-18 14:18:28]   [1] 26300 loss=3.6028 ppl=36.7 lr=5.78e-06 | 28611 tok/s (avg 30117) ETA n/a | GPU 1.4/45.2GB | gtok=861831168
[2026-07-18 14:19:21]   [1] 26350 loss=3.7408 ppl=42.1 lr=5.66e-06 | 30962 tok/s (avg 30119) ETA n/a | GPU 1.4/45.2GB | gtok=863469568
[2026-07-18 14:20:14]   [1] 26400 loss=3.6174 ppl=37.2 lr=5.54e-06 | 30930 tok/s (avg 30120) ETA n/a | GPU 1.4/45.2GB | gtok=865107968
[2026-07-18 14:21:07]   [1] 26450 loss=3.7823 ppl=43.9 lr=5.42e-06 | 30939 tok/s (avg 30122) ETA n/a | GPU 1.4/45.2GB | gtok=866746368
[2026-07-18 14:22:00]   [1] 26500 loss=3.8242 ppl=45.8 lr=5.31e-06 | 30912 tok/s (avg 30123) ETA n/a | GPU 1.4/45.2GB | gtok=868384768
[2026-07-18 14:22:53]   [1] 26550 loss=3.6891 ppl=40.0 lr=5.19e-06 | 30939 tok/s (avg 30125) ETA n/a | GPU 1.4/45.2GB | gtok=870023168
[2026-07-18 14:23:46]   [1] 26600 loss=3.9844 ppl=53.8 lr=5.08e-06 | 30963 tok/s (avg 30126) ETA n/a | GPU 1.4/45.2GB | gtok=871661568
[2026-07-18 14:24:39]   [1] 26650 loss=3.6867 ppl=39.9 lr=4.97e-06 | 30885 tok/s (avg 30128) ETA n/a | GPU 1.4/45.2GB | gtok=873299968
[2026-07-18 14:25:32]   [1] 26700 loss=3.9952 ppl=54.3 lr=4.85e-06 | 30874 tok/s (avg 30129) ETA n/a | GPU 1.4/45.2GB | gtok=874938368
[2026-07-18 14:26:25]   [1] 26750 loss=3.6948 ppl=40.2 lr=4.74e-06 | 30868 tok/s (avg 30131) ETA n/a | GPU 1.4/45.2GB | gtok=876576768
[2026-07-18 14:27:18]   [1] 26800 loss=3.7550 ppl=42.7 lr=4.64e-06 | 30844 tok/s (avg 30132) ETA n/a | GPU 1.4/45.2GB | gtok=878215168
[2026-07-18 14:28:11]   [1] 26850 loss=3.7611 ppl=43.0 lr=4.53e-06 | 30834 tok/s (avg 30133) ETA n/a | GPU 1.4/45.2GB | gtok=879853568
[2026-07-18 14:29:04]   [1] 26900 loss=3.8105 ppl=45.2 lr=4.42e-06 | 30836 tok/s (avg 30134) ETA n/a | GPU 1.4/45.2GB | gtok=881491968
[2026-07-18 14:29:57]   [1] 26950 loss=3.7565 ppl=42.8 lr=4.32e-06 | 30876 tok/s (avg 30136) ETA n/a | GPU 1.4/45.2GB | gtok=883130368
[2026-07-18 14:30:50]   [1] 27000 loss=3.6545 ppl=38.6 lr=4.21e-06 | 30854 tok/s (avg 30137) ETA n/a | GPU 1.4/45.2GB | gtok=884768768
[2026-07-18 14:31:43]   [1] 27050 loss=3.8491 ppl=46.9 lr=4.11e-06 | 30842 tok/s (avg 30138) ETA n/a | GPU 1.4/45.2GB | gtok=886407168
[2026-07-18 14:32:36]   [1] 27100 loss=3.9167 ppl=50.2 lr=4.01e-06 | 30865 tok/s (avg 30140) ETA n/a | GPU 1.4/45.2GB | gtok=888045568
[2026-07-18 14:33:34]   [1] 27150 loss=3.5989 ppl=36.6 lr=3.91e-06 | 28531 tok/s (avg 30136) ETA n/a | GPU 1.4/45.2GB | gtok=889683968
[2026-07-18 14:34:27]   [1] 27200 loss=3.9040 ppl=49.6 lr=3.81e-06 | 30939 tok/s (avg 30138) ETA n/a | GPU 1.4/45.2GB | gtok=891322368
[2026-07-18 14:35:20]   [1] 27250 loss=3.7918 ppl=44.3 lr=3.71e-06 | 30934 tok/s (avg 30139) ETA n/a | GPU 1.4/45.2GB | gtok=892960768
[2026-07-18 14:36:13]   [1] 27300 loss=3.7692 ppl=43.3 lr=3.61e-06 | 30849 tok/s (avg 30141) ETA n/a | GPU 1.4/45.2GB | gtok=894599168
[2026-07-18 14:37:06]   [1] 27350 loss=3.6309 ppl=37.7 lr=3.52e-06 | 30855 tok/s (avg 30142) ETA n/a | GPU 1.4/45.2GB | gtok=896237568
[2026-07-18 14:37:59]   [1] 27400 loss=3.7932 ppl=44.4 lr=3.42e-06 | 30864 tok/s (avg 30143) ETA n/a | GPU 1.4/45.2GB | gtok=897875968
[2026-07-18 14:38:52]   [1] 27450 loss=3.5490 ppl=34.8 lr=3.33e-06 | 30841 tok/s (avg 30144) ETA n/a | GPU 1.4/45.2GB | gtok=899514368
[2026-07-18 14:39:45]   [1] 27500 loss=3.8055 ppl=44.9 lr=3.24e-06 | 30886 tok/s (avg 30146) ETA n/a | GPU 1.4/45.2GB | gtok=901152768
[2026-07-18 14:40:38]   [1] 27550 loss=3.7234 ppl=41.4 lr=3.15e-06 | 30942 tok/s (avg 30147) ETA n/a | GPU 1.4/45.2GB | gtok=902791168
[2026-07-18 14:41:31]   [1] 27600 loss=3.7010 ppl=40.5 lr=3.06e-06 | 30949 tok/s (avg 30149) ETA n/a | GPU 1.4/45.2GB | gtok=904429568
[2026-07-18 14:42:24]   [1] 27650 loss=3.9817 ppl=53.6 lr=2.97e-06 | 30955 tok/s (avg 30150) ETA n/a | GPU 1.4/45.2GB | gtok=906067968
[2026-07-18 14:43:17]   [1] 27700 loss=3.8446 ppl=46.7 lr=2.89e-06 | 30952 tok/s (avg 30151) ETA n/a | GPU 1.4/45.2GB | gtok=907706368
[2026-07-18 14:44:10]   [1] 27750 loss=3.8291 ppl=46.0 lr=2.80e-06 | 30964 tok/s (avg 30153) ETA n/a | GPU 1.4/45.2GB | gtok=909344768
[2026-07-18 14:45:03]   [1] 27800 loss=3.7680 ppl=43.3 lr=2.72e-06 | 30923 tok/s (avg 30154) ETA n/a | GPU 1.4/45.2GB | gtok=910983168
[2026-07-18 14:45:56]   [1] 27850 loss=3.6812 ppl=39.7 lr=2.63e-06 | 30957 tok/s (avg 30156) ETA n/a | GPU 1.4/45.2GB | gtok=912621568
[2026-07-18 14:46:49]   [1] 27900 loss=3.7198 ppl=41.3 lr=2.55e-06 | 30972 tok/s (avg 30157) ETA n/a | GPU 1.4/45.2GB | gtok=914259968
[2026-07-18 14:47:42]   [1] 27950 loss=3.7295 ppl=41.7 lr=2.47e-06 | 30974 tok/s (avg 30158) ETA n/a | GPU 1.4/45.2GB | gtok=915898368
[2026-07-18 14:48:40] Saved checkpoint: checkpoints_v11_recall_stage6_combo/best_run/latest.pt
[2026-07-18 14:48:40]   [checkpoint @ step 28000, 917,504,000 tok]
[2026-07-18 14:48:41]   [1] 28000 loss=3.8498 ppl=47.0 lr=2.39e-06 | 27809 tok/s (avg 30154) ETA n/a | GPU 1.4/45.2GB | gtok=917536768
[2026-07-18 14:49:33]   [1] 28050 loss=3.7085 ppl=40.8 lr=2.31e-06 | 30973 tok/s (avg 30155) ETA n/a | GPU 1.4/45.2GB | gtok=919175168
[2026-07-18 14:50:26]   [1] 28100 loss=3.7800 ppl=43.8 lr=2.24e-06 | 30929 tok/s (avg 30157) ETA n/a | GPU 1.4/45.2GB | gtok=920813568
[2026-07-18 14:51:19]   [1] 28150 loss=3.8271 ppl=45.9 lr=2.16e-06 | 30947 tok/s (avg 30158) ETA n/a | GPU 1.4/45.2GB | gtok=922451968
[2026-07-18 14:52:12]   [1] 28200 loss=3.8349 ppl=46.3 lr=2.09e-06 | 30962 tok/s (avg 30159) ETA n/a | GPU 1.4/45.2GB | gtok=924090368
[2026-07-18 14:53:05]   [1] 28250 loss=3.7226 ppl=41.4 lr=2.01e-06 | 30980 tok/s (avg 30161) ETA n/a | GPU 1.4/45.2GB | gtok=925728768
[2026-07-18 14:53:58]   [1] 28300 loss=3.7662 ppl=43.2 lr=1.94e-06 | 30976 tok/s (avg 30162) ETA n/a | GPU 1.4/45.2GB | gtok=927367168
[2026-07-18 14:54:51]   [1] 28350 loss=3.8492 ppl=47.0 lr=1.87e-06 | 30956 tok/s (avg 30164) ETA n/a | GPU 1.4/45.2GB | gtok=929005568
[2026-07-18 14:55:44]   [1] 28400 loss=3.9547 ppl=52.2 lr=1.80e-06 | 30931 tok/s (avg 30165) ETA n/a | GPU 1.4/45.2GB | gtok=930643968
[2026-07-18 14:56:37]   [1] 28450 loss=3.8897 ppl=48.9 lr=1.73e-06 | 30925 tok/s (avg 30166) ETA n/a | GPU 1.4/45.2GB | gtok=932282368
[2026-07-18 14:57:30]   [1] 28500 loss=3.8088 ppl=45.1 lr=1.67e-06 | 30935 tok/s (avg 30167) ETA n/a | GPU 1.4/45.2GB | gtok=933920768
[2026-07-18 14:58:23]   [1] 28550 loss=3.6735 ppl=39.4 lr=1.60e-06 | 30955 tok/s (avg 30169) ETA n/a | GPU 1.4/45.2GB | gtok=935559168
[2026-07-18 14:59:16]   [1] 28600 loss=3.7570 ppl=42.8 lr=1.54e-06 | 30962 tok/s (avg 30170) ETA n/a | GPU 1.4/45.2GB | gtok=937197568
[2026-07-18 15:00:09]   [1] 28650 loss=3.5355 ppl=34.3 lr=1.48e-06 | 30947 tok/s (avg 30172) ETA n/a | GPU 1.4/45.2GB | gtok=938835968
[2026-07-18 15:01:02]   [1] 28700 loss=3.5574 ppl=35.1 lr=1.41e-06 | 30995 tok/s (avg 30173) ETA n/a | GPU 1.4/45.2GB | gtok=940474368
[2026-07-18 15:01:54]   [1] 28750 loss=3.9079 ppl=49.8 lr=1.35e-06 | 30965 tok/s (avg 30174) ETA n/a | GPU 1.4/45.2GB | gtok=942112768
[2026-07-18 15:02:47]   [1] 28800 loss=3.6343 ppl=37.9 lr=1.30e-06 | 30962 tok/s (avg 30176) ETA n/a | GPU 1.4/45.2GB | gtok=943751168
[2026-07-18 15:03:45]   [1] 28850 loss=3.9372 ppl=51.3 lr=1.24e-06 | 28597 tok/s (avg 30173) ETA n/a | GPU 1.4/45.2GB | gtok=945389568
[2026-07-18 15:04:38]   [1] 28900 loss=3.8712 ppl=48.0 lr=1.18e-06 | 30955 tok/s (avg 30174) ETA n/a | GPU 1.4/45.2GB | gtok=947027968
[2026-07-18 15:05:31]   [1] 28950 loss=3.8598 ppl=47.5 lr=1.13e-06 | 30974 tok/s (avg 30175) ETA n/a | GPU 1.4/45.2GB | gtok=948666368
[2026-07-18 15:06:23]   [1] 29000 loss=3.8652 ppl=47.7 lr=1.07e-06 | 30980 tok/s (avg 30177) ETA n/a | GPU 1.4/45.2GB | gtok=950304768
[2026-07-18 15:07:16]   [1] 29050 loss=3.5845 ppl=36.0 lr=1.02e-06 | 30937 tok/s (avg 30178) ETA n/a | GPU 1.4/45.2GB | gtok=951943168
[2026-07-18 15:08:09]   [1] 29100 loss=3.7851 ppl=44.0 lr=9.69e-07 | 30970 tok/s (avg 30179) ETA n/a | GPU 1.4/45.2GB | gtok=953581568
[2026-07-18 15:09:02]   [1] 29150 loss=3.5444 ppl=34.6 lr=9.20e-07 | 30987 tok/s (avg 30181) ETA n/a | GPU 1.4/45.2GB | gtok=955219968
[2026-07-18 15:09:55]   [1] 29200 loss=3.6469 ppl=38.4 lr=8.71e-07 | 30985 tok/s (avg 30182) ETA n/a | GPU 1.4/45.2GB | gtok=956858368
[2026-07-18 15:10:48]   [1] 29250 loss=3.8294 ppl=46.0 lr=8.24e-07 | 30985 tok/s (avg 30183) ETA n/a | GPU 1.4/45.2GB | gtok=958496768
[2026-07-18 15:11:41]   [1] 29300 loss=3.9470 ppl=51.8 lr=7.78e-07 | 30989 tok/s (avg 30185) ETA n/a | GPU 1.4/45.2GB | gtok=960135168
[2026-07-18 15:12:34]   [1] 29350 loss=3.5677 ppl=35.4 lr=7.34e-07 | 30969 tok/s (avg 30186) ETA n/a | GPU 1.4/45.2GB | gtok=961773568
[2026-07-18 15:13:27]   [1] 29400 loss=3.7068 ppl=40.7 lr=6.90e-07 | 30937 tok/s (avg 30187) ETA n/a | GPU 1.4/45.2GB | gtok=963411968
[2026-07-18 15:14:20]   [1] 29450 loss=3.7449 ppl=42.3 lr=6.48e-07 | 30966 tok/s (avg 30189) ETA n/a | GPU 1.4/45.2GB | gtok=965050368
[2026-07-18 15:15:12]   [1] 29500 loss=3.7129 ppl=41.0 lr=6.08e-07 | 30971 tok/s (avg 30190) ETA n/a | GPU 1.4/45.2GB | gtok=966688768
[2026-07-18 15:16:05]   [1] 29550 loss=3.7765 ppl=43.7 lr=5.68e-07 | 30989 tok/s (avg 30191) ETA n/a | GPU 1.4/45.2GB | gtok=968327168
[2026-07-18 15:16:58]   [1] 29600 loss=3.7267 ppl=41.5 lr=5.30e-07 | 30957 tok/s (avg 30192) ETA n/a | GPU 1.4/45.2GB | gtok=969965568
[2026-07-18 15:17:51]   [1] 29650 loss=3.7096 ppl=40.8 lr=4.94e-07 | 30965 tok/s (avg 30194) ETA n/a | GPU 1.4/45.2GB | gtok=971603968
[2026-07-18 15:18:48]   [1] 29700 loss=3.8056 ppl=44.9 lr=4.58e-07 | 28681 tok/s (avg 30191) ETA n/a | GPU 1.4/45.2GB | gtok=973242368
[2026-07-18 15:19:41]   [1] 29750 loss=3.7926 ppl=44.4 lr=4.24e-07 | 30988 tok/s (avg 30192) ETA n/a | GPU 1.4/45.2GB | gtok=974880768
[2026-07-18 15:20:34]   [1] 29800 loss=3.4464 ppl=31.4 lr=3.91e-07 | 30969 tok/s (avg 30194) ETA n/a | GPU 1.4/45.2GB | gtok=976519168
[2026-07-18 15:21:27]   [1] 29850 loss=3.7329 ppl=41.8 lr=3.60e-07 | 30984 tok/s (avg 30195) ETA n/a | GPU 1.4/45.2GB | gtok=978157568
[2026-07-18 15:22:20]   [1] 29900 loss=3.6251 ppl=37.5 lr=3.30e-07 | 30962 tok/s (avg 30196) ETA n/a | GPU 1.4/45.2GB | gtok=979795968
[2026-07-18 15:23:13]   [1] 29950 loss=3.8798 ppl=48.4 lr=3.01e-07 | 30982 tok/s (avg 30197) ETA n/a | GPU 1.4/45.2GB | gtok=981434368
[2026-07-18 15:24:06] Saved checkpoint: checkpoints_v11_recall_stage6_combo/best_run/latest.pt
[2026-07-18 15:24:06]   [checkpoint @ step 30000, 983,040,000 tok]
[2026-07-18 15:24:07]   [1] 30000 loss=3.8743 ppl=48.2 lr=2.73e-07 | 29932 tok/s (avg 30197) ETA n/a | GPU 1.4/45.2GB | gtok=983072768
[2026-07-18 15:25:00]   [1] 30050 loss=3.8363 ppl=46.4 lr=2.47e-07 | 30962 tok/s (avg 30198) ETA n/a | GPU 1.4/45.2GB | gtok=984711168
[2026-07-18 15:25:53]   [1] 30100 loss=3.9540 ppl=52.1 lr=2.22e-07 | 30978 tok/s (avg 30199) ETA n/a | GPU 1.4/45.2GB | gtok=986349568
[2026-07-18 15:26:46]   [1] 30150 loss=3.7157 ppl=41.1 lr=1.99e-07 | 30997 tok/s (avg 30201) ETA n/a | GPU 1.4/45.2GB | gtok=987987968
[2026-07-18 15:27:39]   [1] 30200 loss=3.7458 ppl=42.3 lr=1.76e-07 | 30922 tok/s (avg 30202) ETA n/a | GPU 1.4/45.2GB | gtok=989626368
[2026-07-18 15:28:32]   [1] 30250 loss=3.6055 ppl=36.8 lr=1.55e-07 | 31056 tok/s (avg 30203) ETA n/a | GPU 1.4/45.2GB | gtok=991264768
[2026-07-18 15:29:25]   [1] 30300 loss=3.7693 ppl=43.3 lr=1.36e-07 | 30965 tok/s (avg 30204) ETA n/a | GPU 1.4/45.2GB | gtok=992903168
[2026-07-18 15:30:18]   [1] 30350 loss=3.8337 ppl=46.2 lr=1.17e-07 | 30942 tok/s (avg 30206) ETA n/a | GPU 1.4/45.2GB | gtok=994541568
[2026-07-18 15:31:11]   [1] 30400 loss=3.6734 ppl=39.4 lr=1.01e-07 | 30943 tok/s (avg 30207) ETA n/a | GPU 1.4/45.2GB | gtok=996179968
[2026-07-18 15:32:04]   [1] 30450 loss=3.8144 ppl=45.3 lr=8.49e-08 | 30971 tok/s (avg 30208) ETA n/a | GPU 1.4/45.2GB | gtok=997818368
[2026-07-18 15:32:56]   [1] 30500 loss=3.8109 ppl=45.2 lr=7.05e-08 | 31005 tok/s (avg 30209) ETA n/a | GPU 1.4/45.2GB | gtok=999456768
[2026-07-18 15:47:39]   Token budget reached: 1,000,001,536 / 1,000,000,000
[2026-07-18 15:52:51] Epoch 1/9999 | Train Loss: 4.1908 PPL: 66.07 | 29440 tok/s | Time: 33967.0s (1,000,001,536 tok) | Val Loss: 4.2700 PPL: 71.52 Acc: 0.314 | Wiki PPL: 126.07 *best*
[2026-07-18 15:52:52] Saved checkpoint: checkpoints_v11_recall_stage6_combo/best_run/best_model.pt

[2026-07-18 15:52:52] Stopping: token budget 1,000,000,000 reached.
[2026-07-18 15:52:53] Saved checkpoint: checkpoints_v11_recall_stage6_combo/best_run/final_model.pt

[2026-07-18 15:52:53] Training complete (token budget)!
[2026-07-18 15:52:53] Total wall time: 34280.6s (9.52h)
[2026-07-18 15:52:53] Best Val Loss: 4.2700, Best Val PPL: 71.52

[2026-07-18 15:52:53] Wall clock end: 2026-07-18 15:52:53
