Traceback (most recent call last):
  File "/home/ubuntu/Development/qllm-private/scripts/train_matched_baseline.py", line 218, in <module>
    raise SystemExit(main())
  File "/home/ubuntu/Development/qllm-private/scripts/train_matched_baseline.py", line 101, in main
    from v7.data import load_pretrain_mix
ModuleNotFoundError: No module named 'v7'
The fast path is not available because one of `(selective_state_update, selective_scan_fn, causal_conv1d_fn, causal_conv1d_update, mamba_inner_fn)` is None. Falling back to the sequential implementation of Mamba, as use_mambapy is set to False. To install follow https://github.com/state-spaces/mamba/#installation for mamba-ssm and install the kernels library using `pip install kernels` or https://github.com/Dao-AILab/causal-conv1d for causal-conv1d. For the mamba.py backend, follow https://github.com/alxndrTL/mamba.py.
Token indices sequence length is longer than the specified maximum sequence length for this model (1054 > 1024). Running this sequence through the model will result in indexing errors
Streaming pretrain blend: sources=['recall'] weights=[1.0] edu>=3 budget=30000000 vocab=50257 holdout_pct=5 exclude_holdout=True mix_seed=42 warmup=0 skips={'recall': 0}
[cache] Pretrain holdout val from .cache/v7_tokens/pretrain_holdout_v1_v50257_t500000_e3_p5.pt (500,000 tokens)
[mamba] params=16,370,176 device=cuda budget=30,000,000
Traceback (most recent call last):
  File "/home/ubuntu/Development/qllm-private/scripts/train_matched_baseline.py", line 222, in <module>
    raise SystemExit(main())
  File "/home/ubuntu/Development/qllm-private/scripts/train_matched_baseline.py", line 172, in main
    scaler.scale(loss).backward()
  File "/home/ubuntu/Development/qllm-private/.venv/lib/python3.9/site-packages/torch/_tensor.py", line 647, in backward
    torch.autograd.backward(
  File "/home/ubuntu/Development/qllm-private/.venv/lib/python3.9/site-packages/torch/autograd/__init__.py", line 354, in backward
    _engine_run_backward(
  File "/home/ubuntu/Development/qllm-private/.venv/lib/python3.9/site-packages/torch/autograd/graph.py", line 829, in _engine_run_backward
    return Variable._execution_engine.run_backward(  # Calls into the C++ engine to run the backward pass
torch.OutOfMemoryError: CUDA out of memory. Tried to allocate 6.13 GiB. GPU 0 has a total capacity of 94.97 GiB of which 1.49 GiB is free. Process 3000236 has 41.24 GiB memory in use. Including non-PyTorch memory, this process has 52.22 GiB memory in use. Of the allocated memory 51.00 GiB is allocated by PyTorch, and 572.90 MiB is reserved by PyTorch but unallocated. If reserved but unallocated memory is large try setting PYTORCH_CUDA_ALLOC_CONF=expandable_segments:True to avoid fragmentation.  See documentation for Memory Management  (https://pytorch.org/docs/stable/notes/cuda.html#environment-variables)
=== relaunch 2026-07-16T12:22:52Z bs=2 seq=2048 ===
The fast path is not available because one of `(selective_state_update, selective_scan_fn, causal_conv1d_fn, causal_conv1d_update, mamba_inner_fn)` is None. Falling back to the sequential implementation of Mamba, as use_mambapy is set to False. To install follow https://github.com/state-spaces/mamba/#installation for mamba-ssm and install the kernels library using `pip install kernels` or https://github.com/Dao-AILab/causal-conv1d for causal-conv1d. For the mamba.py backend, follow https://github.com/alxndrTL/mamba.py.
Token indices sequence length is longer than the specified maximum sequence length for this model (1054 > 1024). Running this sequence through the model will result in indexing errors
Streaming pretrain blend: sources=['recall'] weights=[1.0] edu>=3 budget=30000000 vocab=50257 holdout_pct=5 exclude_holdout=True mix_seed=42 warmup=0 skips={'recall': 0}
[cache] Pretrain holdout val from .cache/v7_tokens/pretrain_holdout_v1_v50257_t500000_e3_p5.pt (500,000 tokens)
[mamba] params=16,370,176 device=cuda budget=30,000,000
  [mamba] step=50 loss=8.9371 ppl=7609.4 tok/s=64 gtok=204800
  [mamba] step=100 loss=2.1056 ppl=8.2 tok/s=86 gtok=409600
  [mamba] step=150 loss=0.8406 ppl=2.3 tok/s=97 gtok=614400
  [mamba] step=200 loss=0.6456 ppl=1.9 tok/s=103 gtok=819200
  [mamba] step=250 loss=0.5879 ppl=1.8 tok/s=108 gtok=1024000
  [mamba] step=300 loss=0.5637 ppl=1.8 tok/s=111 gtok=1228800
  [mamba] step=350 loss=0.5503 ppl=1.7 tok/s=114 gtok=1433600
  [mamba] step=400 loss=0.5493 ppl=1.7 tok/s=115 gtok=1638400
  [mamba] step=450 loss=0.5410 ppl=1.7 tok/s=117 gtok=1843200
  [mamba] step=500 loss=0.5502 ppl=1.7 tok/s=118 gtok=2048000
  [mamba] step=550 loss=0.5439 ppl=1.7 tok/s=119 gtok=2252800
  [mamba] step=600 loss=0.5384 ppl=1.7 tok/s=120 gtok=2457600
  [mamba] step=650 loss=0.5410 ppl=1.7 tok/s=121 gtok=2662400
  [mamba] step=700 loss=0.5404 ppl=1.7 tok/s=122 gtok=2867200
  [mamba] step=750 loss=0.5415 ppl=1.7 tok/s=122 gtok=3072000
  [mamba] step=800 loss=0.5431 ppl=1.7 tok/s=123 gtok=3276800
  [mamba] step=850 loss=0.5324 ppl=1.7 tok/s=123 gtok=3481600
  [mamba] step=900 loss=0.5505 ppl=1.7 tok/s=123 gtok=3686400
  [mamba] step=950 loss=0.5433 ppl=1.7 tok/s=124 gtok=3891200
  [mamba] step=1000 loss=0.5318 ppl=1.7 tok/s=124 gtok=4096000
  [mamba] step=1050 loss=0.5194 ppl=1.7 tok/s=124 gtok=4300800
  [mamba] step=1100 loss=0.5347 ppl=1.7 tok/s=125 gtok=4505600
  [mamba] step=1150 loss=0.5233 ppl=1.7 tok/s=125 gtok=4710400
  [mamba] step=1200 loss=0.5443 ppl=1.7 tok/s=125 gtok=4915200
  [mamba] step=1250 loss=0.5326 ppl=1.7 tok/s=125 gtok=5120000
  [mamba] step=1300 loss=0.5318 ppl=1.7 tok/s=126 gtok=5324800
  [mamba] step=1350 loss=0.5323 ppl=1.7 tok/s=126 gtok=5529600
  [mamba] step=1400 loss=0.5161 ppl=1.7 tok/s=126 gtok=5734400
  [mamba] step=1450 loss=0.5304 ppl=1.7 tok/s=126 gtok=5939200
  [mamba] step=1500 loss=0.5410 ppl=1.7 tok/s=126 gtok=6144000
  [mamba] step=1550 loss=0.5316 ppl=1.7 tok/s=126 gtok=6348800
  [mamba] step=1600 loss=0.5360 ppl=1.7 tok/s=127 gtok=6553600
  [mamba] step=1650 loss=0.5354 ppl=1.7 tok/s=127 gtok=6758400
  [mamba] step=1700 loss=0.5338 ppl=1.7 tok/s=127 gtok=6963200
  [mamba] step=1750 loss=0.5340 ppl=1.7 tok/s=127 gtok=7168000
  [mamba] step=1800 loss=0.5398 ppl=1.7 tok/s=127 gtok=7372800
