[device] cuda
[cache] Loaded TinyStories train from .cache/v7_tokens/tinystories_train_v2_ms2000_sl256_r1.pt (419,313 tokens)
[cache] Loaded TinyStories validation from .cache/v7_tokens/tinystories_validation_v2_ms2000_sl256_r1.pt (194,512 tokens)
Train chunks: 1631, Val chunks: 756
[budget] {"budget": "5m", "transformer_params": 4979304, "vps_params": 5002234, "vps_dim": 160, "vps_embed_rank": 64, "vps_layers": 2, "vps_heads": 3, "vps_head_dim": 48}
[transformer] params=4,979,304 d_model=88 layers=4
[transformer] epoch 1/6 loss=9.6848 val_ppl=5410.92
[transformer] epoch 2/6 loss=7.7539 val_ppl=1076.33
[transformer] epoch 3/6 loss=6.5429 val_ppl=468.52
[transformer] epoch 4/6 loss=5.9523 val_ppl=303.10
[transformer] epoch 5/6 loss=5.5570 val_ppl=204.92
[transformer] epoch 6/6 loss=5.1695 val_ppl=141.23
[vps] params=5,002,234 dim=160 rank=64 layers=2 heads=3×48
[vps/essence] epoch 1/2 loss=10.1995
[vps/essence] epoch 2/2 loss=6.3640
[vps] epoch 1/6 loss=6.9446 val_ppl=695.68 (oracle=698.23)
[vps] epoch 2/6 loss=6.1693 val_ppl=411.27 (oracle=408.58)
[vps] epoch 3/6 loss=5.9450 val_ppl=407.02 (oracle=406.31)
[vps] epoch 4/6 loss=5.7925 val_ppl=302.79 (oracle=301.99)
[vps] epoch 5/6 loss=5.5678 val_ppl=233.84 (oracle=233.19)
[vps] epoch 6/6 loss=5.3507 val_ppl=201.09 (oracle=200.50)

[compare] transformer_ppl=141.23 vps_ppl=201.09 winner=transformer
[done] logs/vps_matched_tinystories/5m_20260812_174705/compare.json
