[2026-07-17 07:01:33] Wall clock start: 2026-07-17 07:01:33
[2026-07-17 07:01:33] ============================================================
[2026-07-17 07:01:33]   V11: PAM with new memory dynamics
[2026-07-17 07:01:33]   Preset: v11_e3_k3_chat | Stage: pretrain | Dataset: pretrain_mix
[2026-07-17 07:01:33] ============================================================

[2026-07-17 07:01:33] Config: {'vocab_size': 50261, 'dim': 384, 'n_heads': 6, 'head_dim': 64, 'n_layers': 16, 'expand': 3, 'dropout': 0.1, 'max_seq_len': 2048, 'use_learned_pos': False, 'use_rope': True, 'use_gsp': True, 'fused_qkv': True, 'qk_norm': False, 'tie_weights': True, 'gradient_checkpointing': False, 'activation': 'swish', 'chunk_size': 256, 'decay_mode': 'head', 'write_mode': 'additive', 'n_states': 3, 'delta_chunk': 64, 'state_dt_spread': 2.0, 'base_dt_bias': -4.0, 'gate_content_aware': True, 'protect_gate_bias': -3.0, 'routing_content_aware': True, 'state_compete': True, 'phase_init': 'zero', 'route_balance_lambda': 0.01, 'aux_loss_weight': 1.0, 'fused_e3': True, 'recompute_pam_chunks': False, 'gamma_floor': 0.0, 'gate_surprisal_lambda': 0.3, 'gate_surprisal_tau': 0.5, 'gate_surprisal_sign': 1.0, 'vault_state': True, 'vault_state_idx': 0, 'write_phase_address': False}
[2026-07-17 07:01:33] Memory dynamics: decay_mode=head, write_mode=additive, n_states=3, chunk_size=256
[2026-07-17 07:01:33] Batch size: 16, Epochs: 9999, LR: 0.0001
[2026-07-17 07:01:33] Token budget: 300,000,000

[2026-07-17 07:01:33] Loading pretrain_mix (seq_len=2048)...
[2026-07-17 07:01:35] Streaming pretrain blend: sources=['fineweb', 'recall'] weights=[93.0, 3.0] edu>=3 budget=300000000 vocab=50261 holdout_pct=5 exclude_holdout=True mix_seed=42 warmup=0 skips={'fineweb': 0, 'recall': 0}
[2026-07-17 07:01:35] [cache] Pretrain holdout val from .cache/v7_tokens/pretrain_holdout_v1_v50261_t500000_e3_p5.pt (500,000 tokens)
[2026-07-17 07:01:36] [cache] Loaded WikiText-103 validation from .cache/v7_tokens/wikitext103_validation_v2_full_sl2048.pt (248,461 tokens)
[2026-07-17 07:01:36] Val chunks: 121
[2026-07-17 07:01:36] Val: in-distro holdout (16 batches), WikiText secondary (8 batches)
[2026-07-17 07:01:36] Train batches: streaming, Val batches: 16

[2026-07-17 07:01:37] Model parameters: {'embedding (tied)': 38600448, 'blocks': 61981616, 'norms': 768, 'lm_head': 296064, 'total': 100878896}
[2026-07-17 07:01:37] Total: 100,878,896 (100.9M)
[2026-07-17 07:01:37] Param groups: 228 tensors (100,826,880) with wd, 197 tensors (52,016) without
[2026-07-17 07:01:37] Compiling model (mode=default)...
[2026-07-17 07:01:38]   fused_ce: compiled _hidden_to_lm (logits never materialized)

[2026-07-17 07:01:38] Training on cuda
[2026-07-17 07:01:38] Parameters: {'embedding (tied)': 38600448, 'blocks': 61981616, 'norms': 768, 'lm_head': 296064, 'total': 100878896}
[2026-07-17 07:01:38] Total: 100,878,896 (100.9M)
[2026-07-17 07:01:38] Epochs: 1..9999, Batches/epoch: stream
[2026-07-17 07:01:38] Periodic checkpoint: every 2000 steps -> latest.pt


[2026-07-17 07:01:38] ============================================================
[2026-07-17 07:01:38] Epoch 1/9999
[2026-07-17 07:01:38] ============================================================
[2026-07-17 07:01:39] [fineweb] local parquet stream: 15 shards under data/fineweb-edu/sample-10BT
