  [fact] mode=delta layers=4 lr=3e-5 save_every=1000 spec=checkpoints_v12_phase0/pool1000/fact_retrieval/fact_band_spec.json
+ .venv/bin/python -m v12.train --preset v12_grammar_dyn --stage pretrain --dataset fact --pretrain_sources dclm,fineweb --pretrain_weights 40,60 --substrate grammar@1.0 --registry v12_registry --grow_layers @checkpoints_v12_phase0/pool1000/fact_retrieval/fact_band_spec.json --layer_head_budget 16 --head_gate --write_phase_address --freeze_layers base --attach_mode sequential --stage_loss ce_fact --fused_ce --fact_value_pool 1000 --gen_every 0 --gen_prompt Record: bofim means gold. Record: kaner means silver. Query: bofim means --batch_size 8 --seq_len 512 --lr 3e-5 --weight_decay 0.01 --token_budget 40000000 --checkpoint_dir checkpoints_v12_phase0/pool1000/fact_retrieval --save_every_steps 1000 --log_dir logs
[Discord] Webhook configured -- notifications enabled
Wall clock start: 2026-07-30 04:20:05
============================================================
  V12: PAM with new memory dynamics
  Preset: v12_grammar_dyn | Stage: pretrain | Dataset: fact
============================================================

Stage loss: ce_fact — Answer-masked CE + gate-surprisal + hard-negative contrastive (fact stage).
  overrides applied: {'gate_surprisal_lambda': 0.1, 'gate_surprisal_tau': 0.5, 'gate_surprisal_sign': 1.0, 'fact_contrastive_lambda': 0.1, 'fact_contrastive_tau': 2.0}

Config: {'vocab_size': 50261, 'dim': 384, 'n_heads': 16, 'head_dim': 64, 'n_layers': 4, 'expand': 3, 'dropout': 0.1, 'max_seq_len': 512, 'use_learned_pos': False, 'use_rope': True, 'use_gsp': True, 'fused_qkv': True, 'qk_norm': False, 'tie_weights': True, 'gradient_checkpointing': True, 'activation': 'swish', 'chunk_size': 256, 'decay_mode': 'head', 'write_mode': 'additive', 'n_states': 3, 'delta_chunk': 64, 'state_dt_spread': 2.0, 'base_dt_bias': -4.0, 'gate_content_aware': True, 'protect_gate_bias': -3.0, 'routing_content_aware': False, 'state_compete': False, 'phase_init': 'zero', 'route_balance_lambda': 0.0, 'aux_loss_weight': 1.0, 'fused_e3': True, 'recompute_pam_chunks': False, 'gamma_floor': 0.0, 'gate_surprisal_lambda': 0.1, 'gate_surprisal_tau': 0.5, 'gate_surprisal_sign': 1.0, 'fact_contrastive_lambda': 0.1, 'fact_contrastive_tau': 2.0, 'vault_state': False, 'vault_state_idx': 0, 'write_phase_address': True, 'write_phase_key_conditional': False, 'delta_solve_mode': 'backsub', 'vault_norm_bound': 0.0, 'module_adapter_rank': 0, 'head_gate': True, 'head_gate_l0_lambda': 0.001, 'head_gate_init_logalpha': 3.0, 'layer_specs': None}
Memory dynamics: decay_mode=head, write_mode=additive, n_states=3, chunk_size=256
Batch size: 8, Epochs: 10, LR: 3e-05
Token budget: 40,000,000

Loading fact (seq_len=512)...
[fact_data] train=78,125 val=512 examples, seq_len=512, templates=12 (train), value_pool=1000 (train), vocab=50261
Train batches: 9766, Val batches: 64
[substrate] WARNING: substrate vocab_size=50257 != tokenizer/preset vocab_size=50261
[substrate] grammar@1.0 -> ['grammar@1.0'] (4 frozen base layers)

Model parameters: {'embedding (tied)': 38597376, 'blocks': 23388692, 'norms': 768, 'lm_head': 296064, 'total': 62282900}
Total: 62,282,900 (62.3M)
[M4 grow] +4 layers [4, 5, 6, 7] on base of 4 (skills=['fact_retrieval', 'fact_retrieval', 'fact_retrieval', 'fact_retrieval'], attach_mode=sequential); total layers=8
[M4 freeze] froze blocks [0, 1, 2, 3]; trainable params=62,233,608. (requires_grad=False => excluded from optimizer, no wd drift)
Param groups: 56 tensors (62,214,912) with wd, 57 tensors (18,696) without
fused_ce enabled (chunked linear+CE; logits never materialized)

Training on cuda
Parameters: {'embedding (tied)': 38597376, 'blocks': 46728092, 'norms': 768, 'lm_head': 296064, 'total': 85622300}
Total: 85,622,300 (85.6M)
Epochs: 1..9999, Batches/epoch: 9766
Periodic checkpoint: every 1000 steps -> latest.pt


============================================================
Epoch 1/9999
============================================================
  [1] 0/9766 (0%) loss=10.0289 ppl=22672.5 lr=3.00e-08 | 1110 tok/s (avg 1110) ETA 0m00s | GPU 0.9/3.3GB | gtok=4096
  [1] 50/9766 (1%) loss=10.7414 ppl=46231.0 lr=1.53e-06 | 1373 tok/s (avg 1366) ETA 485m24s | GPU 0.9/3.8GB | gtok=208896
  [1] 100/9766 (1%) loss=10.1830 ppl=26450.6 lr=3.03e-06 | 1360 tok/s (avg 1363) ETA 484m02s | GPU 0.9/3.8GB | gtok=413696
  [1] 150/9766 (2%) loss=10.1040 ppl=24439.5 lr=4.53e-06 | 1362 tok/s (avg 1363) ETA 481m41s | GPU 0.9/3.8GB | gtok=618496
  [1] 200/9766 (2%) loss=9.7794 ppl=17666.2 lr=6.03e-06 | 1362 tok/s (avg 1362) ETA 479m14s | GPU 0.9/3.8GB | gtok=823296
  [1] 250/9766 (3%) loss=8.9748 ppl=7901.6 lr=7.53e-06 | 1359 tok/s (avg 1362) ETA 476m59s | GPU 0.9/3.8GB | gtok=1028096
  [1] 300/9766 (3%) loss=8.4883 ppl=4857.5 lr=9.03e-06 | 1357 tok/s (avg 1361) ETA 474m44s | GPU 0.9/3.8GB | gtok=1232896
  [1] 350/9766 (4%) loss=8.3966 ppl=4431.8 lr=1.05e-05 | 1365 tok/s (avg 1362) ETA 472m01s | GPU 0.9/3.8GB | gtok=1437696
  [1] 400/9766 (4%) loss=7.9910 ppl=2954.2 lr=1.20e-05 | 1359 tok/s (avg 1361) ETA 469m36s | GPU 0.9/3.8GB | gtok=1642496
  [1] 450/9766 (5%) loss=7.2840 ppl=1456.8 lr=1.35e-05 | 1350 tok/s (avg 1360) ETA 467m32s | GPU 0.9/3.8GB | gtok=1847296
  [1] 500/9766 (5%) loss=7.6382 ppl=2076.0 lr=1.50e-05 | 1353 tok/s (avg 1359) ETA 465m17s | GPU 0.9/3.8GB | gtok=2052096
  [1] 550/9766 (6%) loss=6.9099 ppl=1002.1 lr=1.65e-05 | 1363 tok/s (avg 1360) ETA 462m40s | GPU 0.9/3.8GB | gtok=2256896
  [1] 600/9766 (6%) loss=6.8013 ppl=899.0 lr=1.80e-05 | 1371 tok/s (avg 1361) ETA 459m50s | GPU 0.9/3.8GB | gtok=2461696
  [1] 650/9766 (7%) loss=6.9040 ppl=996.2 lr=1.95e-05 | 1355 tok/s (avg 1360) ETA 457m29s | GPU 0.9/3.8GB | gtok=2666496
  [1] 700/9766 (7%) loss=6.5945 ppl=731.0 lr=2.10e-05 | 1359 tok/s (avg 1360) ETA 455m01s | GPU 0.9/3.8GB | gtok=2871296
  [1] 750/9766 (8%) loss=6.5346 ppl=688.5 lr=2.25e-05 | 1362 tok/s (avg 1360) ETA 452m28s | GPU 0.9/3.8GB | gtok=3076096
  [1] 800/9766 (8%) loss=6.0653 ppl=430.7 lr=2.40e-05 | 1360 tok/s (avg 1360) ETA 449m57s | GPU 0.9/3.8GB | gtok=3280896
  [1] 850/9766 (9%) loss=6.0523 ppl=425.1 lr=2.55e-05 | 1362 tok/s (avg 1360) ETA 447m25s | GPU 0.9/3.8GB | gtok=3485696
  [1] 900/9766 (9%) loss=6.2945 ppl=541.6 lr=2.70e-05 | 1353 tok/s (avg 1360) ETA 445m02s | GPU 0.9/3.8GB | gtok=3690496
  [1] 950/9766 (10%) loss=6.0664 ppl=431.1 lr=2.85e-05 | 1364 tok/s (avg 1360) ETA 442m28s | GPU 0.9/3.8GB | gtok=3895296
Saved checkpoint: checkpoints_v12_phase0/pool1000/fact_retrieval/latest.pt
  [checkpoint @ step 1000, 4,096,000 tok]
  [1] 1000/9766 (10%) loss=6.0741 ppl=434.5 lr=3.00e-05 | 1357 tok/s (avg 1360) ETA 440m00s | GPU 0.9/3.8GB | gtok=4100096
  [1] 1050/9766 (11%) loss=5.0717 ppl=159.5 lr=3.00e-05 | 1361 tok/s (avg 1360) ETA 437m28s | GPU 0.9/3.8GB | gtok=4304896
  [1] 1100/9766 (11%) loss=5.7323 ppl=308.7 lr=3.00e-05 | 1361 tok/s (avg 1360) ETA 434m57s | GPU 0.9/3.8GB | gtok=4509696
  [1] 1150/9766 (12%) loss=5.4814 ppl=240.2 lr=3.00e-05 | 1354 tok/s (avg 1360) ETA 432m31s | GPU 0.9/3.8GB | gtok=4714496
  [1] 1200/9766 (12%) loss=5.0740 ppl=159.8 lr=3.00e-05 | 1365 tok/s (avg 1360) ETA 429m56s | GPU 0.9/3.8GB | gtok=4919296
  [1] 1250/9766 (13%) loss=4.8709 ppl=130.4 lr=3.00e-05 | 1356 tok/s (avg 1360) ETA 427m29s | GPU 0.9/3.8GB | gtok=5124096
  [1] 1300/9766 (13%) loss=5.2046 ppl=182.1 lr=2.99e-05 | 1352 tok/s (avg 1360) ETA 425m03s | GPU 0.9/3.8GB | gtok=5328896
  [1] 1350/9766 (14%) loss=4.9199 ppl=137.0 lr=2.99e-05 | 1363 tok/s (avg 1360) ETA 422m30s | GPU 0.9/3.8GB | gtok=5533696
  [1] 1400/9766 (14%) loss=5.2246 ppl=185.8 lr=2.99e-05 | 1355 tok/s (avg 1359) ETA 420m02s | GPU 0.9/3.8GB | gtok=5738496
  [1] 1450/9766 (15%) loss=4.4960 ppl=89.7 lr=2.98e-05 | 1361 tok/s (avg 1360) ETA 417m31s | GPU 0.9/3.8GB | gtok=5943296
  [1] 1500/9766 (15%) loss=5.1638 ppl=174.8 lr=2.98e-05 | 1357 tok/s (avg 1359) ETA 415m02s | GPU 0.9/3.8GB | gtok=6148096
  [1] 1550/9766 (16%) loss=4.8796 ppl=131.6 lr=2.98e-05 | 1360 tok/s (avg 1359) ETA 412m31s | GPU 0.9/3.8GB | gtok=6352896
  [1] 1600/9766 (16%) loss=5.2131 ppl=183.7 lr=2.97e-05 | 1361 tok/s (avg 1359) ETA 410m00s | GPU 0.9/3.8GB | gtok=6557696
  [1] 1650/9766 (17%) loss=4.3031 ppl=73.9 lr=2.97e-05 | 1356 tok/s (avg 1359) ETA 407m31s | GPU 0.9/3.8GB | gtok=6762496
  [1] 1700/9766 (17%) loss=4.9454 ppl=140.5 lr=2.96e-05 | 1355 tok/s (avg 1359) ETA 405m03s | GPU 0.9/3.8GB | gtok=6967296
  [1] 1750/9766 (18%) loss=5.0979 ppl=163.7 lr=2.96e-05 | 1359 tok/s (avg 1359) ETA 402m32s | GPU 0.9/3.8GB | gtok=7172096
  [1] 1800/9766 (18%) loss=4.3369 ppl=76.5 lr=2.95e-05 | 1361 tok/s (avg 1359) ETA 400m00s | GPU 0.9/3.8GB | gtok=7376896
  [1] 1850/9766 (19%) loss=4.0195 ppl=55.7 lr=2.94e-05 | 1357 tok/s (avg 1359) ETA 397m31s | GPU 0.9/3.8GB | gtok=7581696
  [1] 1900/9766 (19%) loss=4.4647 ppl=86.9 lr=2.94e-05 | 1370 tok/s (avg 1360) ETA 394m55s | GPU 0.9/3.8GB | gtok=7786496
  [1] 1950/9766 (20%) loss=4.1280 ppl=62.1 lr=2.93e-05 | 1357 tok/s (avg 1359) ETA 392m26s | GPU 0.9/3.8GB | gtok=7991296
Saved checkpoint: checkpoints_v12_phase0/pool1000/fact_retrieval/latest.pt
  [checkpoint @ step 2000, 8,192,000 tok]
  [1] 2000/9766 (20%) loss=4.6478 ppl=104.4 lr=2.92e-05 | 1350 tok/s (avg 1359) ETA 389m59s | GPU 0.9/3.8GB | gtok=8196096
  [1] 2050/9766 (21%) loss=4.2665 ppl=71.3 lr=2.92e-05 | 1367 tok/s (avg 1359) ETA 387m25s | GPU 0.9/3.8GB | gtok=8400896
  [1] 2100/9766 (22%) loss=4.3028 ppl=73.9 lr=2.91e-05 | 1359 tok/s (avg 1359) ETA 384m55s | GPU 0.9/3.8GB | gtok=8605696
  [1] 2150/9766 (22%) loss=4.2113 ppl=67.4 lr=2.90e-05 | 1364 tok/s (avg 1359) ETA 382m23s | GPU 0.9/3.8GB | gtok=8810496
  [1] 2200/9766 (23%) loss=4.3839 ppl=80.2 lr=2.89e-05 | 1356 tok/s (avg 1359) ETA 379m53s | GPU 0.9/3.8GB | gtok=9015296
  [1] 2250/9766 (23%) loss=4.3767 ppl=79.6 lr=2.88e-05 | 1356 tok/s (avg 1359) ETA 377m24s | GPU 0.9/3.8GB | gtok=9220096
  [1] 2300/9766 (24%) loss=4.7804 ppl=119.1 lr=2.87e-05 | 1357 tok/s (avg 1359) ETA 374m54s | GPU 0.9/3.8GB | gtok=9424896
  [1] 2350/9766 (24%) loss=4.4791 ppl=88.2 lr=2.86e-05 | 1358 tok/s (avg 1359) ETA 372m24s | GPU 0.9/3.8GB | gtok=9629696
  [1] 2400/9766 (25%) loss=4.5494 ppl=94.6 lr=2.85e-05 | 1366 tok/s (avg 1359) ETA 369m51s | GPU 0.9/3.8GB | gtok=9834496
  [1] 2450/9766 (25%) loss=3.4343 ppl=31.0 lr=2.84e-05 | 1361 tok/s (avg 1359) ETA 367m20s | GPU 0.9/3.8GB | gtok=10039296
  [1] 2500/9766 (26%) loss=3.9928 ppl=54.2 lr=2.83e-05 | 1364 tok/s (avg 1360) ETA 364m48s | GPU 0.9/3.8GB | gtok=10244096
  [1] 2550/9766 (26%) loss=4.4892 ppl=89.1 lr=2.82e-05 | 1359 tok/s (avg 1360) ETA 362m17s | GPU 0.9/3.8GB | gtok=10448896
  [1] 2600/9766 (27%) loss=4.8605 ppl=129.1 lr=2.81e-05 | 1356 tok/s (avg 1359) ETA 359m48s | GPU 0.9/3.8GB | gtok=10653696
  [1] 2650/9766 (27%) loss=4.7560 ppl=116.3 lr=2.79e-05 | 1357 tok/s (avg 1359) ETA 357m18s | GPU 0.9/3.8GB | gtok=10858496
  [1] 2700/9766 (28%) loss=4.3647 ppl=78.6 lr=2.78e-05 | 1363 tok/s (avg 1359) ETA 354m46s | GPU 0.9/3.8GB | gtok=11063296
  [1] 2750/9766 (28%) loss=4.5177 ppl=91.6 lr=2.77e-05 | 1368 tok/s (avg 1360) ETA 352m13s | GPU 0.9/3.8GB | gtok=11268096
  [1] 2800/9766 (29%) loss=4.7401 ppl=114.4 lr=2.76e-05 | 1358 tok/s (avg 1360) ETA 349m43s | GPU 0.9/3.8GB | gtok=11472896
  [1] 2850/9766 (29%) loss=4.4839 ppl=88.6 lr=2.74e-05 | 1365 tok/s (avg 1360) ETA 347m11s | GPU 0.9/3.8GB | gtok=11677696
  [1] 2900/9766 (30%) loss=4.2857 ppl=72.7 lr=2.73e-05 | 1352 tok/s (avg 1360) ETA 344m42s | GPU 0.9/3.8GB | gtok=11882496
  [1] 2950/9766 (30%) loss=3.4861 ppl=32.7 lr=2.71e-05 | 1359 tok/s (avg 1360) ETA 342m12s | GPU 0.9/3.8GB | gtok=12087296
Saved checkpoint: checkpoints_v12_phase0/pool1000/fact_retrieval/latest.pt
  [checkpoint @ step 3000, 12,288,000 tok]
  [1] 3000/9766 (31%) loss=3.8001 ppl=44.7 lr=2.70e-05 | 1350 tok/s (avg 1359) ETA 339m44s | GPU 0.9/3.8GB | gtok=12292096
  [1] 3050/9766 (31%) loss=4.7096 ppl=111.0 lr=2.69e-05 | 1357 tok/s (avg 1359) ETA 337m14s | GPU 0.9/3.8GB | gtok=12496896
  [1] 3100/9766 (32%) loss=4.5429 ppl=94.0 lr=2.67e-05 | 1370 tok/s (avg 1359) ETA 334m41s | GPU 0.9/3.8GB | gtok=12701696
  [1] 3150/9766 (32%) loss=4.3675 ppl=78.9 lr=2.65e-05 | 1358 tok/s (avg 1359) ETA 332m10s | GPU 0.9/3.8GB | gtok=12906496
  [1] 3200/9766 (33%) loss=4.3460 ppl=77.2 lr=2.64e-05 | 1359 tok/s (avg 1359) ETA 329m40s | GPU 0.9/3.8GB | gtok=13111296
  [1] 3250/9766 (33%) loss=3.5688 ppl=35.5 lr=2.62e-05 | 1362 tok/s (avg 1359) ETA 327m09s | GPU 0.9/3.8GB | gtok=13316096
  [1] 3300/9766 (34%) loss=3.6816 ppl=39.7 lr=2.61e-05 | 1358 tok/s (avg 1359) ETA 324m38s | GPU 0.9/3.8GB | gtok=13520896
  [1] 3350/9766 (34%) loss=4.2604 ppl=70.8 lr=2.59e-05 | 1361 tok/s (avg 1359) ETA 322m07s | GPU 0.9/3.8GB | gtok=13725696
  [1] 3400/9766 (35%) loss=3.7733 ppl=43.5 lr=2.57e-05 | 1360 tok/s (avg 1359) ETA 319m37s | GPU 0.9/3.8GB | gtok=13930496
  [1] 3450/9766 (35%) loss=4.6191 ppl=101.4 lr=2.56e-05 | 1356 tok/s (avg 1359) ETA 317m07s | GPU 0.9/3.8GB | gtok=14135296
  [1] 3500/9766 (36%) loss=4.0634 ppl=58.2 lr=2.54e-05 | 1367 tok/s (avg 1360) ETA 314m34s | GPU 0.9/3.8GB | gtok=14340096
  [1] 3550/9766 (36%) loss=3.7259 ppl=41.5 lr=2.52e-05 | 1376 tok/s (avg 1360) ETA 312m00s | GPU 0.9/3.8GB | gtok=14544896
  [1] 3600/9766 (37%) loss=3.9943 ppl=54.3 lr=2.50e-05 | 1358 tok/s (avg 1360) ETA 309m30s | GPU 0.9/3.8GB | gtok=14749696
  [1] 3650/9766 (37%) loss=3.5345 ppl=34.3 lr=2.49e-05 | 1364 tok/s (avg 1360) ETA 306m59s | GPU 0.9/3.8GB | gtok=14954496
  [1] 3700/9766 (38%) loss=3.9866 ppl=53.9 lr=2.47e-05 | 1361 tok/s (avg 1360) ETA 304m28s | GPU 0.9/3.8GB | gtok=15159296
  [1] 3750/9766 (38%) loss=4.0945 ppl=60.0 lr=2.45e-05 | 1358 tok/s (avg 1360) ETA 301m58s | GPU 0.9/3.8GB | gtok=15364096
  [1] 3800/9766 (39%) loss=3.9573 ppl=52.3 lr=2.43e-05 | 1358 tok/s (avg 1360) ETA 299m27s | GPU 0.9/3.8GB | gtok=15568896
  [1] 3850/9766 (39%) loss=3.6320 ppl=37.8 lr=2.41e-05 | 1366 tok/s (avg 1360) ETA 296m56s | GPU 0.9/3.8GB | gtok=15773696
  [1] 3900/9766 (40%) loss=3.8034 ppl=44.9 lr=2.39e-05 | 1358 tok/s (avg 1360) ETA 294m25s | GPU 0.9/3.8GB | gtok=15978496
  [1] 3950/9766 (40%) loss=3.9720 ppl=53.1 lr=2.37e-05 | 1357 tok/s (avg 1360) ETA 291m55s | GPU 0.9/3.8GB | gtok=16183296
Saved checkpoint: checkpoints_v12_phase0/pool1000/fact_retrieval/latest.pt
  [checkpoint @ step 4000, 16,384,000 tok]
  [1] 4000/9766 (41%) loss=3.3149 ppl=27.5 lr=2.35e-05 | 1354 tok/s (avg 1360) ETA 289m25s | GPU 0.9/3.8GB | gtok=16388096
  [1] 4050/9766 (41%) loss=4.8989 ppl=134.1 lr=2.33e-05 | 1357 tok/s (avg 1360) ETA 286m55s | GPU 0.9/3.8GB | gtok=16592896
  [1] 4100/9766 (42%) loss=4.0654 ppl=58.3 lr=2.31e-05 | 1366 tok/s (avg 1360) ETA 284m24s | GPU 0.9/3.8GB | gtok=16797696
  [1] 4150/9766 (43%) loss=4.2499 ppl=70.1 lr=2.29e-05 | 1364 tok/s (avg 1360) ETA 281m53s | GPU 0.9/3.8GB | gtok=17002496
  [1] 4200/9766 (43%) loss=3.7218 ppl=41.3 lr=2.27e-05 | 1362 tok/s (avg 1360) ETA 279m22s | GPU 0.9/3.8GB | gtok=17207296
  [1] 4250/9766 (44%) loss=3.8381 ppl=46.4 lr=2.25e-05 | 1358 tok/s (avg 1360) ETA 276m51s | GPU 0.9/3.8GB | gtok=17412096
  [1] 4300/9766 (44%) loss=4.3874 ppl=80.4 lr=2.23e-05 | 1355 tok/s (avg 1360) ETA 274m21s | GPU 0.9/3.8GB | gtok=17616896
  [1] 4350/9766 (45%) loss=3.8086 ppl=45.1 lr=2.21e-05 | 1366 tok/s (avg 1360) ETA 271m50s | GPU 0.9/3.8GB | gtok=17821696
  [1] 4400/9766 (45%) loss=3.5205 ppl=33.8 lr=2.19e-05 | 1364 tok/s (avg 1360) ETA 269m19s | GPU 0.9/3.8GB | gtok=18026496
  [1] 4450/9766 (46%) loss=3.3119 ppl=27.4 lr=2.17e-05 | 1356 tok/s (avg 1360) ETA 266m49s | GPU 0.9/3.8GB | gtok=18231296
  [1] 4500/9766 (46%) loss=3.9971 ppl=54.4 lr=2.14e-05 | 1356 tok/s (avg 1360) ETA 264m19s | GPU 0.9/3.8GB | gtok=18436096
  [1] 4550/9766 (47%) loss=3.8495 ppl=47.0 lr=2.12e-05 | 1348 tok/s (avg 1360) ETA 261m50s | GPU 0.9/3.8GB | gtok=18640896
  [1] 4600/9766 (47%) loss=3.4335 ppl=31.0 lr=2.10e-05 | 1360 tok/s (avg 1360) ETA 259m19s | GPU 0.9/3.8GB | gtok=18845696
  [1] 4650/9766 (48%) loss=3.9492 ppl=51.9 lr=2.08e-05 | 1357 tok/s (avg 1360) ETA 256m49s | GPU 0.9/3.8GB | gtok=19050496
  [1] 4700/9766 (48%) loss=3.4513 ppl=31.5 lr=2.06e-05 | 1364 tok/s (avg 1360) ETA 254m17s | GPU 0.9/3.8GB | gtok=19255296
  [1] 4750/9766 (49%) loss=4.1176 ppl=61.4 lr=2.03e-05 | 1357 tok/s (avg 1360) ETA 251m47s | GPU 0.9/3.8GB | gtok=19460096
  [1] 4800/9766 (49%) loss=3.9706 ppl=53.0 lr=2.01e-05 | 1352 tok/s (avg 1360) ETA 249m17s | GPU 0.9/3.8GB | gtok=19664896
  [1] 4850/9766 (50%) loss=4.1703 ppl=64.7 lr=1.99e-05 | 1357 tok/s (avg 1360) ETA 246m47s | GPU 0.9/3.8GB | gtok=19869696
  [1] 4900/9766 (50%) loss=3.2830 ppl=26.7 lr=1.97e-05 | 1371 tok/s (avg 1360) ETA 244m15s | GPU 0.9/3.8GB | gtok=20074496
  [1] 4950/9766 (51%) loss=3.6740 ppl=39.4 lr=1.94e-05 | 1370 tok/s (avg 1360) ETA 241m43s | GPU 0.9/3.8GB | gtok=20279296
Saved checkpoint: checkpoints_v12_phase0/pool1000/fact_retrieval/latest.pt
  [checkpoint @ step 5000, 20,480,000 tok]
  [1] 5000/9766 (51%) loss=4.0501 ppl=57.4 lr=1.92e-05 | 1353 tok/s (avg 1360) ETA 239m14s | GPU 0.9/3.8GB | gtok=20484096
  [1] 5050/9766 (52%) loss=3.2668 ppl=26.2 lr=1.90e-05 | 1365 tok/s (avg 1360) ETA 236m42s | GPU 0.9/3.8GB | gtok=20688896
  [1] 5100/9766 (52%) loss=3.8125 ppl=45.3 lr=1.87e-05 | 1359 tok/s (avg 1360) ETA 234m12s | GPU 0.9/3.8GB | gtok=20893696
  [1] 5150/9766 (53%) loss=3.6804 ppl=39.7 lr=1.85e-05 | 1359 tok/s (avg 1360) ETA 231m41s | GPU 0.9/3.8GB | gtok=21098496
  [1] 5200/9766 (53%) loss=3.9953 ppl=54.3 lr=1.83e-05 | 1362 tok/s (avg 1360) ETA 229m11s | GPU 0.9/3.8GB | gtok=21303296
  [1] 5250/9766 (54%) loss=3.3146 ppl=27.5 lr=1.80e-05 | 1357 tok/s (avg 1360) ETA 226m40s | GPU 0.9/3.8GB | gtok=21508096
  [1] 5300/9766 (54%) loss=2.3074 ppl=10.0 lr=1.78e-05 | 1366 tok/s (avg 1360) ETA 224m09s | GPU 0.9/3.8GB | gtok=21712896
  [1] 5350/9766 (55%) loss=3.5699 ppl=35.5 lr=1.76e-05 | 1371 tok/s (avg 1360) ETA 221m37s | GPU 0.9/3.8GB | gtok=21917696
  [1] 5400/9766 (55%) loss=3.3593 ppl=28.8 lr=1.73e-05 | 1362 tok/s (avg 1360) ETA 219m07s | GPU 0.9/3.8GB | gtok=22122496
  [1] 5450/9766 (56%) loss=3.9175 ppl=50.3 lr=1.71e-05 | 1362 tok/s (avg 1360) ETA 216m36s | GPU 0.9/3.8GB | gtok=22327296
  [1] 5500/9766 (56%) loss=3.7263 ppl=41.5 lr=1.68e-05 | 1365 tok/s (avg 1360) ETA 214m05s | GPU 0.9/3.8GB | gtok=22532096
  [1] 5550/9766 (57%) loss=3.7870 ppl=44.1 lr=1.66e-05 | 1361 tok/s (avg 1360) ETA 211m34s | GPU 0.9/3.8GB | gtok=22736896
  [1] 5600/9766 (57%) loss=3.2909 ppl=26.9 lr=1.64e-05 | 1360 tok/s (avg 1360) ETA 209m04s | GPU 0.9/3.8GB | gtok=22941696
  [1] 5650/9766 (58%) loss=3.6824 ppl=39.7 lr=1.61e-05 | 1359 tok/s (avg 1360) ETA 206m33s | GPU 0.9/3.8GB | gtok=23146496
  [1] 5700/9766 (58%) loss=3.2426 ppl=25.6 lr=1.59e-05 | 1365 tok/s (avg 1360) ETA 204m02s | GPU 0.9/3.8GB | gtok=23351296
  [1] 5750/9766 (59%) loss=3.7512 ppl=42.6 lr=1.56e-05 | 1357 tok/s (avg 1360) ETA 201m32s | GPU 0.9/3.8GB | gtok=23556096
  [1] 5800/9766 (59%) loss=3.8731 ppl=48.1 lr=1.54e-05 | 1366 tok/s (avg 1360) ETA 199m01s | GPU 0.9/3.8GB | gtok=23760896
  [1] 5850/9766 (60%) loss=4.0545 ppl=57.7 lr=1.52e-05 | 1364 tok/s (avg 1360) ETA 196m30s | GPU 0.9/3.8GB | gtok=23965696
  [1] 5900/9766 (60%) loss=3.1400 ppl=23.1 lr=1.49e-05 | 1355 tok/s (avg 1360) ETA 193m59s | GPU 0.9/3.8GB | gtok=24170496
  [1] 5950/9766 (61%) loss=4.0373 ppl=56.7 lr=1.47e-05 | 1358 tok/s (avg 1360) ETA 191m29s | GPU 0.9/3.8GB | gtok=24375296
Saved checkpoint: checkpoints_v12_phase0/pool1000/fact_retrieval/latest.pt
  [checkpoint @ step 6000, 24,576,000 tok]
  [1] 6000/9766 (61%) loss=3.0647 ppl=21.4 lr=1.44e-05 | 1350 tok/s (avg 1360) ETA 188m59s | GPU 0.9/3.8GB | gtok=24580096
  [1] 6050/9766 (62%) loss=3.1943 ppl=24.4 lr=1.42e-05 | 1353 tok/s (avg 1360) ETA 186m29s | GPU 0.9/3.8GB | gtok=24784896
  [1] 6100/9766 (62%) loss=3.5531 ppl=34.9 lr=1.39e-05 | 1362 tok/s (avg 1360) ETA 183m58s | GPU 0.9/3.8GB | gtok=24989696
  [1] 6150/9766 (63%) loss=4.0568 ppl=57.8 lr=1.37e-05 | 1356 tok/s (avg 1360) ETA 181m28s | GPU 0.9/3.8GB | gtok=25194496
  [1] 6200/9766 (63%) loss=3.3923 ppl=29.7 lr=1.35e-05 | 1357 tok/s (avg 1360) ETA 178m58s | GPU 0.9/3.8GB | gtok=25399296
  [1] 6250/9766 (64%) loss=3.5490 ppl=34.8 lr=1.32e-05 | 1355 tok/s (avg 1360) ETA 176m27s | GPU 0.9/3.8GB | gtok=25604096
  [1] 6300/9766 (65%) loss=3.1095 ppl=22.4 lr=1.30e-05 | 1361 tok/s (avg 1360) ETA 173m57s | GPU 0.9/3.8GB | gtok=25808896
  [1] 6350/9766 (65%) loss=3.5980 ppl=36.5 lr=1.27e-05 | 1354 tok/s (avg 1360) ETA 171m26s | GPU 0.9/3.8GB | gtok=26013696
  [1] 6400/9766 (66%) loss=3.2052 ppl=24.7 lr=1.25e-05 | 1354 tok/s (avg 1360) ETA 168m56s | GPU 0.9/3.8GB | gtok=26218496
  [1] 6450/9766 (66%) loss=3.6779 ppl=39.6 lr=1.23e-05 | 1355 tok/s (avg 1360) ETA 166m26s | GPU 0.9/3.8GB | gtok=26423296
  [1] 6500/9766 (67%) loss=3.6234 ppl=37.5 lr=1.20e-05 | 1359 tok/s (avg 1360) ETA 163m55s | GPU 0.9/3.8GB | gtok=26628096
  [1] 6550/9766 (67%) loss=3.7060 ppl=40.7 lr=1.18e-05 | 1367 tok/s (avg 1360) ETA 161m24s | GPU 0.9/3.8GB | gtok=26832896
  [1] 6600/9766 (68%) loss=3.9484 ppl=51.9 lr=1.16e-05 | 1359 tok/s (avg 1360) ETA 158m54s | GPU 0.9/3.8GB | gtok=27037696
  [1] 6650/9766 (68%) loss=3.1812 ppl=24.1 lr=1.13e-05 | 1365 tok/s (avg 1360) ETA 156m23s | GPU 0.9/3.8GB | gtok=27242496
  [1] 6700/9766 (69%) loss=3.0560 ppl=21.2 lr=1.11e-05 | 1363 tok/s (avg 1360) ETA 153m52s | GPU 0.9/3.8GB | gtok=27447296
  [1] 6750/9766 (69%) loss=4.2626 ppl=71.0 lr=1.09e-05 | 1354 tok/s (avg 1360) ETA 151m22s | GPU 0.9/3.8GB | gtok=27652096
  [1] 6800/9766 (70%) loss=3.6569 ppl=38.7 lr=1.06e-05 | 1358 tok/s (avg 1360) ETA 148m51s | GPU 0.9/3.8GB | gtok=27856896
  [1] 6850/9766 (70%) loss=4.0322 ppl=56.4 lr=1.04e-05 | 1363 tok/s (avg 1360) ETA 146m20s | GPU 0.9/3.8GB | gtok=28061696
  [1] 6900/9766 (71%) loss=3.4698 ppl=32.1 lr=1.02e-05 | 1377 tok/s (avg 1360) ETA 143m49s | GPU 0.9/3.8GB | gtok=28266496
  [1] 6950/9766 (71%) loss=3.5285 ppl=34.1 lr=9.94e-06 | 1372 tok/s (avg 1360) ETA 141m18s | GPU 0.9/3.8GB | gtok=28471296
Saved checkpoint: checkpoints_v12_phase0/pool1000/fact_retrieval/latest.pt
  [checkpoint @ step 7000, 28,672,000 tok]
  [1] 7000/9766 (72%) loss=3.2061 ppl=24.7 lr=9.72e-06 | 1352 tok/s (avg 1360) ETA 138m47s | GPU 0.9/3.8GB | gtok=28676096
  [1] 7050/9766 (72%) loss=3.5145 ppl=33.6 lr=9.49e-06 | 1353 tok/s (avg 1360) ETA 136m17s | GPU 0.9/3.8GB | gtok=28880896
  [1] 7100/9766 (73%) loss=3.6283 ppl=37.6 lr=9.27e-06 | 1357 tok/s (avg 1360) ETA 133m47s | GPU 0.9/3.8GB | gtok=29085696
  [1] 7150/9766 (73%) loss=3.5832 ppl=36.0 lr=9.05e-06 | 1355 tok/s (avg 1360) ETA 131m16s | GPU 0.9/3.8GB | gtok=29290496
  [1] 7200/9766 (74%) loss=3.2155 ppl=24.9 lr=8.83e-06 | 1359 tok/s (avg 1360) ETA 128m46s | GPU 0.9/3.8GB | gtok=29495296
  [1] 7250/9766 (74%) loss=3.3837 ppl=29.5 lr=8.61e-06 | 1366 tok/s (avg 1360) ETA 126m15s | GPU 0.9/3.8GB | gtok=29700096
  [1] 7300/9766 (75%) loss=3.6564 ppl=38.7 lr=8.39e-06 | 1352 tok/s (avg 1360) ETA 123m45s | GPU 0.9/3.8GB | gtok=29904896
  [1] 7350/9766 (75%) loss=3.9347 ppl=51.1 lr=8.17e-06 | 1358 tok/s (avg 1360) ETA 121m14s | GPU 0.9/3.8GB | gtok=30109696
  [1] 7400/9766 (76%) loss=3.2884 ppl=26.8 lr=7.96e-06 | 1361 tok/s (avg 1360) ETA 118m43s | GPU 0.9/3.8GB | gtok=30314496
  [1] 7450/9766 (76%) loss=3.1224 ppl=22.7 lr=7.75e-06 | 1366 tok/s (avg 1360) ETA 116m13s | GPU 0.9/3.8GB | gtok=30519296
  [1] 7500/9766 (77%) loss=3.0678 ppl=21.5 lr=7.54e-06 | 1371 tok/s (avg 1360) ETA 113m42s | GPU 0.9/3.8GB | gtok=30724096
  [1] 7550/9766 (77%) loss=3.3063 ppl=27.3 lr=7.33e-06 | 1356 tok/s (avg 1360) ETA 111m11s | GPU 0.9/3.8GB | gtok=30928896
  [1] 7600/9766 (78%) loss=3.5228 ppl=33.9 lr=7.12e-06 | 1361 tok/s (avg 1360) ETA 108m40s | GPU 0.9/3.8GB | gtok=31133696
  [1] 7650/9766 (78%) loss=3.8134 ppl=45.3 lr=6.92e-06 | 1353 tok/s (avg 1360) ETA 106m10s | GPU 0.9/3.8GB | gtok=31338496
  [1] 7700/9766 (79%) loss=3.5856 ppl=36.1 lr=6.72e-06 | 1347 tok/s (avg 1360) ETA 103m40s | GPU 0.9/3.8GB | gtok=31543296
  [1] 7750/9766 (79%) loss=3.3808 ppl=29.4 lr=6.52e-06 | 1354 tok/s (avg 1360) ETA 101m09s | GPU 0.9/3.8GB | gtok=31748096
  [1] 7800/9766 (80%) loss=3.6389 ppl=38.1 lr=6.32e-06 | 1361 tok/s (avg 1360) ETA 98m39s | GPU 0.9/3.8GB | gtok=31952896
  [1] 7850/9766 (80%) loss=3.3975 ppl=29.9 lr=6.12e-06 | 1346 tok/s (avg 1360) ETA 96m09s | GPU 0.9/3.8GB | gtok=32157696
  [1] 7900/9766 (81%) loss=3.0209 ppl=20.5 lr=5.93e-06 | 1365 tok/s (avg 1360) ETA 93m38s | GPU 0.9/3.8GB | gtok=32362496
  [1] 7950/9766 (81%) loss=3.7201 ppl=41.3 lr=5.74e-06 | 1361 tok/s (avg 1360) ETA 91m07s | GPU 0.9/3.8GB | gtok=32567296
Saved checkpoint: checkpoints_v12_phase0/pool1000/fact_retrieval/latest.pt
  [checkpoint @ step 8000, 32,768,000 tok]
  [1] 8000/9766 (82%) loss=3.1487 ppl=23.3 lr=5.55e-06 | 1356 tok/s (avg 1360) ETA 88m37s | GPU 0.9/3.8GB | gtok=32772096
  [1] 8050/9766 (82%) loss=3.5466 ppl=34.7 lr=5.36e-06 | 1367 tok/s (avg 1360) ETA 86m06s | GPU 0.9/3.8GB | gtok=32976896
  [1] 8100/9766 (83%) loss=4.0887 ppl=59.7 lr=5.18e-06 | 1263 tok/s (avg 1359) ETA 83m38s | GPU 0.9/3.8GB | gtok=33181696
  [1] 8150/9766 (83%) loss=3.2532 ppl=25.9 lr=5.00e-06 | 1150 tok/s (avg 1358) ETA 81m12s | GPU 0.9/3.8GB | gtok=33386496
  [1] 8200/9766 (84%) loss=3.4569 ppl=31.7 lr=4.82e-06 | 1161 tok/s (avg 1356) ETA 78m46s | GPU 0.9/3.8GB | gtok=33591296
  [1] 8250/9766 (84%) loss=2.9896 ppl=19.9 lr=4.64e-06 | 1233 tok/s (avg 1355) ETA 76m18s | GPU 0.9/3.8GB | gtok=33796096
  [1] 8300/9766 (85%) loss=3.4258 ppl=30.7 lr=4.47e-06 | 1250 tok/s (avg 1355) ETA 73m49s | GPU 0.9/3.8GB | gtok=34000896
  [1] 8350/9766 (86%) loss=3.2773 ppl=26.5 lr=4.30e-06 | 1256 tok/s (avg 1354) ETA 71m20s | GPU 0.9/3.8GB | gtok=34205696
  [1] 8400/9766 (86%) loss=3.2109 ppl=24.8 lr=4.13e-06 | 1271 tok/s (avg 1353) ETA 68m50s | GPU 0.9/3.8GB | gtok=34410496
  [1] 8450/9766 (87%) loss=3.4561 ppl=31.7 lr=3.97e-06 | 1268 tok/s (avg 1353) ETA 66m21s | GPU 0.9/3.8GB | gtok=34615296
  [1] 8500/9766 (87%) loss=2.9998 ppl=20.1 lr=3.81e-06 | 1283 tok/s (avg 1353) ETA 63m50s | GPU 0.9/3.8GB | gtok=34820096
  [1] 8550/9766 (88%) loss=3.6951 ppl=40.2 lr=3.65e-06 | 1275 tok/s (avg 1352) ETA 61m20s | GPU 0.9/3.8GB | gtok=35024896
  [1] 8600/9766 (88%) loss=3.8756 ppl=48.2 lr=3.49e-06 | 1230 tok/s (avg 1351) ETA 58m51s | GPU 0.9/3.8GB | gtok=35229696
  [1] 8650/9766 (89%) loss=3.2766 ppl=26.5 lr=3.34e-06 | 1168 tok/s (avg 1350) ETA 56m22s | GPU 0.9/3.8GB | gtok=35434496
  [1] 8700/9766 (89%) loss=2.8713 ppl=17.7 lr=3.19e-06 | 1156 tok/s (avg 1349) ETA 53m54s | GPU 0.9/3.8GB | gtok=35639296
  [1] 8750/9766 (90%) loss=3.1989 ppl=24.5 lr=3.04e-06 | 1143 tok/s (avg 1347) ETA 51m25s | GPU 0.9/3.8GB | gtok=35844096
  [1] 8800/9766 (90%) loss=3.4710 ppl=32.2 lr=2.90e-06 | 1156 tok/s (avg 1346) ETA 48m56s | GPU 0.9/3.8GB | gtok=36048896
  [1] 8850/9766 (91%) loss=3.3083 ppl=27.3 lr=2.76e-06 | 1149 tok/s (avg 1345) ETA 46m26s | GPU 0.9/3.8GB | gtok=36253696
  [1] 8900/9766 (91%) loss=3.3172 ppl=27.6 lr=2.62e-06 | 1148 tok/s (avg 1343) ETA 43m57s | GPU 0.9/3.8GB | gtok=36458496
  [1] 8950/9766 (92%) loss=3.5823 ppl=36.0 lr=2.48e-06 | 1170 tok/s (avg 1342) ETA 41m26s | GPU 0.9/3.8GB | gtok=36663296
Saved checkpoint: checkpoints_v12_phase0/pool1000/fact_retrieval/latest.pt
  [checkpoint @ step 9000, 36,864,000 tok]
  [1] 9000/9766 (92%) loss=3.4945 ppl=32.9 lr=2.35e-06 | 1164 tok/s (avg 1341) ETA 38m56s | GPU 0.9/3.8GB | gtok=36868096
  [1] 9050/9766 (93%) loss=3.5770 ppl=35.8 lr=2.22e-06 | 1176 tok/s (avg 1340) ETA 36m25s | GPU 0.9/3.8GB | gtok=37072896
  [1] 9100/9766 (93%) loss=3.6295 ppl=37.7 lr=2.10e-06 | 1178 tok/s (avg 1339) ETA 33m53s | GPU 0.9/3.8GB | gtok=37277696
  [1] 9150/9766 (94%) loss=3.3193 ppl=27.6 lr=1.98e-06 | 1184 tok/s (avg 1338) ETA 31m22s | GPU 0.9/3.8GB | gtok=37482496
  [1] 9200/9766 (94%) loss=3.4994 ppl=33.1 lr=1.86e-06 | 1164 tok/s (avg 1337) ETA 28m50s | GPU 0.9/3.8GB | gtok=37687296
  [1] 9250/9766 (95%) loss=3.7883 ppl=44.2 lr=1.74e-06 | 1160 tok/s (avg 1336) ETA 26m18s | GPU 0.9/3.8GB | gtok=37892096
  [1] 9300/9766 (95%) loss=3.2276 ppl=25.2 lr=1.63e-06 | 1179 tok/s (avg 1335) ETA 23m46s | GPU 0.9/3.8GB | gtok=38096896
  [1] 9350/9766 (96%) loss=3.5117 ppl=33.5 lr=1.53e-06 | 1148 tok/s (avg 1334) ETA 21m14s | GPU 0.9/3.8GB | gtok=38301696
  [1] 9400/9766 (96%) loss=3.0972 ppl=22.1 lr=1.42e-06 | 1142 tok/s (avg 1333) ETA 18m41s | GPU 0.9/3.8GB | gtok=38506496
  [1] 9450/9766 (97%) loss=3.9138 ppl=50.1 lr=1.32e-06 | 1160 tok/s (avg 1332) ETA 16m08s | GPU 0.9/3.8GB | gtok=38711296
  [1] 9500/9766 (97%) loss=3.0450 ppl=21.0 lr=1.22e-06 | 1172 tok/s (avg 1331) ETA 13m35s | GPU 0.9/3.8GB | gtok=38916096
  [1] 9550/9766 (98%) loss=2.9647 ppl=19.4 lr=1.13e-06 | 1144 tok/s (avg 1330) ETA 11m02s | GPU 0.9/3.8GB | gtok=39120896
  [1] 9600/9766 (98%) loss=3.8055 ppl=44.9 lr=1.04e-06 | 1174 tok/s (avg 1329) ETA 8m28s | GPU 0.9/3.8GB | gtok=39325696
  [1] 9650/9766 (99%) loss=3.9321 ppl=51.0 lr=9.53e-07 | 1228 tok/s (avg 1328) ETA 5m54s | GPU 0.9/3.8GB | gtok=39530496
  [1] 9700/9766 (99%) loss=3.1015 ppl=22.2 lr=8.70e-07 | 1252 tok/s (avg 1328) ETA 3m20s | GPU 0.9/3.8GB | gtok=39735296
  [1] 9750/9766 (100%) loss=3.6953 ppl=40.3 lr=7.91e-07 | 1247 tok/s (avg 1327) ETA 0m46s | GPU 0.9/3.8GB | gtok=39940096
  Token budget reached: 40,000,000 / 40,000,000
Epoch 1/9999 | Train Loss: 4.2588 PPL: 70.72 | 1327 tok/s | Time: 30142.9s (40,000,000 tok) | Val Loss: 3.4192 PPL: 30.54 Acc: 0.229 *best*
Saved checkpoint: checkpoints_v12_phase0/pool1000/fact_retrieval/best_model.pt

Stopping: token budget 40,000,000 reached.
Saved checkpoint: checkpoints_v12_phase0/pool1000/fact_retrieval/final_model.pt

Training complete (token budget)!
Total wall time: 30168.1s (8.38h)
Best Val Loss: 3.4192, Best Val PPL: 30.54

Wall clock end: 2026-07-30 12:42:57
+ .venv/bin/python -m v12.compact --checkpoint checkpoints_v12_phase0/pool1000/fact_retrieval/best_model.pt --out checkpoints_v12_phase0/pool1000/fact_retrieval/slim.pt --threshold 1e-3
Compacted checkpoints_v12_phase0/pool1000/fact_retrieval/best_model.pt -> checkpoints_v12_phase0/pool1000/fact_retrieval/slim.pt
  per-layer kept heads: [16, 16, 16, 16, 16, 16, 16, 16] (of [16, 16, 16, 16, 16, 16, 16, 16])
  params: 85,622,300 -> 85,622,300 (0.0% smaller)
  max|Δlogits| src vs slim: 0.000e+00
+ .venv/bin/python -m v12.publish --checkpoint checkpoints_v12_phase0/pool1000/fact_retrieval/slim.pt --module_id fact_retrieval --version 3.1 --role group --group_id fact_retrieval --requires grammar@>=1.0:prelayer --provenance local --registry v12_registry --overwrite
  WARNING: this stage vs base grammar@1.0 retrained 9/9 shared tensors; composition keeps the BASE copy, so its blocks will read a different table than they were trained on.
    embed.embed_imag.weight: rel-Frobenius 0.1644
    embed.embed_real.weight: rel-Frobenius 0.1569
    lm_head_proj.weight_imag: rel-Frobenius 0.1316
    lm_head_proj.weight_real: rel-Frobenius 0.1314
    Retrain that stage with --freeze_shared to make packing lossless.
Published fact_retrieval@3.1 (group) -> v12_registry/fact_retrieval/3.1/model.pt
  layers=4 self_hash=bc9b2d38b3c0 substrate_hash=9d6da7ebccd6 requires=['grammar@>=1.0:prelayer']
