[Discord] Webhook configured -- notifications enabled
Wall clock start: 2026-08-26 21:44:18
============================================================
  V11: PAM with new memory dynamics
  Preset: v13_e3_k3_selective | Stage: lm | Dataset: pretrain_mix
============================================================

Config: {'vocab_size': 50261, 'dim': 384, 'n_heads': 6, 'head_dim': 64, 'n_layers': 16, 'expand': 3, 'dropout': 0.1, 'max_seq_len': 2048, 'use_learned_pos': False, 'use_rope': True, 'use_gsp': True, 'fused_qkv': True, 'qk_norm': False, 'tie_weights': True, 'gradient_checkpointing': True, 'activation': 'swish', 'chunk_size': 256, 'decay_mode': 'head', 'write_mode': 'delta', 'delta_erase_gate': True, 'n_states': 3, 'delta_chunk': 128, 'state_dt_spread': 2.0, 'base_dt_bias': -4.0, 'gate_content_aware': True, 'protect_gate_bias': -3.0, 'routing_content_aware': False, 'state_compete': False, 'phase_init': 'zero', 'route_balance_lambda': 0.0, 'aux_loss_weight': 1.0, 'fused_e3': True, 'delta_key_norm': True, 'delta_erase_beta_cap': 1.0, 'delta_raw_key_readout': True, 'recompute_pam_chunks': False, 'delta_decay_factored': False, 'delta_decay_factor_min_a': 1e-06, 'gamma_floor': 0.0, 'gate_surprisal_lambda': 0.1, 'gate_surprisal_tau': 1.0, 'gate_surprisal_sign': 1.0, 'fact_contrastive_lambda': 0.0, 'fact_contrastive_tau': 1.0, 'vault_state': True, 'vault_state_idx': 0, 'write_phase_address': True}
Memory dynamics: decay_mode=head, write_mode=delta, n_states=3, chunk_size=256
Batch size: 8, Epochs: 10, LR: 0.0003
Token budget: 200,000,000

Loading pretrain_mix (seq_len=2048)...
Streaming pretrain blend: sources=['dclm', 'fineweb', 'smoltalk2_mid', 'recall'] weights=[48.0, 48.0, 4.0, 4.0] edu>=3 budget=200000000 vocab=50261 holdout_pct=5 exclude_holdout=True mix_seed=42 warmup=10,000,000 skips={'dclm': 0, 'fineweb': 0, 'smoltalk2_mid': 0, 'recall': 0}
[cache] Pretrain holdout val from .cache/v7_tokens/pretrain_holdout_v1_v50261_t500000_e3_p5.pt (500,000 tokens)
[cache] Loaded WikiText-103 validation from .cache/v7_tokens/wikitext103_validation_v2_full_sl2048.pt (248,461 tokens)
Val chunks: 121
Val: in-distro holdout (31 batches), WikiText secondary (16 batches)
Train batches: streaming, Val batches: 31

Model parameters: {'embedding (tied)': 38600448, 'blocks': 61724512, 'norms': 768, 'lm_head': 296064, 'total': 100621792}
Total: 100,621,792 (100.6M)
Param groups: 260 tensors (100,569,856) with wd, 229 tensors (51,936) without
fused_ce enabled (chunked linear+CE; logits never materialized)

Training on cuda
Parameters: {'embedding (tied)': 38600448, 'blocks': 61724512, 'norms': 768, 'lm_head': 296064, 'total': 100621792}
Total: 100,621,792 (100.6M)
Epochs: 1..9999, Batches/epoch: stream
Periodic checkpoint: every 2500 steps -> latest.pt


============================================================
Epoch 1/9999
============================================================
Token indices sequence length is longer than the specified maximum sequence length for this model (1053 > 1024). Running this sequence through the model will result in indexing errors
  [block-grad step1] L0=2.496e-03 L1=2.403e-03 L2=2.369e-03 L3=2.360e-03 L4=3.153e-03 L5=5.837e-03 L6=2.312e-03 L7=2.443e-03 L8=2.492e-03 L9=2.391e-03 L10=2.817e-03 L11=2.666e-03 L12=2.327e-03 L13=2.841e-03 L14=2.489e-03 L15=2.711e-03  all-nonzero
  [1] 0 loss=10.9055 ppl=54475.6 lr=6.00e-07 | 69 tok/s (avg 69) ETA n/a | GPU 2.1/7.7GB | gtok=16384
  [1] 25 loss=10.7524 ppl=46743.7 lr=1.56e-05 | 4601 tok/s (avg 1306) ETA n/a | GPU 2.1/8.5GB | gtok=425984
  [1] 50 loss=10.3584 ppl=31522.0 lr=3.06e-05 | 4563 tok/s (avg 2009) ETA n/a | GPU 2.1/8.5GB | gtok=835584
  [1] 75 loss=9.7139 ppl=16546.4 lr=4.56e-05 | 4548 tok/s (avg 2461) ETA n/a | GPU 2.1/8.5GB | gtok=1245184
  [1] 100 loss=8.9266 ppl=7530.0 lr=6.06e-05 | 4535 tok/s (avg 2775) ETA n/a | GPU 2.1/8.5GB | gtok=1654784
  [1] 125 loss=8.1615 ppl=3503.4 lr=7.56e-05 | 4522 tok/s (avg 3006) ETA n/a | GPU 2.1/8.5GB | gtok=2064384
  [1] 150 loss=7.7228 ppl=2259.4 lr=9.06e-05 | 4530 tok/s (avg 3183) ETA n/a | GPU 2.1/8.5GB | gtok=2473984
  [1] 175 loss=7.2847 ppl=1457.8 lr=1.06e-04 | 4530 tok/s (avg 3323) ETA n/a | GPU 2.1/8.5GB | gtok=2883584
  [1] 200 loss=7.0205 ppl=1119.3 lr=1.21e-04 | 4528 tok/s (avg 3437) ETA n/a | GPU 2.1/8.5GB | gtok=3293184
  [1] 225 loss=6.8293 ppl=924.5 lr=1.36e-04 | 4522 tok/s (avg 3531) ETA n/a | GPU 2.1/8.5GB | gtok=3702784
  [1] 250 loss=6.8804 ppl=973.0 lr=1.51e-04 | 4521 tok/s (avg 3610) ETA n/a | GPU 2.1/8.5GB | gtok=4112384
  [1] 275 loss=6.9093 ppl=1001.5 lr=1.66e-04 | 4513 tok/s (avg 3676) ETA n/a | GPU 2.1/8.5GB | gtok=4521984
  [1] 300 loss=6.7404 ppl=845.9 lr=1.81e-04 | 4525 tok/s (avg 3734) ETA n/a | GPU 2.1/8.5GB | gtok=4931584
  [1] 325 loss=6.9148 ppl=1007.0 lr=1.96e-04 | 4517 tok/s (avg 3785) ETA n/a | GPU 2.1/8.5GB | gtok=5341184
  [1] 350 loss=6.5755 ppl=717.3 lr=2.11e-04 | 4535 tok/s (avg 3830) ETA n/a | GPU 2.1/8.5GB | gtok=5750784
  [1] 375 loss=6.5150 ppl=675.2 lr=2.26e-04 | 4514 tok/s (avg 3869) ETA n/a | GPU 2.1/8.5GB | gtok=6160384
  [1] 400 loss=6.4311 ppl=620.9 lr=2.41e-04 | 4518 tok/s (avg 3904) ETA n/a | GPU 2.1/8.5GB | gtok=6569984
  [1] 425 loss=6.3088 ppl=549.4 lr=2.56e-04 | 4509 tok/s (avg 3935) ETA n/a | GPU 2.1/8.5GB | gtok=6979584
  [1] 450 loss=6.1998 ppl=492.6 lr=2.71e-04 | 4509 tok/s (avg 3963) ETA n/a | GPU 2.1/8.5GB | gtok=7389184
  [1] 475 loss=6.3299 ppl=561.1 lr=2.86e-04 | 4512 tok/s (avg 3988) ETA n/a | GPU 2.1/8.5GB | gtok=7798784
  [1] 500 loss=6.0684 ppl=432.0 lr=3.00e-04 | 4513 tok/s (avg 4012) ETA n/a | GPU 2.1/8.5GB | gtok=8208384
  [1] 525 loss=6.2593 ppl=522.8 lr=3.00e-04 | 4514 tok/s (avg 4033) ETA n/a | GPU 2.1/8.5GB | gtok=8617984
  [1] 550 loss=6.2232 ppl=504.3 lr=3.00e-04 | 4505 tok/s (avg 4052) ETA n/a | GPU 2.1/8.5GB | gtok=9027584
  [1] 575 loss=6.2423 ppl=514.1 lr=3.00e-04 | 4507 tok/s (avg 4070) ETA n/a | GPU 2.1/8.5GB | gtok=9437184
  [1] 600 loss=5.9294 ppl=375.9 lr=3.00e-04 | 4514 tok/s (avg 4087) ETA n/a | GPU 2.1/8.5GB | gtok=9846784
  [1] 625 loss=5.9634 ppl=388.9 lr=3.00e-04 | 3930 tok/s (avg 4080) ETA n/a | GPU 2.1/8.5GB | gtok=10256384
  [1] 650 loss=5.9456 ppl=382.1 lr=3.00e-04 | 4508 tok/s (avg 4095) ETA n/a | GPU 2.1/8.5GB | gtok=10665984
  [1] 675 loss=5.8871 ppl=360.3 lr=3.00e-04 | 4495 tok/s (avg 4109) ETA n/a | GPU 2.1/8.5GB | gtok=11075584
  [1] 700 loss=5.8618 ppl=351.4 lr=3.00e-04 | 4493 tok/s (avg 4121) ETA n/a | GPU 2.1/8.5GB | gtok=11485184
  [1] 725 loss=5.9469 ppl=382.6 lr=3.00e-04 | 4495 tok/s (avg 4133) ETA n/a | GPU 2.1/8.5GB | gtok=11894784
  [1] 750 loss=5.7281 ppl=307.4 lr=3.00e-04 | 4498 tok/s (avg 4144) ETA n/a | GPU 2.1/8.5GB | gtok=12304384
  [1] 775 loss=5.7015 ppl=299.3 lr=3.00e-04 | 4509 tok/s (avg 4155) ETA n/a | GPU 2.1/8.5GB | gtok=12713984
  [1] 800 loss=5.8740 ppl=355.7 lr=3.00e-04 | 4456 tok/s (avg 4164) ETA n/a | GPU 2.1/8.5GB | gtok=13123584
  [1] 825 loss=5.6346 ppl=279.9 lr=2.99e-04 | 4467 tok/s (avg 4172) ETA n/a | GPU 2.1/8.5GB | gtok=13533184
  [1] 850 loss=5.5296 ppl=252.0 lr=2.99e-04 | 4492 tok/s (avg 4181) ETA n/a | GPU 2.1/8.5GB | gtok=13942784
  [1] 875 loss=5.6508 ppl=284.5 lr=2.99e-04 | 4483 tok/s (avg 4189) ETA n/a | GPU 2.1/8.5GB | gtok=14352384
  [1] 900 loss=5.5305 ppl=252.3 lr=2.99e-04 | 4492 tok/s (avg 4197) ETA n/a | GPU 2.1/8.5GB | gtok=14761984
  [1] 925 loss=5.5911 ppl=268.0 lr=2.99e-04 | 4500 tok/s (avg 4205) ETA n/a | GPU 2.1/8.5GB | gtok=15171584
  [1] 950 loss=5.2984 ppl=200.0 lr=2.99e-04 | 4503 tok/s (avg 4212) ETA n/a | GPU 2.1/8.5GB | gtok=15581184
  [1] 975 loss=5.6291 ppl=278.4 lr=2.99e-04 | 4502 tok/s (avg 4219) ETA n/a | GPU 2.1/8.5GB | gtok=15990784
  [1] 1000 loss=5.5348 ppl=253.4 lr=2.99e-04 | 4499 tok/s (avg 4226) ETA n/a | GPU 2.1/8.5GB | gtok=16400384
  [1] 1025 loss=5.4928 ppl=242.9 lr=2.99e-04 | 4496 tok/s (avg 4232) ETA n/a | GPU 2.1/8.5GB | gtok=16809984
  [1] 1050 loss=5.4120 ppl=224.1 lr=2.98e-04 | 4492 tok/s (avg 4238) ETA n/a | GPU 2.1/8.5GB | gtok=17219584
[Discord] Webhook configured -- notifications enabled
Wall clock start: 2026-08-26 23:45:51
============================================================
  V11: PAM with new memory dynamics
  Preset: v13_e3_k3_selective | Stage: lm | Dataset: pretrain_mix
============================================================

Config: {'vocab_size': 50261, 'dim': 384, 'n_heads': 6, 'head_dim': 64, 'n_layers': 16, 'expand': 3, 'dropout': 0.1, 'max_seq_len': 2048, 'use_learned_pos': False, 'use_rope': True, 'use_gsp': True, 'fused_qkv': True, 'qk_norm': False, 'tie_weights': True, 'gradient_checkpointing': True, 'activation': 'swish', 'chunk_size': 256, 'decay_mode': 'head', 'write_mode': 'delta', 'delta_erase_gate': True, 'n_states': 3, 'delta_chunk': 128, 'state_dt_spread': 2.0, 'base_dt_bias': -4.0, 'gate_content_aware': True, 'protect_gate_bias': -3.0, 'routing_content_aware': False, 'state_compete': False, 'phase_init': 'zero', 'route_balance_lambda': 0.0, 'aux_loss_weight': 1.0, 'fused_e3': True, 'delta_key_norm': True, 'delta_erase_beta_cap': 1.0, 'delta_raw_key_readout': True, 'recompute_pam_chunks': False, 'delta_decay_factored': False, 'delta_decay_factor_min_a': 1e-06, 'gamma_floor': 0.0, 'gate_surprisal_lambda': 0.1, 'gate_surprisal_tau': 1.0, 'gate_surprisal_sign': 1.0, 'fact_contrastive_lambda': 0.0, 'fact_contrastive_tau': 1.0, 'vault_state': True, 'vault_state_idx': 0, 'write_phase_address': True}
Memory dynamics: decay_mode=head, write_mode=delta, n_states=3, chunk_size=256
Batch size: 8, Epochs: 10, LR: 0.0003
Token budget: 200,000,000

Loading pretrain_mix (seq_len=2048)...
Streaming pretrain blend: sources=['dclm', 'fineweb', 'smoltalk2_mid', 'recall'] weights=[48.0, 48.0, 4.0, 4.0] edu>=3 budget=200000000 vocab=50261 holdout_pct=5 exclude_holdout=True mix_seed=42 warmup=10,000,000 skips={'dclm': 0, 'fineweb': 0, 'smoltalk2_mid': 0, 'recall': 0}
[cache] Pretrain holdout val from .cache/v7_tokens/pretrain_holdout_v1_v50261_t500000_e3_p5.pt (500,000 tokens)
[cache] Loaded WikiText-103 validation from .cache/v7_tokens/wikitext103_validation_v2_full_sl2048.pt (248,461 tokens)
Val chunks: 121
Val: in-distro holdout (31 batches), WikiText secondary (16 batches)
Train batches: streaming, Val batches: 31

Model parameters: {'embedding (tied)': 38600448, 'blocks': 61724512, 'norms': 768, 'lm_head': 296064, 'total': 100621792}
Total: 100,621,792 (100.6M)
Param groups: 260 tensors (100,569,856) with wd, 229 tensors (51,936) without
fused_ce enabled (chunked linear+CE; logits never materialized)

Training on cuda
Parameters: {'embedding (tied)': 38600448, 'blocks': 61724512, 'norms': 768, 'lm_head': 296064, 'total': 100621792}
Total: 100,621,792 (100.6M)
Epochs: 1..9999, Batches/epoch: stream
Periodic checkpoint: every 1000 steps -> latest.pt


============================================================
Epoch 1/9999
============================================================
Token indices sequence length is longer than the specified maximum sequence length for this model (1053 > 1024). Running this sequence through the model will result in indexing errors
  [block-grad step1] L0=2.496e-03 L1=2.403e-03 L2=2.369e-03 L3=2.360e-03 L4=3.153e-03 L5=5.837e-03 L6=2.312e-03 L7=2.443e-03 L8=2.492e-03 L9=2.391e-03 L10=2.817e-03 L11=2.666e-03 L12=2.327e-03 L13=2.841e-03 L14=2.489e-03 L15=2.711e-03  all-nonzero
  [1] 0 loss=10.9055 ppl=54475.6 lr=6.00e-07 | 90 tok/s (avg 90) ETA n/a | GPU 2.1/7.7GB | gtok=16384
  [1] 25 loss=10.7524 ppl=46743.7 lr=1.56e-05 | 4590 tok/s (avg 1568) ETA n/a | GPU 2.1/8.5GB | gtok=425984
  [1] 50 loss=10.3584 ppl=31522.0 lr=3.06e-05 | 4555 tok/s (avg 2311) ETA n/a | GPU 2.1/8.5GB | gtok=835584
  [1] 75 loss=9.7139 ppl=16546.4 lr=4.56e-05 | 4546 tok/s (avg 2757) ETA n/a | GPU 2.1/8.5GB | gtok=1245184
  [1] 100 loss=8.9266 ppl=7530.0 lr=6.06e-05 | 4531 tok/s (avg 3053) ETA n/a | GPU 2.1/8.5GB | gtok=1654784
  [1] 125 loss=8.1615 ppl=3503.4 lr=7.56e-05 | 4526 tok/s (avg 3263) ETA n/a | GPU 2.1/8.5GB | gtok=2064384
  [1] 150 loss=7.7228 ppl=2259.4 lr=9.06e-05 | 4524 tok/s (avg 3421) ETA n/a | GPU 2.1/8.5GB | gtok=2473984
  [1] 175 loss=7.2847 ppl=1457.8 lr=1.06e-04 | 4538 tok/s (avg 3545) ETA n/a | GPU 2.1/8.5GB | gtok=2883584
  [1] 200 loss=7.0205 ppl=1119.3 lr=1.21e-04 | 4526 tok/s (avg 3643) ETA n/a | GPU 2.1/8.5GB | gtok=3293184
  [1] 225 loss=6.8293 ppl=924.5 lr=1.36e-04 | 4522 tok/s (avg 3723) ETA n/a | GPU 2.1/8.5GB | gtok=3702784
  [1] 250 loss=6.8804 ppl=973.0 lr=1.51e-04 | 4516 tok/s (avg 3790) ETA n/a | GPU 2.1/8.5GB | gtok=4112384
  [1] 275 loss=6.9093 ppl=1001.5 lr=1.66e-04 | 4504 tok/s (avg 3845) ETA n/a | GPU 2.1/8.5GB | gtok=4521984
  [1] 300 loss=6.7404 ppl=845.9 lr=1.81e-04 | 4523 tok/s (avg 3893) ETA n/a | GPU 2.1/8.5GB | gtok=4931584
  [1] 325 loss=6.9148 ppl=1007.0 lr=1.96e-04 | 4502 tok/s (avg 3934) ETA n/a | GPU 2.1/8.5GB | gtok=5341184
  [1] 350 loss=6.5755 ppl=717.3 lr=2.11e-04 | 4514 tok/s (avg 3970) ETA n/a | GPU 2.1/8.5GB | gtok=5750784
  [1] 375 loss=6.5150 ppl=675.2 lr=2.26e-04 | 4506 tok/s (avg 4002) ETA n/a | GPU 2.1/8.5GB | gtok=6160384
  [1] 400 loss=6.4311 ppl=620.9 lr=2.41e-04 | 4515 tok/s (avg 4031) ETA n/a | GPU 2.1/8.5GB | gtok=6569984
  [1] 425 loss=6.3088 ppl=549.4 lr=2.56e-04 | 4508 tok/s (avg 4056) ETA n/a | GPU 2.1/8.5GB | gtok=6979584
  [1] 450 loss=6.1998 ppl=492.6 lr=2.71e-04 | 4478 tok/s (avg 4077) ETA n/a | GPU 2.1/8.5GB | gtok=7389184
  [1] 475 loss=6.3299 ppl=561.1 lr=2.86e-04 | 4483 tok/s (avg 4096) ETA n/a | GPU 2.1/8.5GB | gtok=7798784
  [1] 500 loss=6.0684 ppl=432.0 lr=3.00e-04 | 4478 tok/s (avg 4114) ETA n/a | GPU 2.1/8.5GB | gtok=8208384
  [1] 525 loss=6.2593 ppl=522.8 lr=3.00e-04 | 4507 tok/s (avg 4131) ETA n/a | GPU 2.1/8.5GB | gtok=8617984
  [1] 550 loss=6.2232 ppl=504.3 lr=3.00e-04 | 4494 tok/s (avg 4146) ETA n/a | GPU 2.1/8.5GB | gtok=9027584
  [1] 575 loss=6.2423 ppl=514.1 lr=3.00e-04 | 4505 tok/s (avg 4161) ETA n/a | GPU 2.1/8.5GB | gtok=9437184
  [1] 600 loss=5.9294 ppl=375.9 lr=3.00e-04 | 4513 tok/s (avg 4174) ETA n/a | GPU 2.1/8.5GB | gtok=9846784
  [1] 625 loss=5.9634 ppl=388.9 lr=3.00e-04 | 3960 tok/s (avg 4165) ETA n/a | GPU 2.1/8.5GB | gtok=10256384
  [1] 650 loss=5.9456 ppl=382.1 lr=3.00e-04 | 4491 tok/s (avg 4177) ETA n/a | GPU 2.1/8.5GB | gtok=10665984
  [1] 675 loss=5.8871 ppl=360.3 lr=3.00e-04 | 4493 tok/s (avg 4188) ETA n/a | GPU 2.1/8.5GB | gtok=11075584
  [1] 700 loss=5.8618 ppl=351.4 lr=3.00e-04 | 4479 tok/s (avg 4198) ETA n/a | GPU 2.1/8.5GB | gtok=11485184
  [1] 725 loss=5.9469 ppl=382.6 lr=3.00e-04 | 4468 tok/s (avg 4206) ETA n/a | GPU 2.1/8.5GB | gtok=11894784
  [1] 750 loss=5.7281 ppl=307.4 lr=3.00e-04 | 4484 tok/s (avg 4215) ETA n/a | GPU 2.1/8.5GB | gtok=12304384
  [1] 775 loss=5.7015 ppl=299.3 lr=3.00e-04 | 4483 tok/s (avg 4223) ETA n/a | GPU 2.1/8.5GB | gtok=12713984
  [1] 800 loss=5.8740 ppl=355.7 lr=3.00e-04 | 4462 tok/s (avg 4230) ETA n/a | GPU 2.1/8.5GB | gtok=13123584
  [1] 825 loss=5.6346 ppl=279.9 lr=2.99e-04 | 4457 tok/s (avg 4237) ETA n/a | GPU 2.1/8.5GB | gtok=13533184
  [1] 850 loss=5.5296 ppl=252.0 lr=2.99e-04 | 4478 tok/s (avg 4243) ETA n/a | GPU 2.1/8.5GB | gtok=13942784
  [1] 875 loss=5.6508 ppl=284.5 lr=2.99e-04 | 4485 tok/s (avg 4250) ETA n/a | GPU 2.1/8.5GB | gtok=14352384
  [1] 900 loss=5.5305 ppl=252.3 lr=2.99e-04 | 4487 tok/s (avg 4256) ETA n/a | GPU 2.1/8.5GB | gtok=14761984
  [1] 925 loss=5.5911 ppl=268.0 lr=2.99e-04 | 4490 tok/s (avg 4262) ETA n/a | GPU 2.1/8.5GB | gtok=15171584
  [1] 950 loss=5.2984 ppl=200.0 lr=2.99e-04 | 4491 tok/s (avg 4268) ETA n/a | GPU 2.1/8.5GB | gtok=15581184
  [1] 975 loss=5.6291 ppl=278.4 lr=2.99e-04 | 4487 tok/s (avg 4273) ETA n/a | GPU 2.1/8.5GB | gtok=15990784
Saved checkpoint: checkpoints_v13/200m_v13_D_dense/latest.pt
  [checkpoint @ step 1000, 16,384,000 tok]
  [1] 1000 loss=5.5348 ppl=253.4 lr=2.99e-04 | 4458 tok/s (avg 4278) ETA n/a | GPU 2.1/8.5GB | gtok=16400384
  [1] 1025 loss=5.4928 ppl=242.9 lr=2.99e-04 | 4495 tok/s (avg 4283) ETA n/a | GPU 2.1/8.5GB | gtok=16809984
  [1] 1050 loss=5.4120 ppl=224.1 lr=2.98e-04 | 4491 tok/s (avg 4287) ETA n/a | GPU 2.1/8.5GB | gtok=17219584
  [1] 1075 loss=5.4769 ppl=239.1 lr=2.98e-04 | 4488 tok/s (avg 4292) ETA n/a | GPU 2.1/8.5GB | gtok=17629184
  [1] 1100 loss=5.4266 ppl=227.4 lr=2.98e-04 | 4489 tok/s (avg 4296) ETA n/a | GPU 2.1/8.5GB | gtok=18038784
  [1] 1125 loss=5.3472 ppl=210.0 lr=2.98e-04 | 4489 tok/s (avg 4300) ETA n/a | GPU 2.1/8.5GB | gtok=18448384
  [1] 1150 loss=5.4227 ppl=226.5 lr=2.98e-04 | 4482 tok/s (avg 4304) ETA n/a | GPU 2.1/8.5GB | gtok=18857984
  [1] 1175 loss=5.3850 ppl=218.1 lr=2.98e-04 | 4484 tok/s (avg 4308) ETA n/a | GPU 2.1/8.5GB | gtok=19267584
  [1] 1200 loss=5.5693 ppl=262.3 lr=2.98e-04 | 4487 tok/s (avg 4311) ETA n/a | GPU 2.1/8.5GB | gtok=19677184
  [1] 1225 loss=5.3056 ppl=201.5 lr=2.97e-04 | 4481 tok/s (avg 4315) ETA n/a | GPU 2.1/8.5GB | gtok=20086784
  [1] 1250 loss=5.2582 ppl=192.1 lr=2.97e-04 | 4487 tok/s (avg 4318) ETA n/a | GPU 2.1/8.5GB | gtok=20496384
  [1] 1275 loss=5.3207 ppl=204.5 lr=2.97e-04 | 4477 tok/s (avg 4321) ETA n/a | GPU 2.1/8.5GB | gtok=20905984
  [1] 1300 loss=5.2314 ppl=187.1 lr=2.97e-04 | 4490 tok/s (avg 4324) ETA n/a | GPU 2.1/8.5GB | gtok=21315584
  [1] 1325 loss=5.2051 ppl=182.2 lr=2.97e-04 | 4474 tok/s (avg 4327) ETA n/a | GPU 2.1/8.5GB | gtok=21725184
  [1] 1350 loss=5.2301 ppl=186.8 lr=2.96e-04 | 4471 tok/s (avg 4329) ETA n/a | GPU 2.1/8.5GB | gtok=22134784
  [1] 1375 loss=5.2071 ppl=182.6 lr=2.96e-04 | 4493 tok/s (avg 4332) ETA n/a | GPU 2.1/8.5GB | gtok=22544384
  [1] 1400 loss=5.2685 ppl=194.1 lr=2.96e-04 | 4483 tok/s (avg 4335) ETA n/a | GPU 2.1/8.5GB | gtok=22953984
  [1] 1425 loss=4.9794 ppl=145.4 lr=2.96e-04 | 4488 tok/s (avg 4337) ETA n/a | GPU 2.1/8.5GB | gtok=23363584
  [1] 1450 loss=5.1201 ppl=167.3 lr=2.96e-04 | 4478 tok/s (avg 4340) ETA n/a | GPU 2.1/8.5GB | gtok=23773184
  [1] 1475 loss=5.1614 ppl=174.4 lr=2.95e-04 | 4482 tok/s (avg 4342) ETA n/a | GPU 2.1/8.5GB | gtok=24182784
  [1] 1500 loss=5.3256 ppl=205.5 lr=2.95e-04 | 4479 tok/s (avg 4344) ETA n/a | GPU 2.1/8.5GB | gtok=24592384
  [1] 1525 loss=5.0515 ppl=156.3 lr=2.95e-04 | 4481 tok/s (avg 4347) ETA n/a | GPU 2.1/8.5GB | gtok=25001984
  [1] 1550 loss=4.8076 ppl=122.4 lr=2.95e-04 | 4474 tok/s (avg 4349) ETA n/a | GPU 2.1/8.5GB | gtok=25411584
  [1] 1575 loss=5.0984 ppl=163.8 lr=2.94e-04 | 4486 tok/s (avg 4351) ETA n/a | GPU 2.1/8.5GB | gtok=25821184
  [1] 1600 loss=5.2888 ppl=198.1 lr=2.94e-04 | 4463 tok/s (avg 4352) ETA n/a | GPU 2.1/8.5GB | gtok=26230784
  [1] 1625 loss=5.2724 ppl=194.9 lr=2.94e-04 | 4453 tok/s (avg 4354) ETA n/a | GPU 2.1/8.5GB | gtok=26640384
  [1] 1650 loss=5.1180 ppl=167.0 lr=2.93e-04 | 4467 tok/s (avg 4356) ETA n/a | GPU 2.1/8.5GB | gtok=27049984
  [1] 1675 loss=5.1706 ppl=176.0 lr=2.93e-04 | 4484 tok/s (avg 4357) ETA n/a | GPU 2.1/8.5GB | gtok=27459584
  [1] 1700 loss=5.2259 ppl=186.0 lr=2.93e-04 | 4479 tok/s (avg 4359) ETA n/a | GPU 2.1/8.5GB | gtok=27869184
  [1] 1725 loss=5.1061 ppl=165.0 lr=2.93e-04 | 4487 tok/s (avg 4361) ETA n/a | GPU 2.1/8.5GB | gtok=28278784
  [1] 1750 loss=5.1023 ppl=164.4 lr=2.92e-04 | 4479 tok/s (avg 4363) ETA n/a | GPU 2.1/8.5GB | gtok=28688384
  [1] 1775 loss=5.0588 ppl=157.4 lr=2.92e-04 | 4483 tok/s (avg 4364) ETA n/a | GPU 2.1/8.5GB | gtok=29097984
  [1] 1800 loss=5.0030 ppl=148.9 lr=2.92e-04 | 4485 tok/s (avg 4366) ETA n/a | GPU 2.1/8.5GB | gtok=29507584
  [1] 1825 loss=5.0117 ppl=150.2 lr=2.91e-04 | 4483 tok/s (avg 4367) ETA n/a | GPU 2.1/8.5GB | gtok=29917184
  [1] 1850 loss=5.1688 ppl=175.7 lr=2.91e-04 | 4473 tok/s (avg 4369) ETA n/a | GPU 2.1/8.5GB | gtok=30326784
  [1] 1875 loss=4.9847 ppl=146.2 lr=2.91e-04 | 4481 tok/s (avg 4370) ETA n/a | GPU 2.1/8.5GB | gtok=30736384
  [1] 1900 loss=4.8677 ppl=130.0 lr=2.90e-04 | 4474 tok/s (avg 4372) ETA n/a | GPU 2.1/8.5GB | gtok=31145984
  [1] 1925 loss=5.1788 ppl=177.5 lr=2.90e-04 | 4477 tok/s (avg 4373) ETA n/a | GPU 2.1/8.5GB | gtok=31555584
  [1] 1950 loss=4.9496 ppl=141.1 lr=2.90e-04 | 4477 tok/s (avg 4374) ETA n/a | GPU 2.1/8.5GB | gtok=31965184
  [1] 1975 loss=4.9782 ppl=145.2 lr=2.89e-04 | 4481 tok/s (avg 4376) ETA n/a | GPU 2.1/8.5GB | gtok=32374784
Saved checkpoint: checkpoints_v13/200m_v13_D_dense/latest.pt
  [checkpoint @ step 2000, 32,768,000 tok]
  [1] 2000 loss=4.9373 ppl=139.4 lr=2.89e-04 | 4434 tok/s (avg 4376) ETA n/a | GPU 2.1/8.5GB | gtok=32784384
  [1] 2025 loss=4.8620 ppl=129.3 lr=2.89e-04 | 4473 tok/s (avg 4377) ETA n/a | GPU 2.1/8.5GB | gtok=33193984
  [1] 2050 loss=4.9976 ppl=148.1 lr=2.88e-04 | 4478 tok/s (avg 4379) ETA n/a | GPU 2.1/8.5GB | gtok=33603584
  [1] 2075 loss=4.8743 ppl=130.9 lr=2.88e-04 | 4480 tok/s (avg 4380) ETA n/a | GPU 2.1/8.5GB | gtok=34013184
  [1] 2100 loss=4.9713 ppl=144.2 lr=2.87e-04 | 4480 tok/s (avg 4381) ETA n/a | GPU 2.1/8.5GB | gtok=34422784
  [1] 2125 loss=4.9688 ppl=143.9 lr=2.87e-04 | 4477 tok/s (avg 4382) ETA n/a | GPU 2.1/8.5GB | gtok=34832384
  [1] 2150 loss=5.1160 ppl=166.7 lr=2.87e-04 | 4473 tok/s (avg 4383) ETA n/a | GPU 2.1/8.5GB | gtok=35241984
  [1] 2175 loss=5.0029 ppl=148.9 lr=2.86e-04 | 4478 tok/s (avg 4384) ETA n/a | GPU 2.1/8.5GB | gtok=35651584
  [1] 2200 loss=4.9661 ppl=143.5 lr=2.86e-04 | 4478 tok/s (avg 4385) ETA n/a | GPU 2.1/8.5GB | gtok=36061184
  [1] 2225 loss=4.8381 ppl=126.2 lr=2.85e-04 | 4479 tok/s (avg 4386) ETA n/a | GPU 2.1/8.5GB | gtok=36470784
  [1] 2250 loss=4.7600 ppl=116.8 lr=2.85e-04 | 4474 tok/s (avg 4387) ETA n/a | GPU 2.1/8.5GB | gtok=36880384
  [1] 2275 loss=5.0677 ppl=158.8 lr=2.85e-04 | 4479 tok/s (avg 4388) ETA n/a | GPU 2.1/8.5GB | gtok=37289984
  [1] 2300 loss=4.9032 ppl=134.7 lr=2.84e-04 | 4459 tok/s (avg 4389) ETA n/a | GPU 2.1/8.5GB | gtok=37699584
  [1] 2325 loss=4.8857 ppl=132.4 lr=2.84e-04 | 4473 tok/s (avg 4390) ETA n/a | GPU 2.1/8.5GB | gtok=38109184
  [1] 2350 loss=4.8820 ppl=131.9 lr=2.83e-04 | 4472 tok/s (avg 4391) ETA n/a | GPU 2.1/8.5GB | gtok=38518784
  [1] 2375 loss=4.9295 ppl=138.3 lr=2.83e-04 | 4483 tok/s (avg 4392) ETA n/a | GPU 2.1/8.5GB | gtok=38928384
  [1] 2400 loss=4.6762 ppl=107.4 lr=2.82e-04 | 4477 tok/s (avg 4393) ETA n/a | GPU 2.1/8.5GB | gtok=39337984
  [1] 2425 loss=4.7446 ppl=115.0 lr=2.82e-04 | 4477 tok/s (avg 4393) ETA n/a | GPU 2.1/8.5GB | gtok=39747584
  [1] 2450 loss=4.8595 ppl=129.0 lr=2.81e-04 | 4463 tok/s (avg 4394) ETA n/a | GPU 2.1/8.5GB | gtok=40157184
  [1] 2475 loss=4.8938 ppl=133.5 lr=2.81e-04 | 4480 tok/s (avg 4395) ETA n/a | GPU 2.1/8.5GB | gtok=40566784
  [1] 2500 loss=4.9641 ppl=143.2 lr=2.81e-04 | 4470 tok/s (avg 4396) ETA n/a | GPU 2.1/8.5GB | gtok=40976384
  [1] 2525 loss=5.0983 ppl=163.7 lr=2.80e-04 | 4479 tok/s (avg 4397) ETA n/a | GPU 2.1/8.5GB | gtok=41385984
  [1] 2550 loss=4.9339 ppl=138.9 lr=2.80e-04 | 4485 tok/s (avg 4397) ETA n/a | GPU 2.1/8.5GB | gtok=41795584
  [1] 2575 loss=4.6551 ppl=105.1 lr=2.79e-04 | 4467 tok/s (avg 4398) ETA n/a | GPU 2.1/8.5GB | gtok=42205184
  [1] 2600 loss=5.0174 ppl=151.0 lr=2.79e-04 | 4482 tok/s (avg 4399) ETA n/a | GPU 2.1/8.5GB | gtok=42614784
  [1] 2625 loss=4.8126 ppl=123.0 lr=2.78e-04 | 4480 tok/s (avg 4400) ETA n/a | GPU 2.1/8.5GB | gtok=43024384
  [1] 2650 loss=4.6770 ppl=107.4 lr=2.78e-04 | 4484 tok/s (avg 4400) ETA n/a | GPU 2.1/8.5GB | gtok=43433984
  [1] 2675 loss=4.7408 ppl=114.5 lr=2.77e-04 | 4463 tok/s (avg 4401) ETA n/a | GPU 2.1/8.5GB | gtok=43843584
  [1] 2700 loss=4.6787 ppl=107.6 lr=2.77e-04 | 4475 tok/s (avg 4402) ETA n/a | GPU 2.1/8.5GB | gtok=44253184
  [1] 2725 loss=4.7004 ppl=110.0 lr=2.76e-04 | 4474 tok/s (avg 4402) ETA n/a | GPU 2.1/8.5GB | gtok=44662784
  [1] 2750 loss=4.8259 ppl=124.7 lr=2.76e-04 | 4479 tok/s (avg 4403) ETA n/a | GPU 2.1/8.5GB | gtok=45072384
  [1] 2775 loss=4.8261 ppl=124.7 lr=2.75e-04 | 4472 tok/s (avg 4404) ETA n/a | GPU 2.1/8.5GB | gtok=45481984
  [1] 2800 loss=4.7389 ppl=114.3 lr=2.74e-04 | 4473 tok/s (avg 4404) ETA n/a | GPU 2.1/8.5GB | gtok=45891584
  [1] 2825 loss=4.5851 ppl=98.0 lr=2.74e-04 | 4477 tok/s (avg 4405) ETA n/a | GPU 2.1/8.5GB | gtok=46301184
  [1] 2850 loss=4.8811 ppl=131.8 lr=2.73e-04 | 4476 tok/s (avg 4405) ETA n/a | GPU 2.1/8.5GB | gtok=46710784
  [1] 2875 loss=4.6010 ppl=99.6 lr=2.73e-04 | 4469 tok/s (avg 4406) ETA n/a | GPU 2.1/8.5GB | gtok=47120384
  [1] 2900 loss=4.6120 ppl=100.7 lr=2.72e-04 | 4475 tok/s (avg 4407) ETA n/a | GPU 2.1/8.5GB | gtok=47529984
  [1] 2925 loss=4.7226 ppl=112.5 lr=2.72e-04 | 4478 tok/s (avg 4407) ETA n/a | GPU 2.1/8.5GB | gtok=47939584
  [1] 2950 loss=4.7588 ppl=116.6 lr=2.71e-04 | 4473 tok/s (avg 4408) ETA n/a | GPU 2.1/8.5GB | gtok=48349184
  [1] 2975 loss=4.7151 ppl=111.6 lr=2.71e-04 | 4487 tok/s (avg 4408) ETA n/a | GPU 2.1/8.5GB | gtok=48758784
Saved checkpoint: checkpoints_v13/200m_v13_D_dense/latest.pt
  [checkpoint @ step 3000, 49,152,000 tok]
  [1] 3000 loss=5.0006 ppl=148.5 lr=2.70e-04 | 4433 tok/s (avg 4409) ETA n/a | GPU 2.1/8.5GB | gtok=49168384
  [1] 3025 loss=4.6770 ppl=107.4 lr=2.69e-04 | 4478 tok/s (avg 4409) ETA n/a | GPU 2.1/8.5GB | gtok=49577984
  [1] 3050 loss=4.8017 ppl=121.7 lr=2.69e-04 | 4482 tok/s (avg 4410) ETA n/a | GPU 2.1/8.5GB | gtok=49987584
  [1] 3075 loss=4.6665 ppl=106.3 lr=2.68e-04 | 4471 tok/s (avg 4410) ETA n/a | GPU 2.1/8.5GB | gtok=50397184
  [1] 3100 loss=4.5671 ppl=96.3 lr=2.68e-04 | 4478 tok/s (avg 4411) ETA n/a | GPU 2.1/8.5GB | gtok=50806784
  [1] 3125 loss=4.6232 ppl=101.8 lr=2.67e-04 | 4473 tok/s (avg 4411) ETA n/a | GPU 2.1/8.5GB | gtok=51216384
  [1] 3150 loss=4.7765 ppl=118.7 lr=2.66e-04 | 4471 tok/s (avg 4412) ETA n/a | GPU 2.1/8.5GB | gtok=51625984
  [1] 3175 loss=4.5896 ppl=98.5 lr=2.66e-04 | 4483 tok/s (avg 4412) ETA n/a | GPU 2.1/8.5GB | gtok=52035584
  [1] 3200 loss=4.6071 ppl=100.2 lr=2.65e-04 | 4486 tok/s (avg 4413) ETA n/a | GPU 2.1/8.5GB | gtok=52445184
  [1] 3225 loss=4.6195 ppl=101.4 lr=2.65e-04 | 4468 tok/s (avg 4413) ETA n/a | GPU 2.1/8.5GB | gtok=52854784
  [1] 3250 loss=4.8884 ppl=132.7 lr=2.64e-04 | 4472 tok/s (avg 4414) ETA n/a | GPU 2.1/8.5GB | gtok=53264384
  [1] 3275 loss=4.6386 ppl=103.4 lr=2.63e-04 | 4451 tok/s (avg 4414) ETA n/a | GPU 2.1/8.5GB | gtok=53673984
  [1] 3300 loss=4.7503 ppl=115.6 lr=2.63e-04 | 4459 tok/s (avg 4414) ETA n/a | GPU 2.1/8.5GB | gtok=54083584
  [1] 3325 loss=4.4688 ppl=87.3 lr=2.62e-04 | 4468 tok/s (avg 4415) ETA n/a | GPU 2.1/8.5GB | gtok=54493184
  [1] 3350 loss=4.4027 ppl=81.7 lr=2.61e-04 | 4471 tok/s (avg 4415) ETA n/a | GPU 2.1/8.5GB | gtok=54902784
  [1] 3375 loss=4.6725 ppl=107.0 lr=2.61e-04 | 4472 tok/s (avg 4416) ETA n/a | GPU 2.1/8.5GB | gtok=55312384
  [1] 3400 loss=4.5961 ppl=99.1 lr=2.60e-04 | 4475 tok/s (avg 4416) ETA n/a | GPU 2.1/8.5GB | gtok=55721984
  [1] 3425 loss=4.7404 ppl=114.5 lr=2.59e-04 | 4474 tok/s (avg 4416) ETA n/a | GPU 2.1/8.5GB | gtok=56131584
  [1] 3450 loss=4.8188 ppl=123.8 lr=2.59e-04 | 4470 tok/s (avg 4417) ETA n/a | GPU 2.1/8.5GB | gtok=56541184
  [1] 3475 loss=4.4799 ppl=88.2 lr=2.58e-04 | 4478 tok/s (avg 4417) ETA n/a | GPU 2.1/8.5GB | gtok=56950784
  [1] 3500 loss=4.5208 ppl=91.9 lr=2.57e-04 | 4474 tok/s (avg 4418) ETA n/a | GPU 2.1/8.5GB | gtok=57360384
  [1] 3525 loss=4.1113 ppl=61.0 lr=2.57e-04 | 4464 tok/s (avg 4418) ETA n/a | GPU 2.1/8.5GB | gtok=57769984
  [1] 3550 loss=4.4155 ppl=82.7 lr=2.56e-04 | 4488 tok/s (avg 4418) ETA n/a | GPU 2.1/8.5GB | gtok=58179584
  [1] 3575 loss=4.5577 ppl=95.4 lr=2.55e-04 | 4480 tok/s (avg 4419) ETA n/a | GPU 2.1/8.5GB | gtok=58589184
  [1] 3600 loss=4.6749 ppl=107.2 lr=2.55e-04 | 4475 tok/s (avg 4419) ETA n/a | GPU 2.1/8.5GB | gtok=58998784
  [1] 3625 loss=4.5467 ppl=94.3 lr=2.54e-04 | 4472 tok/s (avg 4420) ETA n/a | GPU 2.1/8.5GB | gtok=59408384
  [1] 3650 loss=4.5428 ppl=94.0 lr=2.53e-04 | 4482 tok/s (avg 4420) ETA n/a | GPU 2.1/8.5GB | gtok=59817984
  [1] 3675 loss=4.6145 ppl=100.9 lr=2.53e-04 | 4468 tok/s (avg 4420) ETA n/a | GPU 2.1/8.5GB | gtok=60227584
  [1] 3700 loss=4.1779 ppl=65.2 lr=2.52e-04 | 4479 tok/s (avg 4421) ETA n/a | GPU 2.1/8.5GB | gtok=60637184
  [1] 3725 loss=4.5093 ppl=90.9 lr=2.51e-04 | 4470 tok/s (avg 4421) ETA n/a | GPU 2.1/8.5GB | gtok=61046784
  [1] 3750 loss=4.6606 ppl=105.7 lr=2.50e-04 | 4471 tok/s (avg 4421) ETA n/a | GPU 2.1/8.5GB | gtok=61456384
  [1] 3775 loss=4.5890 ppl=98.4 lr=2.50e-04 | 4460 tok/s (avg 4422) ETA n/a | GPU 2.1/8.5GB | gtok=61865984
  [1] 3800 loss=4.7494 ppl=115.5 lr=2.49e-04 | 4469 tok/s (avg 4422) ETA n/a | GPU 2.1/8.5GB | gtok=62275584
  [1] 3825 loss=4.5474 ppl=94.4 lr=2.48e-04 | 4478 tok/s (avg 4422) ETA n/a | GPU 2.1/8.5GB | gtok=62685184
  [1] 3850 loss=4.6044 ppl=99.9 lr=2.48e-04 | 4477 tok/s (avg 4423) ETA n/a | GPU 2.1/8.5GB | gtok=63094784
  [1] 3875 loss=4.2524 ppl=70.3 lr=2.47e-04 | 4472 tok/s (avg 4423) ETA n/a | GPU 2.1/8.5GB | gtok=63504384
  [1] 3900 loss=4.5705 ppl=96.6 lr=2.46e-04 | 4471 tok/s (avg 4423) ETA n/a | GPU 2.1/8.5GB | gtok=63913984
  [1] 3925 loss=4.3727 ppl=79.3 lr=2.45e-04 | 4469 tok/s (avg 4424) ETA n/a | GPU 2.1/8.5GB | gtok=64323584
  [1] 3950 loss=4.3731 ppl=79.3 lr=2.45e-04 | 4493 tok/s (avg 4424) ETA n/a | GPU 2.1/8.5GB | gtok=64733184
  [1] 3975 loss=4.3250 ppl=75.6 lr=2.44e-04 | 4469 tok/s (avg 4424) ETA n/a | GPU 2.1/8.5GB | gtok=65142784
Saved checkpoint: checkpoints_v13/200m_v13_D_dense/latest.pt
  [checkpoint @ step 4000, 65,536,000 tok]
  [1] 4000 loss=4.6975 ppl=109.7 lr=2.43e-04 | 4425 tok/s (avg 4424) ETA n/a | GPU 2.1/8.5GB | gtok=65552384
  [1] 4025 loss=4.5313 ppl=92.9 lr=2.42e-04 | 4462 tok/s (avg 4425) ETA n/a | GPU 2.1/8.5GB | gtok=65961984
  [1] 4050 loss=4.5142 ppl=91.3 lr=2.42e-04 | 4455 tok/s (avg 4425) ETA n/a | GPU 2.1/8.5GB | gtok=66371584
  [1] 4075 loss=4.2447 ppl=69.7 lr=2.41e-04 | 4473 tok/s (avg 4425) ETA n/a | GPU 2.1/8.5GB | gtok=66781184
  [1] 4100 loss=4.5493 ppl=94.6 lr=2.40e-04 | 4482 tok/s (avg 4425) ETA n/a | GPU 2.1/8.5GB | gtok=67190784
  [1] 4125 loss=4.4366 ppl=84.5 lr=2.39e-04 | 4472 tok/s (avg 4426) ETA n/a | GPU 2.1/8.5GB | gtok=67600384
  [1] 4150 loss=4.5689 ppl=96.4 lr=2.39e-04 | 4482 tok/s (avg 4426) ETA n/a | GPU 2.1/8.5GB | gtok=68009984
  [1] 4175 loss=4.3187 ppl=75.1 lr=2.38e-04 | 4483 tok/s (avg 4426) ETA n/a | GPU 2.1/8.5GB | gtok=68419584
  [1] 4200 loss=4.4259 ppl=83.6 lr=2.37e-04 | 4482 tok/s (avg 4427) ETA n/a | GPU 2.1/8.5GB | gtok=68829184
  [1] 4225 loss=4.4385 ppl=84.6 lr=2.36e-04 | 4474 tok/s (avg 4427) ETA n/a | GPU 2.1/8.5GB | gtok=69238784
  [1] 4250 loss=4.5926 ppl=98.7 lr=2.35e-04 | 4466 tok/s (avg 4427) ETA n/a | GPU 2.1/8.5GB | gtok=69648384
  [1] 4275 loss=4.1804 ppl=65.4 lr=2.35e-04 | 4482 tok/s (avg 4427) ETA n/a | GPU 2.1/8.5GB | gtok=70057984
  [1] 4300 loss=4.4642 ppl=86.9 lr=2.34e-04 | 4467 tok/s (avg 4428) ETA n/a | GPU 2.1/8.5GB | gtok=70467584
  [1] 4325 loss=4.4676 ppl=87.2 lr=2.33e-04 | 4480 tok/s (avg 4428) ETA n/a | GPU 2.1/8.5GB | gtok=70877184
  [1] 4350 loss=4.3305 ppl=76.0 lr=2.32e-04 | 4464 tok/s (avg 4428) ETA n/a | GPU 2.1/8.5GB | gtok=71286784
  [1] 4375 loss=4.3853 ppl=80.3 lr=2.31e-04 | 4483 tok/s (avg 4428) ETA n/a | GPU 2.1/8.5GB | gtok=71696384
  [1] 4400 loss=4.2517 ppl=70.2 lr=2.31e-04 | 4471 tok/s (avg 4429) ETA n/a | GPU 2.1/8.5GB | gtok=72105984
  [1] 4425 loss=4.2172 ppl=67.8 lr=2.30e-04 | 4474 tok/s (avg 4429) ETA n/a | GPU 2.1/8.5GB | gtok=72515584
  [1] 4450 loss=4.8075 ppl=122.4 lr=2.29e-04 | 4474 tok/s (avg 4429) ETA n/a | GPU 2.1/8.5GB | gtok=72925184
  [1] 4475 loss=4.2383 ppl=69.3 lr=2.28e-04 | 4477 tok/s (avg 4429) ETA n/a | GPU 2.1/8.5GB | gtok=73334784
  [1] 4500 loss=4.4516 ppl=85.8 lr=2.27e-04 | 4474 tok/s (avg 4430) ETA n/a | GPU 2.1/8.5GB | gtok=73744384
  [1] 4525 loss=4.2140 ppl=67.6 lr=2.26e-04 | 4471 tok/s (avg 4430) ETA n/a | GPU 2.1/8.5GB | gtok=74153984
  [1] 4550 loss=4.7224 ppl=112.4 lr=2.26e-04 | 4479 tok/s (avg 4430) ETA n/a | GPU 2.1/8.5GB | gtok=74563584
  [1] 4575 loss=4.4307 ppl=84.0 lr=2.25e-04 | 4482 tok/s (avg 4430) ETA n/a | GPU 2.1/8.5GB | gtok=74973184
  [1] 4600 loss=4.3440 ppl=77.0 lr=2.24e-04 | 4480 tok/s (avg 4431) ETA n/a | GPU 2.1/8.5GB | gtok=75382784
  [1] 4625 loss=4.4869 ppl=88.8 lr=2.23e-04 | 4471 tok/s (avg 4431) ETA n/a | GPU 2.1/8.5GB | gtok=75792384
  [1] 4650 loss=4.4467 ppl=85.3 lr=2.22e-04 | 4474 tok/s (avg 4431) ETA n/a | GPU 2.1/8.5GB | gtok=76201984
  [1] 4675 loss=4.4019 ppl=81.6 lr=2.21e-04 | 4469 tok/s (avg 4431) ETA n/a | GPU 2.1/8.5GB | gtok=76611584
  [1] 4700 loss=4.4391 ppl=84.7 lr=2.21e-04 | 4477 tok/s (avg 4432) ETA n/a | GPU 2.1/8.5GB | gtok=77021184
  [1] 4725 loss=4.6730 ppl=107.0 lr=2.20e-04 | 4486 tok/s (avg 4432) ETA n/a | GPU 2.1/8.5GB | gtok=77430784
  [1] 4750 loss=4.3910 ppl=80.7 lr=2.19e-04 | 4490 tok/s (avg 4432) ETA n/a | GPU 2.1/8.5GB | gtok=77840384
  [1] 4775 loss=4.4321 ppl=84.1 lr=2.18e-04 | 4468 tok/s (avg 4432) ETA n/a | GPU 2.1/8.5GB | gtok=78249984
  [1] 4800 loss=4.3071 ppl=74.2 lr=2.17e-04 | 4463 tok/s (avg 4433) ETA n/a | GPU 2.1/8.5GB | gtok=78659584
  [1] 4825 loss=4.4674 ppl=87.1 lr=2.16e-04 | 4475 tok/s (avg 4433) ETA n/a | GPU 2.1/8.5GB | gtok=79069184
  [1] 4850 loss=4.2104 ppl=67.4 lr=2.15e-04 | 4474 tok/s (avg 4433) ETA n/a | GPU 2.1/8.5GB | gtok=79478784
  [1] 4875 loss=4.3670 ppl=78.8 lr=2.15e-04 | 4465 tok/s (avg 4433) ETA n/a | GPU 2.1/8.5GB | gtok=79888384
  [1] 4900 loss=4.3855 ppl=80.3 lr=2.14e-04 | 4477 tok/s (avg 4433) ETA n/a | GPU 2.1/8.5GB | gtok=80297984
  [1] 4925 loss=4.3346 ppl=76.3 lr=2.13e-04 | 4477 tok/s (avg 4434) ETA n/a | GPU 2.1/8.5GB | gtok=80707584
  [1] 4950 loss=4.1706 ppl=64.8 lr=2.12e-04 | 4473 tok/s (avg 4434) ETA n/a | GPU 2.1/8.5GB | gtok=81117184
  [1] 4975 loss=4.5725 ppl=96.8 lr=2.11e-04 | 4475 tok/s (avg 4434) ETA n/a | GPU 2.1/8.5GB | gtok=81526784
Saved checkpoint: checkpoints_v13/200m_v13_D_dense/latest.pt
  [checkpoint @ step 5000, 81,920,000 tok]
  [1] 5000 loss=4.3254 ppl=75.6 lr=2.10e-04 | 4421 tok/s (avg 4434) ETA n/a | GPU 2.1/8.5GB | gtok=81936384
  [mid-epoch sample @ batch 5000, 81,936,384 tok]
  Prompt: In 1923, the University of
  Generated: In 1923, the University of Minnesota was appointed as a member of the National Association for The New York Times.
The second half-day basis was also one of the three main categories of the U.S. Census Bureau (ECID) Act of 1892: A list of official documents on the American continent and the North Atlantic. This includes five key elements of the United States Constitution. These are classified as:
"There is an international report that would help the United States to address the issue for these legislation," said
  [1] 5025 loss=4.3668 ppl=78.8 lr=2.09e-04 | 4264 tok/s (avg 4433) ETA n/a | GPU 2.1/8.5GB | gtok=82345984
  [1] 5050 loss=4.4850 ppl=88.7 lr=2.08e-04 | 3240 tok/s (avg 4425) ETA n/a | GPU 2.1/8.5GB | gtok=82755584
  [1] 5075 loss=4.5054 ppl=90.5 lr=2.07e-04 | 2292 tok/s (avg 4405) ETA n/a | GPU 2.1/8.5GB | gtok=83165184
  [1] 5100 loss=4.4721 ppl=87.5 lr=2.07e-04 | 2424 tok/s (avg 4387) ETA n/a | GPU 2.1/8.5GB | gtok=83574784
  [1] 5125 loss=4.7838 ppl=119.6 lr=2.06e-04 | 4425 tok/s (avg 4387) ETA n/a | GPU 2.1/8.5GB | gtok=83984384
  [1] 5150 loss=4.9595 ppl=142.5 lr=2.05e-04 | 4438 tok/s (avg 4388) ETA n/a | GPU 2.1/8.5GB | gtok=84393984
  [1] 5175 loss=4.4730 ppl=87.6 lr=2.04e-04 | 4439 tok/s (avg 4388) ETA n/a | GPU 2.1/8.5GB | gtok=84803584
  [1] 5200 loss=4.2776 ppl=72.1 lr=2.03e-04 | 4427 tok/s (avg 4388) ETA n/a | GPU 2.1/8.5GB | gtok=85213184
  [1] 5225 loss=4.5217 ppl=92.0 lr=2.02e-04 | 4411 tok/s (avg 4388) ETA n/a | GPU 2.1/8.5GB | gtok=85622784
  [1] 5250 loss=4.3747 ppl=79.4 lr=2.01e-04 | 4438 tok/s (avg 4388) ETA n/a | GPU 2.1/8.5GB | gtok=86032384
  [1] 5275 loss=4.4980 ppl=89.8 lr=2.00e-04 | 4437 tok/s (avg 4389) ETA n/a | GPU 2.1/8.5GB | gtok=86441984
  [1] 5300 loss=4.2534 ppl=70.3 lr=1.99e-04 | 4443 tok/s (avg 4389) ETA n/a | GPU 2.1/8.5GB | gtok=86851584
  [1] 5325 loss=4.5988 ppl=99.4 lr=1.98e-04 | 4467 tok/s (avg 4389) ETA n/a | GPU 2.1/8.5GB | gtok=87261184
  [1] 5350 loss=4.6284 ppl=102.3 lr=1.98e-04 | 4460 tok/s (avg 4390) ETA n/a | GPU 2.1/8.5GB | gtok=87670784
  [1] 5375 loss=4.1559 ppl=63.8 lr=1.97e-04 | 4468 tok/s (avg 4390) ETA n/a | GPU 2.1/8.5GB | gtok=88080384
  [1] 5400 loss=4.3707 ppl=79.1 lr=1.96e-04 | 4458 tok/s (avg 4390) ETA n/a | GPU 2.1/8.5GB | gtok=88489984
  [1] 5425 loss=4.4617 ppl=86.6 lr=1.95e-04 | 4460 tok/s (avg 4391) ETA n/a | GPU 2.1/8.5GB | gtok=88899584
  [1] 5450 loss=4.4942 ppl=89.5 lr=1.94e-04 | 4468 tok/s (avg 4391) ETA n/a | GPU 2.1/8.5GB | gtok=89309184
  [1] 5475 loss=4.3539 ppl=77.8 lr=1.93e-04 | 4471 tok/s (avg 4391) ETA n/a | GPU 2.1/8.5GB | gtok=89718784
  [1] 5500 loss=4.3839 ppl=80.2 lr=1.92e-04 | 4465 tok/s (avg 4392) ETA n/a | GPU 2.1/8.5GB | gtok=90128384
  [1] 5525 loss=4.2811 ppl=72.3 lr=1.91e-04 | 4456 tok/s (avg 4392) ETA n/a | GPU 2.1/8.5GB | gtok=90537984
  [1] 5550 loss=4.2851 ppl=72.6 lr=1.90e-04 | 4460 tok/s (avg 4392) ETA n/a | GPU 2.1/8.5GB | gtok=90947584
  [1] 5575 loss=4.4645 ppl=86.9 lr=1.89e-04 | 4459 tok/s (avg 4393) ETA n/a | GPU 2.1/8.5GB | gtok=91357184
  [1] 5600 loss=4.3168 ppl=75.0 lr=1.88e-04 | 4467 tok/s (avg 4393) ETA n/a | GPU 2.1/8.5GB | gtok=91766784
  [1] 5625 loss=4.3225 ppl=75.4 lr=1.87e-04 | 4458 tok/s (avg 4393) ETA n/a | GPU 2.1/8.5GB | gtok=92176384
  [1] 5650 loss=4.3531 ppl=77.7 lr=1.86e-04 | 4469 tok/s (avg 4393) ETA n/a | GPU 2.1/8.5GB | gtok=92585984
  [1] 5675 loss=4.4110 ppl=82.4 lr=1.85e-04 | 4467 tok/s (avg 4394) ETA n/a | GPU 2.1/8.5GB | gtok=92995584
  [1] 5700 loss=4.4457 ppl=85.3 lr=1.85e-04 | 4461 tok/s (avg 4394) ETA n/a | GPU 2.1/8.5GB | gtok=93405184
  [1] 5725 loss=4.3359 ppl=76.4 lr=1.84e-04 | 4462 tok/s (avg 4394) ETA n/a | GPU 2.1/8.5GB | gtok=93814784
  [1] 5750 loss=4.3743 ppl=79.4 lr=1.83e-04 | 4464 tok/s (avg 4395) ETA n/a | GPU 2.1/8.5GB | gtok=94224384
  [1] 5775 loss=4.3130 ppl=74.7 lr=1.82e-04 | 4457 tok/s (avg 4395) ETA n/a | GPU 2.1/8.5GB | gtok=94633984
  [1] 5800 loss=4.4907 ppl=89.2 lr=1.81e-04 | 4451 tok/s (avg 4395) ETA n/a | GPU 2.1/8.5GB | gtok=95043584
  [1] 5825 loss=4.4170 ppl=82.8 lr=1.80e-04 | 4467 tok/s (avg 4395) ETA n/a | GPU 2.1/8.5GB | gtok=95453184
  [1] 5850 loss=4.4184 ppl=83.0 lr=1.79e-04 | 4471 tok/s (avg 4396) ETA n/a | GPU 2.1/8.5GB | gtok=95862784
  [1] 5875 loss=4.3337 ppl=76.2 lr=1.78e-04 | 4459 tok/s (avg 4396) ETA n/a | GPU 2.1/8.5GB | gtok=96272384
  [1] 5900 loss=4.0955 ppl=60.1 lr=1.77e-04 | 4460 tok/s (avg 4396) ETA n/a | GPU 2.1/8.5GB | gtok=96681984
  [1] 5925 loss=4.3354 ppl=76.4 lr=1.76e-04 | 4455 tok/s (avg 4397) ETA n/a | GPU 2.1/8.5GB | gtok=97091584
  [1] 5950 loss=4.2412 ppl=69.5 lr=1.75e-04 | 4464 tok/s (avg 4397) ETA n/a | GPU 2.1/8.5GB | gtok=97501184
  [1] 5975 loss=4.3564 ppl=78.0 lr=1.74e-04 | 4457 tok/s (avg 4397) ETA n/a | GPU 2.1/8.5GB | gtok=97910784
Saved checkpoint: checkpoints_v13/200m_v13_D_dense/latest.pt
  [checkpoint @ step 6000, 98,304,000 tok]
  [1] 6000 loss=4.1617 ppl=64.2 lr=1.73e-04 | 4427 tok/s (avg 4397) ETA n/a | GPU 2.1/8.5GB | gtok=98320384
  [1] 6025 loss=4.3228 ppl=75.4 lr=1.72e-04 | 4460 tok/s (avg 4397) ETA n/a | GPU 2.1/8.5GB | gtok=98729984
  [1] 6050 loss=4.1893 ppl=66.0 lr=1.71e-04 | 4468 tok/s (avg 4398) ETA n/a | GPU 2.1/8.5GB | gtok=99139584
  [1] 6075 loss=4.2656 ppl=71.2 lr=1.70e-04 | 4462 tok/s (avg 4398) ETA n/a | GPU 2.1/8.5GB | gtok=99549184
  [1] 6100 loss=4.3820 ppl=80.0 lr=1.69e-04 | 4461 tok/s (avg 4398) ETA n/a | GPU 2.1/8.5GB | gtok=99958784
  [1] 6125 loss=4.3628 ppl=78.5 lr=1.68e-04 | 4467 tok/s (avg 4399) ETA n/a | GPU 2.1/8.5GB | gtok=100368384
  [1] 6150 loss=4.6711 ppl=106.8 lr=1.67e-04 | 4455 tok/s (avg 4399) ETA n/a | GPU 2.1/8.5GB | gtok=100777984
  [1] 6175 loss=4.2344 ppl=69.0 lr=1.66e-04 | 4459 tok/s (avg 4399) ETA n/a | GPU 2.1/8.5GB | gtok=101187584
  [1] 6200 loss=4.2724 ppl=71.7 lr=1.66e-04 | 4466 tok/s (avg 4399) ETA n/a | GPU 2.1/8.5GB | gtok=101597184
  [1] 6225 loss=4.2314 ppl=68.8 lr=1.65e-04 | 4464 tok/s (avg 4400) ETA n/a | GPU 2.1/8.5GB | gtok=102006784
  [1] 6250 loss=4.0507 ppl=57.4 lr=1.64e-04 | 4468 tok/s (avg 4400) ETA n/a | GPU 2.1/8.5GB | gtok=102416384
  [1] 6275 loss=4.2281 ppl=68.6 lr=1.63e-04 | 4468 tok/s (avg 4400) ETA n/a | GPU 2.1/8.5GB | gtok=102825984
  [1] 6300 loss=4.5828 ppl=97.8 lr=1.62e-04 | 4467 tok/s (avg 4400) ETA n/a | GPU 2.1/8.5GB | gtok=103235584
  [1] 6325 loss=4.1547 ppl=63.7 lr=1.61e-04 | 4463 tok/s (avg 4401) ETA n/a | GPU 2.1/8.5GB | gtok=103645184
  [1] 6350 loss=4.2709 ppl=71.6 lr=1.60e-04 | 4455 tok/s (avg 4401) ETA n/a | GPU 2.1/8.5GB | gtok=104054784
  [1] 6375 loss=4.1563 ppl=63.8 lr=1.59e-04 | 4464 tok/s (avg 4401) ETA n/a | GPU 2.1/8.5GB | gtok=104464384
  [1] 6400 loss=4.1650 ppl=64.4 lr=1.58e-04 | 4461 tok/s (avg 4401) ETA n/a | GPU 2.1/8.5GB | gtok=104873984
  [1] 6425 loss=4.3041 ppl=74.0 lr=1.57e-04 | 4463 tok/s (avg 4402) ETA n/a | GPU 2.1/8.5GB | gtok=105283584
  [1] 6450 loss=4.3137 ppl=74.7 lr=1.56e-04 | 4463 tok/s (avg 4402) ETA n/a | GPU 2.1/8.5GB | gtok=105693184
  [1] 6475 loss=4.2346 ppl=69.0 lr=1.55e-04 | 4466 tok/s (avg 4402) ETA n/a | GPU 2.1/8.5GB | gtok=106102784
  [1] 6500 loss=4.1395 ppl=62.8 lr=1.54e-04 | 4466 tok/s (avg 4402) ETA n/a | GPU 2.1/8.5GB | gtok=106512384
  [1] 6525 loss=4.3534 ppl=77.7 lr=1.53e-04 | 4475 tok/s (avg 4402) ETA n/a | GPU 2.1/8.5GB | gtok=106921984
  [1] 6550 loss=4.4046 ppl=81.8 lr=1.52e-04 | 4458 tok/s (avg 4403) ETA n/a | GPU 2.1/8.5GB | gtok=107331584
  [1] 6575 loss=4.3265 ppl=75.7 lr=1.51e-04 | 4463 tok/s (avg 4403) ETA n/a | GPU 2.1/8.5GB | gtok=107741184
  [1] 6600 loss=4.2197 ppl=68.0 lr=1.50e-04 | 4453 tok/s (avg 4403) ETA n/a | GPU 2.1/8.5GB | gtok=108150784
  [1] 6625 loss=4.4322 ppl=84.1 lr=1.49e-04 | 4460 tok/s (avg 4403) ETA n/a | GPU 2.1/8.5GB | gtok=108560384
  [1] 6650 loss=4.3592 ppl=78.2 lr=1.48e-04 | 4463 tok/s (avg 4404) ETA n/a | GPU 2.1/8.5GB | gtok=108969984
  [1] 6675 loss=4.0982 ppl=60.2 lr=1.47e-04 | 4457 tok/s (avg 4404) ETA n/a | GPU 2.1/8.5GB | gtok=109379584
  [1] 6700 loss=4.1527 ppl=63.6 lr=1.46e-04 | 4458 tok/s (avg 4404) ETA n/a | GPU 2.1/8.5GB | gtok=109789184
  [1] 6725 loss=4.2622 ppl=71.0 lr=1.45e-04 | 4457 tok/s (avg 4404) ETA n/a | GPU 2.1/8.5GB | gtok=110198784
  [1] 6750 loss=4.4395 ppl=84.7 lr=1.44e-04 | 4457 tok/s (avg 4404) ETA n/a | GPU 2.1/8.5GB | gtok=110608384
  [1] 6775 loss=4.1815 ppl=65.5 lr=1.43e-04 | 4463 tok/s (avg 4405) ETA n/a | GPU 2.1/8.5GB | gtok=111017984
  [1] 6800 loss=4.3578 ppl=78.1 lr=1.42e-04 | 4463 tok/s (avg 4405) ETA n/a | GPU 2.1/8.5GB | gtok=111427584
  [1] 6825 loss=4.1765 ppl=65.1 lr=1.41e-04 | 4464 tok/s (avg 4405) ETA n/a | GPU 2.1/8.5GB | gtok=111837184
  [1] 6850 loss=4.1229 ppl=61.7 lr=1.40e-04 | 4464 tok/s (avg 4405) ETA n/a | GPU 2.1/8.5GB | gtok=112246784
  [1] 6875 loss=3.9456 ppl=51.7 lr=1.39e-04 | 4459 tok/s (avg 4405) ETA n/a | GPU 2.1/8.5GB | gtok=112656384
  [1] 6900 loss=4.0973 ppl=60.2 lr=1.39e-04 | 4462 tok/s (avg 4406) ETA n/a | GPU 2.1/8.5GB | gtok=113065984
  [1] 6925 loss=4.5115 ppl=91.1 lr=1.38e-04 | 4465 tok/s (avg 4406) ETA n/a | GPU 2.1/8.5GB | gtok=113475584
  [1] 6950 loss=4.3125 ppl=74.6 lr=1.37e-04 | 4461 tok/s (avg 4406) ETA n/a | GPU 2.1/8.5GB | gtok=113885184
  [1] 6975 loss=4.2022 ppl=66.8 lr=1.36e-04 | 4459 tok/s (avg 4406) ETA n/a | GPU 2.1/8.5GB | gtok=114294784
Saved checkpoint: checkpoints_v13/200m_v13_D_dense/latest.pt
  [checkpoint @ step 7000, 114,688,000 tok]
  [1] 7000 loss=3.8375 ppl=46.4 lr=1.35e-04 | 4417 tok/s (avg 4406) ETA n/a | GPU 2.1/8.5GB | gtok=114704384
  [1] 7025 loss=4.3031 ppl=73.9 lr=1.34e-04 | 4463 tok/s (avg 4406) ETA n/a | GPU 2.1/8.5GB | gtok=115113984
  [1] 7050 loss=4.2443 ppl=69.7 lr=1.33e-04 | 4454 tok/s (avg 4407) ETA n/a | GPU 2.1/8.5GB | gtok=115523584
  [1] 7075 loss=4.2506 ppl=70.2 lr=1.32e-04 | 4462 tok/s (avg 4407) ETA n/a | GPU 2.1/8.5GB | gtok=115933184
  [1] 7100 loss=4.1519 ppl=63.6 lr=1.31e-04 | 4463 tok/s (avg 4407) ETA n/a | GPU 2.1/8.5GB | gtok=116342784
  [1] 7125 loss=4.1254 ppl=61.9 lr=1.30e-04 | 4463 tok/s (avg 4407) ETA n/a | GPU 2.1/8.5GB | gtok=116752384
  [1] 7150 loss=4.2422 ppl=69.6 lr=1.29e-04 | 4455 tok/s (avg 4407) ETA n/a | GPU 2.1/8.5GB | gtok=117161984
  [1] 7175 loss=3.8700 ppl=47.9 lr=1.28e-04 | 4462 tok/s (avg 4408) ETA n/a | GPU 2.1/8.5GB | gtok=117571584
  [1] 7200 loss=3.9486 ppl=51.9 lr=1.27e-04 | 4461 tok/s (avg 4408) ETA n/a | GPU 2.1/8.5GB | gtok=117981184
  [1] 7225 loss=4.4329 ppl=84.2 lr=1.26e-04 | 4459 tok/s (avg 4408) ETA n/a | GPU 2.1/8.5GB | gtok=118390784
  [1] 7250 loss=4.3659 ppl=78.7 lr=1.25e-04 | 4462 tok/s (avg 4408) ETA n/a | GPU 2.1/8.5GB | gtok=118800384
  [1] 7275 loss=4.0243 ppl=55.9 lr=1.24e-04 | 4463 tok/s (avg 4408) ETA n/a | GPU 2.1/8.5GB | gtok=119209984
  [1] 7300 loss=4.3040 ppl=74.0 lr=1.23e-04 | 4460 tok/s (avg 4408) ETA n/a | GPU 2.1/8.5GB | gtok=119619584
  [1] 7325 loss=4.1616 ppl=64.2 lr=1.22e-04 | 4462 tok/s (avg 4409) ETA n/a | GPU 2.1/8.5GB | gtok=120029184
  [1] 7350 loss=4.5576 ppl=95.4 lr=1.21e-04 | 4459 tok/s (avg 4409) ETA n/a | GPU 2.1/8.5GB | gtok=120438784
  [1] 7375 loss=4.3317 ppl=76.1 lr=1.20e-04 | 4463 tok/s (avg 4409) ETA n/a | GPU 2.1/8.5GB | gtok=120848384
  [1] 7400 loss=4.3601 ppl=78.3 lr=1.19e-04 | 4460 tok/s (avg 4409) ETA n/a | GPU 2.1/8.5GB | gtok=121257984
  [1] 7425 loss=4.3519 ppl=77.6 lr=1.18e-04 | 4455 tok/s (avg 4409) ETA n/a | GPU 2.1/8.5GB | gtok=121667584
  [1] 7450 loss=4.0966 ppl=60.1 lr=1.18e-04 | 4458 tok/s (avg 4409) ETA n/a | GPU 2.1/8.5GB | gtok=122077184
  [1] 7475 loss=3.7545 ppl=42.7 lr=1.17e-04 | 4457 tok/s (avg 4410) ETA n/a | GPU 2.1/8.5GB | gtok=122486784
  [1] 7500 loss=4.2751 ppl=71.9 lr=1.16e-04 | 4460 tok/s (avg 4410) ETA n/a | GPU 2.1/8.5GB | gtok=122896384
  [1] 7525 loss=4.3184 ppl=75.1 lr=1.15e-04 | 4462 tok/s (avg 4410) ETA n/a | GPU 2.1/8.5GB | gtok=123305984
  [1] 7550 loss=4.2587 ppl=70.7 lr=1.14e-04 | 4462 tok/s (avg 4410) ETA n/a | GPU 2.1/8.5GB | gtok=123715584
  [1] 7575 loss=4.3124 ppl=74.6 lr=1.13e-04 | 4466 tok/s (avg 4410) ETA n/a | GPU 2.1/8.5GB | gtok=124125184
  [1] 7600 loss=4.1848 ppl=65.7 lr=1.12e-04 | 4453 tok/s (avg 4410) ETA n/a | GPU 2.1/8.5GB | gtok=124534784
  [1] 7625 loss=4.1130 ppl=61.1 lr=1.11e-04 | 4465 tok/s (avg 4411) ETA n/a | GPU 2.1/8.5GB | gtok=124944384
  [1] 7650 loss=4.2121 ppl=67.5 lr=1.10e-04 | 4460 tok/s (avg 4411) ETA n/a | GPU 2.1/8.5GB | gtok=125353984
  [1] 7675 loss=4.3683 ppl=78.9 lr=1.09e-04 | 4467 tok/s (avg 4411) ETA n/a | GPU 2.1/8.5GB | gtok=125763584
  [1] 7700 loss=4.1585 ppl=64.0 lr=1.08e-04 | 4455 tok/s (avg 4411) ETA n/a | GPU 2.1/8.5GB | gtok=126173184
  [1] 7725 loss=4.2989 ppl=73.6 lr=1.07e-04 | 4469 tok/s (avg 4411) ETA n/a | GPU 2.1/8.5GB | gtok=126582784
  [1] 7750 loss=4.2984 ppl=73.6 lr=1.06e-04 | 4462 tok/s (avg 4411) ETA n/a | GPU 2.1/8.5GB | gtok=126992384
  [1] 7775 loss=4.4786 ppl=88.1 lr=1.05e-04 | 4424 tok/s (avg 4411) ETA n/a | GPU 2.1/8.5GB | gtok=127401984
  [1] 7800 loss=4.3018 ppl=73.8 lr=1.05e-04 | 4437 tok/s (avg 4412) ETA n/a | GPU 2.1/8.5GB | gtok=127811584
  [1] 7825 loss=4.4099 ppl=82.3 lr=1.04e-04 | 4438 tok/s (avg 4412) ETA n/a | GPU 2.1/8.5GB | gtok=128221184
  [1] 7850 loss=4.2597 ppl=70.8 lr=1.03e-04 | 4426 tok/s (avg 4412) ETA n/a | GPU 2.1/8.5GB | gtok=128630784
  [1] 7875 loss=4.1416 ppl=62.9 lr=1.02e-04 | 4423 tok/s (avg 4412) ETA n/a | GPU 2.1/8.5GB | gtok=129040384
  [1] 7900 loss=4.2241 ppl=68.3 lr=1.01e-04 | 4394 tok/s (avg 4412) ETA n/a | GPU 2.1/8.5GB | gtok=129449984
  [1] 7925 loss=4.0875 ppl=59.6 lr=9.99e-05 | 4401 tok/s (avg 4412) ETA n/a | GPU 2.1/8.5GB | gtok=129859584
  [1] 7950 loss=4.1077 ppl=60.8 lr=9.90e-05 | 4402 tok/s (avg 4412) ETA n/a | GPU 2.1/8.5GB | gtok=130269184
  [1] 7975 loss=4.1970 ppl=66.5 lr=9.81e-05 | 4413 tok/s (avg 4412) ETA n/a | GPU 2.1/8.5GB | gtok=130678784
Saved checkpoint: checkpoints_v13/200m_v13_D_dense/latest.pt
  [checkpoint @ step 8000, 131,072,000 tok]
  [1] 8000 loss=4.1319 ppl=62.3 lr=9.72e-05 | 4382 tok/s (avg 4412) ETA n/a | GPU 2.1/8.5GB | gtok=131088384
  [1] 8025 loss=4.3415 ppl=76.8 lr=9.63e-05 | 4402 tok/s (avg 4411) ETA n/a | GPU 2.1/8.5GB | gtok=131497984
  [1] 8050 loss=4.2608 ppl=70.9 lr=9.54e-05 | 4398 tok/s (avg 4411) ETA n/a | GPU 2.1/8.5GB | gtok=131907584
  [1] 8075 loss=4.1077 ppl=60.8 lr=9.45e-05 | 4400 tok/s (avg 4411) ETA n/a | GPU 2.1/8.5GB | gtok=132317184
  [1] 8100 loss=3.9828 ppl=53.7 lr=9.36e-05 | 4403 tok/s (avg 4411) ETA n/a | GPU 2.1/8.5GB | gtok=132726784
  [1] 8125 loss=4.3082 ppl=74.3 lr=9.27e-05 | 4411 tok/s (avg 4411) ETA n/a | GPU 2.1/8.5GB | gtok=133136384
  [1] 8150 loss=3.8900 ppl=48.9 lr=9.18e-05 | 4423 tok/s (avg 4411) ETA n/a | GPU 2.1/8.5GB | gtok=133545984
  [1] 8175 loss=4.1197 ppl=61.5 lr=9.09e-05 | 4426 tok/s (avg 4411) ETA n/a | GPU 2.1/8.5GB | gtok=133955584
  [1] 8200 loss=4.2030 ppl=66.9 lr=9.01e-05 | 4423 tok/s (avg 4411) ETA n/a | GPU 2.1/8.5GB | gtok=134365184
  [1] 8225 loss=4.4288 ppl=83.8 lr=8.92e-05 | 4421 tok/s (avg 4412) ETA n/a | GPU 2.1/8.5GB | gtok=134774784
  [1] 8250 loss=4.5818 ppl=97.7 lr=8.83e-05 | 4433 tok/s (avg 4412) ETA n/a | GPU 2.1/8.5GB | gtok=135184384
  [1] 8275 loss=3.7318 ppl=41.8 lr=8.74e-05 | 4426 tok/s (avg 4412) ETA n/a | GPU 2.1/8.5GB | gtok=135593984
  [1] 8300 loss=4.3421 ppl=76.9 lr=8.65e-05 | 4419 tok/s (avg 4412) ETA n/a | GPU 2.1/8.5GB | gtok=136003584
  [1] 8325 loss=4.1026 ppl=60.5 lr=8.57e-05 | 4404 tok/s (avg 4412) ETA n/a | GPU 2.1/8.5GB | gtok=136413184
  [1] 8350 loss=3.7427 ppl=42.2 lr=8.48e-05 | 4426 tok/s (avg 4412) ETA n/a | GPU 2.1/8.5GB | gtok=136822784
  [1] 8375 loss=4.2092 ppl=67.3 lr=8.39e-05 | 4419 tok/s (avg 4412) ETA n/a | GPU 2.1/8.5GB | gtok=137232384
  [1] 8400 loss=4.2641 ppl=71.1 lr=8.31e-05 | 4433 tok/s (avg 4412) ETA n/a | GPU 2.1/8.5GB | gtok=137641984
  [1] 8425 loss=4.0184 ppl=55.6 lr=8.22e-05 | 4435 tok/s (avg 4412) ETA n/a | GPU 2.1/8.5GB | gtok=138051584
  [1] 8450 loss=4.3511 ppl=77.6 lr=8.13e-05 | 4405 tok/s (avg 4412) ETA n/a | GPU 2.1/8.5GB | gtok=138461184
  [1] 8475 loss=4.1876 ppl=65.9 lr=8.05e-05 | 4411 tok/s (avg 4412) ETA n/a | GPU 2.1/8.5GB | gtok=138870784
  [1] 8500 loss=4.0440 ppl=57.1 lr=7.96e-05 | 4401 tok/s (avg 4412) ETA n/a | GPU 2.1/8.5GB | gtok=139280384
  [1] 8525 loss=3.8382 ppl=46.4 lr=7.88e-05 | 4423 tok/s (avg 4412) ETA n/a | GPU 2.1/8.5GB | gtok=139689984
  [1] 8550 loss=4.1458 ppl=63.2 lr=7.79e-05 | 4415 tok/s (avg 4412) ETA n/a | GPU 2.1/8.5GB | gtok=140099584
  [1] 8575 loss=4.1517 ppl=63.5 lr=7.71e-05 | 4415 tok/s (avg 4412) ETA n/a | GPU 2.1/8.5GB | gtok=140509184
  [1] 8600 loss=4.1813 ppl=65.5 lr=7.62e-05 | 4408 tok/s (avg 4412) ETA n/a | GPU 2.1/8.5GB | gtok=140918784
  [1] 8625 loss=4.2054 ppl=67.0 lr=7.54e-05 | 4417 tok/s (avg 4412) ETA n/a | GPU 2.1/8.5GB | gtok=141328384
  [1] 8650 loss=4.0305 ppl=56.3 lr=7.46e-05 | 4430 tok/s (avg 4412) ETA n/a | GPU 2.1/8.5GB | gtok=141737984
  [1] 8675 loss=3.8926 ppl=49.0 lr=7.37e-05 | 4425 tok/s (avg 4412) ETA n/a | GPU 2.1/8.5GB | gtok=142147584
  [1] 8700 loss=4.1214 ppl=61.6 lr=7.29e-05 | 4388 tok/s (avg 4412) ETA n/a | GPU 2.1/8.5GB | gtok=142557184
  [1] 8725 loss=4.1889 ppl=66.0 lr=7.21e-05 | 4403 tok/s (avg 4412) ETA n/a | GPU 2.1/8.5GB | gtok=142966784
  [1] 8750 loss=4.3898 ppl=80.6 lr=7.13e-05 | 4418 tok/s (avg 4412) ETA n/a | GPU 2.1/8.5GB | gtok=143376384
  [1] 8775 loss=4.0998 ppl=60.3 lr=7.04e-05 | 4456 tok/s (avg 4412) ETA n/a | GPU 2.1/8.5GB | gtok=143785984
  [1] 8800 loss=3.9215 ppl=50.5 lr=6.96e-05 | 4447 tok/s (avg 4412) ETA n/a | GPU 2.1/8.5GB | gtok=144195584
  [1] 8825 loss=4.2272 ppl=68.5 lr=6.88e-05 | 4450 tok/s (avg 4412) ETA n/a | GPU 2.1/8.5GB | gtok=144605184
  [1] 8850 loss=4.1250 ppl=61.9 lr=6.80e-05 | 4466 tok/s (avg 4412) ETA n/a | GPU 2.1/8.5GB | gtok=145014784
  [1] 8875 loss=4.2762 ppl=72.0 lr=6.72e-05 | 4437 tok/s (avg 4412) ETA n/a | GPU 2.1/8.5GB | gtok=145424384
  [1] 8900 loss=3.7293 ppl=41.6 lr=6.64e-05 | 4428 tok/s (avg 4412) ETA n/a | GPU 2.1/8.5GB | gtok=145833984
  [1] 8925 loss=4.1808 ppl=65.4 lr=6.56e-05 | 4420 tok/s (avg 4412) ETA n/a | GPU 2.1/8.5GB | gtok=146243584
  [1] 8950 loss=4.3108 ppl=74.5 lr=6.48e-05 | 4442 tok/s (avg 4413) ETA n/a | GPU 2.1/8.5GB | gtok=146653184
  [1] 8975 loss=4.3189 ppl=75.1 lr=6.40e-05 | 4432 tok/s (avg 4413) ETA n/a | GPU 2.1/8.5GB | gtok=147062784
Saved checkpoint: checkpoints_v13/200m_v13_D_dense/latest.pt
  [checkpoint @ step 9000, 147,456,000 tok]
  [1] 9000 loss=3.7303 ppl=41.7 lr=6.32e-05 | 4382 tok/s (avg 4412) ETA n/a | GPU 2.1/8.5GB | gtok=147472384
  [1] 9025 loss=4.2732 ppl=71.7 lr=6.24e-05 | 4422 tok/s (avg 4413) ETA n/a | GPU 2.1/8.5GB | gtok=147881984
  [1] 9050 loss=4.4186 ppl=83.0 lr=6.16e-05 | 4421 tok/s (avg 4413) ETA n/a | GPU 2.1/8.5GB | gtok=148291584
  [1] 9075 loss=4.1101 ppl=61.0 lr=6.09e-05 | 4426 tok/s (avg 4413) ETA n/a | GPU 2.1/8.5GB | gtok=148701184
  [1] 9100 loss=4.3197 ppl=75.2 lr=6.01e-05 | 4433 tok/s (avg 4413) ETA n/a | GPU 2.1/8.5GB | gtok=149110784
  [1] 9125 loss=4.2551 ppl=70.5 lr=5.93e-05 | 4426 tok/s (avg 4413) ETA n/a | GPU 2.1/8.5GB | gtok=149520384
  [1] 9150 loss=4.2734 ppl=71.8 lr=5.86e-05 | 4377 tok/s (avg 4413) ETA n/a | GPU 2.1/8.5GB | gtok=149929984
  [1] 9175 loss=4.0602 ppl=58.0 lr=5.78e-05 | 4404 tok/s (avg 4413) ETA n/a | GPU 2.1/8.5GB | gtok=150339584
  [1] 9200 loss=4.3301 ppl=76.0 lr=5.70e-05 | 4456 tok/s (avg 4413) ETA n/a | GPU 2.1/8.5GB | gtok=150749184
  [1] 9225 loss=4.4474 ppl=85.4 lr=5.63e-05 | 4458 tok/s (avg 4413) ETA n/a | GPU 2.1/8.5GB | gtok=151158784
  [1] 9250 loss=4.4871 ppl=88.9 lr=5.55e-05 | 4464 tok/s (avg 4413) ETA n/a | GPU 2.1/8.5GB | gtok=151568384
  [1] 9275 loss=4.2065 ppl=67.1 lr=5.48e-05 | 4454 tok/s (avg 4413) ETA n/a | GPU 2.1/8.5GB | gtok=151977984
  [1] 9300 loss=4.0762 ppl=58.9 lr=5.40e-05 | 4463 tok/s (avg 4413) ETA n/a | GPU 2.1/8.5GB | gtok=152387584
  [1] 9325 loss=3.9382 ppl=51.3 lr=5.33e-05 | 4431 tok/s (avg 4413) ETA n/a | GPU 2.1/8.5GB | gtok=152797184
  [1] 9350 loss=4.0807 ppl=59.2 lr=5.26e-05 | 4435 tok/s (avg 4413) ETA n/a | GPU 2.1/8.5GB | gtok=153206784
  [1] 9375 loss=3.8685 ppl=47.9 lr=5.18e-05 | 4443 tok/s (avg 4413) ETA n/a | GPU 2.1/8.5GB | gtok=153616384
  [1] 9400 loss=4.1931 ppl=66.2 lr=5.11e-05 | 4460 tok/s (avg 4413) ETA n/a | GPU 2.1/8.5GB | gtok=154025984
  [1] 9425 loss=4.0193 ppl=55.7 lr=5.04e-05 | 4461 tok/s (avg 4414) ETA n/a | GPU 2.1/8.5GB | gtok=154435584
  [1] 9450 loss=4.1941 ppl=66.3 lr=4.97e-05 | 4457 tok/s (avg 4414) ETA n/a | GPU 2.1/8.5GB | gtok=154845184
  [1] 9475 loss=4.1903 ppl=66.0 lr=4.89e-05 | 4466 tok/s (avg 4414) ETA n/a | GPU 2.1/8.5GB | gtok=155254784
  [1] 9500 loss=4.3561 ppl=78.0 lr=4.82e-05 | 4462 tok/s (avg 4414) ETA n/a | GPU 2.1/8.5GB | gtok=155664384
  [1] 9525 loss=4.2413 ppl=69.5 lr=4.75e-05 | 4454 tok/s (avg 4414) ETA n/a | GPU 2.1/8.5GB | gtok=156073984
  [1] 9550 loss=4.3042 ppl=74.0 lr=4.68e-05 | 4457 tok/s (avg 4414) ETA n/a | GPU 2.1/8.5GB | gtok=156483584
  [1] 9575 loss=4.1873 ppl=65.8 lr=4.61e-05 | 4461 tok/s (avg 4414) ETA n/a | GPU 2.1/8.5GB | gtok=156893184
  [1] 9600 loss=4.0013 ppl=54.7 lr=4.54e-05 | 4467 tok/s (avg 4414) ETA n/a | GPU 2.1/8.5GB | gtok=157302784
  [1] 9625 loss=4.3493 ppl=77.4 lr=4.47e-05 | 4460 tok/s (avg 4415) ETA n/a | GPU 2.1/8.5GB | gtok=157712384
  [1] 9650 loss=4.0271 ppl=56.1 lr=4.41e-05 | 4453 tok/s (avg 4415) ETA n/a | GPU 2.1/8.5GB | gtok=158121984
  [1] 9675 loss=3.8598 ppl=47.5 lr=4.34e-05 | 4459 tok/s (avg 4415) ETA n/a | GPU 2.1/8.5GB | gtok=158531584
  [1] 9700 loss=4.1821 ppl=65.5 lr=4.27e-05 | 4462 tok/s (avg 4415) ETA n/a | GPU 2.1/8.5GB | gtok=158941184
  [1] 9725 loss=4.0988 ppl=60.3 lr=4.20e-05 | 4462 tok/s (avg 4415) ETA n/a | GPU 2.1/8.5GB | gtok=159350784
  [1] 9750 loss=4.0199 ppl=55.7 lr=4.14e-05 | 4462 tok/s (avg 4415) ETA n/a | GPU 2.1/8.5GB | gtok=159760384
  [1] 9775 loss=4.4031 ppl=81.7 lr=4.07e-05 | 4449 tok/s (avg 4415) ETA n/a | GPU 2.1/8.5GB | gtok=160169984
  [1] 9800 loss=4.3105 ppl=74.5 lr=4.00e-05 | 4459 tok/s (avg 4415) ETA n/a | GPU 2.1/8.5GB | gtok=160579584
  [1] 9825 loss=4.2431 ppl=69.6 lr=3.94e-05 | 4465 tok/s (avg 4415) ETA n/a | GPU 2.1/8.5GB | gtok=160989184
  [1] 9850 loss=3.4987 ppl=33.1 lr=3.87e-05 | 4459 tok/s (avg 4416) ETA n/a | GPU 2.1/8.5GB | gtok=161398784
  [1] 9875 loss=3.6510 ppl=38.5 lr=3.81e-05 | 4462 tok/s (avg 4416) ETA n/a | GPU 2.1/8.5GB | gtok=161808384
  [1] 9900 loss=4.3177 ppl=75.0 lr=3.74e-05 | 4461 tok/s (avg 4416) ETA n/a | GPU 2.1/8.5GB | gtok=162217984
  [1] 9925 loss=4.2533 ppl=70.3 lr=3.68e-05 | 4406 tok/s (avg 4416) ETA n/a | GPU 2.1/8.5GB | gtok=162627584
  [1] 9950 loss=4.2315 ppl=68.8 lr=3.62e-05 | 4413 tok/s (avg 4416) ETA n/a | GPU 2.1/8.5GB | gtok=163037184
  [1] 9975 loss=4.1205 ppl=61.6 lr=3.55e-05 | 4455 tok/s (avg 4416) ETA n/a | GPU 2.1/8.5GB | gtok=163446784
Saved checkpoint: checkpoints_v13/200m_v13_D_dense/latest.pt
  [checkpoint @ step 10000, 163,840,000 tok]
  [1] 10000 loss=4.2556 ppl=70.5 lr=3.49e-05 | 4416 tok/s (avg 4416) ETA n/a | GPU 2.1/8.5GB | gtok=163856384
  [mid-epoch sample @ batch 10000, 163,856,384 tok]
  Prompt: In 1923, the University of
  Generated: In 1923, the University of Chicago was founded by Jean-Jacques de Montes and his father-in-law. He had come to England in the same way as he did with his wife, who were called "Babylon." In 1879, this time, he began building a series of "Ape" (a work of the Old French) which he built by Henry's daughter, Josephus Maccudalius, who was buried on the site at Gizat.
The first word for
  [1] 10025 loss=3.9751 ppl=53.3 lr=3.43e-05 | 4269 tok/s (avg 4415) ETA n/a | GPU 2.1/8.5GB | gtok=164265984
  [1] 10050 loss=4.0905 ppl=59.8 lr=3.37e-05 | 4469 tok/s (avg 4416) ETA n/a | GPU 2.1/8.5GB | gtok=164675584
  [1] 10075 loss=4.0001 ppl=54.6 lr=3.31e-05 | 4467 tok/s (avg 4416) ETA n/a | GPU 2.1/8.5GB | gtok=165085184
  [1] 10100 loss=4.1279 ppl=62.0 lr=3.25e-05 | 4456 tok/s (avg 4416) ETA n/a | GPU 2.1/8.5GB | gtok=165494784
  [1] 10125 loss=4.1277 ppl=62.0 lr=3.19e-05 | 4469 tok/s (avg 4416) ETA n/a | GPU 2.1/8.5GB | gtok=165904384
  [1] 10150 loss=4.1897 ppl=66.0 lr=3.13e-05 | 4463 tok/s (avg 4416) ETA n/a | GPU 2.1/8.5GB | gtok=166313984
  [1] 10175 loss=3.9844 ppl=53.8 lr=3.07e-05 | 4466 tok/s (avg 4416) ETA n/a | GPU 2.1/8.5GB | gtok=166723584
  [1] 10200 loss=3.7235 ppl=41.4 lr=3.01e-05 | 4262 tok/s (avg 4416) ETA n/a | GPU 2.1/8.5GB | gtok=167133184
  [1] 10225 loss=4.1400 ppl=62.8 lr=2.96e-05 | 4285 tok/s (avg 4415) ETA n/a | GPU 2.1/8.5GB | gtok=167542784
  [1] 10250 loss=4.2218 ppl=68.2 lr=2.90e-05 | 4261 tok/s (avg 4415) ETA n/a | GPU 2.1/8.5GB | gtok=167952384
  [1] 10275 loss=4.1882 ppl=65.9 lr=2.84e-05 | 4087 tok/s (avg 4414) ETA n/a | GPU 2.1/8.5GB | gtok=168361984
  [1] 10300 loss=3.9555 ppl=52.2 lr=2.78e-05 | 4134 tok/s (avg 4414) ETA n/a | GPU 2.1/8.5GB | gtok=168771584
  [1] 10325 loss=4.0924 ppl=59.9 lr=2.73e-05 | 4086 tok/s (avg 4413) ETA n/a | GPU 2.1/8.5GB | gtok=169181184
  [1] 10350 loss=4.2032 ppl=66.9 lr=2.67e-05 | 4140 tok/s (avg 4412) ETA n/a | GPU 2.1/8.5GB | gtok=169590784
  [1] 10375 loss=4.0699 ppl=58.6 lr=2.62e-05 | 3958 tok/s (avg 4411) ETA n/a | GPU 2.1/8.5GB | gtok=170000384
  [1] 10400 loss=3.9195 ppl=50.4 lr=2.56e-05 | 4042 tok/s (avg 4410) ETA n/a | GPU 2.1/8.5GB | gtok=170409984
  [1] 10425 loss=4.0009 ppl=54.6 lr=2.51e-05 | 4019 tok/s (avg 4409) ETA n/a | GPU 2.1/8.5GB | gtok=170819584
  [1] 10450 loss=4.0844 ppl=59.4 lr=2.46e-05 | 4291 tok/s (avg 4408) ETA n/a | GPU 2.1/8.5GB | gtok=171229184
  [1] 10475 loss=4.1285 ppl=62.1 lr=2.41e-05 | 4311 tok/s (avg 4408) ETA n/a | GPU 2.1/8.5GB | gtok=171638784
  [1] 10500 loss=3.9540 ppl=52.1 lr=2.35e-05 | 4300 tok/s (avg 4408) ETA n/a | GPU 2.1/8.5GB | gtok=172048384
  [1] 10525 loss=3.9885 ppl=54.0 lr=2.30e-05 | 4309 tok/s (avg 4408) ETA n/a | GPU 2.1/8.5GB | gtok=172457984
  [1] 10550 loss=3.7243 ppl=41.4 lr=2.25e-05 | 3976 tok/s (avg 4407) ETA n/a | GPU 2.1/8.5GB | gtok=172867584
  [1] 10575 loss=4.0069 ppl=55.0 lr=2.20e-05 | 4001 tok/s (avg 4406) ETA n/a | GPU 2.1/8.5GB | gtok=173277184
  [1] 10600 loss=3.8446 ppl=46.7 lr=2.15e-05 | 3936 tok/s (avg 4404) ETA n/a | GPU 2.1/8.5GB | gtok=173686784
  [1] 10625 loss=4.1208 ppl=61.6 lr=2.10e-05 | 3914 tok/s (avg 4403) ETA n/a | GPU 2.1/8.5GB | gtok=174096384
  [1] 10650 loss=4.1346 ppl=62.5 lr=2.05e-05 | 3966 tok/s (avg 4402) ETA n/a | GPU 2.1/8.5GB | gtok=174505984
  [1] 10675 loss=4.0847 ppl=59.4 lr=2.00e-05 | 4174 tok/s (avg 4401) ETA n/a | GPU 2.1/8.5GB | gtok=174915584
  [1] 10700 loss=3.8128 ppl=45.3 lr=1.95e-05 | 4196 tok/s (avg 4401) ETA n/a | GPU 2.1/8.5GB | gtok=175325184
  [1] 10725 loss=4.1176 ppl=61.4 lr=1.91e-05 | 4283 tok/s (avg 4401) ETA n/a | GPU 2.1/8.5GB | gtok=175734784
  [1] 10750 loss=4.1069 ppl=60.8 lr=1.86e-05 | 4315 tok/s (avg 4400) ETA n/a | GPU 2.1/8.5GB | gtok=176144384
  [1] 10775 loss=3.9851 ppl=53.8 lr=1.81e-05 | 4309 tok/s (avg 4400) ETA n/a | GPU 2.1/8.5GB | gtok=176553984
  [1] 10800 loss=4.0041 ppl=54.8 lr=1.77e-05 | 4270 tok/s (avg 4400) ETA n/a | GPU 2.1/8.5GB | gtok=176963584
  [1] 10825 loss=4.1015 ppl=60.4 lr=1.72e-05 | 4289 tok/s (avg 4400) ETA n/a | GPU 2.1/8.5GB | gtok=177373184
  [1] 10850 loss=4.2208 ppl=68.1 lr=1.68e-05 | 4189 tok/s (avg 4399) ETA n/a | GPU 2.1/8.5GB | gtok=177782784
  [1] 10875 loss=4.0960 ppl=60.1 lr=1.63e-05 | 4024 tok/s (avg 4398) ETA n/a | GPU 2.1/8.5GB | gtok=178192384
  [1] 10900 loss=3.9702 ppl=53.0 lr=1.59e-05 | 4044 tok/s (avg 4397) ETA n/a | GPU 2.1/8.5GB | gtok=178601984
  [1] 10925 loss=3.8799 ppl=48.4 lr=1.55e-05 | 4317 tok/s (avg 4397) ETA n/a | GPU 2.1/8.5GB | gtok=179011584
  [1] 10950 loss=4.1498 ppl=63.4 lr=1.51e-05 | 4314 tok/s (avg 4397) ETA n/a | GPU 2.1/8.5GB | gtok=179421184
  [1] 10975 loss=4.2032 ppl=66.9 lr=1.46e-05 | 4272 tok/s (avg 4397) ETA n/a | GPU 2.1/8.5GB | gtok=179830784
Saved checkpoint: checkpoints_v13/200m_v13_D_dense/latest.pt
  [checkpoint @ step 11000, 180,224,000 tok]
  [1] 11000 loss=4.0378 ppl=56.7 lr=1.42e-05 | 4022 tok/s (avg 4396) ETA n/a | GPU 2.1/8.5GB | gtok=180240384
  [1] 11025 loss=4.2633 ppl=71.0 lr=1.38e-05 | 3994 tok/s (avg 4395) ETA n/a | GPU 2.1/8.5GB | gtok=180649984
  [1] 11050 loss=4.1478 ppl=63.3 lr=1.34e-05 | 3953 tok/s (avg 4393) ETA n/a | GPU 2.1/8.5GB | gtok=181059584
  [1] 11075 loss=3.6006 ppl=36.6 lr=1.30e-05 | 3922 tok/s (avg 4392) ETA n/a | GPU 2.1/8.5GB | gtok=181469184
  [1] 11100 loss=4.2044 ppl=67.0 lr=1.26e-05 | 3920 tok/s (avg 4391) ETA n/a | GPU 2.1/8.5GB | gtok=181878784
  [1] 11125 loss=4.0633 ppl=58.2 lr=1.22e-05 | 3946 tok/s (avg 4390) ETA n/a | GPU 2.1/8.5GB | gtok=182288384
  [1] 11150 loss=4.0709 ppl=58.6 lr=1.19e-05 | 3907 tok/s (avg 4389) ETA n/a | GPU 2.1/8.5GB | gtok=182697984
  [1] 11175 loss=4.2215 ppl=68.1 lr=1.15e-05 | 3950 tok/s (avg 4388) ETA n/a | GPU 2.1/8.5GB | gtok=183107584
  [1] 11200 loss=4.3466 ppl=77.2 lr=1.11e-05 | 4039 tok/s (avg 4387) ETA n/a | GPU 2.1/8.5GB | gtok=183517184
  [1] 11225 loss=3.9877 ppl=53.9 lr=1.08e-05 | 3929 tok/s (avg 4386) ETA n/a | GPU 2.1/8.5GB | gtok=183926784
  [1] 11250 loss=4.2141 ppl=67.6 lr=1.04e-05 | 4022 tok/s (avg 4385) ETA n/a | GPU 2.1/8.5GB | gtok=184336384
  [1] 11275 loss=3.9832 ppl=53.7 lr=1.01e-05 | 4133 tok/s (avg 4384) ETA n/a | GPU 2.1/8.5GB | gtok=184745984
  [1] 11300 loss=4.0059 ppl=54.9 lr=9.71e-06 | 4253 tok/s (avg 4384) ETA n/a | GPU 2.1/8.5GB | gtok=185155584
  [1] 11325 loss=4.0288 ppl=56.2 lr=9.37e-06 | 4148 tok/s (avg 4383) ETA n/a | GPU 2.1/8.5GB | gtok=185565184
  [1] 11350 loss=3.9871 ppl=53.9 lr=9.04e-06 | 4057 tok/s (avg 4383) ETA n/a | GPU 2.1/8.5GB | gtok=185974784
  [1] 11375 loss=4.2270 ppl=68.5 lr=8.71e-06 | 4008 tok/s (avg 4382) ETA n/a | GPU 2.1/8.5GB | gtok=186384384
  [1] 11400 loss=3.9904 ppl=54.1 lr=8.39e-06 | 4016 tok/s (avg 4381) ETA n/a | GPU 2.1/8.5GB | gtok=186793984
  [1] 11425 loss=3.9357 ppl=51.2 lr=8.08e-06 | 4089 tok/s (avg 4380) ETA n/a | GPU 2.1/8.5GB | gtok=187203584
  [1] 11450 loss=4.1097 ppl=60.9 lr=7.77e-06 | 4193 tok/s (avg 4380) ETA n/a | GPU 2.1/8.5GB | gtok=187613184
  [1] 11475 loss=3.9435 ppl=51.6 lr=7.46e-06 | 4151 tok/s (avg 4379) ETA n/a | GPU 2.1/8.5GB | gtok=188022784
  [1] 11500 loss=3.7281 ppl=41.6 lr=7.17e-06 | 4264 tok/s (avg 4379) ETA n/a | GPU 2.1/8.5GB | gtok=188432384
  [1] 11525 loss=4.2365 ppl=69.2 lr=6.88e-06 | 4380 tok/s (avg 4379) ETA n/a | GPU 2.1/8.5GB | gtok=188841984
  [1] 11550 loss=3.8792 ppl=48.4 lr=6.59e-06 | 4332 tok/s (avg 4379) ETA n/a | GPU 2.1/8.5GB | gtok=189251584
  [1] 11575 loss=4.1570 ppl=63.9 lr=6.31e-06 | 4330 tok/s (avg 4379) ETA n/a | GPU 2.1/8.5GB | gtok=189661184
  [1] 11600 loss=3.9294 ppl=50.9 lr=6.04e-06 | 4360 tok/s (avg 4379) ETA n/a | GPU 2.1/8.5GB | gtok=190070784
  [1] 11625 loss=4.1010 ppl=60.4 lr=5.77e-06 | 4340 tok/s (avg 4379) ETA n/a | GPU 2.1/8.5GB | gtok=190480384
  [1] 11650 loss=3.9140 ppl=50.1 lr=5.51e-06 | 4279 tok/s (avg 4378) ETA n/a | GPU 2.1/8.5GB | gtok=190889984
  [1] 11675 loss=4.3855 ppl=80.3 lr=5.25e-06 | 4398 tok/s (avg 4378) ETA n/a | GPU 2.1/8.5GB | gtok=191299584
  [1] 11700 loss=4.1685 ppl=64.6 lr=5.00e-06 | 4403 tok/s (avg 4378) ETA n/a | GPU 2.1/8.5GB | gtok=191709184
  [1] 11725 loss=4.2742 ppl=71.8 lr=4.76e-06 | 4390 tok/s (avg 4378) ETA n/a | GPU 2.1/8.5GB | gtok=192118784
  [1] 11750 loss=3.9590 ppl=52.4 lr=4.52e-06 | 4328 tok/s (avg 4378) ETA n/a | GPU 2.1/8.5GB | gtok=192528384
  [1] 11775 loss=4.2631 ppl=71.0 lr=4.29e-06 | 4401 tok/s (avg 4378) ETA n/a | GPU 2.1/8.5GB | gtok=192937984
  [1] 11800 loss=3.8607 ppl=47.5 lr=4.06e-06 | 4341 tok/s (avg 4378) ETA n/a | GPU 2.1/8.5GB | gtok=193347584
  [1] 11825 loss=4.2843 ppl=72.5 lr=3.84e-06 | 4334 tok/s (avg 4378) ETA n/a | GPU 2.1/8.5GB | gtok=193757184
  [1] 11850 loss=4.1316 ppl=62.3 lr=3.63e-06 | 4389 tok/s (avg 4378) ETA n/a | GPU 2.1/8.5GB | gtok=194166784
  [1] 11875 loss=4.3109 ppl=74.5 lr=3.42e-06 | 4328 tok/s (avg 4378) ETA n/a | GPU 2.1/8.5GB | gtok=194576384
  [1] 11900 loss=4.0947 ppl=60.0 lr=3.22e-06 | 4306 tok/s (avg 4378) ETA n/a | GPU 2.1/8.5GB | gtok=194985984
  [1] 11925 loss=4.1251 ppl=61.9 lr=3.02e-06 | 4217 tok/s (avg 4378) ETA n/a | GPU 2.1/8.5GB | gtok=195395584
  [1] 11950 loss=4.1485 ppl=63.3 lr=2.83e-06 | 4337 tok/s (avg 4378) ETA n/a | GPU 2.1/8.5GB | gtok=195805184
  [1] 11975 loss=3.8130 ppl=45.3 lr=2.65e-06 | 4132 tok/s (avg 4377) ETA n/a | GPU 2.1/8.5GB | gtok=196214784
Saved checkpoint: checkpoints_v13/200m_v13_D_dense/latest.pt
  [checkpoint @ step 12000, 196,608,000 tok]
  [1] 12000 loss=4.1055 ppl=60.7 lr=2.47e-06 | 4054 tok/s (avg 4376) ETA n/a | GPU 2.1/8.5GB | gtok=196624384
  [1] 12025 loss=4.1545 ppl=63.7 lr=2.30e-06 | 4099 tok/s (avg 4376) ETA n/a | GPU 2.1/8.5GB | gtok=197033984
  [1] 12050 loss=4.1203 ppl=61.6 lr=2.13e-06 | 4080 tok/s (avg 4375) ETA n/a | GPU 2.1/8.5GB | gtok=197443584
  [1] 12075 loss=4.2860 ppl=72.7 lr=1.97e-06 | 3957 tok/s (avg 4374) ETA n/a | GPU 2.1/8.5GB | gtok=197853184
  [1] 12100 loss=3.9301 ppl=50.9 lr=1.82e-06 | 4265 tok/s (avg 4374) ETA n/a | GPU 2.1/8.5GB | gtok=198262784
  [1] 12125 loss=3.9682 ppl=52.9 lr=1.67e-06 | 4199 tok/s (avg 4373) ETA n/a | GPU 2.1/8.5GB | gtok=198672384
  [1] 12150 loss=4.2290 ppl=68.7 lr=1.53e-06 | 4333 tok/s (avg 4373) ETA n/a | GPU 2.1/8.5GB | gtok=199081984
  [1] 12175 loss=4.1944 ppl=66.3 lr=1.40e-06 | 4301 tok/s (avg 4373) ETA n/a | GPU 2.1/8.5GB | gtok=199491584
  [1] 12200 loss=4.0971 ppl=60.2 lr=1.27e-06 | 4248 tok/s (avg 4373) ETA n/a | GPU 2.1/8.5GB | gtok=199901184
  Token budget reached: 200,001,536 / 200,000,000
Epoch 1/9999 | Train Loss: 4.5735 PPL: 96.88 | 4373 tok/s | Time: 45739.2s (200,001,536 tok) | Val Loss: 4.1334 PPL: 62.39 Acc: 0.321 | Wiki PPL: 178.34 *best*
Saved checkpoint: checkpoints_v13/200m_v13_D_dense/best_model.pt

Stopping: token budget 200,000,000 reached.
Saved checkpoint: checkpoints_v13/200m_v13_D_dense/final_model.pt

Training complete (token budget)!
Total wall time: 45759.7s (12.71h)
Best Val Loss: 4.1334, Best Val PPL: 62.39

Wall clock end: 2026-08-27 12:28:37
terminate called without an active exception
