usage: train.py [-h]
                [--preset {v11_baseline,v11_e1_perchannel,v11_e2_delta,v11_e3_multistate,v11_e3_k3,v11_e3_k3_chat,v11_e3_k3_chat_gate,v11_e3_k3_chat_recall,v11_e3_k3_chat_compete,v11_e1e3_combo,tiny,tiny_e1,tiny_e2,tiny_e3,tiny_e1e3,v11_micro_10m,v11_micro_10m_delta,v11_micro_10m_vault,v11_micro_10m_phase,v13_e3_k3_selective,v13_micro_10m_recall}]
                [--dataset {wikitext103,tinystories,dclm_edu,fineweb_edu,pretrain_mix,smoltalk2,tulu3}]
                [--stage {lm,pretrain,sft}] [--epochs EPOCHS]
                [--batch_size BATCH_SIZE] [--lr LR]
                [--weight_decay WEIGHT_DECAY] [--warmup_steps WARMUP_STEPS]
                [--seq_len SEQ_LEN] [--dropout DROPOUT]
                [--gradient_clip GRADIENT_CLIP] [--compile]
                [--compile_mode {default,reduce-overhead,max-autotune}]
                [--amp_dtype {auto,bf16,fp16}] [--num_workers NUM_WORKERS]
                [--max_samples MAX_SAMPLES] [--token_budget TOKEN_BUDGET]
                [--edu_score_min EDU_SCORE_MIN]
                [--pretrain_sources PRETRAIN_SOURCES]
                [--pretrain_weights PRETRAIN_WEIGHTS]
                [--blend_warmup_tokens BLEND_WARMUP_TOKENS]
                [--fineweb_name FINEWEB_NAME] [--holdout_pct HOLDOUT_PCT]
                [--dclm_skip_docs DCLM_SKIP_DOCS]
                [--fineweb_skip_docs FINEWEB_SKIP_DOCS]
                [--smoltalk2_mid_skip_rows SMOLTALK2_MID_SKIP_ROWS]
                [--sft_filter {none,hard}] [--think_fraction THINK_FRACTION]
                [--smoltalk2_skip_rows SMOLTALK2_SKIP_ROWS]
                [--gen_every GEN_EVERY] [--save_every_steps SAVE_EVERY_STEPS]
                [--gen_prompt GEN_PROMPT] [--log_interval LOG_INTERVAL]
                [--log_dir LOG_DIR] [--checkpoint_dir CHECKPOINT_DIR]
                [--resume RESUME] [--resume_from RESUME_FROM]
                [--warmstart_chatml] [--no_resume_cursor] [--seed SEED]
                [--no_grad_ckpt] [--fused_ce]
                [--fused_ce_chunk FUSED_CE_CHUNK] [--chunk_size CHUNK_SIZE]
                [--activation {modrelu,swish,phase_mod}]
                [--decay_mode {head,per_channel}]
                [--write_mode {additive,delta}] [--n_states N_STATES]
                [--delta_chunk DELTA_CHUNK] [--gate_content_aware]
                [--no_gate_content_aware] [--base_dt_bias BASE_DT_BIAS]
                [--protect_gate_bias PROTECT_GATE_BIAS]
                [--routing_content_aware] [--no_routing_content_aware]
                [--state_compete] [--no_state_compete]
                [--phase_init {zero,spread,ortho}]
                [--route_balance_lambda ROUTE_BALANCE_LAMBDA]
                [--aux_loss_weight AUX_LOSS_WEIGHT]
                [--gamma_floor GAMMA_FLOOR]
                [--gate_surprisal_lambda GATE_SURPRISAL_LAMBDA]
                [--gate_surprisal_tau GATE_SURPRISAL_TAU]
                [--gate_surprisal_sign GATE_SURPRISAL_SIGN] [--vault_state]
                [--no_vault_state] [--vault_state_idx VAULT_STATE_IDX]
                [--write_phase_address] [--no_write_phase_address]
train.py: error: unrecognized arguments: --baseline transformer
