[Discord] Webhook configured -- notifications enabled
Wall clock start: 2026-08-19 20:12:45
============================================================
  V11: PAM with new memory dynamics
  Preset: v13_micro_10m_recall | Stage: lm | Dataset: pretrain_mix
============================================================

Config: {'vocab_size': 50261, 'dim': 96, 'n_heads': 3, 'head_dim': 32, 'n_layers': 6, 'expand': 3, 'dropout': 0.0, 'max_seq_len': 2048, 'use_learned_pos': False, 'use_rope': True, 'use_gsp': True, 'fused_qkv': True, 'qk_norm': False, 'tie_weights': True, 'gradient_checkpointing': False, 'activation': 'swish', 'chunk_size': 64, 'decay_mode': 'head', 'write_mode': 'delta', 'delta_erase_gate': True, 'n_states': 3, 'delta_chunk': 32, 'state_dt_spread': 2.0, 'base_dt_bias': -4.0, 'gate_content_aware': True, 'protect_gate_bias': -3.0, 'routing_content_aware': False, 'state_compete': False, 'phase_init': 'zero', 'route_balance_lambda': 0.0, 'aux_loss_weight': 1.0, 'fused_e3': False, 'recompute_pam_chunks': False, 'gamma_floor': 0.0, 'gate_surprisal_lambda': 0.1, 'gate_surprisal_tau': 1.0, 'gate_surprisal_sign': 1.0, 'vault_state': True, 'vault_state_idx': 0, 'write_phase_address': True}
Memory dynamics: decay_mode=head, write_mode=delta, n_states=3, chunk_size=64
Batch size: 8, Epochs: 10, LR: 0.0003
Token budget: 50,000,000

Loading pretrain_mix (seq_len=2048)...
  [cursor] seeded skips from resume ckpt: {'recall': 65410, 'reason': 21964}
Streaming pretrain blend: sources=['recall', 'reason'] weights=[3.0, 1.0] edu>=3 budget=50000000 vocab=50261 holdout_pct=5 exclude_holdout=True mix_seed=42 warmup=0 skips={'recall': 65410, 'reason': 21964}
[cache] Pretrain holdout val from .cache/v7_tokens/pretrain_holdout_v1_v50261_t500000_e3_p5.pt (500,000 tokens)
[cache] Loaded WikiText-103 validation from .cache/v7_tokens/wikitext103_validation_v2_full_sl2048.pt (248,461 tokens)
Val chunks: 121
Val: in-distro holdout (31 batches), WikiText secondary (16 batches)
Train batches: streaming, Val batches: 31

Model parameters: {'embedding (tied)': 9650112, 'blocks': 1458228, 'norms': 192, 'lm_head': 18720, 'total': 11127252}
Total: 11,127,252 (11.1M)

Loading weights from checkpoints_v13/e2b_50m/latest.pt...
Param groups: 100 tensors (11,121,984) with wd, 89 tensors (5,268) without
fused_ce enabled (chunked linear+CE; logits never materialized)

Training on cuda
Parameters: {'embedding (tied)': 9650112, 'blocks': 1458228, 'norms': 192, 'lm_head': 18720, 'total': 11127252}
Total: 11,127,252 (11.1M)
Epochs: 1..9999, Batches/epoch: stream
Periodic checkpoint: every 1000 steps -> latest.pt


============================================================
Epoch 1/9999
============================================================
Token indices sequence length is longer than the specified maximum sequence length for this model (1118 > 1024). Running this sequence through the model will result in indexing errors
  [1] 0 loss=0.3321 ppl=1.4 lr=3.00e-04 | 666 tok/s (avg 666) ETA n/a | GPU 0.2/10.4GB | gtok=16400384
  [1] 50 loss=0.3378 ppl=1.4 lr=3.00e-04 | 3529 tok/s (avg 3254) ETA n/a | GPU 0.2/10.4GB | gtok=17219584
  [1] 100 loss=0.3142 ppl=1.4 lr=2.99e-04 | 3518 tok/s (avg 3380) ETA n/a | GPU 0.2/10.4GB | gtok=18038784
  [1] 150 loss=0.3563 ppl=1.4 lr=2.98e-04 | 3512 tok/s (avg 3423) ETA n/a | GPU 0.2/10.4GB | gtok=18857984
  [1] 200 loss=0.3214 ppl=1.4 lr=2.97e-04 | 3496 tok/s (avg 3440) ETA n/a | GPU 0.2/10.4GB | gtok=19677184
  [1] 250 loss=0.3078 ppl=1.4 lr=2.95e-04 | 3488 tok/s (avg 3450) ETA n/a | GPU 0.2/10.4GB | gtok=20496384
  [1] 300 loss=0.2986 ppl=1.3 lr=2.93e-04 | 3492 tok/s (avg 3457) ETA n/a | GPU 0.2/10.4GB | gtok=21315584
  [1] 350 loss=0.3167 ppl=1.4 lr=2.90e-04 | 3488 tok/s (avg 3461) ETA n/a | GPU 0.2/10.4GB | gtok=22134784
  [1] 400 loss=0.3364 ppl=1.4 lr=2.87e-04 | 3504 tok/s (avg 3466) ETA n/a | GPU 0.2/10.4GB | gtok=22953984
  [1] 450 loss=0.3503 ppl=1.4 lr=2.84e-04 | 3492 tok/s (avg 3469) ETA n/a | GPU 0.2/10.4GB | gtok=23773184
  [1] 500 loss=0.3436 ppl=1.4 lr=2.80e-04 | 3484 tok/s (avg 3471) ETA n/a | GPU 0.2/10.4GB | gtok=24592384
  [1] 550 loss=0.3152 ppl=1.4 lr=2.76e-04 | 3495 tok/s (avg 3473) ETA n/a | GPU 0.2/10.4GB | gtok=25411584
  [1] 600 loss=0.2530 ppl=1.3 lr=2.72e-04 | 3500 tok/s (avg 3475) ETA n/a | GPU 0.2/10.4GB | gtok=26230784
  [1] 650 loss=0.3668 ppl=1.4 lr=2.68e-04 | 3485 tok/s (avg 3476) ETA n/a | GPU 0.2/10.4GB | gtok=27049984
  [1] 700 loss=0.2689 ppl=1.3 lr=2.63e-04 | 3508 tok/s (avg 3478) ETA n/a | GPU 0.2/10.4GB | gtok=27869184
  [1] 750 loss=0.3159 ppl=1.4 lr=2.57e-04 | 3488 tok/s (avg 3479) ETA n/a | GPU 0.2/10.4GB | gtok=28688384
  [1] 800 loss=0.3285 ppl=1.4 lr=2.52e-04 | 3498 tok/s (avg 3480) ETA n/a | GPU 0.2/10.4GB | gtok=29507584
  [1] 850 loss=0.3185 ppl=1.4 lr=2.46e-04 | 3513 tok/s (avg 3482) ETA n/a | GPU 0.2/10.4GB | gtok=30326784
