[Discord] Webhook configured -- notifications enabled
Wall clock start: 2026-08-18 11:53:41
============================================================
  V11: PAM with new memory dynamics
  Preset: v13_micro_10m_recall | Stage: lm | Dataset: pretrain_mix
============================================================

Config: {'vocab_size': 50261, 'dim': 96, 'n_heads': 3, 'head_dim': 32, 'n_layers': 6, 'expand': 3, 'dropout': 0.0, 'max_seq_len': 2048, 'use_learned_pos': False, 'use_rope': True, 'use_gsp': True, 'fused_qkv': True, 'qk_norm': False, 'tie_weights': True, 'gradient_checkpointing': False, 'activation': 'swish', 'chunk_size': 64, 'decay_mode': 'head', 'write_mode': 'delta', 'n_states': 3, 'delta_chunk': 32, 'state_dt_spread': 2.0, 'base_dt_bias': -4.0, 'gate_content_aware': True, 'protect_gate_bias': -3.0, 'routing_content_aware': False, 'state_compete': False, 'phase_init': 'zero', 'route_balance_lambda': 0.0, 'aux_loss_weight': 1.0, 'fused_e3': False, 'recompute_pam_chunks': False, 'gamma_floor': 0.0, 'gate_surprisal_lambda': 0.1, 'gate_surprisal_tau': 1.0, 'gate_surprisal_sign': 1.0, 'vault_state': True, 'vault_state_idx': 0, 'write_phase_address': True}
Memory dynamics: decay_mode=head, write_mode=delta, n_states=3, chunk_size=64
Batch size: 2, Epochs: 10, LR: 0.0003
Token budget: 5,000,000

Loading pretrain_mix (seq_len=2048)...
Streaming pretrain blend: sources=['recall'] weights=[1.0] edu>=3 budget=5000000 vocab=50261 holdout_pct=5 exclude_holdout=True mix_seed=42 warmup=0 skips={'recall': 0}
[cache] Pretrain holdout val from .cache/v7_tokens/pretrain_holdout_v1_v50261_t500000_e3_p5.pt (500,000 tokens)
[cache] Loaded WikiText-103 validation from .cache/v7_tokens/wikitext103_validation_v2_full_sl2048.pt (248,461 tokens)
Val chunks: 121
Val: in-distro holdout (122 batches), WikiText secondary (61 batches)
Train batches: streaming, Val batches: 122

Model parameters: {'embedding (tied)': 9650112, 'blocks': 1456482, 'norms': 192, 'lm_head': 18720, 'total': 11125506}
Total: 11,125,506 (11.1M)
Param groups: 94 tensors (11,120,256) with wd, 83 tensors (5,250) without
fused_ce enabled (chunked linear+CE; logits never materialized)

Training on cuda
Parameters: {'embedding (tied)': 9650112, 'blocks': 1456482, 'norms': 192, 'lm_head': 18720, 'total': 11125506}
Total: 11,125,506 (11.1M)
Epochs: 1..9999, Batches/epoch: stream
Periodic checkpoint: every 500 steps -> latest.pt


============================================================
Epoch 1/9999
============================================================
Token indices sequence length is longer than the specified maximum sequence length for this model (1054 > 1024). Running this sequence through the model will result in indexing errors
  [1] 0 loss=10.8627 ppl=52193.7 lr=3.00e-07 | 167 tok/s (avg 167) ETA n/a | GPU 0.2/4.6GB | gtok=4096
  [1] 50 loss=10.7417 ppl=46246.7 lr=1.53e-05 | 860 tok/s (avg 795) ETA n/a | GPU 0.2/4.6GB | gtok=208896
  [1] 100 loss=10.3549 ppl=31409.3 lr=3.03e-05 | 851 tok/s (avg 822) ETA n/a | GPU 0.2/4.6GB | gtok=413696
  [1] 150 loss=9.7045 ppl=16390.4 lr=4.53e-05 | 849 tok/s (avg 831) ETA n/a | GPU 0.2/4.6GB | gtok=618496
  [1] 200 loss=8.7770 ppl=6483.1 lr=6.03e-05 | 798 tok/s (avg 822) ETA n/a | GPU 0.2/4.6GB | gtok=823296
  [1] 250 loss=7.8997 ppl=2696.6 lr=7.53e-05 | 691 tok/s (avg 792) ETA n/a | GPU 0.2/4.6GB | gtok=1028096
  [1] 300 loss=6.9345 ppl=1027.1 lr=9.03e-05 | 685 tok/s (avg 772) ETA n/a | GPU 0.2/4.6GB | gtok=1232896
  [1] 350 loss=5.9978 ppl=402.6 lr=1.05e-04 | 684 tok/s (avg 758) ETA n/a | GPU 0.2/4.6GB | gtok=1437696
  [1] 400 loss=4.8355 ppl=125.9 lr=1.20e-04 | 679 tok/s (avg 747) ETA n/a | GPU 0.2/4.6GB | gtok=1642496
  [1] 450 loss=3.6243 ppl=37.5 lr=1.35e-04 | 668 tok/s (avg 738) ETA n/a | GPU 0.2/4.6GB | gtok=1847296
Saved checkpoint: checkpoints_v13/smoke_recall_v2/latest.pt
  [checkpoint @ step 500, 2,048,000 tok]
  [1] 500 loss=2.6701 ppl=14.4 lr=1.50e-04 | 669 tok/s (avg 730) ETA n/a | GPU 0.2/4.6GB | gtok=2052096
  [1] 550 loss=1.7686 ppl=5.9 lr=1.65e-04 | 628 tok/s (avg 719) ETA n/a | GPU 0.2/4.6GB | gtok=2256896
  [1] 600 loss=1.1931 ppl=3.3 lr=1.80e-04 | 674 tok/s (avg 715) ETA n/a | GPU 0.2/4.6GB | gtok=2461696
  [1] 650 loss=0.8330 ppl=2.3 lr=1.95e-04 | 671 tok/s (avg 712) ETA n/a | GPU 0.2/4.6GB | gtok=2666496
  [1] 700 loss=0.5541 ppl=1.7 lr=2.10e-04 | 687 tok/s (avg 710) ETA n/a | GPU 0.2/4.6GB | gtok=2871296
  [1] 750 loss=0.2879 ppl=1.3 lr=2.25e-04 | 671 tok/s (avg 707) ETA n/a | GPU 0.2/4.6GB | gtok=3076096
  [1] 800 loss=0.3653 ppl=1.4 lr=2.40e-04 | 673 tok/s (avg 705) ETA n/a | GPU 0.2/4.6GB | gtok=3280896
  [1] 850 loss=0.3366 ppl=1.4 lr=2.55e-04 | 686 tok/s (avg 704) ETA n/a | GPU 0.2/4.6GB | gtok=3485696
  [1] 900 loss=0.3234 ppl=1.4 lr=2.70e-04 | 674 tok/s (avg 702) ETA n/a | GPU 0.2/4.6GB | gtok=3690496
  [1] 950 loss=0.3789 ppl=1.5 lr=2.85e-04 | 673 tok/s (avg 701) ETA n/a | GPU 0.2/4.6GB | gtok=3895296
Saved checkpoint: checkpoints_v13/smoke_recall_v2/latest.pt
  [checkpoint @ step 1000, 4,096,000 tok]
  [1] 1000 loss=0.2629 ppl=1.3 lr=3.00e-04 | 692 tok/s (avg 700) ETA n/a | GPU 0.2/4.6GB | gtok=4100096
  [1] 1050 loss=0.3824 ppl=1.5 lr=2.99e-04 | 895 tok/s (avg 707) ETA n/a | GPU 0.2/4.6GB | gtok=4304896
  [1] 1100 loss=0.3298 ppl=1.4 lr=2.95e-04 | 909 tok/s (avg 715) ETA n/a | GPU 0.2/4.6GB | gtok=4509696
  [1] 1150 loss=0.2777 ppl=1.3 lr=2.89e-04 | 904 tok/s (avg 721) ETA n/a | GPU 0.2/4.6GB | gtok=4714496
  [1] 1200 loss=0.3915 ppl=1.5 lr=2.80e-04 | 876 tok/s (avg 727) ETA n/a | GPU 0.2/4.6GB | gtok=4919296
  Token budget reached: 5,001,216 / 5,000,000
Epoch 1/9999 | Train Loss: 3.4843 PPL: 32.60 | 729 tok/s | Time: 6862.1s (5,001,216 tok) | Val Loss: nan PPL: nan Acc: 0.001 | Wiki PPL: nan

Stopping: token budget 5,000,000 reached.
Saved checkpoint: checkpoints_v13/smoke_recall_v2/final_model.pt

Training complete (token budget)!
Total wall time: 7058.3s (1.96h)
Best Val Loss: inf, Best Val PPL: inf

Wall clock end: 2026-08-18 13:51:24
