[Discord] Webhook configured -- notifications enabled
Wall clock start: 2026-08-19 16:11:41
============================================================
  V11: PAM with new memory dynamics
  Preset: v13_micro_10m_recall | Stage: lm | Dataset: pretrain_mix
============================================================

Config: {'vocab_size': 50261, 'dim': 96, 'n_heads': 3, 'head_dim': 32, 'n_layers': 6, 'expand': 3, 'dropout': 0.0, 'max_seq_len': 2048, 'use_learned_pos': False, 'use_rope': True, 'use_gsp': True, 'fused_qkv': True, 'qk_norm': False, 'tie_weights': True, 'gradient_checkpointing': False, 'activation': 'swish', 'chunk_size': 64, 'decay_mode': 'head', 'write_mode': 'delta', 'delta_erase_gate': True, 'n_states': 3, 'delta_chunk': 32, 'state_dt_spread': 2.0, 'base_dt_bias': -4.0, 'gate_content_aware': True, 'protect_gate_bias': -3.0, 'routing_content_aware': False, 'state_compete': False, 'phase_init': 'zero', 'route_balance_lambda': 0.0, 'aux_loss_weight': 1.0, 'fused_e3': False, 'recompute_pam_chunks': False, 'gamma_floor': 0.0, 'gate_surprisal_lambda': 0.1, 'gate_surprisal_tau': 1.0, 'gate_surprisal_sign': 1.0, 'vault_state': True, 'vault_state_idx': 0, 'write_phase_address': True}
Memory dynamics: decay_mode=head, write_mode=delta, n_states=3, chunk_size=64
Batch size: 8, Epochs: 10, LR: 0.0003
Token budget: 5,000,000

Loading pretrain_mix (seq_len=2048)...
Streaming pretrain blend: sources=['recall'] weights=[1.0] edu>=3 budget=5000000 vocab=50261 holdout_pct=5 exclude_holdout=True mix_seed=42 warmup=0 skips={'recall': 0}
[cache] Pretrain holdout val from .cache/v7_tokens/pretrain_holdout_v1_v50261_t500000_e3_p5.pt (500,000 tokens)
[cache] Loaded WikiText-103 validation from .cache/v7_tokens/wikitext103_validation_v2_full_sl2048.pt (248,461 tokens)
Val chunks: 121
Val: in-distro holdout (31 batches), WikiText secondary (16 batches)
Train batches: streaming, Val batches: 31

Model parameters: {'embedding (tied)': 9650112, 'blocks': 1458228, 'norms': 192, 'lm_head': 18720, 'total': 11127252}
Total: 11,127,252 (11.1M)
Param groups: 100 tensors (11,121,984) with wd, 89 tensors (5,268) without
fused_ce enabled (chunked linear+CE; logits never materialized)

Training on cuda
Parameters: {'embedding (tied)': 9650112, 'blocks': 1458228, 'norms': 192, 'lm_head': 18720, 'total': 11127252}
Total: 11,127,252 (11.1M)
Epochs: 1..9999, Batches/epoch: stream


============================================================
Epoch 1/9999
============================================================
Token indices sequence length is longer than the specified maximum sequence length for this model (1054 > 1024). Running this sequence through the model will result in indexing errors
  [1] 0 loss=10.8533 ppl=51702.8 lr=3.00e-07 | 679 tok/s (avg 679) ETA n/a | GPU 0.2/10.3GB | gtok=16384
  [1] 50 loss=10.7280 ppl=45615.4 lr=1.53e-05 | 2510 tok/s (avg 2384) ETA n/a | GPU 0.2/10.4GB | gtok=835584
  [1] 100 loss=10.3475 ppl=31178.5 lr=3.03e-05 | 2344 tok/s (avg 2364) ETA n/a | GPU 0.2/10.4GB | gtok=1654784
  [1] 150 loss=9.6546 ppl=15593.7 lr=4.53e-05 | 1858 tok/s (avg 2168) ETA n/a | GPU 0.2/10.4GB | gtok=2473984
  [1] 200 loss=8.7535 ppl=6333.0 lr=6.03e-05 | 2861 tok/s (avg 2307) ETA n/a | GPU 0.2/10.4GB | gtok=3293184
  [1] 250 loss=7.8027 ppl=2447.1 lr=7.53e-05 | 3396 tok/s (avg 2465) ETA n/a | GPU 0.2/10.4GB | gtok=4112384
  [1] 300 loss=6.8487 ppl=942.7 lr=9.03e-05 | 3456 tok/s (avg 2588) ETA n/a | GPU 0.2/10.4GB | gtok=4931584
  Token budget reached: 5,001,216 / 5,000,000
Epoch 1/9999 | Train Loss: 9.3320 PPL: 11293.38 | 2591 tok/s | Time: 1930.2s (5,001,216 tok) | Val Loss: 10.7412 PPL: 46219.91 Acc: 0.024 | Wiki PPL: 49070.10 *best*
Saved checkpoint: checkpoints_v13/smoke_recall_e2b/best_model.pt

Stopping: token budget 5,000,000 reached.
Saved checkpoint: checkpoints_v13/smoke_recall_e2b/final_model.pt

Training complete (token budget)!
Total wall time: 1991.7s (0.55h)
Best Val Loss: 10.7412, Best Val PPL: 46219.91

Wall clock end: 2026-08-19 16:44:57
