Streaming pretrain blend: sources=['recall', 'reason'] weights=[3.0, 1.0] edu>=3 budget=50000000 vocab=50257 holdout_pct=5 exclude_holdout=True mix_seed=42 warmup=0 skips={'recall': 0, 'reason': 0}
[cache] Pretrain holdout val from .cache/v7_tokens/pretrain_holdout_v1_v50257_t500000_e3_p5.pt (500,000 tokens)
[transformer] params=10,022,112 device=cuda budget=50,000,000
Token indices sequence length is longer than the specified maximum sequence length for this model (1054 > 1024). Running this sequence through the model will result in indexing errors
  [transformer] step=50 loss=10.3290 ppl=30608.7 tok/s=36678 gtok=819200
  [transformer] step=100 loss=9.2261 ppl=10158.5 tok/s=62987 gtok=1638400
  [transformer] step=150 loss=8.3032 ppl=4036.6 tok/s=82734 gtok=2457600
  [transformer] step=200 loss=7.3076 ppl=1491.5 tok/s=98203 gtok=3276800
  [transformer] step=250 loss=6.0074 ppl=406.4 tok/s=110755 gtok=4096000
  [transformer] step=300 loss=4.4278 ppl=83.7 tok/s=120998 gtok=4915200
  [transformer] step=350 loss=2.7852 ppl=16.2 tok/s=129638 gtok=5734400
  [transformer] step=400 loss=1.5781 ppl=4.8 tok/s=136876 gtok=6553600
  [transformer] step=450 loss=1.0769 ppl=2.9 tok/s=143175 gtok=7372800
  [transformer] step=500 loss=0.9253 ppl=2.5 tok/s=148574 gtok=8192000
  [transformer] step=550 loss=0.8545 ppl=2.4 tok/s=153298 gtok=9011200
  [transformer] step=600 loss=0.7502 ppl=2.1 tok/s=157413 gtok=9830400
  [transformer] step=650 loss=0.6351 ppl=1.9 tok/s=161115 gtok=10649600
  [transformer] step=700 loss=0.5327 ppl=1.7 tok/s=164292 gtok=11468800
  [transformer] step=750 loss=0.4519 ppl=1.6 tok/s=167124 gtok=12288000
  [transformer] step=800 loss=0.3998 ppl=1.5 tok/s=169667 gtok=13107200
  [transformer] step=850 loss=0.3745 ppl=1.5 tok/s=172132 gtok=13926400
  [transformer] step=900 loss=0.3653 ppl=1.4 tok/s=174390 gtok=14745600
  [transformer] step=950 loss=0.3552 ppl=1.4 tok/s=176288 gtok=15564800
  [transformer] step=1000 loss=0.3511 ppl=1.4 tok/s=177683 gtok=16384000
  [transformer] step=1050 loss=0.3431 ppl=1.4 tok/s=178934 gtok=17203200
  [transformer] step=1100 loss=0.3441 ppl=1.4 tok/s=180160 gtok=18022400
  [transformer] step=1150 loss=0.3462 ppl=1.4 tok/s=181229 gtok=18841600
  [transformer] step=1200 loss=0.3343 ppl=1.4 tok/s=182283 gtok=19660800
  [transformer] step=1250 loss=0.3378 ppl=1.4 tok/s=183354 gtok=20480000
  [transformer] step=1300 loss=0.3322 ppl=1.4 tok/s=184387 gtok=21299200
  [transformer] step=1350 loss=0.3327 ppl=1.4 tok/s=185207 gtok=22118400
  [transformer] step=1400 loss=0.3310 ppl=1.4 tok/s=186065 gtok=22937600
  [transformer] step=1450 loss=0.3328 ppl=1.4 tok/s=186990 gtok=23756800
  [transformer] step=1500 loss=0.3343 ppl=1.4 tok/s=187934 gtok=24576000
  [transformer] step=1550 loss=0.3249 ppl=1.4 tok/s=188787 gtok=25395200
  [transformer] step=1600 loss=0.3281 ppl=1.4 tok/s=189551 gtok=26214400
  [transformer] step=1650 loss=0.3295 ppl=1.4 tok/s=190299 gtok=27033600
  [transformer] step=1700 loss=0.3236 ppl=1.4 tok/s=191046 gtok=27852800
  [transformer] step=1750 loss=0.3251 ppl=1.4 tok/s=191780 gtok=28672000
  [transformer] step=1800 loss=0.3307 ppl=1.4 tok/s=192503 gtok=29491200
  [transformer] step=1850 loss=0.3321 ppl=1.4 tok/s=193154 gtok=30310400
  [transformer] step=1900 loss=0.3252 ppl=1.4 tok/s=193629 gtok=31129600
  [transformer] step=1950 loss=0.3282 ppl=1.4 tok/s=194170 gtok=31948800
  [transformer] step=2000 loss=0.3298 ppl=1.4 tok/s=194743 gtok=32768000
  [transformer] step=2050 loss=0.3277 ppl=1.4 tok/s=195211 gtok=33587200
  [transformer] step=2100 loss=0.3240 ppl=1.4 tok/s=195638 gtok=34406400
  [transformer] step=2150 loss=0.3243 ppl=1.4 tok/s=196144 gtok=35225600
  [transformer] step=2200 loss=0.3236 ppl=1.4 tok/s=196546 gtok=36044800
  [transformer] step=2250 loss=0.3219 ppl=1.4 tok/s=196872 gtok=36864000
  [transformer] step=2300 loss=0.3262 ppl=1.4 tok/s=197313 gtok=37683200
  [transformer] step=2350 loss=0.3237 ppl=1.4 tok/s=197745 gtok=38502400
  [transformer] step=2400 loss=0.3227 ppl=1.4 tok/s=198181 gtok=39321600
  [transformer] step=2450 loss=0.3220 ppl=1.4 tok/s=198505 gtok=40140800
  [transformer] step=2500 loss=0.3227 ppl=1.4 tok/s=198870 gtok=40960000
  [transformer] step=2550 loss=0.3223 ppl=1.4 tok/s=199050 gtok=41779200
  [transformer] step=2600 loss=0.3264 ppl=1.4 tok/s=199399 gtok=42598400
  [transformer] step=2650 loss=0.3203 ppl=1.4 tok/s=199847 gtok=43417600
  [transformer] step=2700 loss=0.3165 ppl=1.4 tok/s=200242 gtok=44236800
  [transformer] step=2750 loss=0.3298 ppl=1.4 tok/s=200661 gtok=45056000
  [transformer] step=2800 loss=0.3199 ppl=1.4 tok/s=201067 gtok=45875200
  [transformer] step=2850 loss=0.3166 ppl=1.4 tok/s=201447 gtok=46694400
  [transformer] step=2900 loss=0.3251 ppl=1.4 tok/s=201769 gtok=47513600
  [transformer] step=2950 loss=0.3227 ppl=1.4 tok/s=202140 gtok=48332800
  [transformer] step=3000 loss=0.3193 ppl=1.4 tok/s=202473 gtok=49152000
  [transformer] step=3050 loss=0.3203 ppl=1.4 tok/s=202817 gtok=49971200
[transformer] done tokens=50,001,920 wall=0.07h -> checkpoints_v13/transformer_50m
