[2026-07-17 04:46:29] Wall clock start: 2026-07-17 04:46:29
[2026-07-17 04:46:29] ============================================================
[2026-07-17 04:46:29]   V11: PAM with new memory dynamics
[2026-07-17 04:46:29]   Preset: v11_e3_k3_chat | Stage: pretrain | Dataset: pretrain_mix
[2026-07-17 04:46:29] ============================================================

[2026-07-17 04:46:29] Config: {'vocab_size': 50261, 'dim': 384, 'n_heads': 6, 'head_dim': 64, 'n_layers': 16, 'expand': 3, 'dropout': 0.1, 'max_seq_len': 2048, 'use_learned_pos': False, 'use_rope': True, 'use_gsp': True, 'fused_qkv': True, 'qk_norm': False, 'tie_weights': True, 'gradient_checkpointing': False, 'activation': 'swish', 'chunk_size': 256, 'decay_mode': 'head', 'write_mode': 'delta', 'n_states': 1, 'delta_chunk': 64, 'state_dt_spread': 2.0, 'base_dt_bias': -4.0, 'gate_content_aware': True, 'protect_gate_bias': -3.0, 'routing_content_aware': True, 'state_compete': True, 'phase_init': 'zero', 'route_balance_lambda': 0.01, 'aux_loss_weight': 1.0, 'fused_e3': True, 'recompute_pam_chunks': False, 'gamma_floor': 0.0, 'gate_surprisal_lambda': 0.3, 'gate_surprisal_tau': 0.5, 'gate_surprisal_sign': 1.0, 'vault_state': False, 'vault_state_idx': 0, 'write_phase_address': False}
[2026-07-17 04:46:29] Memory dynamics: decay_mode=head, write_mode=delta, n_states=1, chunk_size=256
[2026-07-17 04:46:29] Batch size: 16, Epochs: 9999, LR: 0.0001
[2026-07-17 04:46:29] Token budget: 300,000,000

[2026-07-17 04:46:29] Loading pretrain_mix (seq_len=2048)...
[2026-07-17 04:46:30] Streaming pretrain blend: sources=['fineweb', 'recall'] weights=[93.0, 3.0] edu>=3 budget=300000000 vocab=50261 holdout_pct=5 exclude_holdout=True mix_seed=42 warmup=0 skips={'fineweb': 0, 'recall': 0}
[2026-07-17 04:46:30] [cache] Pretrain holdout val from .cache/v7_tokens/pretrain_holdout_v1_v50261_t500000_e3_p5.pt (500,000 tokens)
[2026-07-17 04:46:32] [cache] Loaded WikiText-103 validation from .cache/v7_tokens/wikitext103_validation_v2_full_sl2048.pt (248,461 tokens)
[2026-07-17 04:46:32] Val chunks: 121
[2026-07-17 04:46:32] Val: in-distro holdout (16 batches), WikiText secondary (8 batches)
[2026-07-17 04:46:32] Train batches: streaming, Val batches: 16

[2026-07-17 04:46:33] Model parameters: {'embedding (tied)': 38600448, 'blocks': 61575584, 'norms': 768, 'lm_head': 296064, 'total': 100472864}
[2026-07-17 04:46:33] Total: 100,472,864 (100.5M)
[2026-07-17 04:46:33] Param groups: 212 tensors (100,421,376) with wd, 165 tensors (51,488) without
[2026-07-17 04:46:33] Compiling model (mode=default)...
[2026-07-17 04:46:34]   fused_ce: compiled _hidden_to_lm (logits never materialized)

[2026-07-17 04:46:34] Training on cuda
[2026-07-17 04:46:34] Parameters: {'embedding (tied)': 38600448, 'blocks': 61575584, 'norms': 768, 'lm_head': 296064, 'total': 100472864}
[2026-07-17 04:46:34] Total: 100,472,864 (100.5M)
[2026-07-17 04:46:34] Epochs: 1..9999, Batches/epoch: stream
[2026-07-17 04:46:34] Periodic checkpoint: every 2000 steps -> latest.pt


[2026-07-17 04:46:34] ============================================================
[2026-07-17 04:46:34] Epoch 1/9999
[2026-07-17 04:46:34] ============================================================
[2026-07-17 04:46:34] [fineweb] local parquet stream: 15 shards under data/fineweb-edu/sample-10BT
[2026-07-17 04:47:32]   [1] 0 loss=10.9086 ppl=54645.6 lr=2.00e-07 | 565 tok/s (avg 565) ETA n/a | GPU 1.4/63.6GB | gtok=32768
[2026-07-17 04:50:03]   [1] 50 loss=10.6697 ppl=43031.7 lr=1.02e-05 | 10846 tok/s (avg 7992) ETA n/a | GPU 1.4/64.4GB | gtok=1671168
[2026-07-17 04:52:34]   [1] 100 loss=10.2383 ppl=27952.9 lr=2.02e-05 | 10877 tok/s (avg 9200) ETA n/a | GPU 1.4/64.4GB | gtok=3309568
[2026-07-17 04:55:05]   [1] 150 loss=9.3768 ppl=11811.6 lr=3.02e-05 | 10842 tok/s (avg 9686) ETA n/a | GPU 1.4/64.4GB | gtok=4947968
[2026-07-17 04:57:36]   [1] 200 loss=8.6068 ppl=5468.8 lr=4.02e-05 | 10830 tok/s (avg 9947) ETA n/a | GPU 1.4/64.4GB | gtok=6586368
