Token indices sequence length is longer than the specified maximum sequence length for this model (3479 > 1024). Running this sequence through the model will result in indexing errors
Streaming pretrain blend: sources=['fineweb', 'recall'] weights=[93.0, 3.0] edu>=3 budget=1000000000 vocab=50257 holdout_pct=5 exclude_holdout=True mix_seed=42 warmup=0 skips={'fineweb': 0, 'recall': 0}
[cache] Pretrain holdout val from .cache/v7_tokens/pretrain_holdout_v1_v50257_t500000_e3_p5.pt (500,000 tokens)
[transformer] params=100,283,232 device=cuda budget=1,000,000,000
[fineweb] local parquet stream: 15 shards under data/fineweb-edu/sample-10BT
  [transformer] step=50 loss=10.1017 ppl=24385.5 tok/s=21256 gtok=819200
  [transformer] step=100 loss=9.2710 ppl=10625.2 tok/s=36314 gtok=1638400
  [transformer] step=150 loss=8.5476 ppl=5154.4 tok/s=47640 gtok=2457600
  [transformer] step=200 loss=7.8548 ppl=2578.2 tok/s=56462 gtok=3276800
  [transformer] step=250 loss=7.3731 ppl=1592.5 tok/s=63453 gtok=4096000
  [transformer] step=300 loss=7.1697 ppl=1299.5 tok/s=69140 gtok=4915200
  [transformer] step=350 loss=7.0250 ppl=1124.4 tok/s=73775 gtok=5734400
  [transformer] step=400 loss=6.8774 ppl=970.1 tok/s=77695 gtok=6553600
  [transformer] step=450 loss=6.7510 ppl=854.9 tok/s=81028 gtok=7372800
  [transformer] step=500 loss=6.6493 ppl=772.3 tok/s=83916 gtok=8192000
  [transformer] step=550 loss=6.5604 ppl=706.5 tok/s=86442 gtok=9011200
  [transformer] step=600 loss=6.4802 ppl=652.1 tok/s=88684 gtok=9830400
  [transformer] step=650 loss=6.4723 ppl=647.0 tok/s=90663 gtok=10649600
  [transformer] step=700 loss=6.4097 ppl=607.7 tok/s=92421 gtok=11468800
  [transformer] step=750 loss=6.4100 ppl=607.9 tok/s=93994 gtok=12288000
  [transformer] step=800 loss=6.3444 ppl=569.3 tok/s=95304 gtok=13107200
  [transformer] step=850 loss=6.2229 ppl=504.2 tok/s=96568 gtok=13926400
Token indices sequence length is longer than the specified maximum sequence length for this model (3479 > 1024). Running this sequence through the model will result in indexing errors
Streaming pretrain blend: sources=['fineweb', 'recall'] weights=[93.0, 3.0] edu>=3 budget=1000000000 vocab=50257 holdout_pct=5 exclude_holdout=True mix_seed=42 warmup=0 skips={'fineweb': 0, 'recall': 0}
[cache] Pretrain holdout val from .cache/v7_tokens/pretrain_holdout_v1_v50257_t500000_e3_p5.pt (500,000 tokens)
[transformer] params=100,283,232 device=cuda budget=1,000,000,000
[fineweb] local parquet stream: 15 shards under data/fineweb-edu/sample-10BT
  [transformer] step=50 loss=10.1018 ppl=24385.7 tok/s=21254 gtok=819200
  [transformer] step=100 loss=9.2710 ppl=10625.3 tok/s=36341 gtok=1638400
  [transformer] step=150 loss=8.5476 ppl=5154.5 tok/s=47636 gtok=2457600
  [transformer] step=200 loss=7.8548 ppl=2578.2 tok/s=56397 gtok=3276800
  [transformer] step=250 loss=7.3731 ppl=1592.5 tok/s=63390 gtok=4096000
  [transformer] step=300 loss=7.1697 ppl=1299.5 tok/s=69101 gtok=4915200
  [transformer] step=350 loss=7.0249 ppl=1124.3 tok/s=73824 gtok=5734400
  [transformer] step=400 loss=6.8773 ppl=970.0 tok/s=77822 gtok=6553600
  [transformer] step=450 loss=6.7510 ppl=854.9 tok/s=81238 gtok=7372800
  [transformer] step=500 loss=6.6493 ppl=772.3 tok/s=84137 gtok=8192000
  [transformer] step=550 loss=6.5604 ppl=706.6 tok/s=86699 gtok=9011200
  [transformer] step=600 loss=6.4802 ppl=652.1 tok/s=89000 gtok=9830400
  [transformer] step=650 loss=6.4723 ppl=647.0 tok/s=91036 gtok=10649600
  [transformer] step=700 loss=6.4097 ppl=607.7 tok/s=92845 gtok=11468800
  [transformer] step=750 loss=6.4100 ppl=607.9 tok/s=94472 gtok=12288000
  [transformer] step=800 loss=6.3444 ppl=569.3 tok/s=95840 gtok=13107200
  [transformer] step=850 loss=6.2230 ppl=504.2 tok/s=97155 gtok=13926400
  [transformer] step=900 loss=6.2637 ppl=525.2 tok/s=98389 gtok=14745600
  [transformer] step=950 loss=6.2655 ppl=526.1 tok/s=99480 gtok=15564800
  [transformer] step=1000 loss=6.2030 ppl=494.2 tok/s=100430 gtok=16384000
  [transformer] step=1050 loss=6.2081 ppl=496.8 tok/s=101355 gtok=17203200
  [transformer] step=1100 loss=6.1790 ppl=482.5 tok/s=102223 gtok=18022400
  [transformer] step=1150 loss=6.0875 ppl=440.3 tok/s=103018 gtok=18841600
  [transformer] step=1200 loss=6.1184 ppl=454.2 tok/s=103752 gtok=19660800
  [transformer] step=1250 loss=6.0640 ppl=430.1 tok/s=104462 gtok=20480000
  [transformer] step=1300 loss=6.0384 ppl=419.2 tok/s=105114 gtok=21299200
  [transformer] step=1350 loss=5.9801 ppl=395.5 tok/s=105729 gtok=22118400
  [transformer] step=1400 loss=5.9770 ppl=394.3 tok/s=106305 gtok=22937600
  [transformer] step=1450 loss=5.9309 ppl=376.5 tok/s=106856 gtok=23756800
  [transformer] step=1500 loss=5.9036 ppl=366.4 tok/s=107357 gtok=24576000
  [transformer] step=1550 loss=5.8545 ppl=348.8 tok/s=107840 gtok=25395200
  [transformer] step=1600 loss=5.8849 ppl=359.5 tok/s=108256 gtok=26214400
  [transformer] step=1650 loss=5.8645 ppl=352.3 tok/s=108724 gtok=27033600
  [transformer] step=1700 loss=5.8258 ppl=338.9 tok/s=109135 gtok=27852800
  [transformer] step=1750 loss=5.7996 ppl=330.2 tok/s=109511 gtok=28672000
  [transformer] step=1800 loss=5.7450 ppl=312.6 tok/s=109889 gtok=29491200
  [transformer] step=1850 loss=5.7405 ppl=311.2 tok/s=110243 gtok=30310400
  [transformer] step=1900 loss=5.7124 ppl=302.6 tok/s=110581 gtok=31129600
  [transformer] step=1950 loss=5.7409 ppl=311.3 tok/s=110908 gtok=31948800
  [transformer] step=2000 loss=5.6753 ppl=291.6 tok/s=111214 gtok=32768000
  [transformer] step=2050 loss=5.6511 ppl=284.6 tok/s=111434 gtok=33587200
  [transformer] step=2100 loss=5.6752 ppl=291.6 tok/s=111695 gtok=34406400
  [transformer] step=2150 loss=5.6606 ppl=287.3 tok/s=111970 gtok=35225600
  [transformer] step=2200 loss=5.5851 ppl=266.4 tok/s=112204 gtok=36044800
  [transformer] step=2250 loss=5.6343 ppl=279.9 tok/s=112415 gtok=36864000
  [transformer] step=2300 loss=5.5643 ppl=261.0 tok/s=112635 gtok=37683200
  [transformer] step=2350 loss=5.5414 ppl=255.0 tok/s=112835 gtok=38502400
  [transformer] step=2400 loss=5.5639 ppl=260.8 tok/s=113039 gtok=39321600
  [transformer] step=2450 loss=5.5264 ppl=251.2 tok/s=113240 gtok=40140800
  [transformer] step=2500 loss=5.4705 ppl=237.6 tok/s=113445 gtok=40960000
  [transformer] step=2550 loss=5.4936 ppl=243.1 tok/s=113642 gtok=41779200
  [transformer] step=2600 loss=5.4219 ppl=226.3 tok/s=113843 gtok=42598400
  [transformer] step=2650 loss=5.4725 ppl=238.1 tok/s=114027 gtok=43417600
  [transformer] step=2700 loss=5.4345 ppl=229.2 tok/s=114216 gtok=44236800
  [transformer] step=2750 loss=5.4291 ppl=227.9 tok/s=114370 gtok=45056000
  [transformer] step=2800 loss=5.3774 ppl=216.5 tok/s=114515 gtok=45875200
  [transformer] step=2850 loss=5.4052 ppl=222.6 tok/s=114654 gtok=46694400
  [transformer] step=2900 loss=5.3801 ppl=217.0 tok/s=114791 gtok=47513600
  [transformer] step=2950 loss=5.3354 ppl=207.5 tok/s=114919 gtok=48332800
  [transformer] step=3000 loss=5.3513 ppl=210.9 tok/s=115043 gtok=49152000
  [transformer] step=3050 loss=5.3336 ppl=207.2 tok/s=115169 gtok=49971200
  [transformer] step=3100 loss=5.3508 ppl=210.8 tok/s=115270 gtok=50790400
  [transformer] step=3150 loss=5.3177 ppl=203.9 tok/s=115410 gtok=51609600
  [transformer] step=3200 loss=5.3164 ppl=203.6 tok/s=115516 gtok=52428800
  [transformer] step=3250 loss=5.3107 ppl=202.5 tok/s=115644 gtok=53248000
  [transformer] step=3300 loss=5.2367 ppl=188.0 tok/s=115755 gtok=54067200
  [transformer] step=3350 loss=5.2614 ppl=192.7 tok/s=115878 gtok=54886400
  [transformer] step=3400 loss=5.2283 ppl=186.5 tok/s=115984 gtok=55705600
  [transformer] step=3450 loss=5.2210 ppl=185.1 tok/s=116092 gtok=56524800
  [transformer] step=3500 loss=5.2333 ppl=187.4 tok/s=116191 gtok=57344000
  [transformer] step=3550 loss=5.1929 ppl=180.0 tok/s=116291 gtok=58163200
  [transformer] step=3600 loss=5.1696 ppl=175.8 tok/s=116388 gtok=58982400
  [transformer] step=3650 loss=5.1683 ppl=175.6 tok/s=116491 gtok=59801600
  [transformer] step=3700 loss=5.1219 ppl=167.6 tok/s=116585 gtok=60620800
  [transformer] step=3750 loss=5.1423 ppl=171.1 tok/s=116677 gtok=61440000
  [transformer] step=3800 loss=5.1247 ppl=168.1 tok/s=116775 gtok=62259200
  [transformer] step=3850 loss=5.0872 ppl=161.9 tok/s=116866 gtok=63078400
  [transformer] step=3900 loss=5.1122 ppl=166.0 tok/s=116951 gtok=63897600
  [transformer] step=3950 loss=5.1103 ppl=165.7 tok/s=117039 gtok=64716800
  [transformer] step=4000 loss=5.0835 ppl=161.3 tok/s=117117 gtok=65536000
  [transformer] step=4050 loss=5.1131 ppl=166.2 tok/s=117066 gtok=66355200
  [transformer] step=4100 loss=5.0747 ppl=159.9 tok/s=117135 gtok=67174400
  [transformer] step=4150 loss=5.0530 ppl=156.5 tok/s=117193 gtok=67993600
  [transformer] step=4200 loss=5.0784 ppl=160.5 tok/s=117265 gtok=68812800
  [transformer] step=4250 loss=5.0920 ppl=162.7 tok/s=117333 gtok=69632000
  [transformer] step=4300 loss=5.0212 ppl=151.6 tok/s=117405 gtok=70451200
  [transformer] step=4350 loss=5.0204 ppl=151.5 tok/s=117484 gtok=71270400
  [transformer] step=4400 loss=4.9369 ppl=139.3 tok/s=117550 gtok=72089600
  [transformer] step=4450 loss=5.0172 ppl=151.0 tok/s=117622 gtok=72908800
  [transformer] step=4500 loss=4.9892 ppl=146.8 tok/s=117692 gtok=73728000
  [transformer] step=4550 loss=5.0107 ppl=150.0 tok/s=117758 gtok=74547200
  [transformer] step=4600 loss=5.0310 ppl=153.1 tok/s=117823 gtok=75366400
  [transformer] step=4650 loss=4.9522 ppl=141.5 tok/s=117890 gtok=76185600
  [transformer] step=4700 loss=4.9523 ppl=141.5 tok/s=117948 gtok=77004800
  [transformer] step=4750 loss=4.9624 ppl=142.9 tok/s=118005 gtok=77824000
  [transformer] step=4800 loss=4.9320 ppl=138.7 tok/s=118063 gtok=78643200
  [transformer] step=4850 loss=4.9758 ppl=144.9 tok/s=118121 gtok=79462400
  [transformer] step=4900 loss=4.9102 ppl=135.7 tok/s=118174 gtok=80281600
  [transformer] step=4950 loss=4.9555 ppl=141.9 tok/s=118226 gtok=81100800
  [transformer] step=5000 loss=4.9380 ppl=139.5 tok/s=118280 gtok=81920000
  [transformer] step=5050 loss=4.8783 ppl=131.4 tok/s=118331 gtok=82739200
  [transformer] step=5100 loss=4.9031 ppl=134.7 tok/s=118387 gtok=83558400
  [transformer] step=5150 loss=4.9529 ppl=141.6 tok/s=118437 gtok=84377600
  [transformer] step=5200 loss=4.8660 ppl=129.8 tok/s=118488 gtok=85196800
  [transformer] step=5250 loss=4.8847 ppl=132.3 tok/s=118538 gtok=86016000
  [transformer] step=5300 loss=4.8682 ppl=130.1 tok/s=118584 gtok=86835200
  [transformer] step=5350 loss=4.8760 ppl=131.1 tok/s=118628 gtok=87654400
  [transformer] step=5400 loss=4.8194 ppl=123.9 tok/s=118676 gtok=88473600
  [transformer] step=5450 loss=4.8621 ppl=129.3 tok/s=118721 gtok=89292800
  [transformer] step=5500 loss=4.8228 ppl=124.3 tok/s=118769 gtok=90112000
  [transformer] step=5550 loss=4.8308 ppl=125.3 tok/s=118814 gtok=90931200
  [transformer] step=5600 loss=4.8252 ppl=124.6 tok/s=118852 gtok=91750400
  [transformer] step=5650 loss=4.8206 ppl=124.0 tok/s=118878 gtok=92569600
  [transformer] step=5700 loss=4.8274 ppl=124.9 tok/s=118924 gtok=93388800
  [transformer] step=5750 loss=4.7762 ppl=118.7 tok/s=118970 gtok=94208000
  [transformer] step=5800 loss=4.8106 ppl=122.8 tok/s=119014 gtok=95027200
  [transformer] step=5850 loss=4.7945 ppl=120.8 tok/s=119058 gtok=95846400
  [transformer] step=5900 loss=4.7830 ppl=119.5 tok/s=119101 gtok=96665600
  [transformer] step=5950 loss=4.7784 ppl=118.9 tok/s=119133 gtok=97484800
  [transformer] step=6000 loss=4.7984 ppl=121.3 tok/s=119169 gtok=98304000
  [transformer] step=6050 loss=4.7479 ppl=115.3 tok/s=119122 gtok=99123200
  [transformer] step=6100 loss=4.7555 ppl=116.2 tok/s=119159 gtok=99942400
  [transformer] step=6150 loss=4.7158 ppl=111.7 tok/s=119194 gtok=100761600
  [transformer] step=6200 loss=4.7683 ppl=117.7 tok/s=119227 gtok=101580800
  [transformer] step=6250 loss=4.7027 ppl=110.2 tok/s=119270 gtok=102400000
  [transformer] step=6300 loss=4.6573 ppl=105.4 tok/s=119309 gtok=103219200
  [transformer] step=6350 loss=4.7078 ppl=110.8 tok/s=119345 gtok=104038400
  [transformer] step=6400 loss=4.7070 ppl=110.7 tok/s=119371 gtok=104857600
  [transformer] step=6450 loss=4.7254 ppl=112.8 tok/s=119410 gtok=105676800
  [transformer] step=6500 loss=4.6674 ppl=106.4 tok/s=119439 gtok=106496000
  [transformer] step=6550 loss=4.6341 ppl=102.9 tok/s=119470 gtok=107315200
  [transformer] step=6600 loss=4.6436 ppl=103.9 tok/s=119505 gtok=108134400
  [transformer] step=6650 loss=4.6807 ppl=107.8 tok/s=119532 gtok=108953600
  [transformer] step=6700 loss=4.6896 ppl=108.8 tok/s=119564 gtok=109772800
  [transformer] step=6750 loss=4.6527 ppl=104.9 tok/s=119592 gtok=110592000
  [transformer] step=6800 loss=4.6264 ppl=102.2 tok/s=119617 gtok=111411200
  [transformer] step=6850 loss=4.6129 ppl=100.8 tok/s=119649 gtok=112230400
  [transformer] step=6900 loss=4.6198 ppl=101.5 tok/s=119679 gtok=113049600
  [transformer] step=6950 loss=4.5855 ppl=98.1 tok/s=119710 gtok=113868800
  [transformer] step=7000 loss=4.5767 ppl=97.2 tok/s=119743 gtok=114688000
  [transformer] step=7050 loss=4.6127 ppl=100.8 tok/s=119768 gtok=115507200
  [transformer] step=7100 loss=4.6357 ppl=103.1 tok/s=119793 gtok=116326400
  [transformer] step=7150 loss=4.5862 ppl=98.1 tok/s=119820 gtok=117145600
  [transformer] step=7200 loss=4.6021 ppl=99.7 tok/s=119848 gtok=117964800
  [transformer] step=7250 loss=4.5872 ppl=98.2 tok/s=119871 gtok=118784000
  [transformer] step=7300 loss=4.5636 ppl=95.9 tok/s=119899 gtok=119603200
  [transformer] step=7350 loss=4.5933 ppl=98.8 tok/s=119916 gtok=120422400
  [transformer] step=7400 loss=4.5663 ppl=96.2 tok/s=119924 gtok=121241600
  [transformer] step=7450 loss=4.5862 ppl=98.1 tok/s=119944 gtok=122060800
  [transformer] step=7500 loss=4.5792 ppl=97.4 tok/s=119970 gtok=122880000
  [transformer] step=7550 loss=4.5289 ppl=92.7 tok/s=119998 gtok=123699200
  [transformer] step=7600 loss=4.5582 ppl=95.4 tok/s=120018 gtok=124518400
  [transformer] step=7650 loss=4.5266 ppl=92.4 tok/s=120047 gtok=125337600
  [transformer] step=7700 loss=4.5276 ppl=92.5 tok/s=120073 gtok=126156800
  [transformer] step=7750 loss=4.5208 ppl=91.9 tok/s=120097 gtok=126976000
  [transformer] step=7800 loss=4.5286 ppl=92.6 tok/s=120120 gtok=127795200
  [transformer] step=7850 loss=4.4908 ppl=89.2 tok/s=120141 gtok=128614400
  [transformer] step=7900 loss=4.5014 ppl=90.1 tok/s=120164 gtok=129433600
  [transformer] step=7950 loss=4.5188 ppl=91.7 tok/s=120189 gtok=130252800
  [transformer] step=8000 loss=4.5421 ppl=93.9 tok/s=120210 gtok=131072000
  [transformer] step=8050 loss=4.5047 ppl=90.4 tok/s=120158 gtok=131891200
  [transformer] step=8100 loss=4.4322 ppl=84.1 tok/s=120182 gtok=132710400
  [transformer] step=8150 loss=4.5159 ppl=91.5 tok/s=120207 gtok=133529600
  [transformer] step=8200 loss=4.4772 ppl=88.0 tok/s=120232 gtok=134348800
  [transformer] step=8250 loss=4.4952 ppl=89.6 tok/s=120253 gtok=135168000
  [transformer] step=8300 loss=4.4783 ppl=88.1 tok/s=120274 gtok=135987200
  [transformer] step=8350 loss=4.4616 ppl=86.6 tok/s=120300 gtok=136806400
  [transformer] step=8400 loss=4.4801 ppl=88.2 tok/s=120327 gtok=137625600
  [transformer] step=8450 loss=4.4971 ppl=89.8 tok/s=120347 gtok=138444800
  [transformer] step=8500 loss=4.4650 ppl=86.9 tok/s=120360 gtok=139264000
  [transformer] step=8550 loss=4.4685 ppl=87.2 tok/s=120376 gtok=140083200
  [transformer] step=8600 loss=4.4743 ppl=87.7 tok/s=120394 gtok=140902400
  [transformer] step=8650 loss=4.4668 ppl=87.1 tok/s=120414 gtok=141721600
  [transformer] step=8700 loss=4.4693 ppl=87.3 tok/s=120432 gtok=142540800
  [transformer] step=8750 loss=4.4117 ppl=82.4 tok/s=120449 gtok=143360000
  [transformer] step=8800 loss=4.4509 ppl=85.7 tok/s=120469 gtok=144179200
  [transformer] step=8850 loss=4.4183 ppl=83.0 tok/s=120488 gtok=144998400
  [transformer] step=8900 loss=4.4371 ppl=84.5 tok/s=120507 gtok=145817600
  [transformer] step=8950 loss=4.4109 ppl=82.3 tok/s=120529 gtok=146636800
  [transformer] step=9000 loss=4.3910 ppl=80.7 tok/s=120546 gtok=147456000
  [transformer] step=9050 loss=4.4479 ppl=85.4 tok/s=120565 gtok=148275200
  [transformer] step=9100 loss=4.4087 ppl=82.2 tok/s=120580 gtok=149094400
  [transformer] step=9150 loss=4.4279 ppl=83.8 tok/s=120593 gtok=149913600
  [transformer] step=9200 loss=4.3755 ppl=79.5 tok/s=120605 gtok=150732800
  [transformer] step=9250 loss=4.3932 ppl=80.9 tok/s=120621 gtok=151552000
  [transformer] step=9300 loss=4.4497 ppl=85.6 tok/s=120638 gtok=152371200
  [transformer] step=9350 loss=4.3959 ppl=81.1 tok/s=120652 gtok=153190400
  [transformer] step=9400 loss=4.4152 ppl=82.7 tok/s=120669 gtok=154009600
  [transformer] step=9450 loss=4.3789 ppl=79.7 tok/s=120687 gtok=154828800
  [transformer] step=9500 loss=4.3632 ppl=78.5 tok/s=120705 gtok=155648000
  [transformer] step=9550 loss=4.4003 ppl=81.5 tok/s=120721 gtok=156467200
  [transformer] step=9600 loss=4.3533 ppl=77.7 tok/s=120736 gtok=157286400
  [transformer] step=9650 loss=4.3453 ppl=77.1 tok/s=120753 gtok=158105600
  [transformer] step=9700 loss=4.3952 ppl=81.1 tok/s=120769 gtok=158924800
  [transformer] step=9750 loss=4.3553 ppl=77.9 tok/s=120782 gtok=159744000
  [transformer] step=9800 loss=4.3755 ppl=79.5 tok/s=120796 gtok=160563200
  [transformer] step=9850 loss=4.3851 ppl=80.2 tok/s=120811 gtok=161382400
  [transformer] step=9900 loss=4.3258 ppl=75.6 tok/s=120824 gtok=162201600
  [transformer] step=9950 loss=4.3522 ppl=77.6 tok/s=120839 gtok=163020800
  [transformer] step=10000 loss=4.3541 ppl=77.8 tok/s=120849 gtok=163840000
  [transformer] step=10050 loss=4.3409 ppl=76.8 tok/s=120814 gtok=164659200
  [transformer] step=10100 loss=4.3207 ppl=75.2 tok/s=120828 gtok=165478400
  [transformer] step=10150 loss=4.3741 ppl=79.4 tok/s=120843 gtok=166297600
  [transformer] step=10200 loss=4.3322 ppl=76.1 tok/s=120857 gtok=167116800
  [transformer] step=10250 loss=4.3440 ppl=77.0 tok/s=120871 gtok=167936000
  [transformer] step=10300 loss=4.3211 ppl=75.3 tok/s=120885 gtok=168755200
  [transformer] step=10350 loss=4.3091 ppl=74.4 tok/s=120898 gtok=169574400
  [transformer] step=10400 loss=4.3255 ppl=75.6 tok/s=120910 gtok=170393600
  [transformer] step=10450 loss=4.3155 ppl=74.9 tok/s=120918 gtok=171212800
  [transformer] step=10500 loss=4.3129 ppl=74.7 tok/s=120921 gtok=172032000
  [transformer] step=10550 loss=4.2578 ppl=70.7 tok/s=120935 gtok=172851200
  [transformer] step=10600 loss=4.3524 ppl=77.7 tok/s=120946 gtok=173670400
  [transformer] step=10650 loss=4.3810 ppl=79.9 tok/s=120953 gtok=174489600
  [transformer] step=10700 loss=4.3142 ppl=74.8 tok/s=120972 gtok=175308800
  [transformer] step=10750 loss=4.3317 ppl=76.1 tok/s=120986 gtok=176128000
  [transformer] step=10800 loss=4.3129 ppl=74.7 tok/s=121000 gtok=176947200
  [transformer] step=10850 loss=4.3083 ppl=74.3 tok/s=121015 gtok=177766400
  [transformer] step=10900 loss=4.3215 ppl=75.3 tok/s=121032 gtok=178585600
  [transformer] step=10950 loss=4.3049 ppl=74.1 tok/s=121046 gtok=179404800
  [transformer] step=11000 loss=4.2834 ppl=72.5 tok/s=121059 gtok=180224000
  [transformer] step=11050 loss=4.2949 ppl=73.3 tok/s=121070 gtok=181043200
  [transformer] step=11100 loss=4.3342 ppl=76.3 tok/s=121079 gtok=181862400
  [transformer] step=11150 loss=4.2682 ppl=71.4 tok/s=121088 gtok=182681600
  [transformer] step=11200 loss=4.3458 ppl=77.2 tok/s=121101 gtok=183500800
  [transformer] step=11250 loss=4.3050 ppl=74.1 tok/s=121114 gtok=184320000
  [transformer] step=11300 loss=4.3306 ppl=76.0 tok/s=121126 gtok=185139200
  [transformer] step=11350 loss=4.2767 ppl=72.0 tok/s=121139 gtok=185958400
  [transformer] step=11400 loss=4.2782 ppl=72.1 tok/s=121144 gtok=186777600
  [transformer] step=11450 loss=4.2625 ppl=71.0 tok/s=121154 gtok=187596800
  [transformer] step=11500 loss=4.2744 ppl=71.8 tok/s=121165 gtok=188416000
  [transformer] step=11550 loss=4.2396 ppl=69.4 tok/s=121177 gtok=189235200
  [transformer] step=11600 loss=4.2616 ppl=70.9 tok/s=121187 gtok=190054400
  [transformer] step=11650 loss=4.2485 ppl=70.0 tok/s=121198 gtok=190873600
  [transformer] step=11700 loss=4.2230 ppl=68.2 tok/s=121199 gtok=191692800
  [transformer] step=11750 loss=4.2724 ppl=71.7 tok/s=121203 gtok=192512000
  [transformer] step=11800 loss=4.2757 ppl=71.9 tok/s=121213 gtok=193331200
  [transformer] step=11850 loss=4.2371 ppl=69.2 tok/s=121222 gtok=194150400
  [transformer] step=11900 loss=4.2610 ppl=70.9 tok/s=121233 gtok=194969600
  [transformer] step=11950 loss=4.2794 ppl=72.2 tok/s=121244 gtok=195788800
  [transformer] step=12000 loss=4.2815 ppl=72.4 tok/s=121256 gtok=196608000
  [transformer] step=12050 loss=4.2196 ppl=68.0 tok/s=121224 gtok=197427200
  [transformer] step=12100 loss=4.2176 ppl=67.9 tok/s=121233 gtok=198246400
  [transformer] step=12150 loss=4.2279 ppl=68.6 tok/s=121243 gtok=199065600
  [transformer] step=12200 loss=4.2096 ppl=67.3 tok/s=121252 gtok=199884800
  [transformer] step=12250 loss=4.2344 ppl=69.0 tok/s=121259 gtok=200704000
  [transformer] step=12300 loss=4.2266 ppl=68.5 tok/s=121271 gtok=201523200
  [transformer] step=12350 loss=4.2723 ppl=71.7 tok/s=121281 gtok=202342400
  [transformer] step=12400 loss=4.2684 ppl=71.4 tok/s=121290 gtok=203161600
  [transformer] step=12450 loss=4.2500 ppl=70.1 tok/s=121298 gtok=203980800
  [transformer] step=12500 loss=4.2892 ppl=72.9 tok/s=121305 gtok=204800000
  [transformer] step=12550 loss=4.2690 ppl=71.4 tok/s=121314 gtok=205619200
  [transformer] step=12600 loss=4.2534 ppl=70.3 tok/s=121325 gtok=206438400
  [transformer] step=12650 loss=4.1977 ppl=66.5 tok/s=121335 gtok=207257600
  [transformer] step=12700 loss=4.2348 ppl=69.0 tok/s=121346 gtok=208076800
  [transformer] step=12750 loss=4.2098 ppl=67.3 tok/s=121356 gtok=208896000
  [transformer] step=12800 loss=4.2078 ppl=67.2 tok/s=121364 gtok=209715200
  [transformer] step=12850 loss=4.2088 ppl=67.3 tok/s=121373 gtok=210534400
  [transformer] step=12900 loss=4.1964 ppl=66.4 tok/s=121381 gtok=211353600
  [transformer] step=12950 loss=4.2329 ppl=68.9 tok/s=121380 gtok=212172800
  [transformer] step=13000 loss=4.2404 ppl=69.4 tok/s=121389 gtok=212992000
  [transformer] step=13050 loss=4.1818 ppl=65.5 tok/s=121397 gtok=213811200
  [transformer] step=13100 loss=4.2471 ppl=69.9 tok/s=121400 gtok=214630400
  [transformer] step=13150 loss=4.2147 ppl=67.7 tok/s=121401 gtok=215449600
  [transformer] step=13200 loss=4.2102 ppl=67.4 tok/s=121408 gtok=216268800
  [transformer] step=13250 loss=4.2277 ppl=68.6 tok/s=121416 gtok=217088000
  [transformer] step=13300 loss=4.1785 ppl=65.3 tok/s=121424 gtok=217907200
  [transformer] step=13350 loss=4.1896 ppl=66.0 tok/s=121434 gtok=218726400
  [transformer] step=13400 loss=4.2022 ppl=66.8 tok/s=121442 gtok=219545600
  [transformer] step=13450 loss=4.2258 ppl=68.4 tok/s=121449 gtok=220364800
  [transformer] step=13500 loss=4.2155 ppl=67.7 tok/s=121454 gtok=221184000
  [transformer] step=13550 loss=4.2203 ppl=68.1 tok/s=121461 gtok=222003200
  [transformer] step=13600 loss=4.2074 ppl=67.2 tok/s=121467 gtok=222822400
  [transformer] step=13650 loss=4.1704 ppl=64.7 tok/s=121472 gtok=223641600
  [transformer] step=13700 loss=4.1832 ppl=65.6 tok/s=121478 gtok=224460800
  [transformer] step=13750 loss=4.2098 ppl=67.3 tok/s=121483 gtok=225280000
  [transformer] step=13800 loss=4.2004 ppl=66.7 tok/s=121490 gtok=226099200
  [transformer] step=13850 loss=4.1586 ppl=64.0 tok/s=121499 gtok=226918400
  [transformer] step=13900 loss=4.2087 ppl=67.3 tok/s=121507 gtok=227737600
  [transformer] step=13950 loss=4.1510 ppl=63.5 tok/s=121514 gtok=228556800
  [transformer] step=14000 loss=4.1751 ppl=65.0 tok/s=121519 gtok=229376000
  [transformer] step=14050 loss=4.1434 ppl=63.0 tok/s=121485 gtok=230195200
  [transformer] step=14100 loss=4.1682 ppl=64.6 tok/s=121489 gtok=231014400
  [transformer] step=14150 loss=4.1554 ppl=63.8 tok/s=121494 gtok=231833600
  [transformer] step=14200 loss=4.1665 ppl=64.5 tok/s=121499 gtok=232652800
  [transformer] step=14250 loss=4.1922 ppl=66.2 tok/s=121503 gtok=233472000
  [transformer] step=14300 loss=4.1760 ppl=65.1 tok/s=121509 gtok=234291200
  [transformer] step=14350 loss=4.1663 ppl=64.5 tok/s=121514 gtok=235110400
  [transformer] step=14400 loss=4.1956 ppl=66.4 tok/s=121520 gtok=235929600
  [transformer] step=14450 loss=4.1783 ppl=65.3 tok/s=121524 gtok=236748800
  [transformer] step=14500 loss=4.1534 ppl=63.7 tok/s=121532 gtok=237568000
  [transformer] step=14550 loss=4.1330 ppl=62.4 tok/s=121539 gtok=238387200
  [transformer] step=14600 loss=4.1715 ppl=64.8 tok/s=121545 gtok=239206400
  [transformer] step=14650 loss=4.1242 ppl=61.8 tok/s=121551 gtok=240025600
  [transformer] step=14700 loss=4.1689 ppl=64.6 tok/s=121558 gtok=240844800
  [transformer] step=14750 loss=4.1831 ppl=65.6 tok/s=121565 gtok=241664000
  [transformer] step=14800 loss=4.1186 ppl=61.5 tok/s=121571 gtok=242483200
  [transformer] step=14850 loss=4.1350 ppl=62.5 tok/s=121578 gtok=243302400
  [transformer] step=14900 loss=4.1763 ppl=65.1 tok/s=121583 gtok=244121600
  [transformer] step=14950 loss=4.1426 ppl=63.0 tok/s=121588 gtok=244940800
  [transformer] step=15000 loss=4.1509 ppl=63.5 tok/s=121592 gtok=245760000
  [transformer] step=15050 loss=4.1552 ppl=63.8 tok/s=121596 gtok=246579200
  [transformer] step=15100 loss=4.1086 ppl=60.9 tok/s=121606 gtok=247398400
  [transformer] step=15150 loss=4.0993 ppl=60.3 tok/s=121611 gtok=248217600
  [transformer] step=15200 loss=4.0902 ppl=59.8 tok/s=121618 gtok=249036800
  [transformer] step=15250 loss=4.1536 ppl=63.7 tok/s=121624 gtok=249856000
  [transformer] step=15300 loss=4.1040 ppl=60.6 tok/s=121630 gtok=250675200
  [transformer] step=15350 loss=4.0958 ppl=60.1 tok/s=121627 gtok=251494400
  [transformer] step=15400 loss=4.1727 ppl=64.9 tok/s=121630 gtok=252313600
  [transformer] step=15450 loss=4.1261 ppl=61.9 tok/s=121637 gtok=253132800
  [transformer] step=15500 loss=4.1255 ppl=61.9 tok/s=121640 gtok=253952000
  [transformer] step=15550 loss=4.1238 ppl=61.8 tok/s=121645 gtok=254771200
  [transformer] step=15600 loss=4.0984 ppl=60.2 tok/s=121651 gtok=255590400
  [transformer] step=15650 loss=4.1151 ppl=61.3 tok/s=121657 gtok=256409600
  [transformer] step=15700 loss=4.1280 ppl=62.1 tok/s=121663 gtok=257228800
  [transformer] step=15750 loss=4.1441 ppl=63.1 tok/s=121670 gtok=258048000
  [transformer] step=15800 loss=4.1116 ppl=61.0 tok/s=121676 gtok=258867200
  [transformer] step=15850 loss=4.0867 ppl=59.5 tok/s=121682 gtok=259686400
  [transformer] step=15900 loss=4.1067 ppl=60.7 tok/s=121689 gtok=260505600
  [transformer] step=15950 loss=4.1176 ppl=61.4 tok/s=121693 gtok=261324800
  [transformer] step=16000 loss=4.1080 ppl=60.8 tok/s=121697 gtok=262144000
  [transformer] step=16050 loss=4.1237 ppl=61.8 tok/s=121670 gtok=262963200
  [transformer] step=16100 loss=4.1522 ppl=63.6 tok/s=121675 gtok=263782400
  [transformer] step=16150 loss=4.1059 ppl=60.7 tok/s=121680 gtok=264601600
  [transformer] step=16200 loss=4.0940 ppl=60.0 tok/s=121685 gtok=265420800
  [transformer] step=16250 loss=4.1260 ppl=61.9 tok/s=121690 gtok=266240000
  [transformer] step=16300 loss=4.1081 ppl=60.8 tok/s=121694 gtok=267059200
  [transformer] step=16350 loss=4.0659 ppl=58.3 tok/s=121700 gtok=267878400
  [transformer] step=16400 loss=4.1206 ppl=61.6 tok/s=121706 gtok=268697600
  [transformer] step=16450 loss=4.1102 ppl=61.0 tok/s=121712 gtok=269516800
  [transformer] step=16500 loss=4.1178 ppl=61.4 tok/s=121720 gtok=270336000
  [transformer] step=16550 loss=4.0980 ppl=60.2 tok/s=121728 gtok=271155200
  [transformer] step=16600 loss=4.0822 ppl=59.3 tok/s=121733 gtok=271974400
  [transformer] step=16650 loss=4.1279 ppl=62.0 tok/s=121738 gtok=272793600
  [transformer] step=16700 loss=4.1146 ppl=61.2 tok/s=121741 gtok=273612800
  [transformer] step=16750 loss=4.1165 ppl=61.3 tok/s=121745 gtok=274432000
  [transformer] step=16800 loss=4.1162 ppl=61.3 tok/s=121751 gtok=275251200
  [transformer] step=16850 loss=4.1531 ppl=63.6 tok/s=121753 gtok=276070400
  [transformer] step=16900 loss=4.1214 ppl=61.6 tok/s=121753 gtok=276889600
  [transformer] step=16950 loss=4.0695 ppl=58.5 tok/s=121755 gtok=277708800
  [transformer] step=17000 loss=4.0904 ppl=59.8 tok/s=121760 gtok=278528000
  [transformer] step=17050 loss=4.1034 ppl=60.5 tok/s=121766 gtok=279347200
  [transformer] step=17100 loss=4.1427 ppl=63.0 tok/s=121769 gtok=280166400
  [transformer] step=17150 loss=4.0670 ppl=58.4 tok/s=121770 gtok=280985600
  [transformer] step=17200 loss=4.1402 ppl=62.8 tok/s=121774 gtok=281804800
  [transformer] step=17250 loss=4.0718 ppl=58.7 tok/s=121779 gtok=282624000
  [transformer] step=17300 loss=4.1007 ppl=60.4 tok/s=121784 gtok=283443200
  [transformer] step=17350 loss=4.1075 ppl=60.8 tok/s=121789 gtok=284262400
  [transformer] step=17400 loss=4.0725 ppl=58.7 tok/s=121792 gtok=285081600
  [transformer] step=17450 loss=4.0915 ppl=59.8 tok/s=121796 gtok=285900800
  [transformer] step=17500 loss=4.0141 ppl=55.4 tok/s=121799 gtok=286720000
  [transformer] step=17550 loss=4.0552 ppl=57.7 tok/s=121804 gtok=287539200
  [transformer] step=17600 loss=4.0673 ppl=58.4 tok/s=121810 gtok=288358400
  [transformer] step=17650 loss=4.0772 ppl=59.0 tok/s=121815 gtok=289177600
  [transformer] step=17700 loss=4.0546 ppl=57.7 tok/s=121819 gtok=289996800
  [transformer] step=17750 loss=4.0601 ppl=58.0 tok/s=121824 gtok=290816000
  [transformer] step=17800 loss=4.0961 ppl=60.1 tok/s=121820 gtok=291635200
  [transformer] step=17850 loss=4.0764 ppl=58.9 tok/s=121824 gtok=292454400
  [transformer] step=17900 loss=4.0244 ppl=55.9 tok/s=121827 gtok=293273600
  [transformer] step=17950 loss=4.1148 ppl=61.2 tok/s=121831 gtok=294092800
  [transformer] step=18000 loss=4.0632 ppl=58.2 tok/s=121833 gtok=294912000
  [transformer] step=18050 loss=4.0065 ppl=55.0 tok/s=121808 gtok=295731200
  [transformer] step=18100 loss=4.0346 ppl=56.5 tok/s=121812 gtok=296550400
  [transformer] step=18150 loss=4.0646 ppl=58.2 tok/s=121816 gtok=297369600
  [transformer] step=18200 loss=4.0252 ppl=56.0 tok/s=121820 gtok=298188800
  [transformer] step=18250 loss=4.0425 ppl=57.0 tok/s=121820 gtok=299008000
  [transformer] step=18300 loss=4.0369 ppl=56.7 tok/s=121829 gtok=299827200
  [transformer] step=18350 loss=4.0525 ppl=57.5 tok/s=121836 gtok=300646400
  [transformer] step=18400 loss=4.0438 ppl=57.0 tok/s=121843 gtok=301465600
  [transformer] step=18450 loss=4.0168 ppl=55.5 tok/s=121853 gtok=302284800
  [transformer] step=18500 loss=4.0822 ppl=59.3 tok/s=121864 gtok=303104000
  [transformer] step=18550 loss=4.0611 ppl=58.0 tok/s=121872 gtok=303923200
  [transformer] step=18600 loss=4.0175 ppl=55.6 tok/s=121880 gtok=304742400
  [transformer] step=18650 loss=4.0295 ppl=56.2 tok/s=121886 gtok=305561600
  [transformer] step=18700 loss=4.0136 ppl=55.3 tok/s=121891 gtok=306380800
  [transformer] step=18750 loss=4.0716 ppl=58.7 tok/s=121897 gtok=307200000
  [transformer] step=18800 loss=4.0101 ppl=55.2 tok/s=121903 gtok=308019200
  [transformer] step=18850 loss=4.0046 ppl=54.9 tok/s=121909 gtok=308838400
  [transformer] step=18900 loss=4.0666 ppl=58.4 tok/s=121917 gtok=309657600
  [transformer] step=18950 loss=4.0104 ppl=55.2 tok/s=121925 gtok=310476800
  [transformer] step=19000 loss=4.0264 ppl=56.1 tok/s=121933 gtok=311296000
  [transformer] step=19050 loss=3.9904 ppl=54.1 tok/s=121939 gtok=312115200
  [transformer] step=19100 loss=4.0201 ppl=55.7 tok/s=121945 gtok=312934400
  [transformer] step=19150 loss=4.0156 ppl=55.5 tok/s=121953 gtok=313753600
  [transformer] step=19200 loss=4.0251 ppl=56.0 tok/s=121959 gtok=314572800
  [transformer] step=19250 loss=4.0310 ppl=56.3 tok/s=121964 gtok=315392000
  [transformer] step=19300 loss=4.0106 ppl=55.2 tok/s=121969 gtok=316211200
  [transformer] step=19350 loss=4.0242 ppl=55.9 tok/s=121972 gtok=317030400
  [transformer] step=19400 loss=4.0545 ppl=57.7 tok/s=121979 gtok=317849600
  [transformer] step=19450 loss=4.0297 ppl=56.2 tok/s=121985 gtok=318668800
  [transformer] step=19500 loss=4.0307 ppl=56.3 tok/s=121992 gtok=319488000
  [transformer] step=19550 loss=4.0415 ppl=56.9 tok/s=121997 gtok=320307200
  [transformer] step=19600 loss=3.9816 ppl=53.6 tok/s=122002 gtok=321126400
  [transformer] step=19650 loss=3.9876 ppl=53.9 tok/s=122010 gtok=321945600
  [transformer] step=19700 loss=4.0287 ppl=56.2 tok/s=122016 gtok=322764800
  [transformer] step=19750 loss=3.9782 ppl=53.4 tok/s=122021 gtok=323584000
  [transformer] step=19800 loss=4.0280 ppl=56.1 tok/s=122026 gtok=324403200
  [transformer] step=19850 loss=3.9506 ppl=52.0 tok/s=122031 gtok=325222400
  [transformer] step=19900 loss=4.0244 ppl=55.9 tok/s=122035 gtok=326041600
  [transformer] step=19950 loss=4.0148 ppl=55.4 tok/s=122039 gtok=326860800
  [transformer] step=20000 loss=4.0383 ppl=56.7 tok/s=122041 gtok=327680000
  [transformer] step=20050 loss=4.0348 ppl=56.5 tok/s=122018 gtok=328499200
  [transformer] step=20100 loss=4.0483 ppl=57.3 tok/s=122019 gtok=329318400
  [transformer] step=20150 loss=4.0321 ppl=56.4 tok/s=122023 gtok=330137600
  [transformer] step=20200 loss=3.9739 ppl=53.2 tok/s=122022 gtok=330956800
  [transformer] step=20250 loss=4.0261 ppl=56.0 tok/s=122029 gtok=331776000
  [transformer] step=20300 loss=4.0296 ppl=56.2 tok/s=122034 gtok=332595200
  [transformer] step=20350 loss=4.0050 ppl=54.9 tok/s=122040 gtok=333414400
  [transformer] step=20400 loss=4.0166 ppl=55.5 tok/s=122046 gtok=334233600
  [transformer] step=20450 loss=4.0318 ppl=56.4 tok/s=122052 gtok=335052800
  [transformer] step=20500 loss=3.9853 ppl=53.8 tok/s=122056 gtok=335872000
  [transformer] step=20550 loss=4.0052 ppl=54.9 tok/s=122059 gtok=336691200
  [transformer] step=20600 loss=4.0147 ppl=55.4 tok/s=122061 gtok=337510400
  [transformer] step=20650 loss=4.0005 ppl=54.6 tok/s=122065 gtok=338329600
  [transformer] step=20700 loss=4.0004 ppl=54.6 tok/s=122070 gtok=339148800
  [transformer] step=20750 loss=3.9987 ppl=54.5 tok/s=122073 gtok=339968000
  [transformer] step=20800 loss=4.0038 ppl=54.8 tok/s=122080 gtok=340787200
  [transformer] step=20850 loss=3.9773 ppl=53.4 tok/s=122083 gtok=341606400
  [transformer] step=20900 loss=3.9736 ppl=53.2 tok/s=122087 gtok=342425600
  [transformer] step=20950 loss=3.9979 ppl=54.5 tok/s=122091 gtok=343244800
  [transformer] step=21000 loss=4.0031 ppl=54.8 tok/s=122094 gtok=344064000
  [transformer] step=21050 loss=4.0028 ppl=54.8 tok/s=122099 gtok=344883200
  [transformer] step=21100 loss=3.9778 ppl=53.4 tok/s=122104 gtok=345702400
  [transformer] step=21150 loss=4.0131 ppl=55.3 tok/s=122106 gtok=346521600
  [transformer] step=21200 loss=3.9860 ppl=53.8 tok/s=122108 gtok=347340800
  [transformer] step=21250 loss=4.0058 ppl=54.9 tok/s=122110 gtok=348160000
  [transformer] step=21300 loss=3.9812 ppl=53.6 tok/s=122112 gtok=348979200
  [transformer] step=21350 loss=3.9661 ppl=52.8 tok/s=122113 gtok=349798400
  [transformer] step=21400 loss=3.9692 ppl=52.9 tok/s=122116 gtok=350617600
  [transformer] step=21450 loss=4.0048 ppl=54.9 tok/s=122120 gtok=351436800
  [transformer] step=21500 loss=3.9332 ppl=51.1 tok/s=122125 gtok=352256000
  [transformer] step=21550 loss=3.9689 ppl=52.9 tok/s=122128 gtok=353075200
  [transformer] step=21600 loss=3.9974 ppl=54.5 tok/s=122131 gtok=353894400
  [transformer] step=21650 loss=3.9564 ppl=52.3 tok/s=122133 gtok=354713600
  [transformer] step=21700 loss=3.9696 ppl=53.0 tok/s=122134 gtok=355532800
  [transformer] step=21750 loss=3.9585 ppl=52.4 tok/s=122136 gtok=356352000
  [transformer] step=21800 loss=3.9333 ppl=51.1 tok/s=122138 gtok=357171200
  [transformer] step=21850 loss=3.9749 ppl=53.2 tok/s=122141 gtok=357990400
  [transformer] step=21900 loss=3.9525 ppl=52.1 tok/s=122145 gtok=358809600
  [transformer] step=21950 loss=3.9700 ppl=53.0 tok/s=122148 gtok=359628800
  [transformer] step=22000 loss=3.9681 ppl=52.9 tok/s=122152 gtok=360448000
  [transformer] step=22050 loss=3.9642 ppl=52.7 tok/s=122134 gtok=361267200
  [transformer] step=22100 loss=3.9900 ppl=54.1 tok/s=122138 gtok=362086400
  [transformer] step=22150 loss=4.0212 ppl=55.8 tok/s=122143 gtok=362905600
  [transformer] step=22200 loss=4.0077 ppl=55.0 tok/s=122148 gtok=363724800
  [transformer] step=22250 loss=4.0140 ppl=55.4 tok/s=122151 gtok=364544000
  [transformer] step=22300 loss=3.9494 ppl=51.9 tok/s=122154 gtok=365363200
  [transformer] step=22350 loss=3.9496 ppl=51.9 tok/s=122158 gtok=366182400
  [transformer] step=22400 loss=3.9358 ppl=51.2 tok/s=122161 gtok=367001600
  [transformer] step=22450 loss=3.9640 ppl=52.7 tok/s=122164 gtok=367820800
  [transformer] step=22500 loss=4.0130 ppl=55.3 tok/s=122165 gtok=368640000
  [transformer] step=22550 loss=3.9878 ppl=53.9 tok/s=122165 gtok=369459200
  [transformer] step=22600 loss=3.9222 ppl=50.5 tok/s=122169 gtok=370278400
  [transformer] step=22650 loss=4.0151 ppl=55.4 tok/s=122173 gtok=371097600
  [transformer] step=22700 loss=3.9661 ppl=52.8 tok/s=122173 gtok=371916800
  [transformer] step=22750 loss=3.9457 ppl=51.7 tok/s=122178 gtok=372736000
  [transformer] step=22800 loss=3.9478 ppl=51.8 tok/s=122182 gtok=373555200
  [transformer] step=22850 loss=3.9367 ppl=51.2 tok/s=122187 gtok=374374400
  [transformer] step=22900 loss=3.9468 ppl=51.8 tok/s=122190 gtok=375193600
  [transformer] step=22950 loss=3.9569 ppl=52.3 tok/s=122191 gtok=376012800
  [transformer] step=23000 loss=3.9844 ppl=53.8 tok/s=122190 gtok=376832000
  [transformer] step=23050 loss=3.9915 ppl=54.1 tok/s=122191 gtok=377651200
  [transformer] step=23100 loss=3.9801 ppl=53.5 tok/s=122193 gtok=378470400
  [transformer] step=23150 loss=3.9625 ppl=52.6 tok/s=122195 gtok=379289600
  [transformer] step=23200 loss=3.9418 ppl=51.5 tok/s=122198 gtok=380108800
  [transformer] step=23250 loss=3.9814 ppl=53.6 tok/s=122201 gtok=380928000
  [transformer] step=23300 loss=3.9525 ppl=52.1 tok/s=122202 gtok=381747200
  [transformer] step=23350 loss=3.9078 ppl=49.8 tok/s=122206 gtok=382566400
  [transformer] step=23400 loss=3.9012 ppl=49.5 tok/s=122211 gtok=383385600
  [transformer] step=23450 loss=3.9600 ppl=52.5 tok/s=122215 gtok=384204800
  [transformer] step=23500 loss=3.9761 ppl=53.3 tok/s=122218 gtok=385024000
  [transformer] step=23550 loss=3.9197 ppl=50.4 tok/s=122223 gtok=385843200
  [transformer] step=23600 loss=3.9582 ppl=52.4 tok/s=122225 gtok=386662400
  [transformer] step=23650 loss=3.9359 ppl=51.2 tok/s=122228 gtok=387481600
  [transformer] step=23700 loss=3.9389 ppl=51.4 tok/s=122231 gtok=388300800
  [transformer] step=23750 loss=3.9571 ppl=52.3 tok/s=122233 gtok=389120000
  [transformer] step=23800 loss=3.9281 ppl=50.8 tok/s=122237 gtok=389939200
  [transformer] step=23850 loss=3.9038 ppl=49.6 tok/s=122239 gtok=390758400
  [transformer] step=23900 loss=3.9295 ppl=50.9 tok/s=122243 gtok=391577600
  [transformer] step=23950 loss=3.9499 ppl=51.9 tok/s=122247 gtok=392396800
  [transformer] step=24000 loss=3.9501 ppl=51.9 tok/s=122251 gtok=393216000
  [transformer] step=24050 loss=3.9419 ppl=51.5 tok/s=122234 gtok=394035200
  [transformer] step=24100 loss=3.9304 ppl=50.9 tok/s=122238 gtok=394854400
  [transformer] step=24150 loss=3.9168 ppl=50.2 tok/s=122242 gtok=395673600
  [transformer] step=24200 loss=3.9160 ppl=50.2 tok/s=122246 gtok=396492800
  [transformer] step=24250 loss=3.9479 ppl=51.8 tok/s=122248 gtok=397312000
  [transformer] step=24300 loss=3.9245 ppl=50.6 tok/s=122251 gtok=398131200
  [transformer] step=24350 loss=3.9763 ppl=53.3 tok/s=122253 gtok=398950400
  [transformer] step=24400 loss=3.9594 ppl=52.4 tok/s=122256 gtok=399769600
  [transformer] step=24450 loss=3.9202 ppl=50.4 tok/s=122259 gtok=400588800
  [transformer] step=24500 loss=3.9566 ppl=52.3 tok/s=122263 gtok=401408000
  [transformer] step=24550 loss=3.9815 ppl=53.6 tok/s=122266 gtok=402227200
  [transformer] step=24600 loss=3.8877 ppl=48.8 tok/s=122269 gtok=403046400
  [transformer] step=24650 loss=3.9486 ppl=51.9 tok/s=122272 gtok=403865600
  [transformer] step=24700 loss=3.9299 ppl=50.9 tok/s=122276 gtok=404684800
  [transformer] step=24750 loss=3.9399 ppl=51.4 tok/s=122280 gtok=405504000
  [transformer] step=24800 loss=3.9520 ppl=52.0 tok/s=122283 gtok=406323200
  [transformer] step=24850 loss=3.9224 ppl=50.5 tok/s=122286 gtok=407142400
  [transformer] step=24900 loss=3.9149 ppl=50.1 tok/s=122288 gtok=407961600
  [transformer] step=24950 loss=3.9294 ppl=50.9 tok/s=122291 gtok=408780800
  [transformer] step=25000 loss=3.9525 ppl=52.1 tok/s=122293 gtok=409600000
  [transformer] step=25050 loss=3.9391 ppl=51.4 tok/s=122295 gtok=410419200
  [transformer] step=25100 loss=3.8971 ppl=49.3 tok/s=122294 gtok=411238400
  [transformer] step=25150 loss=3.9004 ppl=49.4 tok/s=122296 gtok=412057600
  [transformer] step=25200 loss=3.9148 ppl=50.1 tok/s=122298 gtok=412876800
  [transformer] step=25250 loss=3.9581 ppl=52.4 tok/s=122300 gtok=413696000
  [transformer] step=25300 loss=3.8940 ppl=49.1 tok/s=122303 gtok=414515200
  [transformer] step=25350 loss=3.9183 ppl=50.3 tok/s=122306 gtok=415334400
  [transformer] step=25400 loss=3.8900 ppl=48.9 tok/s=122310 gtok=416153600
  [transformer] step=25450 loss=3.8947 ppl=49.1 tok/s=122313 gtok=416972800
  [transformer] step=25500 loss=3.9409 ppl=51.5 tok/s=122318 gtok=417792000
  [transformer] step=25550 loss=3.9052 ppl=49.7 tok/s=122319 gtok=418611200
  [transformer] step=25600 loss=3.9032 ppl=49.6 tok/s=122320 gtok=419430400
  [transformer] step=25650 loss=3.9274 ppl=50.8 tok/s=122320 gtok=420249600
  [transformer] step=25700 loss=3.9392 ppl=51.4 tok/s=122321 gtok=421068800
  [transformer] step=25750 loss=3.9187 ppl=50.3 tok/s=122323 gtok=421888000
  [transformer] step=25800 loss=3.9005 ppl=49.4 tok/s=122325 gtok=422707200
  [transformer] step=25850 loss=3.8916 ppl=49.0 tok/s=122328 gtok=423526400
  [transformer] step=25900 loss=3.9121 ppl=50.0 tok/s=122329 gtok=424345600
  [transformer] step=25950 loss=3.8491 ppl=47.0 tok/s=122330 gtok=425164800
  [transformer] step=26000 loss=3.9548 ppl=52.2 tok/s=122331 gtok=425984000
  [transformer] step=26050 loss=3.8968 ppl=49.2 tok/s=122311 gtok=426803200
  [transformer] step=26100 loss=3.9074 ppl=49.8 tok/s=122311 gtok=427622400
  [transformer] step=26150 loss=3.8835 ppl=48.6 tok/s=122310 gtok=428441600
  [transformer] step=26200 loss=3.9321 ppl=51.0 tok/s=122309 gtok=429260800
  [transformer] step=26250 loss=3.8839 ppl=48.6 tok/s=122306 gtok=430080000
  [transformer] step=26300 loss=3.9227 ppl=50.5 tok/s=122305 gtok=430899200
  [transformer] step=26350 loss=3.8798 ppl=48.4 tok/s=122303 gtok=431718400
  [transformer] step=26400 loss=3.9282 ppl=50.8 tok/s=122302 gtok=432537600
  [transformer] step=26450 loss=3.8671 ppl=47.8 tok/s=122301 gtok=433356800
  [transformer] step=26500 loss=3.8862 ppl=48.7 tok/s=122302 gtok=434176000
  [transformer] step=26550 loss=3.8924 ppl=49.0 tok/s=122302 gtok=434995200
  [transformer] step=26600 loss=3.9309 ppl=51.0 tok/s=122303 gtok=435814400
  [transformer] step=26650 loss=3.9144 ppl=50.1 tok/s=122304 gtok=436633600
  [transformer] step=26700 loss=3.9026 ppl=49.5 tok/s=122304 gtok=437452800
  [transformer] step=26750 loss=3.9532 ppl=52.1 tok/s=122305 gtok=438272000
  [transformer] step=26800 loss=3.9463 ppl=51.7 tok/s=122304 gtok=439091200
  [transformer] step=26850 loss=3.9142 ppl=50.1 tok/s=122303 gtok=439910400
  [transformer] step=26900 loss=3.8664 ppl=47.8 tok/s=122306 gtok=440729600
  [transformer] step=26950 loss=3.9032 ppl=49.6 tok/s=122308 gtok=441548800
  [transformer] step=27000 loss=3.9117 ppl=50.0 tok/s=122310 gtok=442368000
  [transformer] step=27050 loss=3.8807 ppl=48.5 tok/s=122312 gtok=443187200
  [transformer] step=27100 loss=3.9182 ppl=50.3 tok/s=122316 gtok=444006400
  [transformer] step=27150 loss=3.8781 ppl=48.3 tok/s=122319 gtok=444825600
  [transformer] step=27200 loss=3.8835 ppl=48.6 tok/s=122322 gtok=445644800
  [transformer] step=27250 loss=3.8918 ppl=49.0 tok/s=122325 gtok=446464000
  [transformer] step=27300 loss=3.8838 ppl=48.6 tok/s=122328 gtok=447283200
  [transformer] step=27350 loss=3.8830 ppl=48.6 tok/s=122332 gtok=448102400
  [transformer] step=27400 loss=3.8849 ppl=48.7 tok/s=122335 gtok=448921600
  [transformer] step=27450 loss=3.8482 ppl=46.9 tok/s=122337 gtok=449740800
  [transformer] step=27500 loss=3.9186 ppl=50.3 tok/s=122340 gtok=450560000
  [transformer] step=27550 loss=3.8948 ppl=49.1 tok/s=122342 gtok=451379200
  [transformer] step=27600 loss=3.8415 ppl=46.6 tok/s=122340 gtok=452198400
  [transformer] step=27650 loss=3.9057 ppl=49.7 tok/s=122342 gtok=453017600
  [transformer] step=27700 loss=3.8693 ppl=47.9 tok/s=122343 gtok=453836800
  [transformer] step=27750 loss=3.8514 ppl=47.1 tok/s=122346 gtok=454656000
  [transformer] step=27800 loss=3.8909 ppl=49.0 tok/s=122348 gtok=455475200
  [transformer] step=27850 loss=3.9126 ppl=50.0 tok/s=122350 gtok=456294400
  [transformer] step=27900 loss=3.8463 ppl=46.8 tok/s=122352 gtok=457113600
  [transformer] step=27950 loss=3.8917 ppl=49.0 tok/s=122356 gtok=457932800
  [transformer] step=28000 loss=3.8803 ppl=48.4 tok/s=122357 gtok=458752000
  [transformer] step=28050 loss=3.8821 ppl=48.5 tok/s=122340 gtok=459571200
  [transformer] step=28100 loss=3.8925 ppl=49.0 tok/s=122342 gtok=460390400
  [transformer] step=28150 loss=3.8998 ppl=49.4 tok/s=122343 gtok=461209600
  [transformer] step=28200 loss=3.8806 ppl=48.5 tok/s=122344 gtok=462028800
  [transformer] step=28250 loss=3.9134 ppl=50.1 tok/s=122346 gtok=462848000
  [transformer] step=28300 loss=3.8684 ppl=47.9 tok/s=122346 gtok=463667200
  [transformer] step=28350 loss=3.8983 ppl=49.3 tok/s=122347 gtok=464486400
  [transformer] step=28400 loss=3.8549 ppl=47.2 tok/s=122349 gtok=465305600
  [transformer] step=28450 loss=3.8573 ppl=47.3 tok/s=122351 gtok=466124800
  [transformer] step=28500 loss=3.8471 ppl=46.9 tok/s=122353 gtok=466944000
  [transformer] step=28550 loss=3.8701 ppl=47.9 tok/s=122356 gtok=467763200
  [transformer] step=28600 loss=3.8722 ppl=48.0 tok/s=122359 gtok=468582400
  [transformer] step=28650 loss=3.8917 ppl=49.0 tok/s=122361 gtok=469401600
  [transformer] step=28700 loss=3.8854 ppl=48.7 tok/s=122363 gtok=470220800
  [transformer] step=28750 loss=3.8955 ppl=49.2 tok/s=122365 gtok=471040000
  [transformer] step=28800 loss=3.8714 ppl=48.0 tok/s=122367 gtok=471859200
  [transformer] step=28850 loss=3.9024 ppl=49.5 tok/s=122368 gtok=472678400
  [transformer] step=28900 loss=3.8740 ppl=48.1 tok/s=122370 gtok=473497600
  [transformer] step=28950 loss=3.8891 ppl=48.9 tok/s=122370 gtok=474316800
  [transformer] step=29000 loss=3.8700 ppl=47.9 tok/s=122372 gtok=475136000
  [transformer] step=29050 loss=3.8840 ppl=48.6 tok/s=122374 gtok=475955200
  [transformer] step=29100 loss=3.8607 ppl=47.5 tok/s=122375 gtok=476774400
  [transformer] step=29150 loss=3.8729 ppl=48.1 tok/s=122378 gtok=477593600
  [transformer] step=29200 loss=3.8554 ppl=47.2 tok/s=122379 gtok=478412800
  [transformer] step=29250 loss=3.8620 ppl=47.6 tok/s=122381 gtok=479232000
  [transformer] step=29300 loss=3.8517 ppl=47.1 tok/s=122383 gtok=480051200
  [transformer] step=29350 loss=3.8684 ppl=47.9 tok/s=122383 gtok=480870400
  [transformer] step=29400 loss=3.8607 ppl=47.5 tok/s=122384 gtok=481689600
  [transformer] step=29450 loss=3.8840 ppl=48.6 tok/s=122385 gtok=482508800
  [transformer] step=29500 loss=3.8526 ppl=47.1 tok/s=122386 gtok=483328000
  [transformer] step=29550 loss=3.8673 ppl=47.8 tok/s=122387 gtok=484147200
  [transformer] step=29600 loss=3.8573 ppl=47.3 tok/s=122387 gtok=484966400
  [transformer] step=29650 loss=3.8544 ppl=47.2 tok/s=122388 gtok=485785600
  [transformer] step=29700 loss=3.8762 ppl=48.2 tok/s=122390 gtok=486604800
  [transformer] step=29750 loss=3.8754 ppl=48.2 tok/s=122391 gtok=487424000
  [transformer] step=29800 loss=3.8848 ppl=48.7 tok/s=122393 gtok=488243200
  [transformer] step=29850 loss=3.8194 ppl=45.6 tok/s=122397 gtok=489062400
  [transformer] step=29900 loss=3.8875 ppl=48.8 tok/s=122400 gtok=489881600
  [transformer] step=29950 loss=3.8615 ppl=47.5 tok/s=122402 gtok=490700800
  [transformer] step=30000 loss=3.8652 ppl=47.7 tok/s=122404 gtok=491520000
  [transformer] step=30050 loss=3.8649 ppl=47.7 tok/s=122384 gtok=492339200
  [transformer] step=30100 loss=3.9014 ppl=49.5 tok/s=122385 gtok=493158400
  [transformer] step=30150 loss=3.9103 ppl=49.9 tok/s=122386 gtok=493977600
  [transformer] step=30200 loss=3.8701 ppl=47.9 tok/s=122387 gtok=494796800
  [transformer] step=30250 loss=3.8969 ppl=49.3 tok/s=122389 gtok=495616000
  [transformer] step=30300 loss=3.8503 ppl=47.0 tok/s=122391 gtok=496435200
  [transformer] step=30350 loss=3.8174 ppl=45.5 tok/s=122395 gtok=497254400
  [transformer] step=30400 loss=3.8375 ppl=46.4 tok/s=122397 gtok=498073600
  [transformer] step=30450 loss=3.8275 ppl=45.9 tok/s=122402 gtok=498892800
  [transformer] step=30500 loss=3.8931 ppl=49.1 tok/s=122405 gtok=499712000
  [transformer] step=30550 loss=3.8346 ppl=46.3 tok/s=122406 gtok=500531200
  [transformer] step=30600 loss=3.8750 ppl=48.2 tok/s=122408 gtok=501350400
  [transformer] step=30650 loss=3.8751 ppl=48.2 tok/s=122410 gtok=502169600
  [transformer] step=30700 loss=3.8532 ppl=47.1 tok/s=122411 gtok=502988800
  [transformer] step=30750 loss=3.8814 ppl=48.5 tok/s=122413 gtok=503808000
  [transformer] step=30800 loss=3.8230 ppl=45.7 tok/s=122415 gtok=504627200
  [transformer] step=30850 loss=3.8570 ppl=47.3 tok/s=122415 gtok=505446400
  [transformer] step=30900 loss=3.8943 ppl=49.1 tok/s=122417 gtok=506265600
  [transformer] step=30950 loss=3.8575 ppl=47.3 tok/s=122419 gtok=507084800
  [transformer] step=31000 loss=3.8932 ppl=49.1 tok/s=122422 gtok=507904000
  [transformer] step=31050 loss=3.8354 ppl=46.3 tok/s=122425 gtok=508723200
  [transformer] step=31100 loss=3.8317 ppl=46.1 tok/s=122425 gtok=509542400
  [transformer] step=31150 loss=3.8347 ppl=46.3 tok/s=122426 gtok=510361600
  [transformer] step=31200 loss=3.8329 ppl=46.2 tok/s=122428 gtok=511180800
  [transformer] step=31250 loss=3.8806 ppl=48.5 tok/s=122430 gtok=512000000
  [transformer] step=31300 loss=3.8592 ppl=47.4 tok/s=122432 gtok=512819200
  [transformer] step=31350 loss=3.8412 ppl=46.6 tok/s=122433 gtok=513638400
  [transformer] step=31400 loss=3.8562 ppl=47.3 tok/s=122434 gtok=514457600
  [transformer] step=31450 loss=3.8610 ppl=47.5 tok/s=122436 gtok=515276800
  [transformer] step=31500 loss=3.8807 ppl=48.5 tok/s=122437 gtok=516096000
  [transformer] step=31550 loss=3.8228 ppl=45.7 tok/s=122440 gtok=516915200
  [transformer] step=31600 loss=3.8382 ppl=46.4 tok/s=122444 gtok=517734400
  [transformer] step=31650 loss=3.8141 ppl=45.3 tok/s=122446 gtok=518553600
  [transformer] step=31700 loss=3.8310 ppl=46.1 tok/s=122449 gtok=519372800
  [transformer] step=31750 loss=3.8615 ppl=47.5 tok/s=122451 gtok=520192000
  [transformer] step=31800 loss=3.7980 ppl=44.6 tok/s=122451 gtok=521011200
  [transformer] step=31850 loss=3.8234 ppl=45.8 tok/s=122451 gtok=521830400
  [transformer] step=31900 loss=3.8080 ppl=45.1 tok/s=122451 gtok=522649600
  [transformer] step=31950 loss=3.8111 ppl=45.2 tok/s=122454 gtok=523468800
  [transformer] step=32000 loss=3.8165 ppl=45.4 tok/s=122454 gtok=524288000
  [transformer] step=32050 loss=3.8142 ppl=45.3 tok/s=122440 gtok=525107200
  [transformer] step=32100 loss=3.8396 ppl=46.5 tok/s=122441 gtok=525926400
  [transformer] step=32150 loss=3.8091 ppl=45.1 tok/s=122442 gtok=526745600
  [transformer] step=32200 loss=3.7869 ppl=44.1 tok/s=122444 gtok=527564800
  [transformer] step=32250 loss=3.8113 ppl=45.2 tok/s=122445 gtok=528384000
  [transformer] step=32300 loss=3.8210 ppl=45.7 tok/s=122448 gtok=529203200
  [transformer] step=32350 loss=3.8026 ppl=44.8 tok/s=122450 gtok=530022400
  [transformer] step=32400 loss=3.8211 ppl=45.7 tok/s=122452 gtok=530841600
  [transformer] step=32450 loss=3.8035 ppl=44.9 tok/s=122454 gtok=531660800
  [transformer] step=32500 loss=3.8340 ppl=46.2 tok/s=122452 gtok=532480000
  [transformer] step=32550 loss=3.8777 ppl=48.3 tok/s=122453 gtok=533299200
  [transformer] step=32600 loss=3.8098 ppl=45.1 tok/s=122454 gtok=534118400
  [transformer] step=32650 loss=3.8134 ppl=45.3 tok/s=122456 gtok=534937600
  [transformer] step=32700 loss=3.8336 ppl=46.2 tok/s=122459 gtok=535756800
  [transformer] step=32750 loss=3.8335 ppl=46.2 tok/s=122460 gtok=536576000
  [transformer] step=32800 loss=3.8752 ppl=48.2 tok/s=122463 gtok=537395200
  [transformer] step=32850 loss=3.8013 ppl=44.8 tok/s=122465 gtok=538214400
  [transformer] step=32900 loss=3.8346 ppl=46.3 tok/s=122467 gtok=539033600
  [transformer] step=32950 loss=3.8085 ppl=45.1 tok/s=122468 gtok=539852800
  [transformer] step=33000 loss=3.8394 ppl=46.5 tok/s=122470 gtok=540672000
  [transformer] step=33050 loss=3.8221 ppl=45.7 tok/s=122470 gtok=541491200
  [transformer] step=33100 loss=3.8059 ppl=45.0 tok/s=122471 gtok=542310400
  [transformer] step=33150 loss=3.8341 ppl=46.3 tok/s=122474 gtok=543129600
  [transformer] step=33200 loss=3.8357 ppl=46.3 tok/s=122474 gtok=543948800
  [transformer] step=33250 loss=3.8497 ppl=47.0 tok/s=122474 gtok=544768000
  [transformer] step=33300 loss=3.8205 ppl=45.6 tok/s=122476 gtok=545587200
  [transformer] step=33350 loss=3.7647 ppl=43.2 tok/s=122477 gtok=546406400
  [transformer] step=33400 loss=3.7754 ppl=43.6 tok/s=122478 gtok=547225600
  [transformer] step=33450 loss=3.8538 ppl=47.2 tok/s=122479 gtok=548044800
  [transformer] step=33500 loss=3.8351 ppl=46.3 tok/s=122481 gtok=548864000
  [transformer] step=33550 loss=3.8377 ppl=46.4 tok/s=122481 gtok=549683200
  [transformer] step=33600 loss=3.8232 ppl=45.7 tok/s=122484 gtok=550502400
  [transformer] step=33650 loss=3.8062 ppl=45.0 tok/s=122485 gtok=551321600
  [transformer] step=33700 loss=3.8038 ppl=44.9 tok/s=122487 gtok=552140800
  [transformer] step=33750 loss=3.8265 ppl=45.9 tok/s=122488 gtok=552960000
  [transformer] step=33800 loss=3.7906 ppl=44.3 tok/s=122489 gtok=553779200
  [transformer] step=33850 loss=3.8223 ppl=45.7 tok/s=122489 gtok=554598400
  [transformer] step=33900 loss=3.8321 ppl=46.2 tok/s=122489 gtok=555417600
  [transformer] step=33950 loss=3.8626 ppl=47.6 tok/s=122491 gtok=556236800
  [transformer] step=34000 loss=3.7741 ppl=43.6 tok/s=122493 gtok=557056000
  [transformer] step=34050 loss=3.8285 ppl=46.0 tok/s=122479 gtok=557875200
  [transformer] step=34100 loss=3.8042 ppl=44.9 tok/s=122480 gtok=558694400
  [transformer] step=34150 loss=3.8064 ppl=45.0 tok/s=122482 gtok=559513600
  [transformer] step=34200 loss=3.7516 ppl=42.6 tok/s=122486 gtok=560332800
  [transformer] step=34250 loss=3.8251 ppl=45.8 tok/s=122488 gtok=561152000
  [transformer] step=34300 loss=3.8279 ppl=46.0 tok/s=122491 gtok=561971200
  [transformer] step=34350 loss=3.8039 ppl=44.9 tok/s=122492 gtok=562790400
  [transformer] step=34400 loss=3.8673 ppl=47.8 tok/s=122492 gtok=563609600
  [transformer] step=34450 loss=3.8274 ppl=45.9 tok/s=122493 gtok=564428800
  [transformer] step=34500 loss=3.8133 ppl=45.3 tok/s=122494 gtok=565248000
  [transformer] step=34550 loss=3.8253 ppl=45.8 tok/s=122495 gtok=566067200
  [transformer] step=34600 loss=3.8095 ppl=45.1 tok/s=122496 gtok=566886400
  [transformer] step=34650 loss=3.7615 ppl=43.0 tok/s=122498 gtok=567705600
  [transformer] step=34700 loss=3.7980 ppl=44.6 tok/s=122499 gtok=568524800
  [transformer] step=34750 loss=3.7890 ppl=44.2 tok/s=122500 gtok=569344000
  [transformer] step=34800 loss=3.7673 ppl=43.3 tok/s=122501 gtok=570163200
  [transformer] step=34850 loss=3.8167 ppl=45.5 tok/s=122503 gtok=570982400
  [transformer] step=34900 loss=3.8165 ppl=45.4 tok/s=122502 gtok=571801600
  [transformer] step=34950 loss=3.7676 ppl=43.3 tok/s=122502 gtok=572620800
  [transformer] step=35000 loss=3.8291 ppl=46.0 tok/s=122504 gtok=573440000
  [transformer] step=35050 loss=3.7872 ppl=44.1 tok/s=122503 gtok=574259200
  [transformer] step=35100 loss=3.7995 ppl=44.7 tok/s=122503 gtok=575078400
  [transformer] step=35150 loss=3.8084 ppl=45.1 tok/s=122504 gtok=575897600
  [transformer] step=35200 loss=3.8010 ppl=44.7 tok/s=122505 gtok=576716800
  [transformer] step=35250 loss=3.7930 ppl=44.4 tok/s=122506 gtok=577536000
  [transformer] step=35300 loss=3.8107 ppl=45.2 tok/s=122505 gtok=578355200
  [transformer] step=35350 loss=3.7871 ppl=44.1 tok/s=122507 gtok=579174400
  [transformer] step=35400 loss=3.8304 ppl=46.1 tok/s=122508 gtok=579993600
  [transformer] step=35450 loss=3.7917 ppl=44.3 tok/s=122508 gtok=580812800
  [transformer] step=35500 loss=3.8093 ppl=45.1 tok/s=122510 gtok=581632000
  [transformer] step=35550 loss=3.8058 ppl=45.0 tok/s=122512 gtok=582451200
  [transformer] step=35600 loss=3.7395 ppl=42.1 tok/s=122514 gtok=583270400
  [transformer] step=35650 loss=3.7937 ppl=44.4 tok/s=122515 gtok=584089600
  [transformer] step=35700 loss=3.7482 ppl=42.4 tok/s=122516 gtok=584908800
  [transformer] step=35750 loss=3.7740 ppl=43.6 tok/s=122517 gtok=585728000
  [transformer] step=35800 loss=3.8388 ppl=46.5 tok/s=122517 gtok=586547200
  [transformer] step=35850 loss=3.7958 ppl=44.5 tok/s=122518 gtok=587366400
  [transformer] step=35900 loss=3.7946 ppl=44.5 tok/s=122518 gtok=588185600
  [transformer] step=35950 loss=3.7794 ppl=43.8 tok/s=122519 gtok=589004800
  [transformer] step=36000 loss=3.7959 ppl=44.5 tok/s=122519 gtok=589824000
  [transformer] step=36050 loss=3.8025 ppl=44.8 tok/s=122504 gtok=590643200
  [transformer] step=36100 loss=3.7894 ppl=44.2 tok/s=122504 gtok=591462400
  [transformer] step=36150 loss=3.7923 ppl=44.4 tok/s=122503 gtok=592281600
  [transformer] step=36200 loss=3.8060 ppl=45.0 tok/s=122504 gtok=593100800
  [transformer] step=36250 loss=3.8134 ppl=45.3 tok/s=122504 gtok=593920000
  [transformer] step=36300 loss=3.7967 ppl=44.6 tok/s=122503 gtok=594739200
  [transformer] step=36350 loss=3.8264 ppl=45.9 tok/s=122504 gtok=595558400
  [transformer] step=36400 loss=3.7942 ppl=44.4 tok/s=122503 gtok=596377600
  [transformer] step=36450 loss=3.8093 ppl=45.1 tok/s=122505 gtok=597196800
  [transformer] step=36500 loss=3.8276 ppl=46.0 tok/s=122506 gtok=598016000
  [transformer] step=36550 loss=3.8039 ppl=44.9 tok/s=122507 gtok=598835200
  [transformer] step=36600 loss=3.7898 ppl=44.2 tok/s=122509 gtok=599654400
  [transformer] step=36650 loss=3.7958 ppl=44.5 tok/s=122510 gtok=600473600
  [transformer] step=36700 loss=3.7471 ppl=42.4 tok/s=122512 gtok=601292800
  [transformer] step=36750 loss=3.7643 ppl=43.1 tok/s=122514 gtok=602112000
  [transformer] step=36800 loss=3.7640 ppl=43.1 tok/s=122514 gtok=602931200
  [transformer] step=36850 loss=3.7886 ppl=44.2 tok/s=122516 gtok=603750400
  [transformer] step=36900 loss=3.7715 ppl=43.4 tok/s=122518 gtok=604569600
  [transformer] step=36950 loss=3.7643 ppl=43.1 tok/s=122518 gtok=605388800
  [transformer] step=37000 loss=3.7760 ppl=43.6 tok/s=122519 gtok=606208000
  [transformer] step=37050 loss=3.7801 ppl=43.8 tok/s=122518 gtok=607027200
  [transformer] step=37100 loss=3.8108 ppl=45.2 tok/s=122517 gtok=607846400
  [transformer] step=37150 loss=3.7842 ppl=44.0 tok/s=122517 gtok=608665600
  [transformer] step=37200 loss=3.8185 ppl=45.5 tok/s=122517 gtok=609484800
  [transformer] step=37250 loss=3.7734 ppl=43.5 tok/s=122518 gtok=610304000
  [transformer] step=37300 loss=3.7800 ppl=43.8 tok/s=122518 gtok=611123200
  [transformer] step=37350 loss=3.7951 ppl=44.5 tok/s=122517 gtok=611942400
  [transformer] step=37400 loss=3.7551 ppl=42.7 tok/s=122519 gtok=612761600
  [transformer] step=37450 loss=3.7495 ppl=42.5 tok/s=122521 gtok=613580800
  [transformer] step=37500 loss=3.7358 ppl=41.9 tok/s=122522 gtok=614400000
  [transformer] step=37550 loss=3.7687 ppl=43.3 tok/s=122523 gtok=615219200
  [transformer] step=37600 loss=3.8245 ppl=45.8 tok/s=122525 gtok=616038400
  [transformer] step=37650 loss=3.7871 ppl=44.1 tok/s=122525 gtok=616857600
  [transformer] step=37700 loss=3.8106 ppl=45.2 tok/s=122525 gtok=617676800
  [transformer] step=37750 loss=3.7917 ppl=44.3 tok/s=122526 gtok=618496000
  [transformer] step=37800 loss=3.8026 ppl=44.8 tok/s=122526 gtok=619315200
  [transformer] step=37850 loss=3.8329 ppl=46.2 tok/s=122526 gtok=620134400
  [transformer] step=37900 loss=3.7905 ppl=44.3 tok/s=122527 gtok=620953600
  [transformer] step=37950 loss=3.8105 ppl=45.2 tok/s=122529 gtok=621772800
  [transformer] step=38000 loss=3.7277 ppl=41.6 tok/s=122529 gtok=622592000
  [transformer] step=38050 loss=3.7800 ppl=43.8 tok/s=122518 gtok=623411200
  [transformer] step=38100 loss=3.7990 ppl=44.7 tok/s=122520 gtok=624230400
  [transformer] step=38150 loss=3.7670 ppl=43.3 tok/s=122521 gtok=625049600
  [transformer] step=38200 loss=3.8038 ppl=44.9 tok/s=122523 gtok=625868800
  [transformer] step=38250 loss=3.8005 ppl=44.7 tok/s=122523 gtok=626688000
  [transformer] step=38300 loss=3.7703 ppl=43.4 tok/s=122523 gtok=627507200
  [transformer] step=38350 loss=3.7934 ppl=44.4 tok/s=122524 gtok=628326400
  [transformer] step=38400 loss=3.8016 ppl=44.8 tok/s=122524 gtok=629145600
  [transformer] step=38450 loss=3.8200 ppl=45.6 tok/s=122526 gtok=629964800
  [transformer] step=38500 loss=3.7887 ppl=44.2 tok/s=122527 gtok=630784000
  [transformer] step=38550 loss=3.7555 ppl=42.8 tok/s=122529 gtok=631603200
  [transformer] step=38600 loss=3.7930 ppl=44.4 tok/s=122530 gtok=632422400
  [transformer] step=38650 loss=3.8126 ppl=45.3 tok/s=122532 gtok=633241600
  [transformer] step=38700 loss=3.7786 ppl=43.8 tok/s=122534 gtok=634060800
  [transformer] step=38750 loss=3.7492 ppl=42.5 tok/s=122535 gtok=634880000
  [transformer] step=38800 loss=3.7395 ppl=42.1 tok/s=122536 gtok=635699200
  [transformer] step=38850 loss=3.7536 ppl=42.7 tok/s=122538 gtok=636518400
  [transformer] step=38900 loss=3.7940 ppl=44.4 tok/s=122538 gtok=637337600
  [transformer] step=38950 loss=3.8071 ppl=45.0 tok/s=122538 gtok=638156800
  [transformer] step=39000 loss=3.7949 ppl=44.5 tok/s=122537 gtok=638976000
  [transformer] step=39050 loss=3.7819 ppl=43.9 tok/s=122537 gtok=639795200
  [transformer] step=39100 loss=3.7903 ppl=44.3 tok/s=122538 gtok=640614400
  [transformer] step=39150 loss=3.7642 ppl=43.1 tok/s=122538 gtok=641433600
  [transformer] step=39200 loss=3.7861 ppl=44.1 tok/s=122539 gtok=642252800
  [transformer] step=39250 loss=3.7841 ppl=44.0 tok/s=122539 gtok=643072000
  [transformer] step=39300 loss=3.7743 ppl=43.6 tok/s=122539 gtok=643891200
  [transformer] step=39350 loss=3.8050 ppl=44.9 tok/s=122539 gtok=644710400
  [transformer] step=39400 loss=3.7467 ppl=42.4 tok/s=122539 gtok=645529600
  [transformer] step=39450 loss=3.7771 ppl=43.7 tok/s=122540 gtok=646348800
  [transformer] step=39500 loss=3.7851 ppl=44.0 tok/s=122541 gtok=647168000
  [transformer] step=39550 loss=3.7573 ppl=42.8 tok/s=122543 gtok=647987200
  [transformer] step=39600 loss=3.7585 ppl=42.9 tok/s=122544 gtok=648806400
  [transformer] step=39650 loss=3.8064 ppl=45.0 tok/s=122545 gtok=649625600
  [transformer] step=39700 loss=3.7870 ppl=44.1 tok/s=122546 gtok=650444800
  [transformer] step=39750 loss=3.7826 ppl=43.9 tok/s=122547 gtok=651264000
  [transformer] step=39800 loss=3.7875 ppl=44.1 tok/s=122546 gtok=652083200
  [transformer] step=39850 loss=3.7879 ppl=44.2 tok/s=122547 gtok=652902400
  [transformer] step=39900 loss=3.7540 ppl=42.7 tok/s=122549 gtok=653721600
  [transformer] step=39950 loss=3.7457 ppl=42.3 tok/s=122551 gtok=654540800
  [transformer] step=40000 loss=3.7606 ppl=43.0 tok/s=122551 gtok=655360000
  [transformer] step=40050 loss=3.7462 ppl=42.4 tok/s=122540 gtok=656179200
  [transformer] step=40100 loss=3.7256 ppl=41.5 tok/s=122542 gtok=656998400
  [transformer] step=40150 loss=3.7488 ppl=42.5 tok/s=122541 gtok=657817600
  [transformer] step=40200 loss=3.7390 ppl=42.1 tok/s=122542 gtok=658636800
  [transformer] step=40250 loss=3.7284 ppl=41.6 tok/s=122542 gtok=659456000
  [transformer] step=40300 loss=3.7318 ppl=41.8 tok/s=122543 gtok=660275200
  [transformer] step=40350 loss=3.7437 ppl=42.3 tok/s=122544 gtok=661094400
  [transformer] step=40400 loss=3.7915 ppl=44.3 tok/s=122544 gtok=661913600
  [transformer] step=40450 loss=3.7749 ppl=43.6 tok/s=122546 gtok=662732800
  [transformer] step=40500 loss=3.7351 ppl=41.9 tok/s=122547 gtok=663552000
  [transformer] step=40550 loss=3.7471 ppl=42.4 tok/s=122548 gtok=664371200
  [transformer] step=40600 loss=3.7470 ppl=42.4 tok/s=122550 gtok=665190400
  [transformer] step=40650 loss=3.7386 ppl=42.0 tok/s=122551 gtok=666009600
  [transformer] step=40700 loss=3.7323 ppl=41.8 tok/s=122552 gtok=666828800
  [transformer] step=40750 loss=3.7264 ppl=41.5 tok/s=122554 gtok=667648000
  [transformer] step=40800 loss=3.7819 ppl=43.9 tok/s=122554 gtok=668467200
  [transformer] step=40850 loss=3.7651 ppl=43.2 tok/s=122554 gtok=669286400
  [transformer] step=40900 loss=3.7333 ppl=41.8 tok/s=122555 gtok=670105600
  [transformer] step=40950 loss=3.7703 ppl=43.4 tok/s=122556 gtok=670924800
  [transformer] step=41000 loss=3.7263 ppl=41.5 tok/s=122557 gtok=671744000
  [transformer] step=41050 loss=3.8102 ppl=45.2 tok/s=122559 gtok=672563200
  [transformer] step=41100 loss=3.7799 ppl=43.8 tok/s=122561 gtok=673382400
  [transformer] step=41150 loss=3.7938 ppl=44.4 tok/s=122562 gtok=674201600
  [transformer] step=41200 loss=3.7313 ppl=41.7 tok/s=122563 gtok=675020800
  [transformer] step=41250 loss=3.7532 ppl=42.7 tok/s=122563 gtok=675840000
  [transformer] step=41300 loss=3.7843 ppl=44.0 tok/s=122564 gtok=676659200
  [transformer] step=41350 loss=3.7712 ppl=43.4 tok/s=122566 gtok=677478400
  [transformer] step=41400 loss=3.7337 ppl=41.8 tok/s=122566 gtok=678297600
  [transformer] step=41450 loss=3.7757 ppl=43.6 tok/s=122566 gtok=679116800
  [transformer] step=41500 loss=3.7282 ppl=41.6 tok/s=122567 gtok=679936000
  [transformer] step=41550 loss=3.7757 ppl=43.6 tok/s=122568 gtok=680755200
  [transformer] step=41600 loss=3.7406 ppl=42.1 tok/s=122568 gtok=681574400
  [transformer] step=41650 loss=3.7516 ppl=42.6 tok/s=122567 gtok=682393600
  [transformer] step=41700 loss=3.7570 ppl=42.8 tok/s=122566 gtok=683212800
  [transformer] step=41750 loss=3.7462 ppl=42.4 tok/s=122564 gtok=684032000
  [transformer] step=41800 loss=3.7755 ppl=43.6 tok/s=122565 gtok=684851200
  [transformer] step=41850 loss=3.7487 ppl=42.5 tok/s=122566 gtok=685670400
  [transformer] step=41900 loss=3.7289 ppl=41.6 tok/s=122566 gtok=686489600
  [transformer] step=41950 loss=3.7542 ppl=42.7 tok/s=122567 gtok=687308800
  [transformer] step=42000 loss=3.7335 ppl=41.8 tok/s=122564 gtok=688128000
  [transformer] step=42050 loss=3.7774 ppl=43.7 tok/s=122550 gtok=688947200
  [transformer] step=42100 loss=3.7752 ppl=43.6 tok/s=122548 gtok=689766400
  [transformer] step=42150 loss=3.7666 ppl=43.2 tok/s=122546 gtok=690585600
  [transformer] step=42200 loss=3.6947 ppl=40.2 tok/s=122542 gtok=691404800
  [transformer] step=42250 loss=3.7360 ppl=41.9 tok/s=122541 gtok=692224000
  [transformer] step=42300 loss=3.7332 ppl=41.8 tok/s=122540 gtok=693043200
  [transformer] step=42350 loss=3.7660 ppl=43.2 tok/s=122539 gtok=693862400
  [transformer] step=42400 loss=3.7325 ppl=41.8 tok/s=122540 gtok=694681600
  [transformer] step=42450 loss=3.6913 ppl=40.1 tok/s=122540 gtok=695500800
  [transformer] step=42500 loss=3.7301 ppl=41.7 tok/s=122541 gtok=696320000
  [transformer] step=42550 loss=3.7562 ppl=42.8 tok/s=122542 gtok=697139200
  [transformer] step=42600 loss=3.7690 ppl=43.3 tok/s=122541 gtok=697958400
  [transformer] step=42650 loss=3.7186 ppl=41.2 tok/s=122540 gtok=698777600
  [transformer] step=42700 loss=3.7298 ppl=41.7 tok/s=122540 gtok=699596800
  [transformer] step=42750 loss=3.7242 ppl=41.4 tok/s=122541 gtok=700416000
  [transformer] step=42800 loss=3.7276 ppl=41.6 tok/s=122540 gtok=701235200
  [transformer] step=42850 loss=3.7547 ppl=42.7 tok/s=122540 gtok=702054400
  [transformer] step=42900 loss=3.7498 ppl=42.5 tok/s=122541 gtok=702873600
  [transformer] step=42950 loss=3.7687 ppl=43.3 tok/s=122541 gtok=703692800
  [transformer] step=43000 loss=3.7648 ppl=43.2 tok/s=122542 gtok=704512000
  [transformer] step=43050 loss=3.7361 ppl=41.9 tok/s=122543 gtok=705331200
  [transformer] step=43100 loss=3.7380 ppl=42.0 tok/s=122545 gtok=706150400
  [transformer] step=43150 loss=3.7346 ppl=41.9 tok/s=122546 gtok=706969600
  [transformer] step=43200 loss=3.7148 ppl=41.1 tok/s=122546 gtok=707788800
  [transformer] step=43250 loss=3.7330 ppl=41.8 tok/s=122546 gtok=708608000
  [transformer] step=43300 loss=3.6991 ppl=40.4 tok/s=122547 gtok=709427200
  [transformer] step=43350 loss=3.7442 ppl=42.3 tok/s=122547 gtok=710246400
  [transformer] step=43400 loss=3.6980 ppl=40.4 tok/s=122548 gtok=711065600
  [transformer] step=43450 loss=3.7760 ppl=43.6 tok/s=122548 gtok=711884800
  [transformer] step=43500 loss=3.7773 ppl=43.7 tok/s=122549 gtok=712704000
  [transformer] step=43550 loss=3.7359 ppl=41.9 tok/s=122550 gtok=713523200
  [transformer] step=43600 loss=3.7641 ppl=43.1 tok/s=122551 gtok=714342400
  [transformer] step=43650 loss=3.7072 ppl=40.7 tok/s=122551 gtok=715161600
  [transformer] step=43700 loss=3.7173 ppl=41.2 tok/s=122552 gtok=715980800
  [transformer] step=43750 loss=3.7123 ppl=40.9 tok/s=122553 gtok=716800000
  [transformer] step=43800 loss=3.7201 ppl=41.3 tok/s=122554 gtok=717619200
  [transformer] step=43850 loss=3.6916 ppl=40.1 tok/s=122555 gtok=718438400
  [transformer] step=43900 loss=3.7528 ppl=42.6 tok/s=122556 gtok=719257600
  [transformer] step=43950 loss=3.7324 ppl=41.8 tok/s=122558 gtok=720076800
  [transformer] step=44000 loss=3.7208 ppl=41.3 tok/s=122558 gtok=720896000
  [transformer] step=44050 loss=3.7304 ppl=41.7 tok/s=122547 gtok=721715200
  [transformer] step=44100 loss=3.6851 ppl=39.9 tok/s=122547 gtok=722534400
  [transformer] step=44150 loss=3.7410 ppl=42.1 tok/s=122548 gtok=723353600
  [transformer] step=44200 loss=3.7119 ppl=40.9 tok/s=122549 gtok=724172800
  [transformer] step=44250 loss=3.7138 ppl=41.0 tok/s=122549 gtok=724992000
  [transformer] step=44300 loss=3.7464 ppl=42.4 tok/s=122550 gtok=725811200
  [transformer] step=44350 loss=3.7266 ppl=41.5 tok/s=122551 gtok=726630400
  [transformer] step=44400 loss=3.7215 ppl=41.3 tok/s=122551 gtok=727449600
  [transformer] step=44450 loss=3.7402 ppl=42.1 tok/s=122553 gtok=728268800
  [transformer] step=44500 loss=3.7236 ppl=41.4 tok/s=122553 gtok=729088000
  [transformer] step=44550 loss=3.6901 ppl=40.0 tok/s=122554 gtok=729907200
  [transformer] step=44600 loss=3.7396 ppl=42.1 tok/s=122554 gtok=730726400
  [transformer] step=44650 loss=3.7291 ppl=41.6 tok/s=122552 gtok=731545600
  [transformer] step=44700 loss=3.7531 ppl=42.7 tok/s=122551 gtok=732364800
  [transformer] step=44750 loss=3.7113 ppl=40.9 tok/s=122552 gtok=733184000
  [transformer] step=44800 loss=3.7510 ppl=42.6 tok/s=122552 gtok=734003200
  [transformer] step=44850 loss=3.7038 ppl=40.6 tok/s=122552 gtok=734822400
  [transformer] step=44900 loss=3.7501 ppl=42.5 tok/s=122553 gtok=735641600
  [transformer] step=44950 loss=3.7541 ppl=42.7 tok/s=122555 gtok=736460800
  [transformer] step=45000 loss=3.7344 ppl=41.9 tok/s=122556 gtok=737280000
  [transformer] step=45050 loss=3.7223 ppl=41.4 tok/s=122557 gtok=738099200
  [transformer] step=45100 loss=3.6912 ppl=40.1 tok/s=122559 gtok=738918400
  [transformer] step=45150 loss=3.7212 ppl=41.3 tok/s=122561 gtok=739737600
  [transformer] step=45200 loss=3.7197 ppl=41.3 tok/s=122562 gtok=740556800
  [transformer] step=45250 loss=3.7378 ppl=42.0 tok/s=122563 gtok=741376000
  [transformer] step=45300 loss=3.6903 ppl=40.1 tok/s=122563 gtok=742195200
  [transformer] step=45350 loss=3.7325 ppl=41.8 tok/s=122564 gtok=743014400
  [transformer] step=45400 loss=3.7203 ppl=41.3 tok/s=122565 gtok=743833600
  [transformer] step=45450 loss=3.7547 ppl=42.7 tok/s=122567 gtok=744652800
  [transformer] step=45500 loss=3.6875 ppl=39.9 tok/s=122568 gtok=745472000
  [transformer] step=45550 loss=3.7851 ppl=44.0 tok/s=122569 gtok=746291200
  [transformer] step=45600 loss=3.7400 ppl=42.1 tok/s=122570 gtok=747110400
  [transformer] step=45650 loss=3.7303 ppl=41.7 tok/s=122571 gtok=747929600
  [transformer] step=45700 loss=3.6781 ppl=39.6 tok/s=122572 gtok=748748800
  [transformer] step=45750 loss=3.6932 ppl=40.2 tok/s=122574 gtok=749568000
  [transformer] step=45800 loss=3.6974 ppl=40.3 tok/s=122575 gtok=750387200
  [transformer] step=45850 loss=3.7226 ppl=41.4 tok/s=122578 gtok=751206400
  [transformer] step=45900 loss=3.7395 ppl=42.1 tok/s=122578 gtok=752025600
  [transformer] step=45950 loss=3.7266 ppl=41.5 tok/s=122579 gtok=752844800
  [transformer] step=46000 loss=3.7120 ppl=40.9 tok/s=122579 gtok=753664000
  [transformer] step=46050 loss=3.7652 ppl=43.2 tok/s=122569 gtok=754483200
  [transformer] step=46100 loss=3.7143 ppl=41.0 tok/s=122570 gtok=755302400
  [transformer] step=46150 loss=3.6988 ppl=40.4 tok/s=122570 gtok=756121600
  [transformer] step=46200 loss=3.7415 ppl=42.2 tok/s=122571 gtok=756940800
  [transformer] step=46250 loss=3.7201 ppl=41.3 tok/s=122571 gtok=757760000
  [transformer] step=46300 loss=3.7141 ppl=41.0 tok/s=122571 gtok=758579200
  [transformer] step=46350 loss=3.7241 ppl=41.4 tok/s=122571 gtok=759398400
  [transformer] step=46400 loss=3.7105 ppl=40.9 tok/s=122570 gtok=760217600
  [transformer] step=46450 loss=3.7339 ppl=41.8 tok/s=122570 gtok=761036800
  [transformer] step=46500 loss=3.7225 ppl=41.4 tok/s=122570 gtok=761856000
  [transformer] step=46550 loss=3.7345 ppl=41.9 tok/s=122571 gtok=762675200
  [transformer] step=46600 loss=3.7072 ppl=40.7 tok/s=122570 gtok=763494400
  [transformer] step=46650 loss=3.7114 ppl=40.9 tok/s=122571 gtok=764313600
  [transformer] step=46700 loss=3.7166 ppl=41.1 tok/s=122573 gtok=765132800
  [transformer] step=46750 loss=3.7338 ppl=41.8 tok/s=122574 gtok=765952000
  [transformer] step=46800 loss=3.7682 ppl=43.3 tok/s=122575 gtok=766771200
  [transformer] step=46850 loss=3.7596 ppl=42.9 tok/s=122575 gtok=767590400
  [transformer] step=46900 loss=3.7211 ppl=41.3 tok/s=122576 gtok=768409600
  [transformer] step=46950 loss=3.7040 ppl=40.6 tok/s=122577 gtok=769228800
  [transformer] step=47000 loss=3.6830 ppl=39.8 tok/s=122578 gtok=770048000
  [transformer] step=47050 loss=3.7027 ppl=40.6 tok/s=122579 gtok=770867200
  [transformer] step=47100 loss=3.7153 ppl=41.1 tok/s=122578 gtok=771686400
  [transformer] step=47150 loss=3.7034 ppl=40.6 tok/s=122579 gtok=772505600
  [transformer] step=47200 loss=3.7425 ppl=42.2 tok/s=122580 gtok=773324800
  [transformer] step=47250 loss=3.7107 ppl=40.9 tok/s=122580 gtok=774144000
  [transformer] step=47300 loss=3.7433 ppl=42.2 tok/s=122581 gtok=774963200
  [transformer] step=47350 loss=3.7461 ppl=42.4 tok/s=122582 gtok=775782400
  [transformer] step=47400 loss=3.6889 ppl=40.0 tok/s=122583 gtok=776601600
  [transformer] step=47450 loss=3.7510 ppl=42.6 tok/s=122585 gtok=777420800
  [transformer] step=47500 loss=3.7251 ppl=41.5 tok/s=122586 gtok=778240000
  [transformer] step=47550 loss=3.6970 ppl=40.3 tok/s=122588 gtok=779059200
  [transformer] step=47600 loss=3.6690 ppl=39.2 tok/s=122589 gtok=779878400
  [transformer] step=47650 loss=3.6961 ppl=40.3 tok/s=122590 gtok=780697600
  [transformer] step=47700 loss=3.7141 ppl=41.0 tok/s=122591 gtok=781516800
  [transformer] step=47750 loss=3.7277 ppl=41.6 tok/s=122592 gtok=782336000
  [transformer] step=47800 loss=3.7454 ppl=42.3 tok/s=122593 gtok=783155200
  [transformer] step=47850 loss=3.7585 ppl=42.9 tok/s=122594 gtok=783974400
  [transformer] step=47900 loss=3.7265 ppl=41.5 tok/s=122594 gtok=784793600
  [transformer] step=47950 loss=3.7596 ppl=42.9 tok/s=122594 gtok=785612800
  [transformer] step=48000 loss=3.7166 ppl=41.1 tok/s=122595 gtok=786432000
  [transformer] step=48050 loss=3.7067 ppl=40.7 tok/s=122584 gtok=787251200
  [transformer] step=48100 loss=3.7250 ppl=41.5 tok/s=122586 gtok=788070400
  [transformer] step=48150 loss=3.7242 ppl=41.4 tok/s=122587 gtok=788889600
  [transformer] step=48200 loss=3.7417 ppl=42.2 tok/s=122588 gtok=789708800
  [transformer] step=48250 loss=3.7038 ppl=40.6 tok/s=122589 gtok=790528000
  [transformer] step=48300 loss=3.6404 ppl=38.1 tok/s=122590 gtok=791347200
  [transformer] step=48350 loss=3.7000 ppl=40.4 tok/s=122591 gtok=792166400
  [transformer] step=48400 loss=3.7070 ppl=40.7 tok/s=122592 gtok=792985600
  [transformer] step=48450 loss=3.6973 ppl=40.3 tok/s=122593 gtok=793804800
  [transformer] step=48500 loss=3.7202 ppl=41.3 tok/s=122593 gtok=794624000
  [transformer] step=48550 loss=3.7113 ppl=40.9 tok/s=122594 gtok=795443200
  [transformer] step=48600 loss=3.7366 ppl=42.0 tok/s=122593 gtok=796262400
  [transformer] step=48650 loss=3.7275 ppl=41.6 tok/s=122593 gtok=797081600
  [transformer] step=48700 loss=3.6850 ppl=39.8 tok/s=122594 gtok=797900800
  [transformer] step=48750 loss=3.7069 ppl=40.7 tok/s=122595 gtok=798720000
  [transformer] step=48800 loss=3.7385 ppl=42.0 tok/s=122596 gtok=799539200
  [transformer] step=48850 loss=3.6869 ppl=39.9 tok/s=122597 gtok=800358400
  [transformer] step=48900 loss=3.6938 ppl=40.2 tok/s=122598 gtok=801177600
  [transformer] step=48950 loss=3.7049 ppl=40.6 tok/s=122599 gtok=801996800
  [transformer] step=49000 loss=3.7326 ppl=41.8 tok/s=122600 gtok=802816000
  [transformer] step=49050 loss=3.7030 ppl=40.6 tok/s=122601 gtok=803635200
  [transformer] step=49100 loss=3.7302 ppl=41.7 tok/s=122602 gtok=804454400
  [transformer] step=49150 loss=3.7102 ppl=40.9 tok/s=122603 gtok=805273600
  [transformer] step=49200 loss=3.6826 ppl=39.8 tok/s=122604 gtok=806092800
  [transformer] step=49250 loss=3.7388 ppl=42.0 tok/s=122605 gtok=806912000
  [transformer] step=49300 loss=3.6535 ppl=38.6 tok/s=122606 gtok=807731200
  [transformer] step=49350 loss=3.7114 ppl=40.9 tok/s=122607 gtok=808550400
  [transformer] step=49400 loss=3.7133 ppl=41.0 tok/s=122608 gtok=809369600
  [transformer] step=49450 loss=3.7214 ppl=41.3 tok/s=122609 gtok=810188800
  [transformer] step=49500 loss=3.6813 ppl=39.7 tok/s=122610 gtok=811008000
  [transformer] step=49550 loss=3.6593 ppl=38.8 tok/s=122608 gtok=811827200
  [transformer] step=49600 loss=3.6813 ppl=39.7 tok/s=122609 gtok=812646400
  [transformer] step=49650 loss=3.7162 ppl=41.1 tok/s=122610 gtok=813465600
  [transformer] step=49700 loss=3.7321 ppl=41.8 tok/s=122611 gtok=814284800
  [transformer] step=49750 loss=3.6904 ppl=40.1 tok/s=122612 gtok=815104000
  [transformer] step=49800 loss=3.6950 ppl=40.2 tok/s=122614 gtok=815923200
  [transformer] step=49850 loss=3.6714 ppl=39.3 tok/s=122614 gtok=816742400
  [transformer] step=49900 loss=3.7224 ppl=41.4 tok/s=122615 gtok=817561600
  [transformer] step=49950 loss=3.7050 ppl=40.6 tok/s=122615 gtok=818380800
  [transformer] step=50000 loss=3.6949 ppl=40.2 tok/s=122615 gtok=819200000
  [transformer] step=50050 loss=3.6958 ppl=40.3 tok/s=122605 gtok=820019200
  [transformer] step=50100 loss=3.6664 ppl=39.1 tok/s=122607 gtok=820838400
  [transformer] step=50150 loss=3.7029 ppl=40.6 tok/s=122607 gtok=821657600
  [transformer] step=50200 loss=3.6852 ppl=39.9 tok/s=122608 gtok=822476800
  [transformer] step=50250 loss=3.6797 ppl=39.6 tok/s=122609 gtok=823296000
  [transformer] step=50300 loss=3.6733 ppl=39.4 tok/s=122611 gtok=824115200
  [transformer] step=50350 loss=3.6985 ppl=40.4 tok/s=122612 gtok=824934400
  [transformer] step=50400 loss=3.7351 ppl=41.9 tok/s=122613 gtok=825753600
  [transformer] step=50450 loss=3.6992 ppl=40.4 tok/s=122614 gtok=826572800
  [transformer] step=50500 loss=3.6937 ppl=40.2 tok/s=122614 gtok=827392000
  [transformer] step=50550 loss=3.6729 ppl=39.4 tok/s=122615 gtok=828211200
  [transformer] step=50600 loss=3.7455 ppl=42.3 tok/s=122615 gtok=829030400
  [transformer] step=50650 loss=3.7324 ppl=41.8 tok/s=122615 gtok=829849600
  [transformer] step=50700 loss=3.7162 ppl=41.1 tok/s=122616 gtok=830668800
  [transformer] step=50750 loss=3.7035 ppl=40.6 tok/s=122617 gtok=831488000
  [transformer] step=50800 loss=3.6985 ppl=40.4 tok/s=122618 gtok=832307200
  [transformer] step=50850 loss=3.7559 ppl=42.8 tok/s=122619 gtok=833126400
  [transformer] step=50900 loss=3.6802 ppl=39.7 tok/s=122620 gtok=833945600
  [transformer] step=50950 loss=3.6789 ppl=39.6 tok/s=122621 gtok=834764800
  [transformer] step=51000 loss=3.6481 ppl=38.4 tok/s=122622 gtok=835584000
  [transformer] step=51050 loss=3.6984 ppl=40.4 tok/s=122622 gtok=836403200
  [transformer] step=51100 loss=3.6732 ppl=39.4 tok/s=122623 gtok=837222400
  [transformer] step=51150 loss=3.7205 ppl=41.3 tok/s=122624 gtok=838041600
  [transformer] step=51200 loss=3.7247 ppl=41.5 tok/s=122625 gtok=838860800
  [transformer] step=51250 loss=3.6937 ppl=40.2 tok/s=122626 gtok=839680000
  [transformer] step=51300 loss=3.7183 ppl=41.2 tok/s=122628 gtok=840499200
  [transformer] step=51350 loss=3.7187 ppl=41.2 tok/s=122629 gtok=841318400
  [transformer] step=51400 loss=3.7019 ppl=40.5 tok/s=122630 gtok=842137600
  [transformer] step=51450 loss=3.6863 ppl=39.9 tok/s=122631 gtok=842956800
  [transformer] step=51500 loss=3.7124 ppl=41.0 tok/s=122633 gtok=843776000
  [transformer] step=51550 loss=3.7058 ppl=40.7 tok/s=122633 gtok=844595200
  [transformer] step=51600 loss=3.7195 ppl=41.2 tok/s=122635 gtok=845414400
  [transformer] step=51650 loss=3.7492 ppl=42.5 tok/s=122635 gtok=846233600
  [transformer] step=51700 loss=3.7008 ppl=40.5 tok/s=122636 gtok=847052800
  [transformer] step=51750 loss=3.7062 ppl=40.7 tok/s=122636 gtok=847872000
  [transformer] step=51800 loss=3.6907 ppl=40.1 tok/s=122637 gtok=848691200
  [transformer] step=51850 loss=3.7078 ppl=40.8 tok/s=122638 gtok=849510400
  [transformer] step=51900 loss=3.6985 ppl=40.4 tok/s=122639 gtok=850329600
  [transformer] step=51950 loss=3.6822 ppl=39.7 tok/s=122640 gtok=851148800
  [transformer] step=52000 loss=3.7238 ppl=41.4 tok/s=122639 gtok=851968000
  [transformer] step=52050 loss=3.6955 ppl=40.3 tok/s=122630 gtok=852787200
  [transformer] step=52100 loss=3.6929 ppl=40.2 tok/s=122632 gtok=853606400
  [transformer] step=52150 loss=3.6997 ppl=40.4 tok/s=122632 gtok=854425600
  [transformer] step=52200 loss=3.7005 ppl=40.5 tok/s=122632 gtok=855244800
  [transformer] step=52250 loss=3.7015 ppl=40.5 tok/s=122632 gtok=856064000
  [transformer] step=52300 loss=3.7115 ppl=40.9 tok/s=122632 gtok=856883200
  [transformer] step=52350 loss=3.7071 ppl=40.7 tok/s=122632 gtok=857702400
  [transformer] step=52400 loss=3.7023 ppl=40.5 tok/s=122632 gtok=858521600
  [transformer] step=52450 loss=3.7262 ppl=41.5 tok/s=122633 gtok=859340800
  [transformer] step=52500 loss=3.7337 ppl=41.8 tok/s=122634 gtok=860160000
  [transformer] step=52550 loss=3.7630 ppl=43.1 tok/s=122635 gtok=860979200
  [transformer] step=52600 loss=3.7300 ppl=41.7 tok/s=122636 gtok=861798400
  [transformer] step=52650 loss=3.7185 ppl=41.2 tok/s=122637 gtok=862617600
  [transformer] step=52700 loss=3.6784 ppl=39.6 tok/s=122637 gtok=863436800
  [transformer] step=52750 loss=3.6635 ppl=39.0 tok/s=122638 gtok=864256000
  [transformer] step=52800 loss=3.6820 ppl=39.7 tok/s=122639 gtok=865075200
  [transformer] step=52850 loss=3.6970 ppl=40.3 tok/s=122640 gtok=865894400
  [transformer] step=52900 loss=3.7297 ppl=41.7 tok/s=122640 gtok=866713600
  [transformer] step=52950 loss=3.7122 ppl=40.9 tok/s=122641 gtok=867532800
  [transformer] step=53000 loss=3.7287 ppl=41.6 tok/s=122641 gtok=868352000
  [transformer] step=53050 loss=3.7297 ppl=41.7 tok/s=122642 gtok=869171200
  [transformer] step=53100 loss=3.7314 ppl=41.7 tok/s=122642 gtok=869990400
  [transformer] step=53150 loss=3.7512 ppl=42.6 tok/s=122644 gtok=870809600
  [transformer] step=53200 loss=3.6835 ppl=39.8 tok/s=122644 gtok=871628800
  [transformer] step=53250 loss=3.7621 ppl=43.0 tok/s=122646 gtok=872448000
  [transformer] step=53300 loss=3.7172 ppl=41.2 tok/s=122647 gtok=873267200
  [transformer] step=53350 loss=3.7077 ppl=40.8 tok/s=122648 gtok=874086400
  [transformer] step=53400 loss=3.6566 ppl=38.7 tok/s=122649 gtok=874905600
  [transformer] step=53450 loss=3.6491 ppl=38.4 tok/s=122651 gtok=875724800
  [transformer] step=53500 loss=3.7091 ppl=40.8 tok/s=122652 gtok=876544000
  [transformer] step=53550 loss=3.7308 ppl=41.7 tok/s=122652 gtok=877363200
  [transformer] step=53600 loss=3.6692 ppl=39.2 tok/s=122653 gtok=878182400
  [transformer] step=53650 loss=3.6897 ppl=40.0 tok/s=122653 gtok=879001600
  [transformer] step=53700 loss=3.7067 ppl=40.7 tok/s=122654 gtok=879820800
  [transformer] step=53750 loss=3.6714 ppl=39.3 tok/s=122655 gtok=880640000
  [transformer] step=53800 loss=3.6740 ppl=39.4 tok/s=122656 gtok=881459200
  [transformer] step=53850 loss=3.7097 ppl=40.8 tok/s=122657 gtok=882278400
  [transformer] step=53900 loss=3.7139 ppl=41.0 tok/s=122658 gtok=883097600
  [transformer] step=53950 loss=3.6993 ppl=40.4 tok/s=122659 gtok=883916800
  [transformer] step=54000 loss=3.6883 ppl=40.0 tok/s=122659 gtok=884736000
  [transformer] step=54050 loss=3.7239 ppl=41.4 tok/s=122650 gtok=885555200
  [transformer] step=54100 loss=3.7023 ppl=40.5 tok/s=122651 gtok=886374400
  [transformer] step=54150 loss=3.7300 ppl=41.7 tok/s=122651 gtok=887193600
  [transformer] step=54200 loss=3.7266 ppl=41.5 tok/s=122652 gtok=888012800
  [transformer] step=54250 loss=3.7163 ppl=41.1 tok/s=122653 gtok=888832000
  [transformer] step=54300 loss=3.7318 ppl=41.8 tok/s=122653 gtok=889651200
  [transformer] step=54350 loss=3.7147 ppl=41.0 tok/s=122653 gtok=890470400
  [transformer] step=54400 loss=3.7116 ppl=40.9 tok/s=122652 gtok=891289600
  [transformer] step=54450 loss=3.7136 ppl=41.0 tok/s=122653 gtok=892108800
  [transformer] step=54500 loss=3.7248 ppl=41.5 tok/s=122654 gtok=892928000
  [transformer] step=54550 loss=3.7155 ppl=41.1 tok/s=122654 gtok=893747200
  [transformer] step=54600 loss=3.6879 ppl=40.0 tok/s=122655 gtok=894566400
  [transformer] step=54650 loss=3.6491 ppl=38.4 tok/s=122656 gtok=895385600
  [transformer] step=54700 loss=3.6711 ppl=39.3 tok/s=122656 gtok=896204800
  [transformer] step=54750 loss=3.7266 ppl=41.5 tok/s=122657 gtok=897024000
  [transformer] step=54800 loss=3.7225 ppl=41.4 tok/s=122658 gtok=897843200
  [transformer] step=54850 loss=3.7443 ppl=42.3 tok/s=122659 gtok=898662400
  [transformer] step=54900 loss=3.6684 ppl=39.2 tok/s=122659 gtok=899481600
  [transformer] step=54950 loss=3.7056 ppl=40.7 tok/s=122660 gtok=900300800
  [transformer] step=55000 loss=3.6628 ppl=39.0 tok/s=122661 gtok=901120000
  [transformer] step=55050 loss=3.7038 ppl=40.6 tok/s=122661 gtok=901939200
  [transformer] step=55100 loss=3.6890 ppl=40.0 tok/s=122662 gtok=902758400
  [transformer] step=55150 loss=3.6889 ppl=40.0 tok/s=122663 gtok=903577600
  [transformer] step=55200 loss=3.7080 ppl=40.8 tok/s=122664 gtok=904396800
  [transformer] step=55250 loss=3.6757 ppl=39.5 tok/s=122665 gtok=905216000
  [transformer] step=55300 loss=3.6672 ppl=39.1 tok/s=122666 gtok=906035200
  [transformer] step=55350 loss=3.6785 ppl=39.6 tok/s=122666 gtok=906854400
  [transformer] step=55400 loss=3.7183 ppl=41.2 tok/s=122667 gtok=907673600
  [transformer] step=55450 loss=3.7078 ppl=40.8 tok/s=122668 gtok=908492800
  [transformer] step=55500 loss=3.6663 ppl=39.1 tok/s=122668 gtok=909312000
  [transformer] step=55550 loss=3.6987 ppl=40.4 tok/s=122667 gtok=910131200
  [transformer] step=55600 loss=3.6883 ppl=40.0 tok/s=122667 gtok=910950400
  [transformer] step=55650 loss=3.7063 ppl=40.7 tok/s=122667 gtok=911769600
  [transformer] step=55700 loss=3.7129 ppl=41.0 tok/s=122668 gtok=912588800
  [transformer] step=55750 loss=3.6618 ppl=38.9 tok/s=122668 gtok=913408000
  [transformer] step=55800 loss=3.6770 ppl=39.5 tok/s=122669 gtok=914227200
  [transformer] step=55850 loss=3.7296 ppl=41.7 tok/s=122669 gtok=915046400
  [transformer] step=55900 loss=3.6751 ppl=39.5 tok/s=122668 gtok=915865600
  [transformer] step=55950 loss=3.6819 ppl=39.7 tok/s=122667 gtok=916684800
  [transformer] step=56000 loss=3.6875 ppl=39.9 tok/s=122668 gtok=917504000
  [transformer] step=56050 loss=3.6686 ppl=39.2 tok/s=122660 gtok=918323200
  [transformer] step=56100 loss=3.6992 ppl=40.4 tok/s=122660 gtok=919142400
  [transformer] step=56150 loss=3.7062 ppl=40.7 tok/s=122660 gtok=919961600
  [transformer] step=56200 loss=3.6862 ppl=39.9 tok/s=122660 gtok=920780800
  [transformer] step=56250 loss=3.6978 ppl=40.4 tok/s=122659 gtok=921600000
  [transformer] step=56300 loss=3.7006 ppl=40.5 tok/s=122660 gtok=922419200
  [transformer] step=56350 loss=3.6860 ppl=39.9 tok/s=122660 gtok=923238400
  [transformer] step=56400 loss=3.7013 ppl=40.5 tok/s=122661 gtok=924057600
  [transformer] step=56450 loss=3.7063 ppl=40.7 tok/s=122662 gtok=924876800
  [transformer] step=56500 loss=3.6937 ppl=40.2 tok/s=122662 gtok=925696000
  [transformer] step=56550 loss=3.6713 ppl=39.3 tok/s=122663 gtok=926515200
  [transformer] step=56600 loss=3.6714 ppl=39.3 tok/s=122663 gtok=927334400
  [transformer] step=56650 loss=3.6776 ppl=39.6 tok/s=122663 gtok=928153600
  [transformer] step=56700 loss=3.6938 ppl=40.2 tok/s=122664 gtok=928972800
  [transformer] step=56750 loss=3.6826 ppl=39.7 tok/s=122665 gtok=929792000
  [transformer] step=56800 loss=3.6909 ppl=40.1 tok/s=122662 gtok=930611200
  [transformer] step=56850 loss=3.6809 ppl=39.7 tok/s=122662 gtok=931430400
  [transformer] step=56900 loss=3.7560 ppl=42.8 tok/s=122662 gtok=932249600
  [transformer] step=56950 loss=3.6947 ppl=40.2 tok/s=122661 gtok=933068800
  [transformer] step=57000 loss=3.6766 ppl=39.5 tok/s=122661 gtok=933888000
  [transformer] step=57050 loss=3.6915 ppl=40.1 tok/s=122662 gtok=934707200
  [transformer] step=57100 loss=3.6550 ppl=38.7 tok/s=122662 gtok=935526400
  [transformer] step=57150 loss=3.7017 ppl=40.5 tok/s=122663 gtok=936345600
  [transformer] step=57200 loss=3.6584 ppl=38.8 tok/s=122663 gtok=937164800
  [transformer] step=57250 loss=3.6983 ppl=40.4 tok/s=122661 gtok=937984000
  [transformer] step=57300 loss=3.7096 ppl=40.8 tok/s=122663 gtok=938803200
  [transformer] step=57350 loss=3.6975 ppl=40.3 tok/s=122664 gtok=939622400
  [transformer] step=57400 loss=3.7024 ppl=40.5 tok/s=122664 gtok=940441600
  [transformer] step=57450 loss=3.6682 ppl=39.2 tok/s=122664 gtok=941260800
  [transformer] step=57500 loss=3.7099 ppl=40.9 tok/s=122664 gtok=942080000
  [transformer] step=57550 loss=3.6596 ppl=38.8 tok/s=122665 gtok=942899200
  [transformer] step=57600 loss=3.6967 ppl=40.3 tok/s=122666 gtok=943718400
  [transformer] step=57650 loss=3.6703 ppl=39.3 tok/s=122667 gtok=944537600
  [transformer] step=57700 loss=3.7073 ppl=40.7 tok/s=122667 gtok=945356800
  [transformer] step=57750 loss=3.6791 ppl=39.6 tok/s=122668 gtok=946176000
  [transformer] step=57800 loss=3.6780 ppl=39.6 tok/s=122668 gtok=946995200
  [transformer] step=57850 loss=3.6721 ppl=39.3 tok/s=122668 gtok=947814400
  [transformer] step=57900 loss=3.6754 ppl=39.5 tok/s=122668 gtok=948633600
  [transformer] step=57950 loss=3.6605 ppl=38.9 tok/s=122669 gtok=949452800
  [transformer] step=58000 loss=3.6990 ppl=40.4 tok/s=122669 gtok=950272000
  [transformer] step=58050 loss=3.7059 ppl=40.7 tok/s=122660 gtok=951091200
  [transformer] step=58100 loss=3.6928 ppl=40.2 tok/s=122660 gtok=951910400
  [transformer] step=58150 loss=3.7148 ppl=41.0 tok/s=122661 gtok=952729600
  [transformer] step=58200 loss=3.6858 ppl=39.9 tok/s=122661 gtok=953548800
  [transformer] step=58250 loss=3.6701 ppl=39.3 tok/s=122662 gtok=954368000
  [transformer] step=58300 loss=3.6678 ppl=39.2 tok/s=122661 gtok=955187200
  [transformer] step=58350 loss=3.6402 ppl=38.1 tok/s=122662 gtok=956006400
  [transformer] step=58400 loss=3.7069 ppl=40.7 tok/s=122662 gtok=956825600
  [transformer] step=58450 loss=3.6968 ppl=40.3 tok/s=122662 gtok=957644800
  [transformer] step=58500 loss=3.6773 ppl=39.5 tok/s=122663 gtok=958464000
  [transformer] step=58550 loss=3.6943 ppl=40.2 tok/s=122664 gtok=959283200
  [transformer] step=58600 loss=3.6410 ppl=38.1 tok/s=122664 gtok=960102400
  [transformer] step=58650 loss=3.6763 ppl=39.5 tok/s=122664 gtok=960921600
  [transformer] step=58700 loss=3.6761 ppl=39.5 tok/s=122664 gtok=961740800
  [transformer] step=58750 loss=3.6965 ppl=40.3 tok/s=122664 gtok=962560000
  [transformer] step=58800 loss=3.6963 ppl=40.3 tok/s=122664 gtok=963379200
  [transformer] step=58850 loss=3.7099 ppl=40.8 tok/s=122664 gtok=964198400
  [transformer] step=58900 loss=3.7033 ppl=40.6 tok/s=122664 gtok=965017600
  [transformer] step=58950 loss=3.6975 ppl=40.3 tok/s=122664 gtok=965836800
  [transformer] step=59000 loss=3.7001 ppl=40.5 tok/s=122664 gtok=966656000
  [transformer] step=59050 loss=3.7155 ppl=41.1 tok/s=122664 gtok=967475200
  [transformer] step=59100 loss=3.6643 ppl=39.0 tok/s=122665 gtok=968294400
  [transformer] step=59150 loss=3.6221 ppl=37.4 tok/s=122666 gtok=969113600
  [transformer] step=59200 loss=3.6785 ppl=39.6 tok/s=122665 gtok=969932800
  [transformer] step=59250 loss=3.6524 ppl=38.6 tok/s=122666 gtok=970752000
  [transformer] step=59300 loss=3.6856 ppl=39.9 tok/s=122666 gtok=971571200
  [transformer] step=59350 loss=3.6798 ppl=39.6 tok/s=122667 gtok=972390400
  [transformer] step=59400 loss=3.6605 ppl=38.9 tok/s=122668 gtok=973209600
  [transformer] step=59450 loss=3.6488 ppl=38.4 tok/s=122668 gtok=974028800
  [transformer] step=59500 loss=3.7137 ppl=41.0 tok/s=122668 gtok=974848000
  [transformer] step=59550 loss=3.6866 ppl=39.9 tok/s=122669 gtok=975667200
  [transformer] step=59600 loss=3.6896 ppl=40.0 tok/s=122669 gtok=976486400
  [transformer] step=59650 loss=3.6840 ppl=39.8 tok/s=122670 gtok=977305600
  [transformer] step=59700 loss=3.6775 ppl=39.5 tok/s=122671 gtok=978124800
  [transformer] step=59750 loss=3.7187 ppl=41.2 tok/s=122672 gtok=978944000
  [transformer] step=59800 loss=3.6996 ppl=40.4 tok/s=122673 gtok=979763200
  [transformer] step=59850 loss=3.6963 ppl=40.3 tok/s=122673 gtok=980582400
  [transformer] step=59900 loss=3.6916 ppl=40.1 tok/s=122672 gtok=981401600
  [transformer] step=59950 loss=3.6862 ppl=39.9 tok/s=122671 gtok=982220800
  [transformer] step=60000 loss=3.6743 ppl=39.4 tok/s=122670 gtok=983040000
  [transformer] step=60050 loss=3.6995 ppl=40.4 tok/s=122661 gtok=983859200
  [transformer] step=60100 loss=3.6989 ppl=40.4 tok/s=122661 gtok=984678400
  [transformer] step=60150 loss=3.7261 ppl=41.5 tok/s=122661 gtok=985497600
  [transformer] step=60200 loss=3.7045 ppl=40.6 tok/s=122662 gtok=986316800
  [transformer] step=60250 loss=3.7080 ppl=40.8 tok/s=122663 gtok=987136000
  [transformer] step=60300 loss=3.6598 ppl=38.9 tok/s=122663 gtok=987955200
  [transformer] step=60350 loss=3.6786 ppl=39.6 tok/s=122664 gtok=988774400
  [transformer] step=60400 loss=3.6857 ppl=39.9 tok/s=122665 gtok=989593600
  [transformer] step=60450 loss=3.6916 ppl=40.1 tok/s=122666 gtok=990412800
  [transformer] step=60500 loss=3.6667 ppl=39.1 tok/s=122666 gtok=991232000
  [transformer] step=60550 loss=3.6870 ppl=39.9 tok/s=122667 gtok=992051200
  [transformer] step=60600 loss=3.6769 ppl=39.5 tok/s=122667 gtok=992870400
  [transformer] step=60650 loss=3.7395 ppl=42.1 tok/s=122667 gtok=993689600
  [transformer] step=60700 loss=3.6523 ppl=38.6 tok/s=122667 gtok=994508800
  [transformer] step=60750 loss=3.7048 ppl=40.6 tok/s=122667 gtok=995328000
  [transformer] step=60800 loss=3.7204 ppl=41.3 tok/s=122667 gtok=996147200
  [transformer] step=60850 loss=3.6866 ppl=39.9 tok/s=122668 gtok=996966400
  [transformer] step=60900 loss=3.6558 ppl=38.7 tok/s=122668 gtok=997785600
  [transformer] step=60950 loss=3.6961 ppl=40.3 tok/s=122669 gtok=998604800
  [transformer] step=61000 loss=3.6808 ppl=39.7 tok/s=122670 gtok=999424000
[transformer] done tokens=1,000,001,536 wall=2.26h -> checkpoints_v11_recall_matched/transformer
terminate called without an active exception
