Config gate knobs: protect_gate_bias=-3.0 gate_surprisal_lambda=0.1 vault=True phase=True erase_gate=True content_aware=True
Loading pretrain_mix (exact 500M recipe)...
Streaming pretrain blend: sources=['dclm', 'fineweb', 'smoltalk2_mid'] weights=[48.0, 48.0, 4.0] edu>=3 budget=500000000 vocab=50261 holdout_pct=5 exclude_holdout=True mix_seed=42 warmup=1,000,000,000 skips={'dclm': 0, 'fineweb': 0, 'smoltalk2_mid': 0}
[cache] Pretrain holdout val from .cache/v7_tokens/pretrain_holdout_v1_v50261_t500000_e3_p5.pt (500,000 tokens)
Model: 100,621,792 params, device cuda
Param groups: 260 tensors (100,569,856) with wd, 229 tensors (51,936) without
AMP=torch.bfloat16 use_amp=True est_steps=14063
Token indices sequence length is longer than the specified maximum sequence length for this model (1053 > 1024). Running this sequence through the model will result in indexing errors
/home/gowrav/Development/qllm2/v13/tmp/diag_gate_nan.py:160: UserWarning: Converting a tensor with requires_grad=True to a scalar may lead to unexpected behavior.
Consider using tensor.detach() first. (Triggered internally at /pytorch/torch/csrc/autograd/generated/python_variable_methods.cpp:835.)
  gp_max = float(gate_probs.max()) if gate_probs is not None else 0.0
  s   10 gtok=   0.4M main=10.8872 gate=1.526 nllmax=12.472 gp=[0.027,0.097] state=0.3969 pmax=4 gmax=0 gp_w=3 gnorm=2.911 ppl=53488.0 lr=6.0e-06 1536t/s [data=52 fwd=948 bwd=577 ms]
  s   20 gtok=   0.7M main=10.7948 gate=1.544 nllmax=12.460 gp=[0.026,0.097] state=0.3496 pmax=4 gmax=0 gp_w=3 gnorm=3.036 ppl=48765.2 lr=1.2e-05 2865t/s [data=72 fwd=971 bwd=579 ms]
  s   30 gtok=   1.1M main=10.6746 gate=1.564 nllmax=12.470 gp=[0.027,0.093] state=0.3539 pmax=4 gmax=0 gp_w=3 gnorm=2.618 ppl=43244.7 lr=1.8e-05 4026t/s [data=43 fwd=1001 bwd=580 ms]
  s   40 gtok=   1.5M main=10.5446 gate=1.576 nllmax=12.597 gp=[0.027,0.096] state=0.511 pmax=4 gmax=0 gp_w=3 gnorm=1.986 ppl=37970.0 lr=2.4e-05 5048t/s [data=56 fwd=979 bwd=584 ms]
  s   50 gtok=   1.8M main=10.3738 gate=1.591 nllmax=13.200 gp=[0.026,0.096] state=0.6955 pmax=4.001 gmax=0 gp_w=2.999 gnorm=1.725 ppl=32010.5 lr=3.0e-05 5957t/s [data=57 fwd=979 bwd=578 ms]
  s   60 gtok=   2.2M main=10.3150 gate=1.589 nllmax=13.471 gp=[0.026,0.097] state=1.324 pmax=4.001 gmax=0 gp_w=2.999 gnorm=1.479 ppl=30181.2 lr=3.6e-05 6770t/s [data=51 fwd=950 bwd=580 ms]
  s   70 gtok=   2.6M main=10.0772 gate=1.605 nllmax=14.604 gp=[0.024,0.099] state=1.552 pmax=4.001 gmax=0 gp_w=2.998 gnorm=1.419 ppl=23794.2 lr=4.2e-05 7499t/s [data=56 fwd=968 bwd=581 ms]
  s   80 gtok=   2.9M main=9.8747 gate=1.601 nllmax=15.716 gp=[0.025,0.110] state=4.235 pmax=4.002 gmax=0 gp_w=2.998 gnorm=1.398 ppl=19431.8 lr=4.8e-05 8157t/s [data=3 fwd=1012 bwd=583 ms]
  s   90 gtok=   3.3M main=9.7889 gate=1.587 nllmax=15.605 gp=[0.024,0.123] state=3.4 pmax=4.002 gmax=0 gp_w=2.997 gnorm=1.378 ppl=17835.4 lr=5.4e-05 8756t/s [data=55 fwd=977 bwd=582 ms]
  s  100 gtok=   3.7M main=9.5365 gate=1.552 nllmax=16.697 gp=[0.025,0.141] state=3.698 pmax=4.003 gmax=0 gp_w=2.997 gnorm=1.298 ppl=13856.0 lr=6.0e-05 9302t/s [data=53 fwd=976 bwd=582 ms]
  s  110 gtok=   4.1M main=9.2800 gate=1.503 nllmax=19.048 gp=[0.021,0.164] state=6.433 pmax=4.004 gmax=0 gp_w=2.996 gnorm=1.303 ppl=10721.3 lr=6.6e-05 9802t/s [data=53 fwd=977 bwd=581 ms]
  s  120 gtok=   4.4M main=9.0385 gate=1.446 nllmax=17.801 gp=[0.021,0.195] state=6.662 pmax=4.004 gmax=0 gp_w=2.996 gnorm=1.317 ppl=8421.1 lr=7.2e-05 10265t/s [data=56 fwd=959 bwd=582 ms]
  s  130 gtok=   4.8M main=8.7842 gate=1.389 nllmax=19.076 gp=[0.017,0.233] state=10.3 pmax=4.005 gmax=0 gp_w=2.995 gnorm=1.581 ppl=6530.1 lr=7.8e-05 10688t/s [data=52 fwd=956 bwd=582 ms]
  s  140 gtok=   5.2M main=8.3503 gate=1.359 nllmax=19.149 gp=[0.017,0.277] state=11.25 pmax=4.006 gmax=0 gp_w=2.995 gnorm=3.036 ppl=4231.6 lr=8.4e-05 11079t/s [data=51 fwd=1042 bwd=583 ms]
  s  150 gtok=   5.5M main=8.0017 gate=1.344 nllmax=20.018 gp=[0.015,0.322] state=12.59 pmax=4.007 gmax=0 gp_w=2.995 gnorm=11.888 ppl=2985.9 lr=9.0e-05 11442t/s [data=55 fwd=977 bwd=581 ms]
  s  160 gtok=   5.9M main=7.7438 gate=1.311 nllmax=20.115 gp=[0.013,0.359] state=12.64 pmax=4.007 gmax=0 gp_w=2.995 gnorm=4.758 ppl=2307.2 lr=9.6e-05 11781t/s [data=57 fwd=973 bwd=583 ms]
  s  170 gtok=   6.3M main=7.5258 gate=1.306 nllmax=20.195 gp=[0.010,0.402] state=11.27 pmax=4.007 gmax=0 gp_w=2.995 gnorm=4.136 ppl=1855.3 lr=1.0e-04 12096t/s [data=60 fwd=949 bwd=582 ms]
  s  180 gtok=   6.6M main=7.4842 gate=1.281 nllmax=18.345 gp=[0.007,0.461] state=11.14 pmax=4.008 gmax=0 gp_w=2.994 gnorm=4.119 ppl=1779.6 lr=1.1e-04 12389t/s [data=57 fwd=980 bwd=581 ms]
  s  190 gtok=   7.0M main=7.2892 gate=1.276 nllmax=17.487 gp=[0.007,0.520] state=8.443 pmax=4.007 gmax=0 gp_w=2.994 gnorm=3.638 ppl=1464.4 lr=1.1e-04 12666t/s [data=59 fwd=979 bwd=581 ms]
  s  200 gtok=   7.4M main=7.1946 gate=1.256 nllmax=17.663 gp=[0.005,0.578] state=8.065 pmax=4.007 gmax=0 gp_w=2.994 gnorm=4.187 ppl=1332.2 lr=1.2e-04 12927t/s [data=54 fwd=975 bwd=583 ms]
  s  210 gtok=   7.7M main=7.0146 gate=1.206 nllmax=17.136 gp=[0.004,0.629] state=7.464 pmax=4.007 gmax=0 gp_w=2.994 gnorm=2.859 ppl=1112.7 lr=1.3e-04 13171t/s [data=62 fwd=954 bwd=582 ms]
  s  220 gtok=   8.1M main=6.9889 gate=1.224 nllmax=19.520 gp=[0.003,0.660] state=7.169 pmax=4.007 gmax=0 gp_w=2.994 gnorm=3.174 ppl=1084.6 lr=1.3e-04 13403t/s [data=53 fwd=1047 bwd=587 ms]
  s  230 gtok=   8.5M main=6.9917 gate=1.213 nllmax=15.424 gp=[0.003,0.676] state=5.89 pmax=4.007 gmax=0 gp_w=2.994 gnorm=1.764 ppl=1087.6 lr=1.4e-04 13620t/s [data=55 fwd=997 bwd=584 ms]
  s  240 gtok=   8.8M main=6.9267 gate=1.194 nllmax=15.710 gp=[0.002,0.680] state=5.375 pmax=4.007 gmax=0 gp_w=2.993 gnorm=1.560 ppl=1019.1 lr=1.4e-04 13826t/s [data=57 fwd=983 bwd=585 ms]
  s  250 gtok=   9.2M main=6.8835 gate=1.176 nllmax=15.966 gp=[0.002,0.676] state=5.015 pmax=4.007 gmax=0 gp_w=2.993 gnorm=3.167 ppl=976.0 lr=1.5e-04 14020t/s [data=48 fwd=984 bwd=586 ms]
  s  260 gtok=   9.6M main=6.8348 gate=1.176 nllmax=16.292 gp=[0.001,0.664] state=4.866 pmax=4.007 gmax=0 gp_w=2.993 gnorm=2.785 ppl=929.7 lr=1.6e-04 14203t/s [data=59 fwd=1036 bwd=587 ms]
  s  270 gtok=  10.0M main=6.8804 gate=1.198 nllmax=16.389 gp=[0.002,0.656] state=5.502 pmax=4.007 gmax=0 gp_w=2.993 gnorm=1.810 ppl=973.0 lr=1.6e-04 14378t/s [data=49 fwd=983 bwd=585 ms]
  s  280 gtok=  10.3M main=6.8312 gate=1.188 nllmax=16.985 gp=[0.001,0.656] state=5.519 pmax=4.007 gmax=0 gp_w=2.993 gnorm=2.113 ppl=926.3 lr=1.7e-04 14543t/s [data=55 fwd=979 bwd=583 ms]
  s  290 gtok=  10.7M main=6.6918 gate=1.164 nllmax=18.929 gp=[0.002,0.660] state=6.444 pmax=4.007 gmax=0 gp_w=2.993 gnorm=1.476 ppl=805.7 lr=1.7e-04 14696t/s [data=96 fwd=987 bwd=585 ms]
  s  300 gtok=  11.1M main=6.8251 gate=1.167 nllmax=18.485 gp=[0.001,0.664] state=7.536 pmax=4.008 gmax=0 gp_w=2.992 gnorm=2.339 ppl=920.6 lr=1.8e-04 14848t/s [data=50 fwd=952 bwd=582 ms]
  s  310 gtok=  11.4M main=6.7166 gate=1.135 nllmax=17.986 gp=[0.003,0.660] state=7.468 pmax=4.008 gmax=0 gp_w=2.992 gnorm=3.482 ppl=826.0 lr=1.9e-04 14989t/s [data=51 fwd=984 bwd=585 ms]
  s  320 gtok=  11.8M main=6.7165 gate=1.115 nllmax=19.565 gp=[0.004,0.656] state=6.322 pmax=4.008 gmax=0 gp_w=2.992 gnorm=1.602 ppl=825.9 lr=1.9e-04 15126t/s [data=53 fwd=958 bwd=583 ms]
  s  330 gtok=  12.2M main=6.6268 gate=1.094 nllmax=17.717 gp=[0.007,0.648] state=6.504 pmax=4.008 gmax=0 gp_w=2.992 gnorm=1.643 ppl=755.1 lr=2.0e-04 15257t/s [data=64 fwd=978 bwd=583 ms]
  s  340 gtok=  12.5M main=6.7481 gate=1.074 nllmax=17.637 gp=[0.008,0.645] state=9.429 pmax=4.009 gmax=0 gp_w=2.992 gnorm=2.268 ppl=852.4 lr=2.0e-04 15382t/s [data=60 fwd=957 bwd=584 ms]
  s  350 gtok=  12.9M main=6.5813 gate=1.044 nllmax=19.020 gp=[0.010,0.645] state=7.122 pmax=4.009 gmax=0 gp_w=2.992 gnorm=2.128 ppl=721.5 lr=2.1e-04 15501t/s [data=66 fwd=1030 bwd=585 ms]
  s  360 gtok=  13.3M main=6.5602 gate=1.022 nllmax=18.333 gp=[0.010,0.641] state=7.376 pmax=4.009 gmax=0 gp_w=2.992 gnorm=1.739 ppl=706.4 lr=2.2e-04 15617t/s [data=44 fwd=970 bwd=589 ms]
  s  370 gtok=  13.6M main=6.6949 gate=1.004 nllmax=18.321 gp=[0.010,0.668] state=7.119 pmax=4.009 gmax=0 gp_w=2.991 gnorm=1.217 ppl=808.3 lr=2.2e-04 15729t/s [data=45 fwd=978 bwd=582 ms]
  s  380 gtok=  14.0M main=6.6306 gate=0.9831 nllmax=18.500 gp=[0.011,0.691] state=9.439 pmax=4.009 gmax=0 gp_w=2.991 gnorm=1.901 ppl=757.9 lr=2.3e-04 15834t/s [data=52 fwd=1039 bwd=585 ms]
  s  390 gtok=  14.4M main=6.5453 gate=0.9617 nllmax=17.655 gp=[0.011,0.691] state=8.629 pmax=4.009 gmax=0 gp_w=2.991 gnorm=1.611 ppl=696.0 lr=2.3e-04 15937t/s [data=49 fwd=952 bwd=580 ms]
  s  400 gtok=  14.7M main=6.4447 gate=0.9239 nllmax=20.675 gp=[0.011,0.699] state=10.38 pmax=4.009 gmax=0 gp_w=2.991 gnorm=1.527 ppl=629.4 lr=2.4e-04 16037t/s [data=46 fwd=951 bwd=578 ms]
  s  410 gtok=  15.1M main=6.4159 gate=0.9047 nllmax=18.317 gp=[0.011,0.707] state=11.68 pmax=4.009 gmax=0 gp_w=2.991 gnorm=1.998 ppl=611.5 lr=2.5e-04 16133t/s [data=49 fwd=1015 bwd=586 ms]
  s  420 gtok=  15.5M main=6.4071 gate=0.9038 nllmax=18.240 gp=[0.010,0.711] state=11.71 pmax=4.009 gmax=0 gp_w=2.99 gnorm=1.615 ppl=606.1 lr=2.5e-04 16224t/s [data=60 fwd=981 bwd=583 ms]
  s  430 gtok=  15.9M main=6.4455 gate=0.8751 nllmax=20.905 gp=[0.012,0.715] state=11.7 pmax=4.008 gmax=0 gp_w=2.99 gnorm=1.319 ppl=629.9 lr=2.6e-04 16313t/s [data=47 fwd=971 bwd=581 ms]
  s  440 gtok=  16.2M main=6.3877 gate=0.8655 nllmax=19.808 gp=[0.009,0.719] state=12.13 pmax=4.008 gmax=0 gp_w=2.99 gnorm=2.652 ppl=594.5 lr=2.6e-04 16400t/s [data=50 fwd=964 bwd=580 ms]
  s  450 gtok=  16.6M main=6.3961 gate=0.8451 nllmax=18.045 gp=[0.009,0.723] state=13.22 pmax=4.008 gmax=0 gp_w=2.989 gnorm=2.410 ppl=599.5 lr=2.7e-04 16484t/s [data=55 fwd=969 bwd=579 ms]
  s  460 gtok=  17.0M main=6.3155 gate=0.8399 nllmax=19.339 gp=[0.009,0.727] state=10.73 pmax=4.008 gmax=0 gp_w=2.989 gnorm=2.156 ppl=553.1 lr=2.8e-04 16565t/s [data=56 fwd=994 bwd=584 ms]
  s  470 gtok=  17.3M main=6.3002 gate=0.8221 nllmax=20.669 gp=[0.009,0.719] state=12.84 pmax=4.008 gmax=0 gp_w=2.989 gnorm=1.879 ppl=544.7 lr=2.8e-04 16642t/s [data=36 fwd=978 bwd=582 ms]
  s  480 gtok=  17.7M main=6.4473 gate=0.8235 nllmax=19.083 gp=[0.009,0.711] state=12.77 pmax=4.008 gmax=0 gp_w=2.989 gnorm=1.972 ppl=631.0 lr=2.9e-04 16717t/s [data=56 fwd=971 bwd=580 ms]
  s  490 gtok=  18.1M main=6.3805 gate=0.8117 nllmax=20.165 gp=[0.009,0.707] state=13.74 pmax=4.008 gmax=0 gp_w=2.988 gnorm=2.447 ppl=590.3 lr=2.9e-04 16791t/s [data=53 fwd=956 bwd=583 ms]
  s  500 gtok=  18.4M main=6.3585 gate=0.802 nllmax=19.639 gp=[0.009,0.703] state=11.95 pmax=4.008 gmax=0 gp_w=2.988 gnorm=1.744 ppl=577.4 lr=3.0e-04 16862t/s [data=47 fwd=955 bwd=582 ms]
  s  510 gtok=  18.8M main=6.2553 gate=0.7906 nllmax=20.303 gp=[0.009,0.695] state=12.03 pmax=4.008 gmax=0 gp_w=2.988 gnorm=1.851 ppl=520.8 lr=3.0e-04 16930t/s [data=54 fwd=972 bwd=582 ms]
  s  520 gtok=  19.2M main=6.2297 gate=0.7797 nllmax=19.735 gp=[0.009,0.688] state=14.3 pmax=4.008 gmax=0 gp_w=2.987 gnorm=1.753 ppl=507.6 lr=3.0e-04 16995t/s [data=58 fwd=978 bwd=581 ms]
  s  530 gtok=  19.5M main=6.1452 gate=0.7749 nllmax=19.688 gp=[0.010,0.684] state=23.45 pmax=4.008 gmax=0 gp_w=2.987 gnorm=1.344 ppl=466.5 lr=3.0e-04 17058t/s [data=54 fwd=977 bwd=580 ms]
  s  540 gtok=  19.9M main=6.2768 gate=0.775 nllmax=21.263 gp=[0.012,0.680] state=14.9 pmax=4.008 gmax=0 gp_w=2.987 gnorm=1.912 ppl=532.1 lr=3.0e-04 17120t/s [data=56 fwd=958 bwd=581 ms]
  s  550 gtok=  20.3M main=6.2139 gate=0.7678 nllmax=19.982 gp=[0.013,0.688] state=12.27 pmax=4.008 gmax=0 gp_w=2.986 gnorm=1.298 ppl=499.6 lr=3.0e-04 17180t/s [data=54 fwd=973 bwd=654 ms]
  s  560 gtok=  20.6M main=6.2631 gate=0.7618 nllmax=19.403 gp=[0.016,0.691] state=14.5 pmax=4.007 gmax=0 gp_w=2.986 gnorm=1.613 ppl=524.8 lr=3.0e-04 17238t/s [data=50 fwd=982 bwd=586 ms]
  s  570 gtok=  21.0M main=6.0352 gate=0.7464 nllmax=20.032 gp=[0.016,0.707] state=13.79 pmax=4.007 gmax=0 gp_w=2.986 gnorm=1.940 ppl=417.9 lr=3.0e-04 17296t/s [data=52 fwd=951 bwd=582 ms]
  s  580 gtok=  21.4M main=6.0738 gate=0.7454 nllmax=19.476 gp=[0.015,0.723] state=16.58 pmax=4.007 gmax=0 gp_w=2.986 gnorm=1.773 ppl=434.3 lr=3.0e-04 17350t/s [data=47 fwd=956 bwd=582 ms]
  s  590 gtok=  21.7M main=6.0219 gate=0.7354 nllmax=19.020 gp=[0.015,0.734] state=15.14 pmax=4.007 gmax=0 gp_w=2.985 gnorm=1.533 ppl=412.3 lr=3.0e-04 17405t/s [data=60 fwd=977 bwd=580 ms]
  s  600 gtok=  22.1M main=6.1926 gate=0.7458 nllmax=20.964 gp=[0.015,0.742] state=16.13 pmax=4.007 gmax=0 gp_w=2.985 gnorm=1.808 ppl=489.1 lr=3.0e-04 17456t/s [data=53 fwd=983 bwd=583 ms]
  s  610 gtok=  22.5M main=6.1822 gate=0.7419 nllmax=19.134 gp=[0.014,0.770] state=16 pmax=4.007 gmax=0 gp_w=2.985 gnorm=1.481 ppl=484.1 lr=3.0e-04 17506t/s [data=48 fwd=984 bwd=582 ms]
  s  620 gtok=  22.9M main=6.1339 gate=0.736 nllmax=19.031 gp=[0.015,0.793] state=16.05 pmax=4.007 gmax=0 gp_w=2.984 gnorm=1.673 ppl=461.2 lr=3.0e-04 17555t/s [data=56 fwd=949 bwd=583 ms]
  s  630 gtok=  23.2M main=6.0812 gate=0.7303 nllmax=19.652 gp=[0.015,0.820] state=16.09 pmax=4.006 gmax=0 gp_w=2.984 gnorm=1.234 ppl=437.5 lr=3.0e-04 17601t/s [data=52 fwd=983 bwd=583 ms]
  s  640 gtok=  23.6M main=6.0191 gate=0.7275 nllmax=20.112 gp=[0.016,0.766] state=16.64 pmax=4.007 gmax=0 gp_w=2.983 gnorm=2.340 ppl=411.2 lr=3.0e-04 17649t/s [data=46 fwd=955 bwd=584 ms]
  s  650 gtok=  24.0M main=5.9974 gate=0.7241 nllmax=19.711 gp=[0.019,0.859] state=15.25 pmax=4.006 gmax=0 gp_w=2.983 gnorm=1.812 ppl=402.4 lr=3.0e-04 17694t/s [data=55 fwd=962 bwd=582 ms]
  s  660 gtok=  24.3M main=6.1836 gate=0.7279 nllmax=20.682 gp=[0.014,0.875] state=17.13 pmax=4.006 gmax=0 gp_w=2.983 gnorm=1.689 ppl=484.7 lr=3.0e-04 17738t/s [data=54 fwd=984 bwd=584 ms]
  s  670 gtok=  24.7M main=6.1255 gate=0.7255 nllmax=18.418 gp=[0.014,0.891] state=16.78 pmax=4.006 gmax=0 gp_w=2.982 gnorm=1.753 ppl=457.4 lr=3.0e-04 17781t/s [data=44 fwd=1046 bwd=585 ms]
  s  680 gtok=  25.1M main=6.0623 gate=0.7238 nllmax=19.912 gp=[0.018,0.809] state=16.2 pmax=4.006 gmax=0 gp_w=2.982 gnorm=1.483 ppl=429.3 lr=3.0e-04 17823t/s [data=52 fwd=1037 bwd=582 ms]
  s  690 gtok=  25.4M main=5.9365 gate=0.7138 nllmax=23.466 gp=[0.017,0.922] state=23.39 pmax=4.006 gmax=0 gp_w=2.982 gnorm=1.596 ppl=378.6 lr=3.0e-04 17864t/s [data=45 fwd=982 bwd=583 ms]
  s  700 gtok=  25.8M main=5.9756 gate=0.7155 nllmax=19.371 gp=[0.017,0.816] state=20 pmax=4.006 gmax=0 gp_w=2.982 gnorm=1.715 ppl=393.7 lr=3.0e-04 17905t/s [data=43 fwd=979 bwd=580 ms]
  s  710 gtok=  26.2M main=6.0108 gate=0.7163 nllmax=19.523 gp=[0.017,0.941] state=21.26 pmax=4.005 gmax=0 gp_w=2.981 gnorm=1.730 ppl=407.8 lr=3.0e-04 17944t/s [data=55 fwd=973 bwd=582 ms]
  s  720 gtok=  26.5M main=5.9987 gate=0.7044 nllmax=18.561 gp=[0.016,0.844] state=23.73 pmax=4.005 gmax=0 gp_w=2.981 gnorm=2.130 ppl=402.9 lr=3.0e-04 17982t/s [data=52 fwd=953 bwd=582 ms]
  s  730 gtok=  26.9M main=6.0199 gate=0.7066 nllmax=20.845 gp=[0.019,0.953] state=23.31 pmax=4.006 gmax=0 gp_w=2.981 gnorm=1.921 ppl=411.5 lr=3.0e-04 18020t/s [data=56 fwd=949 bwd=583 ms]
  s  740 gtok=  27.3M main=5.9835 gate=0.7048 nllmax=21.239 gp=[0.015,0.953] state=23.53 pmax=4.006 gmax=0 gp_w=2.981 gnorm=1.555 ppl=396.8 lr=3.0e-04 18055t/s [data=54 fwd=963 bwd=587 ms]
  s  750 gtok=  27.6M main=5.9766 gate=0.7033 nllmax=18.680 gp=[0.016,0.953] state=20.3 pmax=4.005 gmax=0 gp_w=2.98 gnorm=1.634 ppl=394.1 lr=3.0e-04 18091t/s [data=53 fwd=951 bwd=581 ms]
  s  760 gtok=  28.0M main=5.9844 gate=0.7026 nllmax=21.785 gp=[0.016,0.957] state=20.16 pmax=4.005 gmax=0 gp_w=2.98 gnorm=1.473 ppl=397.2 lr=3.0e-04 18125t/s [data=49 fwd=997 bwd=587 ms]
  s  770 gtok=  28.4M main=5.9576 gate=0.703 nllmax=20.209 gp=[0.018,0.969] state=24.67 pmax=4.006 gmax=0 gp_w=2.979 gnorm=1.508 ppl=386.7 lr=3.0e-04 18159t/s [data=53 fwd=974 bwd=581 ms]
  s  780 gtok=  28.8M main=5.9398 gate=0.7015 nllmax=19.199 gp=[0.016,0.969] state=27.06 pmax=4.006 gmax=0 gp_w=2.979 gnorm=1.869 ppl=379.8 lr=3.0e-04 18193t/s [data=52 fwd=981 bwd=582 ms]
  s  790 gtok=  29.1M main=5.8895 gate=0.6982 nllmax=18.705 gp=[0.021,0.961] state=32.91 pmax=4.006 gmax=0 gp_w=2.979 gnorm=1.688 ppl=361.2 lr=3.0e-04 18226t/s [data=47 fwd=950 bwd=584 ms]
  s  800 gtok=  29.5M main=5.8179 gate=0.6984 nllmax=19.301 gp=[0.015,0.910] state=29.14 pmax=4.006 gmax=0 gp_w=2.978 gnorm=1.457 ppl=336.3 lr=3.0e-04 18257t/s [data=51 fwd=1021 bwd=584 ms]
  s  810 gtok=  29.9M main=5.8135 gate=0.6937 nllmax=20.618 gp=[0.016,0.961] state=28.07 pmax=4.006 gmax=0 gp_w=2.978 gnorm=2.047 ppl=334.8 lr=3.0e-04 18288t/s [data=46 fwd=983 bwd=585 ms]
  s  820 gtok=  30.2M main=5.9232 gate=0.6983 nllmax=19.214 gp=[0.015,0.969] state=31.33 pmax=4.006 gmax=0 gp_w=2.978 gnorm=2.137 ppl=373.6 lr=3.0e-04 18318t/s [data=49 fwd=982 bwd=581 ms]
  s  830 gtok=  30.6M main=5.8919 gate=0.697 nllmax=21.488 gp=[0.015,0.973] state=31.94 pmax=4.006 gmax=0 gp_w=2.978 gnorm=1.423 ppl=362.1 lr=3.0e-04 18347t/s [data=52 fwd=1044 bwd=589 ms]
  s  840 gtok=  31.0M main=5.9727 gate=0.6966 nllmax=20.484 gp=[0.021,0.902] state=31.31 pmax=4.006 gmax=0 gp_w=2.977 gnorm=1.856 ppl=392.6 lr=3.0e-04 18377t/s [data=56 fwd=981 bwd=582 ms]
  s  850 gtok=  31.3M main=5.9117 gate=0.6996 nllmax=19.372 gp=[0.015,0.906] state=35.68 pmax=4.006 gmax=0 gp_w=2.977 gnorm=1.532 ppl=369.3 lr=3.0e-04 18405t/s [data=54 fwd=971 bwd=658 ms]
  s  860 gtok=  31.7M main=5.9027 gate=0.6968 nllmax=19.841 gp=[0.016,0.973] state=32.63 pmax=4.005 gmax=0 gp_w=2.976 gnorm=2.537 ppl=366.0 lr=3.0e-04 18433t/s [data=52 fwd=959 bwd=584 ms]
  s  870 gtok=  32.1M main=5.9284 gate=0.7004 nllmax=18.724 gp=[0.016,0.918] state=32.62 pmax=4.005 gmax=0 gp_w=2.976 gnorm=1.825 ppl=375.5 lr=3.0e-04 18460t/s [data=48 fwd=1019 bwd=585 ms]
  s  880 gtok=  32.4M main=5.8583 gate=0.69 nllmax=21.388 gp=[0.018,0.977] state=34.19 pmax=4.005 gmax=0 gp_w=2.975 gnorm=2.398 ppl=350.1 lr=3.0e-04 18487t/s [data=51 fwd=980 bwd=582 ms]
  s  890 gtok=  32.8M main=5.8323 gate=0.6934 nllmax=20.081 gp=[0.018,0.930] state=31.14 pmax=4.005 gmax=0 gp_w=2.975 gnorm=1.540 ppl=341.1 lr=3.0e-04 18512t/s [data=54 fwd=973 bwd=660 ms]
  s  900 gtok=  33.2M main=5.6952 gate=0.6931 nllmax=19.452 gp=[0.014,0.930] state=32.47 pmax=4.005 gmax=0 gp_w=2.974 gnorm=1.412 ppl=297.4 lr=3.0e-04 18539t/s [data=46 fwd=1047 bwd=585 ms]
  s  910 gtok=  33.5M main=5.7852 gate=0.6885 nllmax=19.435 gp=[0.014,0.934] state=33.37 pmax=4.004 gmax=0 gp_w=2.974 gnorm=1.964 ppl=325.4 lr=3.0e-04 18564t/s [data=56 fwd=962 bwd=585 ms]
  s  920 gtok=  33.9M main=6.0287 gate=0.6937 nllmax=20.419 gp=[0.014,0.980] state=35.38 pmax=4.005 gmax=0 gp_w=2.973 gnorm=1.495 ppl=415.2 lr=3.0e-04 18589t/s [data=65 fwd=985 bwd=585 ms]
  s  930 gtok=  34.3M main=5.8049 gate=0.6914 nllmax=18.222 gp=[0.013,0.984] state=38.65 pmax=4.005 gmax=0 gp_w=2.973 gnorm=1.459 ppl=331.9 lr=3.0e-04 18614t/s [data=60 fwd=977 bwd=582 ms]
  s  940 gtok=  34.7M main=5.8253 gate=0.6863 nllmax=20.224 gp=[0.014,0.941] state=38.56 pmax=4.005 gmax=0 gp_w=2.973 gnorm=1.470 ppl=338.7 lr=3.0e-04 18637t/s [data=46 fwd=993 bwd=583 ms]
  s  950 gtok=  35.0M main=5.7045 gate=0.6889 nllmax=19.729 gp=[0.012,0.934] state=35.6 pmax=4.005 gmax=0 gp_w=2.972 gnorm=1.678 ppl=300.2 lr=3.0e-04 18661t/s [data=51 fwd=972 bwd=582 ms]
  s  960 gtok=  35.4M main=5.8754 gate=0.69 nllmax=20.544 gp=[0.013,0.945] state=29.56 pmax=4.005 gmax=0 gp_w=2.972 gnorm=1.726 ppl=356.2 lr=3.0e-04 18684t/s [data=53 fwd=978 bwd=582 ms]
  s  970 gtok=  35.8M main=5.8204 gate=0.6847 nllmax=21.155 gp=[0.018,0.980] state=29.44 pmax=4.005 gmax=0 gp_w=2.971 gnorm=1.637 ppl=337.1 lr=3.0e-04 18707t/s [data=44 fwd=994 bwd=584 ms]
  s  980 gtok=  36.1M main=5.8399 gate=0.691 nllmax=19.968 gp=[0.019,0.941] state=35.83 pmax=4.006 gmax=0 gp_w=2.971 gnorm=1.954 ppl=343.7 lr=3.0e-04 18729t/s [data=56 fwd=977 bwd=583 ms]
  s  990 gtok=  36.5M main=5.9092 gate=0.6884 nllmax=19.524 gp=[0.028,0.977] state=36.35 pmax=4.006 gmax=0 gp_w=2.97 gnorm=2.038 ppl=368.4 lr=3.0e-04 18751t/s [data=46 fwd=957 bwd=583 ms]
  s 1000 gtok=  36.9M main=5.7390 gate=0.6871 nllmax=19.446 gp=[0.019,0.977] state=34.21 pmax=4.006 gmax=0 gp_w=2.969 gnorm=1.503 ppl=310.7 lr=3.0e-04 18772t/s [data=71 fwd=964 bwd=586 ms]
  s 1010 gtok=  37.2M main=5.8691 gate=0.6952 nllmax=19.070 gp=[0.016,0.977] state=35.12 pmax=4.006 gmax=0 gp_w=2.969 gnorm=1.784 ppl=353.9 lr=3.0e-04 18791t/s [data=57 fwd=1035 bwd=587 ms]
  s 1020 gtok=  37.6M main=5.7019 gate=0.6886 nllmax=19.349 gp=[0.019,0.973] state=36.26 pmax=4.007 gmax=0 gp_w=2.969 gnorm=1.548 ppl=299.4 lr=3.0e-04 18811t/s [data=56 fwd=961 bwd=587 ms]
  s 1030 gtok=  38.0M main=5.6865 gate=0.6873 nllmax=20.396 gp=[0.016,0.973] state=31.76 pmax=4.007 gmax=0 gp_w=2.968 gnorm=1.640 ppl=294.9 lr=3.0e-04 18829t/s [data=62 fwd=1037 bwd=589 ms]
  s 1040 gtok=  38.3M main=5.6159 gate=0.6906 nllmax=19.595 gp=[0.018,0.957] state=33.99 pmax=4.008 gmax=0 gp_w=2.968 gnorm=1.648 ppl=274.8 lr=3.0e-04 18848t/s [data=55 fwd=960 bwd=583 ms]
  s 1050 gtok=  38.7M main=5.7502 gate=0.6853 nllmax=20.625 gp=[0.018,0.957] state=30.64 pmax=4.008 gmax=0 gp_w=2.967 gnorm=1.288 ppl=314.3 lr=3.0e-04 18868t/s [data=54 fwd=958 bwd=582 ms]
  s 1060 gtok=  39.1M main=5.7564 gate=0.6886 nllmax=18.456 gp=[0.017,0.949] state=39.3 pmax=4.008 gmax=0 gp_w=2.967 gnorm=1.387 ppl=316.2 lr=3.0e-04 18887t/s [data=54 fwd=1035 bwd=586 ms]
  s 1070 gtok=  39.4M main=5.5992 gate=0.6829 nllmax=19.802 gp=[0.018,0.961] state=31.21 pmax=4.008 gmax=0 gp_w=2.966 gnorm=1.473 ppl=270.2 lr=3.0e-04 18905t/s [data=55 fwd=982 bwd=586 ms]
  s 1080 gtok=  39.8M main=5.7613 gate=0.6859 nllmax=19.033 gp=[0.017,0.961] state=33.75 pmax=4.008 gmax=0 gp_w=2.966 gnorm=1.738 ppl=317.8 lr=3.0e-04 18923t/s [data=52 fwd=975 bwd=582 ms]
  s 1090 gtok=  40.2M main=5.7152 gate=0.6835 nllmax=21.353 gp=[0.019,0.961] state=34.89 pmax=4.008 gmax=0 gp_w=2.965 gnorm=1.435 ppl=303.4 lr=3.0e-04 18942t/s [data=55 fwd=998 bwd=585 ms]
  s 1100 gtok=  40.6M main=5.5977 gate=0.6806 nllmax=20.043 gp=[0.016,0.961] state=30.49 pmax=4.009 gmax=0 gp_w=2.965 gnorm=1.619 ppl=269.8 lr=3.0e-04 18961t/s [data=65 fwd=977 bwd=581 ms]
  s 1110 gtok=  40.9M main=5.6296 gate=0.6796 nllmax=19.899 gp=[0.020,0.953] state=32.05 pmax=4.009 gmax=0 gp_w=2.965 gnorm=1.470 ppl=278.6 lr=3.0e-04 18978t/s [data=53 fwd=981 bwd=586 ms]
  s 1120 gtok=  41.3M main=5.7176 gate=0.6862 nllmax=18.913 gp=[0.020,0.922] state=43.48 pmax=4.009 gmax=0 gp_w=2.964 gnorm=1.718 ppl=304.2 lr=3.0e-04 18995t/s [data=71 fwd=953 bwd=582 ms]
  s 1130 gtok=  41.7M main=5.6095 gate=0.6849 nllmax=20.888 gp=[0.015,0.953] state=32.6 pmax=4.009 gmax=0 gp_w=2.964 gnorm=1.312 ppl=273.0 lr=3.0e-04 19011t/s [data=48 fwd=984 bwd=587 ms]
  s 1140 gtok=  42.0M main=5.7568 gate=0.6842 nllmax=18.532 gp=[0.020,0.922] state=33.69 pmax=4.009 gmax=0 gp_w=2.963 gnorm=1.677 ppl=316.3 lr=3.0e-04 19028t/s [data=55 fwd=978 bwd=581 ms]
  s 1150 gtok=  42.4M main=5.6671 gate=0.6745 nllmax=19.794 gp=[0.025,0.957] state=32.89 pmax=4.009 gmax=0 gp_w=2.963 gnorm=1.534 ppl=289.2 lr=3.0e-04 19044t/s [data=52 fwd=994 bwd=584 ms]
  s 1160 gtok=  42.8M main=5.6573 gate=0.6822 nllmax=19.329 gp=[0.026,0.926] state=34.36 pmax=4.009 gmax=0 gp_w=2.962 gnorm=1.844 ppl=286.4 lr=3.0e-04 19061t/s [data=54 fwd=956 bwd=583 ms]
  s 1170 gtok=  43.1M main=5.6385 gate=0.6812 nllmax=18.736 gp=[0.031,0.938] state=39.51 pmax=4.01 gmax=0 gp_w=2.962 gnorm=2.191 ppl=281.0 lr=3.0e-04 19076t/s [data=43 fwd=979 bwd=581 ms]
  s 1180 gtok=  43.5M main=5.6776 gate=0.6844 nllmax=20.440 gp=[0.019,0.961] state=35.95 pmax=4.01 gmax=0 gp_w=2.961 gnorm=1.398 ppl=292.3 lr=3.0e-04 19092t/s [data=48 fwd=984 bwd=583 ms]
  s 1190 gtok=  43.9M main=5.5291 gate=0.682 nllmax=17.833 gp=[0.021,0.934] state=34.67 pmax=4.01 gmax=0 gp_w=2.961 gnorm=1.489 ppl=251.9 lr=3.0e-04 19107t/s [data=54 fwd=1024 bwd=583 ms]
  s 1200 gtok=  44.2M main=5.5354 gate=0.6791 nllmax=19.895 gp=[0.029,0.953] state=33.61 pmax=4.01 gmax=0 gp_w=2.96 gnorm=1.812 ppl=253.5 lr=3.0e-04 19123t/s [data=61 fwd=955 bwd=583 ms]
  s 1210 gtok=  44.6M main=5.6120 gate=0.6821 nllmax=20.284 gp=[0.020,0.953] state=36.04 pmax=4.011 gmax=0 gp_w=2.96 gnorm=2.552 ppl=273.7 lr=3.0e-04 19137t/s [data=58 fwd=985 bwd=587 ms]
  s 1220 gtok=  45.0M main=5.6899 gate=0.6818 nllmax=19.431 gp=[0.025,0.949] state=37.54 pmax=4.011 gmax=0 gp_w=2.959 gnorm=2.174 ppl=295.9 lr=3.0e-04 19152t/s [data=46 fwd=956 bwd=582 ms]
  s 1230 gtok=  45.3M main=5.5515 gate=0.6815 nllmax=19.553 gp=[0.019,0.934] state=32.76 pmax=4.011 gmax=0 gp_w=2.959 gnorm=1.374 ppl=257.6 lr=3.0e-04 19168t/s [data=60 fwd=977 bwd=582 ms]
  s 1240 gtok=  45.7M main=5.5629 gate=0.6835 nllmax=19.847 gp=[0.021,0.934] state=38.4 pmax=4.011 gmax=0 gp_w=2.959 gnorm=1.324 ppl=260.6 lr=3.0e-04 19182t/s [data=38 fwd=960 bwd=582 ms]
  s 1250 gtok=  46.1M main=5.5572 gate=0.6809 nllmax=19.211 gp=[0.022,0.941] state=34.6 pmax=4.011 gmax=0 gp_w=2.958 gnorm=1.404 ppl=259.1 lr=3.0e-04 19196t/s [data=54 fwd=997 bwd=584 ms]
  s 1260 gtok=  46.4M main=5.6231 gate=0.6806 nllmax=21.172 gp=[0.022,0.945] state=35.93 pmax=4.012 gmax=0 gp_w=2.958 gnorm=1.531 ppl=276.7 lr=3.0e-04 19211t/s [data=55 fwd=954 bwd=583 ms]
  s 1270 gtok=  46.8M main=5.6191 gate=0.6808 nllmax=19.822 gp=[0.024,0.930] state=34.32 pmax=4.012 gmax=0 gp_w=2.957 gnorm=1.383 ppl=275.7 lr=3.0e-04 19224t/s [data=49 fwd=1046 bwd=588 ms]
  s 1280 gtok=  47.2M main=5.5954 gate=0.6772 nllmax=20.133 gp=[0.033,0.941] state=32.74 pmax=4.012 gmax=0 gp_w=2.957 gnorm=2.424 ppl=269.2 lr=3.0e-04 19237t/s [data=58 fwd=984 bwd=587 ms]
  s 1290 gtok=  47.6M main=5.5507 gate=0.6795 nllmax=20.064 gp=[0.026,0.938] state=37.94 pmax=4.012 gmax=0 gp_w=2.956 gnorm=1.630 ppl=257.4 lr=3.0e-04 19250t/s [data=59 fwd=1047 bwd=589 ms]
  s 1300 gtok=  47.9M main=5.5438 gate=0.6804 nllmax=18.897 gp=[0.033,0.938] state=37.2 pmax=4.012 gmax=0 gp_w=2.956 gnorm=1.453 ppl=255.6 lr=3.0e-04 19263t/s [data=54 fwd=960 bwd=583 ms]
  s 1310 gtok=  48.3M main=5.4573 gate=0.6803 nllmax=20.853 gp=[0.031,0.945] state=36.5 pmax=4.012 gmax=0 gp_w=2.955 gnorm=1.674 ppl=234.5 lr=3.0e-04 19277t/s [data=54 fwd=955 bwd=582 ms]
  s 1320 gtok=  48.7M main=5.5513 gate=0.6756 nllmax=18.881 gp=[0.023,0.945] state=37.57 pmax=4.012 gmax=0 gp_w=2.955 gnorm=1.496 ppl=257.6 lr=3.0e-04 19289t/s [data=51 fwd=975 bwd=662 ms]
  s 1330 gtok=  49.0M main=5.5763 gate=0.6785 nllmax=19.593 gp=[0.030,0.953] state=41.29 pmax=4.012 gmax=0 gp_w=2.955 gnorm=1.770 ppl=264.1 lr=3.0e-04 19302t/s [data=44 fwd=1049 bwd=589 ms]
  s 1340 gtok=  49.4M main=5.6159 gate=0.6786 nllmax=20.833 gp=[0.018,0.953] state=38.64 pmax=4.013 gmax=0 gp_w=2.955 gnorm=1.939 ppl=274.8 lr=3.0e-04 19314t/s [data=57 fwd=963 bwd=584 ms]
  s 1350 gtok=  49.8M main=5.5944 gate=0.6813 nllmax=21.634 gp=[0.036,0.961] state=35.84 pmax=4.013 gmax=0 gp_w=2.954 gnorm=2.209 ppl=268.9 lr=3.0e-04 19328t/s [data=44 fwd=953 bwd=583 ms]
  s 1360 gtok=  50.1M main=5.5443 gate=0.6776 nllmax=20.727 gp=[0.024,0.957] state=33.73 pmax=4.013 gmax=0 gp_w=2.954 gnorm=2.025 ppl=255.8 lr=3.0e-04 19340t/s [data=51 fwd=960 bwd=583 ms]
  s 1370 gtok=  50.5M main=5.5158 gate=0.6777 nllmax=19.202 gp=[0.030,0.953] state=34.71 pmax=4.013 gmax=0 gp_w=2.953 gnorm=1.406 ppl=248.6 lr=3.0e-04 19352t/s [data=51 fwd=954 bwd=584 ms]
  s 1380 gtok=  50.9M main=5.5147 gate=0.6775 nllmax=19.142 gp=[0.031,0.949] state=41.06 pmax=4.014 gmax=0 gp_w=2.953 gnorm=1.985 ppl=248.3 lr=3.0e-04 19363t/s [data=51 fwd=972 bwd=661 ms]
  s 1390 gtok=  51.2M main=5.4448 gate=0.6754 nllmax=19.987 gp=[0.034,0.945] state=38.13 pmax=4.014 gmax=0 gp_w=2.953 gnorm=1.414 ppl=231.5 lr=3.0e-04 19375t/s [data=123 fwd=988 bwd=584 ms]
  s 1400 gtok=  51.6M main=5.3508 gate=0.6797 nllmax=17.088 gp=[0.024,0.941] state=40.73 pmax=4.014 gmax=0 gp_w=2.952 gnorm=1.510 ppl=210.8 lr=3.0e-04 19387t/s [data=53 fwd=973 bwd=583 ms]
  s 1410 gtok=  52.0M main=5.5398 gate=0.6779 nllmax=18.847 gp=[0.022,0.945] state=39 pmax=4.014 gmax=0 gp_w=2.952 gnorm=1.844 ppl=254.6 lr=3.0e-04 19398t/s [data=58 fwd=958 bwd=583 ms]
  s 1420 gtok=  52.3M main=5.4709 gate=0.677 nllmax=19.097 gp=[0.024,0.945] state=34.8 pmax=4.015 gmax=0 gp_w=2.952 gnorm=1.356 ppl=237.7 lr=3.0e-04 19409t/s [data=65 fwd=956 bwd=583 ms]
  s 1430 gtok=  52.7M main=5.5674 gate=0.6801 nllmax=19.744 gp=[0.023,0.949] state=34.58 pmax=4.015 gmax=0 gp_w=2.951 gnorm=1.393 ppl=261.8 lr=3.0e-04 19420t/s [data=58 fwd=1016 bwd=587 ms]
  s 1440 gtok=  53.1M main=5.4717 gate=0.6821 nllmax=21.441 gp=[0.023,0.953] state=35.27 pmax=4.015 gmax=0 gp_w=2.951 gnorm=1.765 ppl=237.9 lr=3.0e-04 19432t/s [data=52 fwd=984 bwd=586 ms]
  s 1450 gtok=  53.5M main=5.4308 gate=0.6741 nllmax=20.583 gp=[0.024,0.957] state=34.86 pmax=4.015 gmax=0 gp_w=2.951 gnorm=1.612 ppl=228.3 lr=3.0e-04 19442t/s [data=58 fwd=984 bwd=587 ms]
  s 1460 gtok=  53.8M main=5.5912 gate=0.6752 nllmax=19.039 gp=[0.022,0.957] state=34.99 pmax=4.015 gmax=0 gp_w=2.95 gnorm=1.379 ppl=268.0 lr=3.0e-04 19453t/s [data=55 fwd=967 bwd=584 ms]
  s 1470 gtok=  54.2M main=5.4308 gate=0.6726 nllmax=19.779 gp=[0.023,0.941] state=33.78 pmax=4.016 gmax=0 gp_w=2.95 gnorm=1.402 ppl=228.3 lr=3.0e-04 19464t/s [data=46 fwd=960 bwd=584 ms]
  s 1480 gtok=  54.6M main=5.4335 gate=0.6741 nllmax=19.256 gp=[0.032,0.953] state=38.94 pmax=4.015 gmax=0 gp_w=2.95 gnorm=1.457 ppl=228.9 lr=3.0e-04 19475t/s [data=59 fwd=978 bwd=584 ms]
  s 1490 gtok=  54.9M main=5.4799 gate=0.6748 nllmax=18.786 gp=[0.025,0.945] state=36 pmax=4.016 gmax=0 gp_w=2.949 gnorm=1.493 ppl=239.8 lr=3.0e-04 19485t/s [data=60 fwd=983 bwd=586 ms]
  s 1500 gtok=  55.3M main=5.4194 gate=0.6766 nllmax=19.525 gp=[0.032,0.945] state=32.98 pmax=4.016 gmax=0 gp_w=2.949 gnorm=1.421 ppl=225.7 lr=3.0e-04 19495t/s [data=54 fwd=981 bwd=583 ms]
  s 1510 gtok=  55.7M main=5.6502 gate=0.6771 nllmax=18.843 gp=[0.031,0.953] state=37.25 pmax=4.016 gmax=0 gp_w=2.949 gnorm=1.362 ppl=284.3 lr=3.0e-04 19505t/s [data=48 fwd=977 bwd=583 ms]
  s 1520 gtok=  56.0M main=5.7114 gate=0.6806 nllmax=19.181 gp=[0.029,0.949] state=34.54 pmax=4.017 gmax=0 gp_w=2.948 gnorm=2.029 ppl=302.3 lr=3.0e-04 19515t/s [data=48 fwd=958 bwd=586 ms]
  s 1530 gtok=  56.4M main=5.4715 gate=0.6753 nllmax=20.326 gp=[0.025,0.949] state=34.68 pmax=4.017 gmax=0 gp_w=2.949 gnorm=1.328 ppl=237.8 lr=3.0e-04 19525t/s [data=49 fwd=961 bwd=582 ms]
  s 1540 gtok=  56.8M main=5.5833 gate=0.6757 nllmax=20.894 gp=[0.027,0.949] state=37.26 pmax=4.017 gmax=0 gp_w=2.948 gnorm=1.522 ppl=265.9 lr=3.0e-04 19535t/s [data=46 fwd=978 bwd=581 ms]
  s 1550 gtok=  57.1M main=5.5264 gate=0.6762 nllmax=18.758 gp=[0.032,0.953] state=32.78 pmax=4.017 gmax=0 gp_w=2.948 gnorm=1.696 ppl=251.2 lr=3.0e-04 19544t/s [data=55 fwd=983 bwd=584 ms]
  s 1560 gtok=  57.5M main=5.4467 gate=0.6719 nllmax=18.860 gp=[0.024,0.949] state=32.95 pmax=4.017 gmax=0 gp_w=2.947 gnorm=1.266 ppl=232.0 lr=3.0e-04 19554t/s [data=56 fwd=985 bwd=586 ms]
  s 1570 gtok=  57.9M main=5.3547 gate=0.676 nllmax=19.723 gp=[0.020,0.957] state=30.82 pmax=4.017 gmax=0 gp_w=2.947 gnorm=1.646 ppl=211.6 lr=3.0e-04 19563t/s [data=58 fwd=1045 bwd=584 ms]
  s 1580 gtok=  58.2M main=5.4521 gate=0.6736 nllmax=18.884 gp=[0.025,0.961] state=30.04 pmax=4.017 gmax=0 gp_w=2.946 gnorm=1.325 ppl=233.2 lr=3.0e-04 19573t/s [data=48 fwd=970 bwd=583 ms]
  s 1590 gtok=  58.6M main=5.3895 gate=0.6732 nllmax=19.268 gp=[0.030,0.969] state=35.25 pmax=4.018 gmax=0 gp_w=2.946 gnorm=1.690 ppl=219.1 lr=3.0e-04 19582t/s [data=59 fwd=962 bwd=582 ms]
  s 1600 gtok=  59.0M main=5.4155 gate=0.6727 nllmax=20.172 gp=[0.037,0.969] state=33.14 pmax=4.018 gmax=0 gp_w=2.946 gnorm=1.401 ppl=224.9 lr=3.0e-04 19591t/s [data=57 fwd=956 bwd=584 ms]
  s 1610 gtok=  59.4M main=5.3416 gate=0.6714 nllmax=18.380 gp=[0.024,0.969] state=37.34 pmax=4.018 gmax=0 gp_w=2.946 gnorm=1.896 ppl=208.8 lr=3.0e-04 19600t/s [data=37 fwd=1046 bwd=586 ms]
  s 1620 gtok=  59.7M main=5.4737 gate=0.6738 nllmax=18.984 gp=[0.023,0.969] state=34.5 pmax=4.018 gmax=0 gp_w=2.945 gnorm=1.335 ppl=238.3 lr=2.9e-04 19608t/s [data=53 fwd=985 bwd=587 ms]
  s 1630 gtok=  60.1M main=5.4249 gate=0.6704 nllmax=18.351 gp=[0.022,0.961] state=34.55 pmax=4.018 gmax=0 gp_w=2.945 gnorm=1.358 ppl=227.0 lr=2.9e-04 19617t/s [data=54 fwd=974 bwd=584 ms]
  s 1640 gtok=  60.5M main=5.4310 gate=0.6747 nllmax=18.352 gp=[0.022,0.953] state=39.23 pmax=4.018 gmax=0 gp_w=2.945 gnorm=1.618 ppl=228.4 lr=2.9e-04 19626t/s [data=44 fwd=980 bwd=583 ms]
  s 1650 gtok=  60.8M main=5.4598 gate=0.674 nllmax=19.877 gp=[0.026,0.961] state=35.67 pmax=4.018 gmax=0 gp_w=2.945 gnorm=1.680 ppl=235.0 lr=2.9e-04 19634t/s [data=57 fwd=995 bwd=582 ms]
  s 1660 gtok=  61.2M main=5.3620 gate=0.673 nllmax=19.961 gp=[0.023,0.953] state=37.57 pmax=4.018 gmax=0 gp_w=2.944 gnorm=1.354 ppl=213.1 lr=2.9e-04 19642t/s [data=58 fwd=982 bwd=581 ms]
  s 1670 gtok=  61.6M main=5.3218 gate=0.6723 nllmax=20.374 gp=[0.019,0.953] state=40.47 pmax=4.018 gmax=0 gp_w=2.944 gnorm=1.855 ppl=204.8 lr=2.9e-04 19651t/s [data=52 fwd=1049 bwd=587 ms]
  s 1680 gtok=  61.9M main=5.4296 gate=0.6725 nllmax=20.807 gp=[0.021,0.953] state=39.91 pmax=4.018 gmax=0 gp_w=2.944 gnorm=1.549 ppl=228.1 lr=2.9e-04 19659t/s [data=55 fwd=983 bwd=585 ms]
  s 1690 gtok=  62.3M main=5.3218 gate=0.6735 nllmax=17.464 gp=[0.026,0.953] state=40.07 pmax=4.018 gmax=0 gp_w=2.943 gnorm=1.517 ppl=204.8 lr=2.9e-04 19668t/s [data=54 fwd=962 bwd=588 ms]
  s 1700 gtok=  62.7M main=5.4000 gate=0.6752 nllmax=19.547 gp=[0.023,0.961] state=36.28 pmax=4.019 gmax=0 gp_w=2.943 gnorm=1.285 ppl=221.4 lr=2.9e-04 19676t/s [data=51 fwd=983 bwd=586 ms]
  s 1710 gtok=  63.0M main=5.2032 gate=0.6756 nllmax=21.307 gp=[0.026,0.957] state=33.93 pmax=4.019 gmax=0 gp_w=2.943 gnorm=1.527 ppl=181.9 lr=2.9e-04 19684t/s [data=56 fwd=982 bwd=583 ms]
  <<< NON-FINITE at step 1711 gtok=63,074,304 | nll_max=nan nll_nan=True gp_nan=True main_nan=True loss_nan=True gp=[0.02368,0.957] state=nan main=nan gate=0
DONE step=1711 gtok=63,074,304 elapsed=3205s
Fatal Python error: PyGILState_Release: thread state 0x60f7e47618f0 must be current when releasing
Python runtime state: finalizing (tstate=0x60f7c63b8320)

Thread 0x000079f83c68c740 (most recent call first):
<no Python frame>
DIAG_EXIT=0
