Config gate knobs: protect_gate_bias=-3.0 gate_surprisal_lambda=0.1 vault=True phase=True erase_gate=True content_aware=True
Loading pretrain_mix (exact 500M recipe)...
Streaming pretrain blend: sources=['dclm', 'fineweb', 'smoltalk2_mid'] weights=[48.0, 48.0, 4.0] edu>=3 budget=500000000 vocab=50261 holdout_pct=5 exclude_holdout=True mix_seed=42 warmup=1,000,000,000 skips={'dclm': 0, 'fineweb': 0, 'smoltalk2_mid': 0}
[cache] Pretrain holdout val from .cache/v7_tokens/pretrain_holdout_v1_v50261_t500000_e3_p5.pt (500,000 tokens)
Model: 100,621,792 params, device cuda
Param groups: 260 tensors (100,569,856) with wd, 229 tensors (51,936) without
AMP=torch.bfloat16 use_amp=True est_steps=14063
Token indices sequence length is longer than the specified maximum sequence length for this model (1053 > 1024). Running this sequence through the model will result in indexing errors
/home/gowrav/Development/qllm2/v13/tmp/diag_gate_nan.py:160: UserWarning: Converting a tensor with requires_grad=True to a scalar may lead to unexpected behavior.
Consider using tensor.detach() first. (Triggered internally at /pytorch/torch/csrc/autograd/generated/python_variable_methods.cpp:835.)
  gp_max = float(gate_probs.max()) if gate_probs is not None else 0.0
  s   10 gtok=   0.4M main=10.8872 gate=1.526 nllmax=12.472 gp=[0.027,0.097] state=0.1538 pmax=4 gmax=0 gp_w=3 gnorm=2.911 ppl=53488.0 lr=6.0e-06 1899t/s [data=54 fwd=1029 bwd=581 ms]
  s   20 gtok=   0.7M main=10.7948 gate=1.544 nllmax=12.461 gp=[0.026,0.097] state=0.1689 pmax=4 gmax=0 gp_w=3 gnorm=3.036 ppl=48765.3 lr=1.2e-05 3484t/s [data=70 fwd=992 bwd=578 ms]
  s   30 gtok=   1.1M main=10.6746 gate=1.564 nllmax=12.471 gp=[0.027,0.093] state=0.1499 pmax=4 gmax=0 gp_w=3 gnorm=2.618 ppl=43244.8 lr=1.8e-05 4827t/s [data=42 fwd=989 bwd=580 ms]
  s   40 gtok=   1.5M main=10.5446 gate=1.577 nllmax=12.596 gp=[0.027,0.096] state=0.2128 pmax=4 gmax=0 gp_w=3 gnorm=1.986 ppl=37970.1 lr=2.4e-05 5980t/s [data=56 fwd=964 bwd=578 ms]
  s   50 gtok=   1.8M main=10.3738 gate=1.591 nllmax=13.199 gp=[0.026,0.096] state=0.4506 pmax=4.001 gmax=0 gp_w=2.999 gnorm=1.725 ppl=32010.7 lr=3.0e-05 6982t/s [data=54 fwd=958 bwd=580 ms]
  s   60 gtok=   2.2M main=10.3150 gate=1.589 nllmax=13.467 gp=[0.026,0.097] state=0.9274 pmax=4.001 gmax=0 gp_w=2.999 gnorm=1.479 ppl=30182.8 lr=3.6e-05 7859t/s [data=48 fwd=963 bwd=579 ms]
  s   70 gtok=   2.6M main=10.0773 gate=1.605 nllmax=14.604 gp=[0.024,0.099] state=1.185 pmax=4.001 gmax=0 gp_w=2.998 gnorm=1.419 ppl=23797.4 lr=4.2e-05 8631t/s [data=53 fwd=995 bwd=580 ms]
  s   80 gtok=   2.9M main=9.8753 gate=1.601 nllmax=15.703 gp=[0.025,0.110] state=1.662 pmax=4.002 gmax=0 gp_w=2.998 gnorm=1.400 ppl=19443.2 lr=4.8e-05 9317t/s [data=3 fwd=984 bwd=576 ms]
  s   90 gtok=   3.3M main=9.7790 gate=1.587 nllmax=15.511 gp=[0.024,0.124] state=2.208 pmax=4.002 gmax=0 gp_w=2.997 gnorm=1.386 ppl=17659.5 lr=5.4e-05 9932t/s [data=51 fwd=992 bwd=578 ms]
  s  100 gtok=   3.7M main=9.5225 gate=1.55 nllmax=16.777 gp=[0.025,0.142] state=3.101 pmax=4.003 gmax=0 gp_w=2.997 gnorm=1.320 ppl=13663.3 lr=6.0e-05 10488t/s [data=52 fwd=969 bwd=579 ms]
  s  110 gtok=   4.1M main=9.2685 gate=1.502 nllmax=18.935 gp=[0.021,0.165] state=4.369 pmax=4.004 gmax=0 gp_w=2.996 gnorm=1.334 ppl=10599.2 lr=6.6e-05 10990t/s [data=51 fwd=981 bwd=580 ms]
  s  120 gtok=   4.4M main=9.0285 gate=1.445 nllmax=17.682 gp=[0.021,0.196] state=5.458 pmax=4.004 gmax=0 gp_w=2.996 gnorm=1.331 ppl=8337.4 lr=7.2e-05 11447t/s [data=51 fwd=983 bwd=579 ms]
  s  130 gtok=   4.8M main=8.7743 gate=1.389 nllmax=19.182 gp=[0.017,0.235] state=8.904 pmax=4.005 gmax=0 gp_w=2.995 gnorm=1.659 ppl=6466.0 lr=7.8e-05 11859t/s [data=51 fwd=993 bwd=580 ms]
  s  140 gtok=   5.2M main=8.3477 gate=1.357 nllmax=19.288 gp=[0.017,0.277] state=10.71 pmax=4.006 gmax=0 gp_w=2.995 gnorm=4.216 ppl=4220.4 lr=8.4e-05 12242t/s [data=48 fwd=963 bwd=579 ms]
  s  150 gtok=   5.5M main=7.9960 gate=1.345 nllmax=19.695 gp=[0.015,0.318] state=11.57 pmax=4.007 gmax=0 gp_w=2.995 gnorm=4.783 ppl=2969.1 lr=9.0e-05 12592t/s [data=49 fwd=991 bwd=583 ms]
  s  160 gtok=   5.9M main=7.7778 gate=1.318 nllmax=19.993 gp=[0.013,0.354] state=13.86 pmax=4.007 gmax=0 gp_w=2.995 gnorm=8.404 ppl=2387.0 lr=9.6e-05 12915t/s [data=54 fwd=993 bwd=580 ms]
  s  170 gtok=   6.3M main=7.5783 gate=1.309 nllmax=20.172 gp=[0.011,0.389] state=12.14 pmax=4.007 gmax=0 gp_w=2.995 gnorm=4.647 ppl=1955.3 lr=1.0e-04 13213t/s [data=56 fwd=1049 bwd=586 ms]
  s  180 gtok=   6.6M main=7.5320 gate=1.298 nllmax=18.570 gp=[0.008,0.439] state=11.23 pmax=4.007 gmax=0 gp_w=2.994 gnorm=7.182 ppl=1866.9 lr=1.1e-04 13492t/s [data=61 fwd=994 bwd=579 ms]
  s  190 gtok=   7.0M main=7.3553 gate=1.293 nllmax=18.557 gp=[0.008,0.496] state=9.447 pmax=4.007 gmax=0 gp_w=2.994 gnorm=8.677 ppl=1564.5 lr=1.1e-04 13751t/s [data=55 fwd=993 bwd=580 ms]
  s  200 gtok=   7.4M main=7.2443 gate=1.269 nllmax=18.372 gp=[0.006,0.555] state=9.344 pmax=4.007 gmax=0 gp_w=2.994 gnorm=6.531 ppl=1400.1 lr=1.2e-04 13996t/s [data=53 fwd=965 bwd=582 ms]
  s  210 gtok=   7.7M main=7.0293 gate=1.218 nllmax=16.862 gp=[0.005,0.613] state=9.307 pmax=4.007 gmax=0 gp_w=2.993 gnorm=1.214 ppl=1129.2 lr=1.3e-04 14220t/s [data=61 fwd=1056 bwd=587 ms]
  s  220 gtok=   8.1M main=6.9998 gate=1.229 nllmax=19.149 gp=[0.003,0.656] state=7.188 pmax=4.007 gmax=0 gp_w=2.993 gnorm=2.462 ppl=1096.4 lr=1.3e-04 14431t/s [data=53 fwd=999 bwd=584 ms]
  s  230 gtok=   8.5M main=7.0163 gate=1.22 nllmax=15.392 gp=[0.002,0.676] state=6.213 pmax=4.007 gmax=0 gp_w=2.993 gnorm=3.096 ppl=1114.7 lr=1.4e-04 14628t/s [data=54 fwd=985 bwd=583 ms]
  s  240 gtok=   8.8M main=6.9379 gate=1.196 nllmax=15.589 gp=[0.002,0.684] state=6.261 pmax=4.007 gmax=0 gp_w=2.992 gnorm=2.270 ppl=1030.6 lr=1.4e-04 14817t/s [data=54 fwd=994 bwd=581 ms]
  s  250 gtok=   9.2M main=6.8766 gate=1.176 nllmax=16.153 gp=[0.002,0.676] state=5.717 pmax=4.007 gmax=0 gp_w=2.992 gnorm=1.202 ppl=969.3 lr=1.5e-04 14994t/s [data=44 fwd=994 bwd=582 ms]
  s  260 gtok=   9.6M main=6.8329 gate=1.174 nllmax=16.362 gp=[0.002,0.660] state=6.044 pmax=4.008 gmax=0 gp_w=2.991 gnorm=1.446 ppl=927.9 lr=1.6e-04 15159t/s [data=55 fwd=985 bwd=656 ms]
  s  270 gtok=  10.0M main=6.8871 gate=1.205 nllmax=16.454 gp=[0.002,0.652] state=4.974 pmax=4.008 gmax=0 gp_w=2.991 gnorm=2.731 ppl=979.5 lr=1.6e-04 15316t/s [data=47 fwd=983 bwd=653 ms]
  s  280 gtok=  10.3M main=6.8321 gate=1.192 nllmax=17.466 gp=[0.001,0.652] state=6.148 pmax=4.008 gmax=0 gp_w=2.991 gnorm=1.369 ppl=927.1 lr=1.7e-04 15464t/s [data=53 fwd=1055 bwd=584 ms]
  s  290 gtok=  10.7M main=6.6978 gate=1.168 nllmax=18.400 gp=[0.002,0.656] state=5.744 pmax=4.008 gmax=0 gp_w=2.991 gnorm=2.143 ppl=810.6 lr=1.7e-04 15605t/s [data=94 fwd=972 bwd=585 ms]
  s  300 gtok=  11.1M main=6.8252 gate=1.168 nllmax=18.588 gp=[0.001,0.664] state=6.224 pmax=4.008 gmax=0 gp_w=2.99 gnorm=2.235 ppl=920.8 lr=1.8e-04 15742t/s [data=49 fwd=974 bwd=583 ms]
  s  310 gtok=  11.4M main=6.7113 gate=1.136 nllmax=17.608 gp=[0.003,0.664] state=4.832 pmax=4.008 gmax=0 gp_w=2.99 gnorm=1.283 ppl=821.7 lr=1.9e-04 15868t/s [data=47 fwd=996 bwd=583 ms]
  s  320 gtok=  11.8M main=6.7443 gate=1.12 nllmax=19.508 gp=[0.004,0.660] state=4.756 pmax=4.008 gmax=0 gp_w=2.99 gnorm=3.068 ppl=849.2 lr=1.9e-04 15989t/s [data=52 fwd=985 bwd=658 ms]
  s  330 gtok=  12.2M main=6.6339 gate=1.098 nllmax=17.904 gp=[0.006,0.652] state=5.59 pmax=4.009 gmax=0 gp_w=2.99 gnorm=1.674 ppl=760.5 lr=2.0e-04 16105t/s [data=62 fwd=990 bwd=582 ms]
  s  340 gtok=  12.5M main=6.7392 gate=1.081 nllmax=17.270 gp=[0.008,0.645] state=6.939 pmax=4.009 gmax=0 gp_w=2.99 gnorm=1.544 ppl=844.8 lr=2.0e-04 16215t/s [data=57 fwd=985 bwd=656 ms]
  s  350 gtok=  12.9M main=6.5828 gate=1.044 nllmax=19.402 gp=[0.009,0.645] state=4.924 pmax=4.009 gmax=0 gp_w=2.989 gnorm=1.463 ppl=722.6 lr=2.1e-04 16320t/s [data=60 fwd=1001 bwd=586 ms]
  s  360 gtok=  13.3M main=6.5634 gate=1.024 nllmax=18.413 gp=[0.009,0.641] state=6.874 pmax=4.009 gmax=0 gp_w=2.989 gnorm=2.316 ppl=708.7 lr=2.2e-04 16423t/s [data=42 fwd=994 bwd=586 ms]
  s  370 gtok=  13.6M main=6.7098 gate=1.012 nllmax=18.656 gp=[0.010,0.660] state=6.385 pmax=4.009 gmax=0 gp_w=2.989 gnorm=1.555 ppl=820.4 lr=2.2e-04 16521t/s [data=42 fwd=987 bwd=582 ms]
  s  380 gtok=  14.0M main=6.6323 gate=0.9849 nllmax=18.183 gp=[0.009,0.680] state=6.068 pmax=4.009 gmax=0 gp_w=2.989 gnorm=1.411 ppl=759.2 lr=2.3e-04 16611t/s [data=54 fwd=999 bwd=580 ms]
  s  390 gtok=  14.4M main=6.5515 gate=0.9642 nllmax=17.866 gp=[0.010,0.688] state=6.422 pmax=4.01 gmax=0 gp_w=2.988 gnorm=1.251 ppl=700.3 lr=2.3e-04 16699t/s [data=50 fwd=990 bwd=582 ms]
  s  400 gtok=  14.7M main=6.4607 gate=0.9249 nllmax=20.191 gp=[0.010,0.695] state=8.854 pmax=4.01 gmax=0 gp_w=2.988 gnorm=2.713 ppl=639.5 lr=2.4e-04 16784t/s [data=46 fwd=994 bwd=582 ms]
  s  410 gtok=  15.1M main=6.4208 gate=0.9077 nllmax=18.449 gp=[0.009,0.703] state=8.174 pmax=4.01 gmax=0 gp_w=2.988 gnorm=1.520 ppl=614.5 lr=2.5e-04 16865t/s [data=53 fwd=996 bwd=582 ms]
  s  420 gtok=  15.5M main=6.4235 gate=0.9047 nllmax=18.821 gp=[0.010,0.711] state=8.78 pmax=4.01 gmax=0 gp_w=2.987 gnorm=1.601 ppl=616.2 lr=2.5e-04 16942t/s [data=64 fwd=977 bwd=583 ms]
  s  430 gtok=  15.9M main=6.4609 gate=0.8789 nllmax=21.284 gp=[0.011,0.711] state=8.406 pmax=4.01 gmax=0 gp_w=2.987 gnorm=1.532 ppl=639.7 lr=2.6e-04 17018t/s [data=48 fwd=991 bwd=584 ms]
  s  440 gtok=  16.2M main=6.3971 gate=0.8677 nllmax=18.776 gp=[0.010,0.715] state=12.34 pmax=4.01 gmax=0 gp_w=2.987 gnorm=1.191 ppl=600.1 lr=2.6e-04 17091t/s [data=54 fwd=984 bwd=582 ms]
  s  450 gtok=  16.6M main=6.3943 gate=0.8504 nllmax=20.012 gp=[0.009,0.715] state=7.681 pmax=4.01 gmax=0 gp_w=2.986 gnorm=1.523 ppl=598.4 lr=2.7e-04 17161t/s [data=57 fwd=994 bwd=582 ms]
  s  460 gtok=  17.0M main=6.3483 gate=0.8396 nllmax=19.826 gp=[0.009,0.715] state=9.155 pmax=4.01 gmax=0 gp_w=2.986 gnorm=2.532 ppl=571.5 lr=2.8e-04 17227t/s [data=59 fwd=988 bwd=656 ms]
  s  470 gtok=  17.3M main=6.3254 gate=0.8205 nllmax=21.211 gp=[0.009,0.707] state=9.438 pmax=4.01 gmax=0 gp_w=2.986 gnorm=1.815 ppl=558.6 lr=2.8e-04 17291t/s [data=39 fwd=1038 bwd=584 ms]
  s  480 gtok=  17.7M main=6.4749 gate=0.8231 nllmax=18.858 gp=[0.009,0.703] state=7.78 pmax=4.01 gmax=0 gp_w=2.985 gnorm=1.699 ppl=648.6 lr=2.9e-04 17353t/s [data=60 fwd=999 bwd=582 ms]
  s  490 gtok=  18.1M main=6.3975 gate=0.8107 nllmax=20.466 gp=[0.009,0.699] state=9.88 pmax=4.01 gmax=0 gp_w=2.985 gnorm=2.264 ppl=600.3 lr=2.9e-04 17415t/s [data=54 fwd=986 bwd=582 ms]
  s  500 gtok=  18.4M main=6.3945 gate=0.8019 nllmax=19.841 gp=[0.010,0.695] state=8.606 pmax=4.01 gmax=0 gp_w=2.984 gnorm=2.348 ppl=598.6 lr=3.0e-04 17472t/s [data=49 fwd=972 bwd=581 ms]
  s  510 gtok=  18.8M main=6.2718 gate=0.7902 nllmax=19.941 gp=[0.010,0.688] state=8.638 pmax=4.011 gmax=0 gp_w=2.984 gnorm=1.480 ppl=529.4 lr=3.0e-04 17529t/s [data=58 fwd=970 bwd=582 ms]
  s  520 gtok=  19.2M main=6.2455 gate=0.7798 nllmax=20.211 gp=[0.010,0.684] state=7.457 pmax=4.01 gmax=0 gp_w=2.984 gnorm=1.271 ppl=515.7 lr=3.0e-04 17582t/s [data=61 fwd=1044 bwd=586 ms]
  s  530 gtok=  19.5M main=6.1779 gate=0.7734 nllmax=19.290 gp=[0.011,0.680] state=10.12 pmax=4.01 gmax=0 gp_w=2.984 gnorm=2.394 ppl=482.0 lr=3.0e-04 17636t/s [data=54 fwd=997 bwd=583 ms]
  s  540 gtok=  19.9M main=6.3051 gate=0.7744 nllmax=20.363 gp=[0.011,0.676] state=10.4 pmax=4.011 gmax=0 gp_w=2.983 gnorm=1.783 ppl=547.4 lr=3.0e-04 17687t/s [data=59 fwd=1035 bwd=584 ms]
  s  550 gtok=  20.3M main=6.2435 gate=0.7664 nllmax=20.072 gp=[0.013,0.684] state=8.2 pmax=4.01 gmax=0 gp_w=2.983 gnorm=1.354 ppl=514.7 lr=3.0e-04 17736t/s [data=56 fwd=1005 bwd=586 ms]
  s  560 gtok=  20.6M main=6.2769 gate=0.762 nllmax=18.563 gp=[0.015,0.688] state=8.362 pmax=4.011 gmax=0 gp_w=2.983 gnorm=1.504 ppl=532.1 lr=3.0e-04 17784t/s [data=54 fwd=1058 bwd=588 ms]
  s  570 gtok=  21.0M main=6.0664 gate=0.7434 nllmax=19.687 gp=[0.016,0.707] state=8.4 pmax=4.011 gmax=0 gp_w=2.982 gnorm=1.616 ppl=431.1 lr=3.0e-04 17830t/s [data=52 fwd=996 bwd=584 ms]
  s  580 gtok=  21.4M main=6.1042 gate=0.7428 nllmax=20.444 gp=[0.016,0.723] state=7.671 pmax=4.011 gmax=0 gp_w=2.982 gnorm=1.576 ppl=447.7 lr=3.0e-04 17874t/s [data=48 fwd=1001 bwd=584 ms]
  s  590 gtok=  21.7M main=6.0456 gate=0.7342 nllmax=20.161 gp=[0.018,0.738] state=9.556 pmax=4.011 gmax=0 gp_w=2.982 gnorm=1.734 ppl=422.3 lr=3.0e-04 17918t/s [data=64 fwd=970 bwd=584 ms]
  s  600 gtok=  22.1M main=6.2141 gate=0.743 nllmax=21.252 gp=[0.016,0.746] state=8.217 pmax=4.011 gmax=0 gp_w=2.981 gnorm=1.518 ppl=499.8 lr=3.0e-04 17960t/s [data=59 fwd=1003 bwd=586 ms]
  s  610 gtok=  22.5M main=6.2200 gate=0.7386 nllmax=19.022 gp=[0.016,0.754] state=8.702 pmax=4.011 gmax=0 gp_w=2.981 gnorm=1.682 ppl=502.7 lr=3.0e-04 18000t/s [data=50 fwd=998 bwd=581 ms]
  s  620 gtok=  22.9M main=6.1643 gate=0.7336 nllmax=18.788 gp=[0.015,0.777] state=9.927 pmax=4.011 gmax=0 gp_w=2.981 gnorm=1.395 ppl=475.5 lr=3.0e-04 18040t/s [data=58 fwd=1042 bwd=586 ms]
  s  630 gtok=  23.2M main=6.1113 gate=0.7277 nllmax=19.850 gp=[0.015,0.805] state=8.197 pmax=4.012 gmax=0 gp_w=2.98 gnorm=1.713 ppl=450.9 lr=3.0e-04 18079t/s [data=58 fwd=980 bwd=588 ms]
  s  640 gtok=  23.6M main=6.0555 gate=0.7248 nllmax=20.768 gp=[0.018,0.770] state=9.893 pmax=4.011 gmax=0 gp_w=2.98 gnorm=2.422 ppl=426.5 lr=3.0e-04 18116t/s [data=50 fwd=981 bwd=587 ms]
  s  650 gtok=  24.0M main=6.0236 gate=0.7204 nllmax=20.851 gp=[0.020,0.840] state=9.992 pmax=4.012 gmax=0 gp_w=2.979 gnorm=1.529 ppl=413.0 lr=3.0e-04 18154t/s [data=57 fwd=974 bwd=584 ms]
  s  660 gtok=  24.3M main=6.2106 gate=0.724 nllmax=19.803 gp=[0.021,0.855] state=7.929 pmax=4.012 gmax=0 gp_w=2.979 gnorm=1.661 ppl=498.0 lr=3.0e-04 18190t/s [data=60 fwd=973 bwd=585 ms]
  s  670 gtok=  24.7M main=6.1428 gate=0.721 nllmax=19.570 gp=[0.021,0.875] state=8.437 pmax=4.011 gmax=0 gp_w=2.978 gnorm=1.448 ppl=465.4 lr=3.0e-04 18224t/s [data=47 fwd=973 bwd=583 ms]
  s  680 gtok=  25.1M main=6.0950 gate=0.7206 nllmax=21.344 gp=[0.022,0.793] state=10.25 pmax=4.011 gmax=0 gp_w=2.978 gnorm=1.672 ppl=443.6 lr=3.0e-04 18257t/s [data=57 fwd=994 bwd=585 ms]
  s  690 gtok=  25.4M main=5.9737 gate=0.7091 nllmax=21.590 gp=[0.022,0.906] state=9.323 pmax=4.011 gmax=0 gp_w=2.977 gnorm=1.993 ppl=393.0 lr=3.0e-04 18289t/s [data=52 fwd=970 bwd=586 ms]
  s  700 gtok=  25.8M main=5.9988 gate=0.7119 nllmax=19.259 gp=[0.023,0.809] state=9.671 pmax=4.011 gmax=0 gp_w=2.977 gnorm=2.017 ppl=403.0 lr=3.0e-04 18321t/s [data=49 fwd=1074 bwd=588 ms]
  s  710 gtok=  26.2M main=6.0360 gate=0.713 nllmax=20.699 gp=[0.024,0.938] state=10.26 pmax=4.011 gmax=0 gp_w=2.976 gnorm=2.065 ppl=418.2 lr=3.0e-04 18353t/s [data=61 fwd=979 bwd=586 ms]
  s  720 gtok=  26.5M main=6.0006 gate=0.7006 nllmax=19.558 gp=[0.025,0.836] state=9.354 pmax=4.011 gmax=0 gp_w=2.976 gnorm=1.310 ppl=403.7 lr=3.0e-04 18383t/s [data=58 fwd=994 bwd=661 ms]
  s  730 gtok=  26.9M main=6.0389 gate=0.7032 nllmax=20.364 gp=[0.021,0.953] state=10.99 pmax=4.011 gmax=0 gp_w=2.976 gnorm=1.635 ppl=419.4 lr=3.0e-04 18413t/s [data=61 fwd=1007 bwd=587 ms]
  s  740 gtok=  27.3M main=6.0184 gate=0.6996 nllmax=21.157 gp=[0.024,0.957] state=9.725 pmax=4.011 gmax=0 gp_w=2.975 gnorm=1.921 ppl=410.9 lr=3.0e-04 18441t/s [data=62 fwd=1005 bwd=587 ms]
  s  750 gtok=  27.6M main=5.9956 gate=0.6995 nllmax=18.851 gp=[0.017,0.961] state=9.038 pmax=4.011 gmax=0 gp_w=2.975 gnorm=1.264 ppl=401.6 lr=3.0e-04 18470t/s [data=57 fwd=1001 bwd=585 ms]
  s  760 gtok=  28.0M main=6.0192 gate=0.6991 nllmax=21.640 gp=[0.021,0.965] state=9.146 pmax=4.011 gmax=0 gp_w=2.975 gnorm=1.885 ppl=411.3 lr=3.0e-04 18497t/s [data=53 fwd=1000 bwd=588 ms]
  s  770 gtok=  28.4M main=5.9914 gate=0.6989 nllmax=20.073 gp=[0.019,0.969] state=9.727 pmax=4.011 gmax=0 gp_w=2.974 gnorm=1.472 ppl=400.0 lr=3.0e-04 18524t/s [data=55 fwd=1002 bwd=588 ms]
  s  780 gtok=  28.8M main=5.9732 gate=0.6958 nllmax=19.916 gp=[0.018,0.969] state=12.63 pmax=4.011 gmax=0 gp_w=2.974 gnorm=1.491 ppl=392.7 lr=3.0e-04 18551t/s [data=58 fwd=1001 bwd=584 ms]
  s  790 gtok=  29.1M main=5.9189 gate=0.6951 nllmax=18.088 gp=[0.021,0.961] state=10.82 pmax=4.011 gmax=0 gp_w=2.974 gnorm=1.632 ppl=372.0 lr=3.0e-04 18576t/s [data=50 fwd=1003 bwd=586 ms]
  s  800 gtok=  29.5M main=5.8314 gate=0.6948 nllmax=20.483 gp=[0.019,0.883] state=9.688 pmax=4.011 gmax=0 gp_w=2.974 gnorm=1.606 ppl=340.8 lr=3.0e-04 18602t/s [data=57 fwd=997 bwd=583 ms]
  s  810 gtok=  29.9M main=5.8465 gate=0.6899 nllmax=20.650 gp=[0.018,0.961] state=9.328 pmax=4.011 gmax=0 gp_w=2.973 gnorm=1.809 ppl=346.0 lr=3.0e-04 18628t/s [data=49 fwd=973 bwd=583 ms]
  s  820 gtok=  30.2M main=5.9475 gate=0.694 nllmax=19.260 gp=[0.017,0.969] state=10.43 pmax=4.011 gmax=0 gp_w=2.973 gnorm=1.505 ppl=382.8 lr=3.0e-04 18652t/s [data=52 fwd=972 bwd=584 ms]
  s  830 gtok=  30.6M main=5.9315 gate=0.6919 nllmax=21.624 gp=[0.015,0.973] state=10.97 pmax=4.011 gmax=0 gp_w=2.973 gnorm=1.959 ppl=376.7 lr=3.0e-04 18676t/s [data=58 fwd=1005 bwd=585 ms]
  s  840 gtok=  31.0M main=5.9865 gate=0.6929 nllmax=20.107 gp=[0.014,0.902] state=9.97 pmax=4.011 gmax=0 gp_w=2.973 gnorm=1.520 ppl=398.0 lr=3.0e-04 18699t/s [data=63 fwd=974 bwd=584 ms]
  s  850 gtok=  31.3M main=5.9471 gate=0.6952 nllmax=21.027 gp=[0.015,0.918] state=10.22 pmax=4.012 gmax=0 gp_w=2.973 gnorm=1.861 ppl=382.6 lr=3.0e-04 18722t/s [data=56 fwd=997 bwd=584 ms]
  s  860 gtok=  31.7M main=5.9148 gate=0.6924 nllmax=19.799 gp=[0.017,0.977] state=9.94 pmax=4.012 gmax=0 gp_w=2.972 gnorm=1.894 ppl=370.5 lr=3.0e-04 18743t/s [data=58 fwd=1074 bwd=586 ms]
  s  870 gtok=  32.1M main=5.9728 gate=0.6961 nllmax=18.476 gp=[0.019,0.926] state=8.929 pmax=4.012 gmax=0 gp_w=2.972 gnorm=2.686 ppl=392.6 lr=3.0e-04 18764t/s [data=52 fwd=996 bwd=586 ms]
  s  880 gtok=  32.4M main=5.8665 gate=0.6876 nllmax=21.421 gp=[0.016,0.980] state=8.704 pmax=4.012 gmax=0 gp_w=2.972 gnorm=1.656 ppl=353.0 lr=3.0e-04 18785t/s [data=55 fwd=1003 bwd=587 ms]
  s  890 gtok=  32.8M main=5.8655 gate=0.6891 nllmax=19.404 gp=[0.019,0.914] state=9.428 pmax=4.012 gmax=0 gp_w=2.972 gnorm=1.740 ppl=352.7 lr=3.0e-04 18805t/s [data=59 fwd=1072 bwd=588 ms]
  s  900 gtok=  33.2M main=5.7289 gate=0.6875 nllmax=18.924 gp=[0.017,0.922] state=9.962 pmax=4.011 gmax=0 gp_w=2.971 gnorm=1.522 ppl=307.6 lr=3.0e-04 18825t/s [data=52 fwd=1003 bwd=587 ms]
  s  910 gtok=  33.5M main=5.8141 gate=0.6834 nllmax=18.637 gp=[0.017,0.926] state=9.926 pmax=4.011 gmax=0 gp_w=2.971 gnorm=1.485 ppl=335.0 lr=3.0e-04 18845t/s [data=63 fwd=1048 bwd=587 ms]
  s  920 gtok=  33.9M main=6.0670 gate=0.6891 nllmax=20.864 gp=[0.018,0.977] state=10.9 pmax=4.012 gmax=0 gp_w=2.971 gnorm=1.894 ppl=431.4 lr=3.0e-04 18864t/s [data=70 fwd=1002 bwd=586 ms]
  s  930 gtok=  34.3M main=5.8293 gate=0.6867 nllmax=19.599 gp=[0.020,0.984] state=12.11 pmax=4.012 gmax=0 gp_w=2.971 gnorm=1.476 ppl=340.1 lr=3.0e-04 18883t/s [data=68 fwd=1055 bwd=587 ms]
  s  940 gtok=  34.7M main=5.8703 gate=0.6832 nllmax=19.543 gp=[0.022,0.906] state=11.92 pmax=4.012 gmax=0 gp_w=2.971 gnorm=1.998 ppl=354.3 lr=3.0e-04 18902t/s [data=51 fwd=1001 bwd=585 ms]
  s  950 gtok=  35.0M main=5.7526 gate=0.6845 nllmax=19.355 gp=[0.023,0.910] state=10.24 pmax=4.013 gmax=0 gp_w=2.971 gnorm=1.567 ppl=315.0 lr=3.0e-04 18921t/s [data=55 fwd=978 bwd=586 ms]
  s  960 gtok=  35.4M main=5.9209 gate=0.686 nllmax=21.474 gp=[0.022,0.906] state=11.61 pmax=4.013 gmax=0 gp_w=2.97 gnorm=1.764 ppl=372.8 lr=3.0e-04 18938t/s [data=58 fwd=1021 bwd=588 ms]
  s  970 gtok=  35.8M main=5.8611 gate=0.6803 nllmax=21.900 gp=[0.025,0.980] state=12.09 pmax=4.013 gmax=0 gp_w=2.97 gnorm=1.981 ppl=351.1 lr=3.0e-04 18956t/s [data=48 fwd=973 bwd=586 ms]
  s  980 gtok=  36.1M main=5.8648 gate=0.6876 nllmax=19.910 gp=[0.022,0.906] state=11.58 pmax=4.013 gmax=0 gp_w=2.97 gnorm=1.586 ppl=352.4 lr=3.0e-04 18973t/s [data=60 fwd=999 bwd=585 ms]
  s  990 gtok=  36.5M main=5.9392 gate=0.6839 nllmax=19.502 gp=[0.022,0.977] state=11.11 pmax=4.013 gmax=0 gp_w=2.969 gnorm=1.675 ppl=379.6 lr=3.0e-04 18991t/s [data=48 fwd=980 bwd=585 ms]
  s 1000 gtok=  36.9M main=5.7828 gate=0.6819 nllmax=21.014 gp=[0.022,0.973] state=11.58 pmax=4.013 gmax=0 gp_w=2.969 gnorm=1.621 ppl=324.7 lr=3.0e-04 19008t/s [data=74 fwd=997 bwd=585 ms]
  s 1010 gtok=  37.2M main=5.9081 gate=0.6899 nllmax=18.999 gp=[0.018,0.973] state=10.58 pmax=4.014 gmax=0 gp_w=2.969 gnorm=1.905 ppl=368.0 lr=3.0e-04 19024t/s [data=56 fwd=993 bwd=668 ms]
  s 1020 gtok=  37.6M main=5.7487 gate=0.6838 nllmax=20.412 gp=[0.019,0.973] state=11.28 pmax=4.014 gmax=0 gp_w=2.969 gnorm=1.797 ppl=313.8 lr=3.0e-04 19040t/s [data=58 fwd=1003 bwd=591 ms]
  s 1030 gtok=  38.0M main=5.7204 gate=0.6818 nllmax=20.549 gp=[0.016,0.973] state=11.35 pmax=4.014 gmax=0 gp_w=2.969 gnorm=1.487 ppl=305.0 lr=3.0e-04 19055t/s [data=59 fwd=1001 bwd=585 ms]
  s 1040 gtok=  38.3M main=5.6598 gate=0.6866 nllmax=19.176 gp=[0.016,0.961] state=11.52 pmax=4.015 gmax=0 gp_w=2.969 gnorm=1.634 ppl=287.1 lr=3.0e-04 19071t/s [data=64 fwd=995 bwd=673 ms]
  s 1050 gtok=  38.7M main=5.7965 gate=0.6802 nllmax=20.029 gp=[0.019,0.961] state=11.52 pmax=4.015 gmax=0 gp_w=2.969 gnorm=1.622 ppl=329.2 lr=3.0e-04 19086t/s [data=58 fwd=1042 bwd=583 ms]
  s 1060 gtok=  39.1M main=5.7987 gate=0.6834 nllmax=18.980 gp=[0.021,0.922] state=11.96 pmax=4.015 gmax=0 gp_w=2.968 gnorm=1.720 ppl=329.9 lr=3.0e-04 19101t/s [data=57 fwd=972 bwd=584 ms]
  s 1070 gtok=  39.4M main=5.6403 gate=0.6783 nllmax=19.870 gp=[0.021,0.961] state=11.27 pmax=4.015 gmax=0 gp_w=2.968 gnorm=1.215 ppl=281.6 lr=3.0e-04 19115t/s [data=57 fwd=1006 bwd=586 ms]
  s 1080 gtok=  39.8M main=5.8020 gate=0.6825 nllmax=19.757 gp=[0.020,0.965] state=11.25 pmax=4.015 gmax=0 gp_w=2.968 gnorm=2.042 ppl=331.0 lr=3.0e-04 19129t/s [data=58 fwd=1002 bwd=586 ms]
  s 1090 gtok=  40.2M main=5.7613 gate=0.6796 nllmax=21.391 gp=[0.019,0.961] state=11.28 pmax=4.016 gmax=0 gp_w=2.968 gnorm=1.769 ppl=317.8 lr=3.0e-04 19144t/s [data=61 fwd=1003 bwd=585 ms]
  s 1100 gtok=  40.6M main=5.6547 gate=0.6779 nllmax=18.811 gp=[0.022,0.965] state=11.77 pmax=4.016 gmax=0 gp_w=2.968 gnorm=1.890 ppl=285.6 lr=3.0e-04 19158t/s [data=68 fwd=1003 bwd=586 ms]
  s 1110 gtok=  40.9M main=5.6767 gate=0.6756 nllmax=19.991 gp=[0.023,0.969] state=11.51 pmax=4.016 gmax=0 gp_w=2.967 gnorm=1.765 ppl=292.0 lr=3.0e-04 19172t/s [data=55 fwd=976 bwd=584 ms]
  s 1120 gtok=  41.3M main=5.7685 gate=0.6808 nllmax=18.453 gp=[0.025,0.914] state=11.93 pmax=4.016 gmax=0 gp_w=2.967 gnorm=1.573 ppl=320.1 lr=3.0e-04 19186t/s [data=80 fwd=1008 bwd=586 ms]
  s 1130 gtok=  41.7M main=5.6554 gate=0.6807 nllmax=20.367 gp=[0.016,0.965] state=12.54 pmax=4.016 gmax=0 gp_w=2.967 gnorm=1.704 ppl=285.8 lr=3.0e-04 19199t/s [data=55 fwd=1006 bwd=588 ms]
  s 1140 gtok=  42.0M main=5.7964 gate=0.6817 nllmax=20.106 gp=[0.027,0.930] state=11.71 pmax=4.016 gmax=0 gp_w=2.967 gnorm=1.356 ppl=329.1 lr=3.0e-04 19211t/s [data=62 fwd=1009 bwd=587 ms]
  s 1150 gtok=  42.4M main=5.7174 gate=0.6719 nllmax=20.201 gp=[0.031,0.969] state=11.18 pmax=4.016 gmax=0 gp_w=2.967 gnorm=1.671 ppl=304.1 lr=3.0e-04 19224t/s [data=57 fwd=975 bwd=584 ms]
  s 1160 gtok=  42.8M main=5.7108 gate=0.6784 nllmax=19.297 gp=[0.030,0.930] state=11.6 pmax=4.016 gmax=0 gp_w=2.966 gnorm=1.756 ppl=302.1 lr=3.0e-04 19237t/s [data=60 fwd=992 bwd=586 ms]
  s 1170 gtok=  43.1M main=5.6738 gate=0.6793 nllmax=19.651 gp=[0.028,0.934] state=17.07 pmax=4.016 gmax=0 gp_w=2.966 gnorm=1.389 ppl=291.1 lr=3.0e-04 19249t/s [data=44 fwd=1003 bwd=585 ms]
  s 1180 gtok=  43.5M main=5.7302 gate=0.6822 nllmax=20.966 gp=[0.025,0.977] state=11.94 pmax=4.016 gmax=0 gp_w=2.966 gnorm=1.653 ppl=308.0 lr=3.0e-04 19261t/s [data=49 fwd=979 bwd=585 ms]
  s 1190 gtok=  43.9M main=5.5784 gate=0.6785 nllmax=18.072 gp=[0.025,0.938] state=12.09 pmax=4.016 gmax=0 gp_w=2.966 gnorm=1.398 ppl=264.7 lr=3.0e-04 19273t/s [data=55 fwd=1075 bwd=590 ms]
  s 1200 gtok=  44.2M main=5.5800 gate=0.6765 nllmax=20.074 gp=[0.024,0.969] state=12.14 pmax=4.017 gmax=0 gp_w=2.966 gnorm=1.724 ppl=265.1 lr=3.0e-04 19284t/s [data=66 fwd=1004 bwd=586 ms]
  s 1210 gtok=  44.6M main=5.6516 gate=0.6785 nllmax=21.496 gp=[0.022,0.965] state=11.62 pmax=4.017 gmax=0 gp_w=2.966 gnorm=1.688 ppl=284.7 lr=3.0e-04 19295t/s [data=64 fwd=1004 bwd=586 ms]
  s 1220 gtok=  45.0M main=5.7364 gate=0.682 nllmax=20.751 gp=[0.021,0.953] state=13.1 pmax=4.017 gmax=0 gp_w=2.965 gnorm=2.070 ppl=310.0 lr=3.0e-04 19306t/s [data=49 fwd=999 bwd=584 ms]
  s 1230 gtok=  45.3M main=5.6075 gate=0.6788 nllmax=19.355 gp=[0.023,0.938] state=12.17 pmax=4.017 gmax=0 gp_w=2.965 gnorm=1.541 ppl=272.5 lr=3.0e-04 19317t/s [data=61 fwd=1004 bwd=587 ms]
  s 1240 gtok=  45.7M main=5.6188 gate=0.6801 nllmax=20.849 gp=[0.025,0.941] state=11.49 pmax=4.017 gmax=0 gp_w=2.965 gnorm=1.510 ppl=275.6 lr=3.0e-04 19328t/s [data=44 fwd=1000 bwd=619 ms]
  s 1250 gtok=  46.1M main=5.6122 gate=0.6792 nllmax=18.528 gp=[0.027,0.941] state=11.85 pmax=4.017 gmax=0 gp_w=2.964 gnorm=1.483 ppl=273.7 lr=3.0e-04 19337t/s [data=60 fwd=1006 bwd=587 ms]
  s 1260 gtok=  46.4M main=5.6811 gate=0.6777 nllmax=21.702 gp=[0.025,0.941] state=11.13 pmax=4.018 gmax=0 gp_w=2.964 gnorm=1.725 ppl=293.3 lr=3.0e-04 19348t/s [data=60 fwd=995 bwd=586 ms]
  s 1270 gtok=  46.8M main=5.6712 gate=0.6776 nllmax=21.953 gp=[0.026,0.945] state=11.32 pmax=4.018 gmax=0 gp_w=2.964 gnorm=1.425 ppl=290.4 lr=3.0e-04 19359t/s [data=53 fwd=1008 bwd=589 ms]
  s 1280 gtok=  47.2M main=5.6425 gate=0.6756 nllmax=20.339 gp=[0.024,0.949] state=11.48 pmax=4.018 gmax=0 gp_w=2.964 gnorm=2.095 ppl=282.2 lr=3.0e-04 19369t/s [data=63 fwd=973 bwd=584 ms]
  s 1290 gtok=  47.6M main=5.6073 gate=0.676 nllmax=20.619 gp=[0.024,0.945] state=11.07 pmax=4.018 gmax=0 gp_w=2.964 gnorm=1.473 ppl=272.4 lr=3.0e-04 19379t/s [data=64 fwd=1005 bwd=584 ms]
  s 1300 gtok=  47.9M main=5.6108 gate=0.6782 nllmax=17.808 gp=[0.037,0.945] state=11.7 pmax=4.018 gmax=0 gp_w=2.963 gnorm=1.594 ppl=273.4 lr=3.0e-04 19390t/s [data=60 fwd=973 bwd=584 ms]
  s 1310 gtok=  48.3M main=5.5015 gate=0.6779 nllmax=20.744 gp=[0.028,0.949] state=11.98 pmax=4.018 gmax=0 gp_w=2.963 gnorm=1.193 ppl=245.1 lr=3.0e-04 19400t/s [data=59 fwd=1021 bwd=589 ms]
  s 1320 gtok=  48.7M main=5.6175 gate=0.673 nllmax=18.716 gp=[0.028,0.949] state=11.96 pmax=4.018 gmax=0 gp_w=2.963 gnorm=1.694 ppl=275.2 lr=3.0e-04 19410t/s [data=55 fwd=974 bwd=585 ms]
  s 1330 gtok=  49.0M main=5.6435 gate=0.6747 nllmax=20.376 gp=[0.023,0.953] state=11.23 pmax=4.018 gmax=0 gp_w=2.963 gnorm=2.377 ppl=282.5 lr=3.0e-04 19419t/s [data=45 fwd=1023 bwd=589 ms]
  s 1340 gtok=  49.4M main=5.6598 gate=0.6768 nllmax=20.597 gp=[0.026,0.953] state=13.94 pmax=4.018 gmax=0 gp_w=2.962 gnorm=1.393 ppl=287.1 lr=3.0e-04 19429t/s [data=63 fwd=977 bwd=585 ms]
  s 1350 gtok=  49.8M main=5.6460 gate=0.6783 nllmax=20.905 gp=[0.023,0.945] state=11.5 pmax=4.018 gmax=0 gp_w=2.962 gnorm=1.695 ppl=283.2 lr=3.0e-04 19438t/s [data=48 fwd=972 bwd=586 ms]
  s 1360 gtok=  50.1M main=5.6011 gate=0.6762 nllmax=19.367 gp=[0.024,0.949] state=12.22 pmax=4.018 gmax=0 gp_w=2.962 gnorm=1.654 ppl=270.7 lr=3.0e-04 19447t/s [data=56 fwd=1070 bwd=587 ms]
  s 1370 gtok=  50.5M main=5.5899 gate=0.6744 nllmax=19.027 gp=[0.026,0.953] state=11.05 pmax=4.018 gmax=0 gp_w=2.962 gnorm=2.178 ppl=267.7 lr=3.0e-04 19456t/s [data=53 fwd=999 bwd=585 ms]
  s 1380 gtok=  50.9M main=5.5651 gate=0.6752 nllmax=19.537 gp=[0.027,0.953] state=10.85 pmax=4.019 gmax=0 gp_w=2.962 gnorm=1.341 ppl=261.2 lr=3.0e-04 19465t/s [data=59 fwd=1005 bwd=585 ms]
  s 1390 gtok=  51.2M main=5.5071 gate=0.674 nllmax=19.471 gp=[0.031,0.945] state=10.03 pmax=4.019 gmax=0 gp_w=2.962 gnorm=1.481 ppl=246.4 lr=3.0e-04 19474t/s [data=58 fwd=997 bwd=586 ms]
  s 1400 gtok=  51.6M main=5.3996 gate=0.6781 nllmax=18.387 gp=[0.021,0.953] state=10.82 pmax=4.019 gmax=0 gp_w=2.961 gnorm=1.272 ppl=221.3 lr=3.0e-04 19483t/s [data=55 fwd=1003 bwd=586 ms]
  s 1410 gtok=  52.0M main=5.5945 gate=0.6756 nllmax=19.664 gp=[0.022,0.953] state=11.63 pmax=4.019 gmax=0 gp_w=2.961 gnorm=1.304 ppl=268.9 lr=3.0e-04 19492t/s [data=62 fwd=974 bwd=584 ms]
  s 1420 gtok=  52.3M main=5.5573 gate=0.6752 nllmax=18.379 gp=[0.022,0.949] state=11.36 pmax=4.018 gmax=0 gp_w=2.961 gnorm=1.634 ppl=259.1 lr=3.0e-04 19500t/s [data=67 fwd=1006 bwd=590 ms]
  s 1430 gtok=  52.7M main=5.6206 gate=0.6769 nllmax=19.387 gp=[0.025,0.949] state=10.22 pmax=4.018 gmax=0 gp_w=2.961 gnorm=1.499 ppl=276.0 lr=3.0e-04 19509t/s [data=61 fwd=1003 bwd=587 ms]
  s 1440 gtok=  53.1M main=5.5337 gate=0.6805 nllmax=21.224 gp=[0.029,0.949] state=10.39 pmax=4.019 gmax=0 gp_w=2.961 gnorm=1.743 ppl=253.1 lr=3.0e-04 19517t/s [data=55 fwd=1055 bwd=591 ms]
  s 1450 gtok=  53.5M main=5.4923 gate=0.6717 nllmax=18.669 gp=[0.026,0.949] state=10.46 pmax=4.019 gmax=0 gp_w=2.96 gnorm=1.515 ppl=242.8 lr=3.0e-04 19525t/s [data=60 fwd=1001 bwd=585 ms]
  s 1460 gtok=  53.8M main=5.6498 gate=0.6733 nllmax=20.371 gp=[0.022,0.953] state=11.05 pmax=4.02 gmax=0 gp_w=2.96 gnorm=1.385 ppl=284.2 lr=3.0e-04 19532t/s [data=60 fwd=996 bwd=670 ms]
  s 1470 gtok=  54.2M main=5.4903 gate=0.6717 nllmax=19.004 gp=[0.022,0.945] state=9.752 pmax=4.02 gmax=0 gp_w=2.96 gnorm=1.376 ppl=242.3 lr=3.0e-04 19540t/s [data=50 fwd=990 bwd=667 ms]
  s 1480 gtok=  54.6M main=5.4942 gate=0.6718 nllmax=18.579 gp=[0.032,0.945] state=10.58 pmax=4.02 gmax=0 gp_w=2.96 gnorm=1.515 ppl=243.3 lr=3.0e-04 19547t/s [data=64 fwd=1079 bwd=591 ms]
  s 1490 gtok=  54.9M main=5.5410 gate=0.6725 nllmax=18.738 gp=[0.022,0.945] state=10.68 pmax=4.02 gmax=0 gp_w=2.96 gnorm=1.866 ppl=254.9 lr=3.0e-04 19555t/s [data=66 fwd=1007 bwd=587 ms]
  s 1500 gtok=  55.3M main=5.4938 gate=0.6755 nllmax=19.509 gp=[0.024,0.945] state=10.95 pmax=4.02 gmax=0 gp_w=2.96 gnorm=1.681 ppl=243.2 lr=3.0e-04 19563t/s [data=57 fwd=1003 bwd=586 ms]
  s 1510 gtok=  55.7M main=5.7071 gate=0.6763 nllmax=19.981 gp=[0.027,0.941] state=10.05 pmax=4.021 gmax=0 gp_w=2.96 gnorm=1.430 ppl=301.0 lr=3.0e-04 19572t/s [data=50 fwd=970 bwd=584 ms]
  s 1520 gtok=  56.0M main=5.7584 gate=0.6777 nllmax=20.660 gp=[0.026,0.949] state=10.47 pmax=4.02 gmax=0 gp_w=2.96 gnorm=1.984 ppl=316.8 lr=3.0e-04 19579t/s [data=54 fwd=979 bwd=585 ms]
  s 1530 gtok=  56.4M main=5.5243 gate=0.6738 nllmax=20.674 gp=[0.026,0.945] state=10.05 pmax=4.02 gmax=0 gp_w=2.96 gnorm=1.157 ppl=250.7 lr=3.0e-04 19587t/s [data=52 fwd=1012 bwd=585 ms]
  s 1540 gtok=  56.8M main=5.6389 gate=0.6736 nllmax=19.136 gp=[0.030,0.945] state=11.04 pmax=4.021 gmax=0 gp_w=2.96 gnorm=1.768 ppl=281.2 lr=3.0e-04 19595t/s [data=52 fwd=1000 bwd=588 ms]
  s 1550 gtok=  57.1M main=5.5821 gate=0.6738 nllmax=18.914 gp=[0.029,0.945] state=9.413 pmax=4.021 gmax=0 gp_w=2.959 gnorm=1.319 ppl=265.6 lr=3.0e-04 19603t/s [data=58 fwd=972 bwd=583 ms]
  s 1560 gtok=  57.5M main=5.5088 gate=0.6689 nllmax=19.158 gp=[0.031,0.953] state=10.03 pmax=4.02 gmax=0 gp_w=2.959 gnorm=1.337 ppl=246.9 lr=3.0e-04 19610t/s [data=58 fwd=1013 bwd=582 ms]
  s 1570 gtok=  57.9M main=5.4077 gate=0.6745 nllmax=18.328 gp=[0.019,0.953] state=10.12 pmax=4.02 gmax=0 gp_w=2.959 gnorm=1.159 ppl=223.1 lr=3.0e-04 19617t/s [data=60 fwd=1001 bwd=586 ms]
  s 1580 gtok=  58.2M main=5.5251 gate=0.6712 nllmax=19.805 gp=[0.022,0.965] state=9.443 pmax=4.02 gmax=0 gp_w=2.959 gnorm=1.296 ppl=250.9 lr=3.0e-04 19625t/s [data=52 fwd=1002 bwd=584 ms]
  s 1590 gtok=  58.6M main=5.4472 gate=0.67 nllmax=20.322 gp=[0.024,0.969] state=9.651 pmax=4.021 gmax=0 gp_w=2.959 gnorm=1.722 ppl=232.1 lr=3.0e-04 19632t/s [data=63 fwd=1001 bwd=587 ms]
  s 1600 gtok=  59.0M main=5.4797 gate=0.6706 nllmax=19.510 gp=[0.031,0.969] state=9.757 pmax=4.021 gmax=0 gp_w=2.959 gnorm=1.890 ppl=239.8 lr=3.0e-04 19639t/s [data=62 fwd=1003 bwd=587 ms]
  s 1610 gtok=  59.4M main=5.4050 gate=0.6694 nllmax=20.614 gp=[0.025,0.969] state=10.04 pmax=4.021 gmax=0 gp_w=2.958 gnorm=1.712 ppl=222.5 lr=3.0e-04 19645t/s [data=39 fwd=1005 bwd=589 ms]
  s 1620 gtok=  59.7M main=5.5324 gate=0.6721 nllmax=18.836 gp=[0.023,0.969] state=9.996 pmax=4.021 gmax=0 gp_w=2.958 gnorm=1.183 ppl=252.8 lr=2.9e-04 19652t/s [data=59 fwd=1002 bwd=586 ms]
  s 1630 gtok=  60.1M main=5.4798 gate=0.6694 nllmax=18.860 gp=[0.026,0.969] state=10.13 pmax=4.021 gmax=0 gp_w=2.958 gnorm=1.302 ppl=239.8 lr=2.9e-04 19659t/s [data=59 fwd=975 bwd=586 ms]
  s 1640 gtok=  60.5M main=5.4951 gate=0.6733 nllmax=18.324 gp=[0.022,0.961] state=11.22 pmax=4.021 gmax=0 gp_w=2.959 gnorm=1.762 ppl=243.5 lr=2.9e-04 19665t/s [data=47 fwd=1071 bwd=584 ms]
  s 1650 gtok=  60.8M main=5.5303 gate=0.6712 nllmax=19.259 gp=[0.019,0.965] state=9.635 pmax=4.021 gmax=0 gp_w=2.958 gnorm=2.210 ppl=252.2 lr=2.9e-04 19672t/s [data=64 fwd=1050 bwd=589 ms]
  s 1660 gtok=  61.2M main=5.4293 gate=0.6714 nllmax=18.936 gp=[0.022,0.961] state=9.959 pmax=4.021 gmax=0 gp_w=2.958 gnorm=1.819 ppl=228.0 lr=2.9e-04 19678t/s [data=63 fwd=982 bwd=586 ms]
  s 1670 gtok=  61.6M main=5.3728 gate=0.6694 nllmax=20.205 gp=[0.026,0.965] state=10.76 pmax=4.021 gmax=0 gp_w=2.958 gnorm=1.456 ppl=215.5 lr=2.9e-04 19684t/s [data=57 fwd=1078 bwd=590 ms]
  s 1680 gtok=  61.9M main=5.4985 gate=0.6705 nllmax=20.497 gp=[0.024,0.961] state=9.395 pmax=4.021 gmax=0 gp_w=2.958 gnorm=1.944 ppl=244.3 lr=2.9e-04 19691t/s [data=58 fwd=1002 bwd=587 ms]
  s 1690 gtok=  62.3M main=5.3910 gate=0.6712 nllmax=18.569 gp=[0.024,0.961] state=9.746 pmax=4.021 gmax=0 gp_w=2.958 gnorm=1.449 ppl=219.4 lr=2.9e-04 19697t/s [data=63 fwd=970 bwd=585 ms]
  s 1700 gtok=  62.7M main=5.4662 gate=0.6729 nllmax=20.568 gp=[0.022,0.969] state=11.02 pmax=4.021 gmax=0 gp_w=2.958 gnorm=2.076 ppl=236.6 lr=2.9e-04 19703t/s [data=59 fwd=1006 bwd=588 ms]
  s 1710 gtok=  63.0M main=5.2538 gate=0.6744 nllmax=21.370 gp=[0.026,0.969] state=10.41 pmax=4.022 gmax=0 gp_w=2.958 gnorm=1.570 ppl=191.3 lr=2.9e-04 19708t/s [data=64 fwd=987 bwd=589 ms]
  s 1720 gtok=  63.4M main=5.5003 gate=0.6712 nllmax=17.320 gp=[0.026,0.969] state=9.753 pmax=4.022 gmax=0 gp_w=2.957 gnorm=1.503 ppl=244.8 lr=2.9e-04 19714t/s [data=61 fwd=1005 bwd=600 ms]
  s 1730 gtok=  63.8M main=5.5342 gate=0.6728 nllmax=20.939 gp=[0.022,0.969] state=9.967 pmax=4.022 gmax=0 gp_w=2.957 gnorm=1.637 ppl=253.2 lr=2.9e-04 19720t/s [data=55 fwd=992 bwd=672 ms]
  s 1740 gtok=  64.1M main=5.3666 gate=0.6683 nllmax=19.398 gp=[0.025,0.973] state=10.24 pmax=4.022 gmax=0 gp_w=2.958 gnorm=1.918 ppl=214.1 lr=2.9e-04 19726t/s [data=64 fwd=973 bwd=585 ms]
  s 1750 gtok=  64.5M main=5.4465 gate=0.6675 nllmax=18.556 gp=[0.027,0.977] state=10.06 pmax=4.022 gmax=0 gp_w=2.957 gnorm=2.038 ppl=231.9 lr=2.9e-04 19731t/s [data=51 fwd=997 bwd=670 ms]
  s 1760 gtok=  64.9M main=5.4134 gate=0.6713 nllmax=21.535 gp=[0.024,0.973] state=9.853 pmax=4.022 gmax=0 gp_w=2.957 gnorm=2.493 ppl=224.4 lr=2.9e-04 19737t/s [data=50 fwd=1009 bwd=587 ms]
  s 1770 gtok=  65.2M main=5.3921 gate=0.6689 nllmax=20.659 gp=[0.031,0.973] state=10.92 pmax=4.022 gmax=0 gp_w=2.957 gnorm=1.595 ppl=219.7 lr=2.9e-04 19743t/s [data=60 fwd=1008 bwd=588 ms]
  s 1780 gtok=  65.6M main=5.3824 gate=0.6712 nllmax=20.620 gp=[0.030,0.973] state=11.64 pmax=4.022 gmax=0 gp_w=2.957 gnorm=1.413 ppl=217.5 lr=2.9e-04 19748t/s [data=56 fwd=1006 bwd=586 ms]
  s 1790 gtok=  66.0M main=5.4731 gate=0.6687 nllmax=19.029 gp=[0.020,0.973] state=10.58 pmax=4.022 gmax=0 gp_w=2.957 gnorm=1.282 ppl=238.2 lr=2.9e-04 19753t/s [data=61 fwd=979 bwd=587 ms]
  s 1800 gtok=  66.4M main=5.4333 gate=0.6716 nllmax=19.935 gp=[0.021,0.977] state=10.77 pmax=4.021 gmax=0 gp_w=2.957 gnorm=1.665 ppl=228.9 lr=2.9e-04 19759t/s [data=60 fwd=973 bwd=585 ms]
  s 1810 gtok=  66.7M main=5.4512 gate=0.6675 nllmax=20.890 gp=[0.020,0.977] state=10.45 pmax=4.021 gmax=0 gp_w=2.957 gnorm=1.212 ppl=233.0 lr=2.9e-04 19764t/s [data=61 fwd=1050 bwd=590 ms]
  s 1820 gtok=  67.1M main=5.5115 gate=0.6736 nllmax=22.197 gp=[0.024,0.977] state=11.49 pmax=4.022 gmax=0 gp_w=2.957 gnorm=1.276 ppl=247.5 lr=2.9e-04 19769t/s [data=56 fwd=979 bwd=586 ms]
  s 1830 gtok=  67.5M main=5.3747 gate=0.6684 nllmax=19.268 gp=[0.028,0.977] state=11.12 pmax=4.022 gmax=0 gp_w=2.956 gnorm=1.322 ppl=215.9 lr=2.9e-04 19774t/s [data=59 fwd=972 bwd=585 ms]
  s 1840 gtok=  67.8M main=5.3643 gate=0.668 nllmax=17.877 gp=[0.026,0.977] state=12.17 pmax=4.022 gmax=0 gp_w=2.956 gnorm=1.194 ppl=213.6 lr=2.9e-04 19780t/s [data=48 fwd=974 bwd=584 ms]
  s 1850 gtok=  68.2M main=5.4345 gate=0.6704 nllmax=19.102 gp=[0.033,0.977] state=12.05 pmax=4.022 gmax=0 gp_w=2.956 gnorm=1.356 ppl=229.2 lr=2.9e-04 19785t/s [data=63 fwd=970 bwd=586 ms]
  s 1860 gtok=  68.6M main=5.4226 gate=0.6705 nllmax=19.295 gp=[0.025,0.980] state=10.87 pmax=4.022 gmax=0 gp_w=2.956 gnorm=1.814 ppl=226.5 lr=2.9e-04 19790t/s [data=59 fwd=1071 bwd=591 ms]
  s 1870 gtok=  68.9M main=5.3821 gate=0.669 nllmax=19.373 gp=[0.029,0.977] state=11.38 pmax=4.022 gmax=0 gp_w=2.956 gnorm=1.440 ppl=217.5 lr=2.9e-04 19794t/s [data=59 fwd=991 bwd=589 ms]
  s 1880 gtok=  69.3M main=5.3788 gate=0.6731 nllmax=21.947 gp=[0.028,0.977] state=11.97 pmax=4.023 gmax=0 gp_w=2.956 gnorm=1.309 ppl=216.8 lr=2.9e-04 19799t/s [data=69 fwd=982 bwd=587 ms]
  s 1890 gtok=  69.7M main=5.4914 gate=0.6732 nllmax=18.607 gp=[0.024,0.980] state=11.13 pmax=4.023 gmax=0 gp_w=2.956 gnorm=1.372 ppl=242.6 lr=2.9e-04 19803t/s [data=64 fwd=1035 bwd=589 ms]
  s 1900 gtok=  70.0M main=5.3297 gate=0.6691 nllmax=19.439 gp=[0.029,0.980] state=11.1 pmax=4.023 gmax=0 gp_w=2.956 gnorm=1.901 ppl=206.4 lr=2.9e-04 19808t/s [data=51 fwd=1002 bwd=586 ms]
  s 1910 gtok=  70.4M main=5.4961 gate=0.6708 nllmax=20.797 gp=[0.021,0.984] state=10.93 pmax=4.023 gmax=0 gp_w=2.956 gnorm=1.304 ppl=243.7 lr=2.9e-04 19813t/s [data=40 fwd=997 bwd=586 ms]
  s 1920 gtok=  70.8M main=5.4949 gate=0.6695 nllmax=20.024 gp=[0.024,0.980] state=12.49 pmax=4.023 gmax=0 gp_w=2.956 gnorm=1.522 ppl=243.4 lr=2.9e-04 19818t/s [data=66 fwd=1009 bwd=591 ms]
  s 1930 gtok=  71.1M main=5.3359 gate=0.6671 nllmax=21.196 gp=[0.026,0.980] state=11 pmax=4.023 gmax=0 gp_w=2.956 gnorm=1.521 ppl=207.7 lr=2.9e-04 19823t/s [data=6 fwd=991 bwd=665 ms]
  s 1940 gtok=  71.5M main=5.3920 gate=0.6693 nllmax=19.824 gp=[0.035,0.980] state=11.56 pmax=4.023 gmax=0 gp_w=2.956 gnorm=1.482 ppl=219.6 lr=2.9e-04 19828t/s [data=56 fwd=1001 bwd=586 ms]
  s 1950 gtok=  71.9M main=5.3557 gate=0.6657 nllmax=18.507 gp=[0.031,0.977] state=14.2 pmax=4.023 gmax=0 gp_w=2.955 gnorm=2.014 ppl=211.8 lr=2.9e-04 19833t/s [data=59 fwd=991 bwd=667 ms]
  s 1960 gtok=  72.3M main=5.4139 gate=0.669 nllmax=19.005 gp=[0.027,0.977] state=12.15 pmax=4.023 gmax=0 gp_w=2.955 gnorm=1.955 ppl=224.5 lr=2.9e-04 19838t/s [data=59 fwd=1007 bwd=589 ms]
  s 1970 gtok=  72.6M main=5.3247 gate=0.6705 nllmax=19.199 gp=[0.035,0.977] state=11.14 pmax=4.023 gmax=0 gp_w=2.955 gnorm=1.451 ppl=205.3 lr=2.9e-04 19843t/s [data=62 fwd=1000 bwd=585 ms]
  s 1980 gtok=  73.0M main=5.3897 gate=0.6711 nllmax=19.306 gp=[0.020,0.977] state=10.89 pmax=4.023 gmax=0 gp_w=2.955 gnorm=1.784 ppl=219.1 lr=2.9e-04 19847t/s [data=58 fwd=997 bwd=667 ms]
  s 1990 gtok=  73.4M main=5.3676 gate=0.6694 nllmax=18.392 gp=[0.032,0.977] state=11.85 pmax=4.024 gmax=0 gp_w=2.955 gnorm=1.575 ppl=214.3 lr=2.9e-04 19852t/s [data=65 fwd=992 bwd=666 ms]
  s 2000 gtok=  73.7M main=5.2441 gate=0.6698 nllmax=19.677 gp=[0.023,0.977] state=13.01 pmax=4.024 gmax=0 gp_w=2.955 gnorm=1.233 ppl=189.4 lr=2.9e-04 19856t/s [data=54 fwd=995 bwd=588 ms]
DONE step=2000 gtok=73,728,000 elapsed=3713s
DIAG2_EXIT=0
