[2026-08-23 13:10:54] Wall clock start: 2026-08-23 13:10:54
[2026-08-23 13:10:54] ============================================================
[2026-08-23 13:10:54]   V11: PAM with new memory dynamics
[2026-08-23 13:10:54]   Preset: v13_e3_k3_selective | Stage: lm | Dataset: pretrain_mix
[2026-08-23 13:10:54] ============================================================

[2026-08-23 13:10:54] Config: {'vocab_size': 50261, 'dim': 384, 'n_heads': 6, 'head_dim': 64, 'n_layers': 16, 'expand': 3, 'dropout': 0.1, 'max_seq_len': 2048, 'use_learned_pos': False, 'use_rope': True, 'use_gsp': True, 'fused_qkv': True, 'qk_norm': False, 'tie_weights': True, 'gradient_checkpointing': True, 'activation': 'swish', 'chunk_size': 256, 'decay_mode': 'head', 'write_mode': 'delta', 'delta_erase_gate': True, 'n_states': 3, 'delta_chunk': 128, 'state_dt_spread': 2.0, 'base_dt_bias': -4.0, 'gate_content_aware': True, 'protect_gate_bias': -3.0, 'routing_content_aware': False, 'state_compete': False, 'phase_init': 'zero', 'route_balance_lambda': 0.0, 'aux_loss_weight': 1.0, 'fused_e3': True, 'delta_key_norm': True, 'delta_erase_beta_cap': 0.95, 'recompute_pam_chunks': False, 'delta_decay_factored': False, 'delta_decay_factor_min_a': 1e-06, 'gamma_floor': 0.0, 'gate_surprisal_lambda': 0.1, 'gate_surprisal_tau': 1.0, 'gate_surprisal_sign': 1.0, 'vault_state': True, 'vault_state_idx': 0, 'write_phase_address': True}
[2026-08-23 13:10:54] Memory dynamics: decay_mode=head, write_mode=delta, n_states=3, chunk_size=256
[2026-08-23 13:10:54] Batch size: 8, Epochs: 10, LR: 0.0003
[2026-08-23 13:10:54] Token budget: 500,000,000

[2026-08-23 13:10:54] Loading pretrain_mix (seq_len=2048)...
[2026-08-23 13:10:56] Streaming pretrain blend: sources=['dclm', 'fineweb', 'smoltalk2_mid'] weights=[48.0, 48.0, 4.0] edu>=3 budget=500000000 vocab=50261 holdout_pct=5 exclude_holdout=True mix_seed=42 warmup=1,000,000,000 skips={'dclm': 0, 'fineweb': 0, 'smoltalk2_mid': 0}
[2026-08-23 13:10:56] [cache] Pretrain holdout val from .cache/v7_tokens/pretrain_holdout_v1_v50261_t500000_e3_p5.pt (500,000 tokens)
[2026-08-23 13:10:57] [cache] Loaded WikiText-103 validation from .cache/v7_tokens/wikitext103_validation_v2_full_sl2048.pt (248,461 tokens)
[2026-08-23 13:10:57] Val chunks: 121
[2026-08-23 13:10:57] Val: in-distro holdout (31 batches), WikiText secondary (16 batches)
[2026-08-23 13:10:57] Train batches: streaming, Val batches: 31

[2026-08-23 13:10:58] Model parameters: {'embedding (tied)': 38600448, 'blocks': 61724512, 'norms': 768, 'lm_head': 296064, 'total': 100621792}
[2026-08-23 13:10:58] Total: 100,621,792 (100.6M)
[2026-08-23 13:10:58] Param groups: 260 tensors (100,569,856) with wd, 229 tensors (51,936) without
[2026-08-23 13:10:58] fused_ce enabled (chunked linear+CE; logits never materialized)
[2026-08-23 13:10:58] Compiling per-block inside checkpoint (mode=default)...

[2026-08-23 13:11:00] Training on cuda
[2026-08-23 13:11:00] Parameters: {'embedding (tied)': 38600448, 'blocks': 61724512, 'norms': 768, 'lm_head': 296064, 'total': 100621792}
[2026-08-23 13:11:00] Total: 100,621,792 (100.6M)
[2026-08-23 13:11:00] Epochs: 1..9999, Batches/epoch: stream
[2026-08-23 13:11:00] Periodic checkpoint: every 5000 steps -> latest.pt


[2026-08-23 13:11:00] ============================================================
[2026-08-23 13:11:00] Epoch 1/9999
[2026-08-23 13:11:00] ============================================================
