[2026-08-23 02:12:52] Wall clock start: 2026-08-23 02:12:52
[2026-08-23 02:12:52] ============================================================
[2026-08-23 02:12:52]   V11: PAM with new memory dynamics
[2026-08-23 02:12:52]   Preset: v13_e3_k3_selective | Stage: lm | Dataset: pretrain_mix
[2026-08-23 02:12:52] ============================================================

[2026-08-23 02:12:52] Config: {'vocab_size': 50261, 'dim': 384, 'n_heads': 6, 'head_dim': 64, 'n_layers': 16, 'expand': 3, 'dropout': 0.1, 'max_seq_len': 2048, 'use_learned_pos': False, 'use_rope': True, 'use_gsp': True, 'fused_qkv': True, 'qk_norm': False, 'tie_weights': True, 'gradient_checkpointing': True, 'activation': 'swish', 'chunk_size': 256, 'decay_mode': 'head', 'write_mode': 'delta', 'delta_erase_gate': True, 'n_states': 3, 'delta_chunk': 128, 'state_dt_spread': 2.0, 'base_dt_bias': -4.0, 'gate_content_aware': True, 'protect_gate_bias': -3.0, 'routing_content_aware': False, 'state_compete': False, 'phase_init': 'zero', 'route_balance_lambda': 0.0, 'aux_loss_weight': 1.0, 'fused_e3': True, 'delta_key_norm': True, 'delta_erase_beta_cap': 0.95, 'recompute_pam_chunks': False, 'gamma_floor': 0.0, 'gate_surprisal_lambda': 0.1, 'gate_surprisal_tau': 1.0, 'gate_surprisal_sign': 1.0, 'vault_state': True, 'vault_state_idx': 0, 'write_phase_address': True}
[2026-08-23 02:12:52] Memory dynamics: decay_mode=head, write_mode=delta, n_states=3, chunk_size=256
[2026-08-23 02:12:52] Batch size: 18, Epochs: 10, LR: 0.0003
[2026-08-23 02:12:52] Token budget: 20,000,000

[2026-08-23 02:12:52] Loading pretrain_mix (seq_len=2048)...
[2026-08-23 02:12:53] Streaming pretrain blend: sources=['dclm', 'fineweb', 'smoltalk2_mid'] weights=[48.0, 48.0, 4.0] edu>=3 budget=20000000 vocab=50261 holdout_pct=5 exclude_holdout=True mix_seed=42 warmup=1,000,000,000 skips={'dclm': 0, 'fineweb': 0, 'smoltalk2_mid': 0}
[2026-08-23 02:12:53] [cache] Pretrain holdout val from .cache/v7_tokens/pretrain_holdout_v1_v50261_t500000_e3_p5.pt (500,000 tokens)
[2026-08-23 02:12:55] [cache] Loaded WikiText-103 validation from .cache/v7_tokens/wikitext103_validation_v2_full_sl2048.pt (248,461 tokens)
[2026-08-23 02:12:55] Val chunks: 121
[2026-08-23 02:12:55] Val: in-distro holdout (14 batches), WikiText secondary (7 batches)
[2026-08-23 02:12:55] Train batches: streaming, Val batches: 14

[2026-08-23 02:12:56] Model parameters: {'embedding (tied)': 38600448, 'blocks': 61724512, 'norms': 768, 'lm_head': 296064, 'total': 100621792}
[2026-08-23 02:12:56] Total: 100,621,792 (100.6M)
[2026-08-23 02:12:56] Param groups: 260 tensors (100,569,856) with wd, 229 tensors (51,936) without
[2026-08-23 02:12:56] fused_ce enabled (chunked linear+CE; logits never materialized)

[2026-08-23 02:12:56] Training on cuda
[2026-08-23 02:12:56] Parameters: {'embedding (tied)': 38600448, 'blocks': 61724512, 'norms': 768, 'lm_head': 296064, 'total': 100621792}
[2026-08-23 02:12:56] Total: 100,621,792 (100.6M)
[2026-08-23 02:12:56] Epochs: 1..9999, Batches/epoch: stream
[2026-08-23 02:12:56] Periodic checkpoint: every 5000 steps -> latest.pt


[2026-08-23 02:12:56] ============================================================
[2026-08-23 02:12:56] Epoch 1/9999
[2026-08-23 02:12:56] ============================================================
[2026-08-23 02:16:20]   [1] 0 loss=10.9081 ppl=54619.1 lr=6.00e-07 | 181 tok/s (avg 181) ETA n/a | GPU 2.9/15.7GB | gtok=36864
[2026-08-23 02:17:04]   [1] 25 loss=10.7364 ppl=46001.7 lr=1.56e-05 | 20984 tok/s (avg 3874) ETA n/a | GPU 2.9/16.1GB | gtok=958464
[2026-08-23 02:17:48]   [1] 50 loss=10.3605 ppl=31585.7 lr=3.06e-05 | 21038 tok/s (avg 6456) ETA n/a | GPU 2.9/16.1GB | gtok=1880064
[2026-08-23 02:18:31]   [1] 75 loss=10.0376 ppl=22869.7 lr=4.56e-05 | 21029 tok/s (avg 8362) ETA n/a | GPU 2.9/16.1GB | gtok=2801664
[2026-08-23 02:19:15]   [1] 100 loss=9.5030 ppl=13399.6 lr=6.06e-05 | 21088 tok/s (avg 9831) ETA n/a | GPU 2.9/16.1GB | gtok=3723264
[2026-08-23 02:19:59]   [1] 125 loss=8.8799 ppl=7186.1 lr=7.56e-05 | 21046 tok/s (avg 10993) ETA n/a | GPU 2.9/16.1GB | gtok=4644864
[2026-08-23 02:20:43]   [1] 150 loss=7.9623 ppl=2870.7 lr=9.06e-05 | 21033 tok/s (avg 11936) ETA n/a | GPU 2.9/16.1GB | gtok=5566464
[2026-08-23 02:21:27]   [1] 175 loss=7.5348 ppl=1872.0 lr=1.06e-04 | 21002 tok/s (avg 12716) ETA n/a | GPU 2.9/16.1GB | gtok=6488064
[2026-08-23 02:22:10]   [1] 200 loss=7.2118 ppl=1355.3 lr=1.21e-04 | 21028 tok/s (avg 13374) ETA n/a | GPU 2.9/16.1GB | gtok=7409664
[2026-08-23 02:22:54]   [1] 225 loss=7.1352 ppl=1255.4 lr=1.36e-04 | 20951 tok/s (avg 13931) ETA n/a | GPU 2.9/16.1GB | gtok=8331264
[2026-08-23 02:23:39]   [1] 250 loss=6.9911 ppl=1086.9 lr=1.51e-04 | 20896 tok/s (avg 14409) ETA n/a | GPU 2.9/16.1GB | gtok=9252864
[2026-08-23 02:24:23]   [1] 275 loss=6.7630 ppl=865.2 lr=1.66e-04 | 20864 tok/s (avg 14825) ETA n/a | GPU 2.9/16.1GB | gtok=10174464
[2026-08-23 02:25:07]   [1] 300 loss=6.7576 ppl=860.6 lr=1.81e-04 | 20872 tok/s (avg 15190) ETA n/a | GPU 2.9/16.1GB | gtok=11096064
[2026-08-23 02:25:51]   [1] 325 loss=6.7185 ppl=827.6 lr=1.96e-04 | 20852 tok/s (avg 15513) ETA n/a | GPU 2.9/16.1GB | gtok=12017664
[2026-08-23 02:26:35]   [1] 350 loss=6.5076 ppl=670.2 lr=2.11e-04 | 20832 tok/s (avg 15801) ETA n/a | GPU 2.9/16.1GB | gtok=12939264
[2026-08-23 02:27:19]   [1] 375 loss=6.4509 ppl=633.2 lr=2.26e-04 | 20863 tok/s (avg 16060) ETA n/a | GPU 2.9/16.1GB | gtok=13860864
[2026-08-23 02:28:04]   [1] 400 loss=6.5128 ppl=673.7 lr=2.41e-04 | 20819 tok/s (avg 16292) ETA n/a | GPU 2.9/16.1GB | gtok=14782464
[2026-08-23 02:28:48]   [1] 425 loss=6.3504 ppl=572.7 lr=2.56e-04 | 20783 tok/s (avg 16501) ETA n/a | GPU 2.9/16.1GB | gtok=15704064
[2026-08-23 02:29:32]   [1] 450 loss=6.4021 ppl=603.1 lr=2.71e-04 | 20852 tok/s (avg 16694) ETA n/a | GPU 2.9/16.1GB | gtok=16625664
[2026-08-23 02:30:17]   [1] 475 loss=6.5693 ppl=712.9 lr=2.86e-04 | 20799 tok/s (avg 16869) ETA n/a | GPU 2.9/16.1GB | gtok=17547264
[2026-08-23 02:31:01]   [1] 500 loss=6.3332 ppl=562.9 lr=3.00e-04 | 20866 tok/s (avg 17032) ETA n/a | GPU 2.9/16.1GB | gtok=18468864
[2026-08-23 02:31:45]   [1] 525 loss=6.1616 ppl=474.2 lr=2.98e-04 | 20929 tok/s (avg 17184) ETA n/a | GPU 2.9/16.1GB | gtok=19390464
[2026-08-23 02:32:14]   Token budget reached: 20,000,768 / 20,000,000
[2026-08-23 02:32:32] Epoch 1/9999 | Train Loss: 7.5936 PPL: 1985.49 | 17275 tok/s | Time: 1157.8s (20,000,768 tok) | Val Loss: 6.2643 PPL: 525.46 Acc: 0.159 | Wiki PPL: 1948.66 *best*
[2026-08-23 02:32:33] Saved checkpoint: checkpoints_v13/repro_500m/best_model.pt

[2026-08-23 02:32:33] Stopping: token budget 20,000,000 reached.
[2026-08-23 02:32:33] Saved checkpoint: checkpoints_v13/repro_500m/final_model.pt

[2026-08-23 02:32:33] Training complete (token budget)!
[2026-08-23 02:32:33] Total wall time: 1176.7s (0.33h)
[2026-08-23 02:32:33] Best Val Loss: 6.2643, Best Val PPL: 525.46

[2026-08-23 02:32:34] Wall clock end: 2026-08-23 02:32:34
