device=cuda preset=baseline dataset=tinystories
[cache] Loaded TinyStories train from .cache/v7_tokens/tinystories_train_v2_ms20000_sl256_r1.pt (4,465,139 tokens)
[cache] Loaded TinyStories validation from .cache/v7_tokens/tinystories_validation_v2_ms20000_sl256_r1.pt (388,958 tokens)
Train chunks: 17374, Val chunks: 1513
params: 100,359,008 (100.36M)
step 1  loss=10.8846  lr=5.00e-07
step 2  loss=10.8972  lr=1.00e-06
step 3  loss=10.9134  lr=1.50e-06
step 4  loss=10.8867  lr=2.00e-06
step 5  loss=10.8867  lr=2.50e-06
step 6  loss=10.8596  lr=3.00e-06
step 7  loss=10.8921  lr=3.50e-06
step 8  loss=10.8746  lr=4.00e-06
step 9  loss=10.8640  lr=4.50e-06
step 10  loss=10.8508  lr=5.00e-06
step 11  loss=10.8338  lr=5.50e-06
step 12  loss=10.8382  lr=6.00e-06
step 13  loss=10.8418  lr=6.50e-06
step 14  loss=10.7922  lr=7.00e-06
step 15  loss=10.7933  lr=7.50e-06
step 16  loss=10.7797  lr=8.00e-06
step 17  loss=10.7795  lr=8.50e-06
step 18  loss=10.7632  lr=9.00e-06
step 19  loss=10.7600  lr=9.50e-06
step 20  loss=10.7056  lr=1.00e-05
step 21  loss=10.7196  lr=1.05e-05
step 22  loss=10.7062  lr=1.10e-05
step 23  loss=10.6659  lr=1.15e-05
step 24  loss=10.6263  lr=1.20e-05
step 25  loss=10.6079  lr=1.25e-05
step 26  loss=10.6306  lr=1.30e-05
step 27  loss=10.5936  lr=1.35e-05
step 28  loss=10.5661  lr=1.40e-05
step 29  loss=10.4939  lr=1.45e-05
step 30  loss=10.4735  lr=1.50e-05
step 31  loss=10.4974  lr=1.55e-05
step 32  loss=10.4513  lr=1.60e-05
step 33  loss=10.4775  lr=1.65e-05
step 34  loss=10.3611  lr=1.70e-05
step 35  loss=10.4030  lr=1.75e-05
step 36  loss=10.3410  lr=1.80e-05
step 37  loss=10.3084  lr=1.85e-05
step 38  loss=10.3431  lr=1.90e-05
step 39  loss=10.2749  lr=1.95e-05
step 40  loss=10.2212  lr=2.00e-05
step 41  loss=10.1652  lr=2.05e-05
step 42  loss=10.2278  lr=2.10e-05
step 43  loss=10.1664  lr=2.15e-05
step 44  loss=10.1382  lr=2.20e-05
step 45  loss=10.0580  lr=2.25e-05
step 46  loss=10.0212  lr=2.30e-05
step 47  loss=10.0615  lr=2.35e-05
step 48  loss=10.0994  lr=2.40e-05
step 49  loss=10.0994  lr=2.45e-05
step 50  loss=10.0282  lr=2.50e-05
step 51  loss=10.0137  lr=2.55e-05
step 52  loss=9.9485  lr=2.60e-05
step 53  loss=9.9396  lr=2.65e-05
step 54  loss=9.8473  lr=2.70e-05
step 55  loss=9.8738  lr=2.75e-05
step 56  loss=9.8838  lr=2.80e-05
step 57  loss=9.8134  lr=2.85e-05
step 58  loss=9.8354  lr=2.90e-05
step 59  loss=9.7482  lr=2.95e-05
step 60  loss=9.8000  lr=3.00e-05
step 61  loss=9.7812  lr=3.05e-05
step 62  loss=9.5834  lr=3.10e-05
step 63  loss=9.6950  lr=3.15e-05
step 64  loss=9.6155  lr=3.20e-05
step 65  loss=9.5598  lr=3.25e-05
step 66  loss=9.6110  lr=3.30e-05
step 67  loss=9.4274  lr=3.35e-05
step 68  loss=9.5610  lr=3.40e-05
step 69  loss=9.5650  lr=3.45e-05
step 70  loss=9.4190  lr=3.50e-05
step 71  loss=9.5071  lr=3.55e-05
step 72  loss=9.3679  lr=3.60e-05
step 73  loss=9.3625  lr=3.65e-05
step 74  loss=9.2129  lr=3.70e-05
step 75  loss=9.2850  lr=3.75e-05
step 76  loss=9.1432  lr=3.80e-05
step 77  loss=9.1890  lr=3.85e-05
step 78  loss=9.1228  lr=3.90e-05
step 79  loss=9.0585  lr=3.95e-05
step 80  loss=9.1550  lr=4.00e-05
step 81  loss=8.8420  lr=4.05e-05
step 82  loss=8.7836  lr=4.10e-05
step 83  loss=8.8813  lr=4.15e-05
step 84  loss=8.7274  lr=4.20e-05
step 85  loss=8.8764  lr=4.25e-05
step 86  loss=8.8560  lr=4.30e-05
step 87  loss=8.6460  lr=4.35e-05
step 88  loss=8.5685  lr=4.40e-05
step 89  loss=8.6008  lr=4.45e-05
step 90  loss=8.5960  lr=4.50e-05
step 91  loss=8.5293  lr=4.55e-05
step 92  loss=8.4048  lr=4.60e-05
step 93  loss=8.4752  lr=4.65e-05
step 94  loss=8.3656  lr=4.70e-05
step 95  loss=8.2308  lr=4.75e-05
step 96  loss=8.2061  lr=4.80e-05
step 97  loss=8.1102  lr=4.85e-05
step 98  loss=8.1831  lr=4.90e-05
step 99  loss=8.2270  lr=4.95e-05
step 100  loss=8.0078  lr=5.00e-05
step 101  loss=7.9192  lr=5.00e-05
step 102  loss=8.1121  lr=5.00e-05
step 103  loss=8.0480  lr=5.00e-05
step 104  loss=8.2118  lr=5.00e-05
step 105  loss=7.6932  lr=5.00e-05
step 106  loss=7.7641  lr=5.00e-05
step 107  loss=7.8889  lr=5.00e-05
step 108  loss=7.5572  lr=5.00e-05
step 109  loss=7.7568  lr=5.00e-05
step 110  loss=7.7253  lr=5.00e-05
step 111  loss=7.4926  lr=5.00e-05
step 112  loss=7.6455  lr=5.00e-05
step 113  loss=7.4934  lr=5.00e-05
step 114  loss=7.4825  lr=5.00e-05
step 115  loss=7.3221  lr=5.00e-05
step 116  loss=7.3171  lr=5.00e-05
step 117  loss=7.4367  lr=5.00e-05
step 118  loss=7.4552  lr=5.00e-05
step 119  loss=7.6144  lr=5.00e-05
step 120  loss=7.2109  lr=5.00e-05
step 121  loss=7.3735  lr=5.00e-05
step 122  loss=7.0509  lr=5.00e-05
step 123  loss=7.0615  lr=5.00e-05
step 124  loss=7.1708  lr=5.00e-05
step 125  loss=7.1400  lr=5.00e-05
step 126  loss=7.1207  lr=5.00e-05
step 127  loss=7.1016  lr=5.00e-05
step 128  loss=7.1163  lr=5.00e-05
step 129  loss=6.8654  lr=5.00e-05
step 130  loss=7.0033  lr=5.00e-05
step 131  loss=7.0742  lr=5.00e-05
step 132  loss=6.9924  lr=5.00e-05
step 133  loss=6.7561  lr=5.00e-05
step 134  loss=6.6896  lr=5.00e-05
step 135  loss=6.6780  lr=5.00e-05
step 136  loss=6.7793  lr=5.00e-05
step 137  loss=6.8285  lr=5.00e-05
step 138  loss=6.5126  lr=5.00e-05
step 139  loss=6.6698  lr=5.00e-05
step 140  loss=6.4682  lr=5.00e-05
step 141  loss=6.5722  lr=5.00e-05
step 142  loss=6.6172  lr=5.00e-05
step 143  loss=6.3535  lr=5.00e-05
step 144  loss=6.6117  lr=5.00e-05
step 145  loss=6.5171  lr=5.00e-05
step 146  loss=6.5474  lr=5.00e-05
step 147  loss=6.3722  lr=5.00e-05
step 148  loss=6.5337  lr=5.00e-05
step 149  loss=6.3286  lr=5.00e-05
step 150  loss=6.2290  lr=5.00e-05
step 151  loss=6.2460  lr=5.00e-05
step 152  loss=6.1104  lr=5.00e-05
step 153  loss=6.1779  lr=5.00e-05
step 154  loss=6.0331  lr=5.00e-05
step 155  loss=6.2560  lr=5.00e-05
step 156  loss=6.2155  lr=5.00e-05
step 157  loss=6.1514  lr=5.00e-05
step 158  loss=5.9937  lr=5.00e-05
step 159  loss=5.9253  lr=5.00e-05
step 160  loss=6.0787  lr=5.00e-05
step 161  loss=5.9468  lr=5.00e-05
step 162  loss=6.1879  lr=5.00e-05
step 163  loss=6.0044  lr=5.00e-05
step 164  loss=5.8785  lr=5.00e-05
step 165  loss=5.8492  lr=5.00e-05
step 166  loss=5.8337  lr=5.00e-05
step 167  loss=5.7469  lr=5.00e-05
step 168  loss=5.7558  lr=5.00e-05
step 169  loss=5.8969  lr=5.00e-05
step 170  loss=5.6468  lr=5.00e-05
step 171  loss=5.7900  lr=5.00e-05
step 172  loss=5.7405  lr=5.00e-05
step 173  loss=5.6734  lr=5.00e-05
step 174  loss=5.6217  lr=5.00e-05
step 175  loss=5.7809  lr=5.00e-05
step 176  loss=5.4927  lr=5.00e-05
step 177  loss=5.8107  lr=5.00e-05
step 178  loss=5.7342  lr=5.00e-05
step 179  loss=5.6268  lr=5.00e-05
step 180  loss=5.5647  lr=5.00e-05
step 181  loss=5.6883  lr=5.00e-05
step 182  loss=5.7202  lr=5.00e-05
step 183  loss=5.5201  lr=5.00e-05
step 184  loss=5.4631  lr=5.00e-05
step 185  loss=5.4204  lr=5.00e-05
step 186  loss=5.6794  lr=5.00e-05
step 187  loss=5.3608  lr=5.00e-05
step 188  loss=5.6942  lr=5.00e-05
step 189  loss=5.4606  lr=5.00e-05
step 190  loss=5.5422  lr=5.00e-05
step 191  loss=5.5464  lr=5.00e-05
step 192  loss=5.4703  lr=5.00e-05
step 193  loss=5.2693  lr=5.00e-05
step 194  loss=5.0165  lr=5.00e-05
step 195  loss=5.2213  lr=5.00e-05
step 196  loss=5.2726  lr=5.00e-05
step 197  loss=5.4953  lr=5.00e-05
step 198  loss=5.3586  lr=5.00e-05
step 199  loss=5.4398  lr=5.00e-05
step 200  loss=5.3777  lr=5.00e-05
step 201  loss=5.2718  lr=5.00e-05
step 202  loss=5.1243  lr=5.00e-05
step 203  loss=5.1771  lr=5.00e-05
step 204  loss=5.2599  lr=5.00e-05
step 205  loss=5.1493  lr=5.00e-05
step 206  loss=5.2999  lr=5.00e-05
step 207  loss=5.2141  lr=5.00e-05
step 208  loss=5.2332  lr=5.00e-05
step 209  loss=5.4122  lr=5.00e-05
step 210  loss=5.2557  lr=5.00e-05
step 211  loss=4.9755  lr=5.00e-05
step 212  loss=5.2810  lr=5.00e-05
step 213  loss=5.1486  lr=5.00e-05
step 214  loss=5.0046  lr=5.00e-05
step 215  loss=5.1114  lr=5.00e-05
step 216  loss=5.2184  lr=5.00e-05
step 217  loss=5.0281  lr=5.00e-05
step 218  loss=5.2370  lr=5.00e-05
step 219  loss=5.0093  lr=5.00e-05
step 220  loss=5.0878  lr=5.00e-05
step 221  loss=5.1983  lr=5.00e-05
step 222  loss=5.3038  lr=5.00e-05
step 223  loss=4.8883  lr=5.00e-05
step 224  loss=5.0102  lr=5.00e-05
step 225  loss=4.9900  lr=5.00e-05
step 226  loss=5.0695  lr=5.00e-05
step 227  loss=4.9968  lr=5.00e-05
step 228  loss=4.9238  lr=5.00e-05
step 229  loss=4.9663  lr=5.00e-05
step 230  loss=5.1349  lr=5.00e-05
step 231  loss=5.0130  lr=5.00e-05
step 232  loss=4.8836  lr=5.00e-05
step 233  loss=4.8223  lr=5.00e-05
step 234  loss=4.7026  lr=5.00e-05
step 235  loss=4.8755  lr=5.00e-05
step 236  loss=5.0122  lr=5.00e-05
step 237  loss=4.8871  lr=5.00e-05
step 238  loss=4.9494  lr=5.00e-05
step 239  loss=4.9355  lr=5.00e-05
step 240  loss=4.9412  lr=5.00e-05
step 241  loss=5.0314  lr=5.00e-05
step 242  loss=4.8273  lr=5.00e-05
step 243  loss=4.9429  lr=5.00e-05
step 244  loss=5.0265  lr=5.00e-05
step 245  loss=4.8422  lr=5.00e-05
step 246  loss=4.8875  lr=5.00e-05
step 247  loss=4.7997  lr=5.00e-05
step 248  loss=4.8484  lr=5.00e-05
step 249  loss=4.8574  lr=5.00e-05
step 250  loss=4.9037  lr=5.00e-05
step 251  loss=4.7139  lr=5.00e-05
step 252  loss=4.9967  lr=5.00e-05
step 253  loss=4.7101  lr=5.00e-05
step 254  loss=4.9163  lr=5.00e-05
step 255  loss=4.7652  lr=5.00e-05
step 256  loss=4.7956  lr=5.00e-05
step 257  loss=4.6858  lr=5.00e-05
step 258  loss=4.7627  lr=5.00e-05
step 259  loss=4.7960  lr=5.00e-05
step 260  loss=4.6694  lr=4.99e-05
step 261  loss=5.0084  lr=4.99e-05
step 262  loss=4.7351  lr=4.99e-05
step 263  loss=4.8408  lr=4.99e-05
step 264  loss=4.8628  lr=4.99e-05
step 265  loss=4.5427  lr=4.99e-05
step 266  loss=4.8024  lr=4.99e-05
step 267  loss=4.7424  lr=4.99e-05
step 268  loss=4.8965  lr=4.99e-05
step 269  loss=4.8129  lr=4.99e-05
step 270  loss=4.6266  lr=4.99e-05
step 271  loss=4.9495  lr=4.99e-05
step 272  loss=4.7517  lr=4.99e-05
step 273  loss=4.6695  lr=4.99e-05
step 274  loss=4.5799  lr=4.99e-05
step 275  loss=4.4860  lr=4.99e-05
step 276  loss=4.7545  lr=4.99e-05
step 277  loss=4.7774  lr=4.99e-05
step 278  loss=4.7984  lr=4.99e-05
step 279  loss=4.7356  lr=4.99e-05
step 280  loss=4.7922  lr=4.99e-05
step 281  loss=4.7235  lr=4.99e-05
step 282  loss=4.6477  lr=4.99e-05
step 283  loss=4.5346  lr=4.99e-05
step 284  loss=4.4985  lr=4.99e-05
step 285  loss=4.7823  lr=4.99e-05
step 286  loss=4.6595  lr=4.99e-05
step 287  loss=4.7020  lr=4.99e-05
step 288  loss=4.6559  lr=4.99e-05
step 289  loss=4.7329  lr=4.99e-05
step 290  loss=4.5665  lr=4.99e-05
step 291  loss=4.5933  lr=4.99e-05
step 292  loss=4.5107  lr=4.99e-05
step 293  loss=4.6990  lr=4.99e-05
step 294  loss=4.6586  lr=4.99e-05
step 295  loss=4.6649  lr=4.99e-05
step 296  loss=4.6584  lr=4.99e-05
step 297  loss=4.6343  lr=4.99e-05
step 298  loss=4.6622  lr=4.99e-05
step 299  loss=4.7551  lr=4.99e-05
step 300  loss=4.6682  lr=4.99e-05
step 301  loss=4.5508  lr=4.99e-05
step 302  loss=4.6103  lr=4.99e-05
step 303  loss=4.3408  lr=4.99e-05
step 304  loss=4.6211  lr=4.99e-05
step 305  loss=4.6659  lr=4.99e-05
step 306  loss=4.4681  lr=4.99e-05
step 307  loss=4.3276  lr=4.99e-05
step 308  loss=4.6164  lr=4.99e-05
step 309  loss=4.3874  lr=4.99e-05
step 310  loss=4.7402  lr=4.99e-05
step 311  loss=4.5153  lr=4.99e-05
step 312  loss=4.5307  lr=4.99e-05
step 313  loss=4.5425  lr=4.99e-05
step 314  loss=4.5475  lr=4.99e-05
step 315  loss=4.4133  lr=4.99e-05
step 316  loss=4.4227  lr=4.99e-05
step 317  loss=4.5718  lr=4.99e-05
step 318  loss=4.4553  lr=4.99e-05
step 319  loss=4.5709  lr=4.99e-05
step 320  loss=4.5383  lr=4.99e-05
step 321  loss=4.4704  lr=4.99e-05
step 322  loss=4.7643  lr=4.99e-05
step 323  loss=4.2928  lr=4.99e-05
step 324  loss=4.5608  lr=4.99e-05
step 325  loss=4.6692  lr=4.99e-05
step 326  loss=4.5483  lr=4.99e-05
step 327  loss=4.4792  lr=4.99e-05
step 328  loss=4.4063  lr=4.99e-05
step 329  loss=4.3495  lr=4.99e-05
step 330  loss=4.3415  lr=4.99e-05
step 331  loss=4.4966  lr=4.99e-05
step 332  loss=4.6080  lr=4.99e-05
step 333  loss=4.4160  lr=4.99e-05
step 334  loss=4.5986  lr=4.99e-05
step 335  loss=4.7398  lr=4.99e-05
step 336  loss=4.5502  lr=4.99e-05
step 337  loss=4.5385  lr=4.99e-05
step 338  loss=4.3180  lr=4.99e-05
step 339  loss=4.5231  lr=4.99e-05
step 340  loss=4.5199  lr=4.99e-05
step 341  loss=4.5318  lr=4.99e-05
step 342  loss=4.4740  lr=4.99e-05
step 343  loss=4.5661  lr=4.99e-05
step 344  loss=4.4552  lr=4.99e-05
step 345  loss=4.5221  lr=4.99e-05
step 346  loss=4.2197  lr=4.99e-05
step 347  loss=4.3310  lr=4.99e-05
step 348  loss=4.5327  lr=4.99e-05
step 349  loss=4.3570  lr=4.99e-05
step 350  loss=4.4569  lr=4.99e-05
step 351  loss=4.4858  lr=4.99e-05
step 352  loss=4.2569  lr=4.99e-05
step 353  loss=4.2535  lr=4.99e-05
step 354  loss=4.3997  lr=4.99e-05
step 355  loss=4.4462  lr=4.99e-05
step 356  loss=4.3064  lr=4.99e-05
step 357  loss=4.4151  lr=4.99e-05
step 358  loss=4.3777  lr=4.99e-05
step 359  loss=4.4798  lr=4.99e-05
step 360  loss=4.4531  lr=4.99e-05
step 361  loss=4.4875  lr=4.99e-05
step 362  loss=4.1871  lr=4.99e-05
step 363  loss=4.2848  lr=4.99e-05
step 364  loss=4.1856  lr=4.99e-05
step 365  loss=4.3753  lr=4.99e-05
step 366  loss=4.3403  lr=4.99e-05
step 367  loss=4.4112  lr=4.99e-05
step 368  loss=4.3909  lr=4.99e-05
step 369  loss=4.4715  lr=4.99e-05
step 370  loss=4.3118  lr=4.99e-05
step 371  loss=4.4501  lr=4.99e-05
step 372  loss=4.1634  lr=4.99e-05
step 373  loss=4.6248  lr=4.99e-05
step 374  loss=4.3449  lr=4.99e-05
step 375  loss=4.4741  lr=4.99e-05
step 376  loss=4.3227  lr=4.98e-05
step 377  loss=4.2983  lr=4.98e-05
step 378  loss=4.5786  lr=4.98e-05
step 379  loss=4.4496  lr=4.98e-05
step 380  loss=4.2796  lr=4.98e-05
step 381  loss=4.4182  lr=4.98e-05
step 382  loss=4.1566  lr=4.98e-05
step 383  loss=4.2909  lr=4.98e-05
step 384  loss=4.1693  lr=4.98e-05
step 385  loss=4.4201  lr=4.98e-05
step 386  loss=4.1474  lr=4.98e-05
step 387  loss=4.5111  lr=4.98e-05
step 388  loss=4.2769  lr=4.98e-05
step 389  loss=4.2662  lr=4.98e-05
step 390  loss=4.2262  lr=4.98e-05
step 391  loss=4.2003  lr=4.98e-05
step 392  loss=4.1030  lr=4.98e-05
step 393  loss=4.2939  lr=4.98e-05
step 394  loss=4.3406  lr=4.98e-05
step 395  loss=4.4177  lr=4.98e-05
step 396  loss=4.3483  lr=4.98e-05
step 397  loss=4.2963  lr=4.98e-05
step 398  loss=4.1775  lr=4.98e-05
step 399  loss=4.2357  lr=4.98e-05
step 400  loss=4.3376  lr=4.98e-05
step 401  loss=4.3249  lr=4.98e-05
step 402  loss=4.4475  lr=4.98e-05
step 403  loss=4.1068  lr=4.98e-05
step 404  loss=4.2265  lr=4.98e-05
step 405  loss=4.2484  lr=4.98e-05
step 406  loss=4.2226  lr=4.98e-05
step 407  loss=4.2814  lr=4.98e-05
step 408  loss=4.3036  lr=4.98e-05
step 409  loss=4.2222  lr=4.98e-05
step 410  loss=4.2977  lr=4.98e-05
step 411  loss=4.2597  lr=4.98e-05
step 412  loss=4.1044  lr=4.98e-05
step 413  loss=4.2635  lr=4.98e-05
step 414  loss=4.2527  lr=4.98e-05
step 415  loss=4.1232  lr=4.98e-05
step 416  loss=4.2689  lr=4.98e-05
step 417  loss=4.3719  lr=4.98e-05
step 418  loss=4.3799  lr=4.98e-05
step 419  loss=4.0849  lr=4.98e-05
step 420  loss=4.3657  lr=4.98e-05
step 421  loss=4.1804  lr=4.98e-05
step 422  loss=4.1708  lr=4.98e-05
step 423  loss=4.2057  lr=4.98e-05
step 424  loss=4.2491  lr=4.98e-05
step 425  loss=4.1760  lr=4.98e-05
step 426  loss=4.0748  lr=4.98e-05
step 427  loss=4.1579  lr=4.98e-05
step 428  loss=4.2327  lr=4.98e-05
step 429  loss=4.2924  lr=4.98e-05
step 430  loss=4.2557  lr=4.98e-05
step 431  loss=4.6097  lr=4.98e-05
step 432  loss=4.3647  lr=4.98e-05
step 433  loss=4.1581  lr=4.98e-05
step 434  loss=4.1252  lr=4.98e-05
step 435  loss=4.3962  lr=4.98e-05
step 436  loss=4.0757  lr=4.98e-05
step 437  loss=4.3022  lr=4.98e-05
step 438  loss=4.3157  lr=4.98e-05
step 439  loss=4.0613  lr=4.98e-05
step 440  loss=4.2888  lr=4.98e-05
step 441  loss=4.0414  lr=4.98e-05
step 442  loss=4.3614  lr=4.98e-05
step 443  loss=4.1661  lr=4.98e-05
step 444  loss=4.1745  lr=4.98e-05
step 445  loss=4.0861  lr=4.98e-05
step 446  loss=4.3426  lr=4.98e-05
step 447  loss=4.0712  lr=4.98e-05
step 448  loss=4.3083  lr=4.98e-05
step 449  loss=4.1363  lr=4.98e-05
step 450  loss=4.1863  lr=4.98e-05
step 451  loss=4.3387  lr=4.98e-05
step 452  loss=4.2220  lr=4.98e-05
step 453  loss=4.2822  lr=4.98e-05
step 454  loss=4.1453  lr=4.98e-05
step 455  loss=3.9768  lr=4.98e-05
step 456  loss=4.1405  lr=4.97e-05
step 457  loss=4.4992  lr=4.97e-05
step 458  loss=4.1020  lr=4.97e-05
step 459  loss=4.1272  lr=4.97e-05
step 460  loss=4.2869  lr=4.97e-05
step 461  loss=4.3960  lr=4.97e-05
step 462  loss=4.1162  lr=4.97e-05
step 463  loss=4.0704  lr=4.97e-05
step 464  loss=4.3362  lr=4.97e-05
step 465  loss=4.0249  lr=4.97e-05
step 466  loss=4.0906  lr=4.97e-05
step 467  loss=4.2546  lr=4.97e-05
step 468  loss=4.4070  lr=4.97e-05
step 469  loss=4.1016  lr=4.97e-05
step 470  loss=4.1302  lr=4.97e-05
step 471  loss=4.2147  lr=4.97e-05
step 472  loss=4.2607  lr=4.97e-05
step 473  loss=4.2489  lr=4.97e-05
step 474  loss=4.2192  lr=4.97e-05
step 475  loss=4.1777  lr=4.97e-05
step 476  loss=4.2319  lr=4.97e-05
step 477  loss=4.1457  lr=4.97e-05
step 478  loss=4.1968  lr=4.97e-05
step 479  loss=4.1420  lr=4.97e-05
step 480  loss=4.1408  lr=4.97e-05
step 481  loss=4.1126  lr=4.97e-05
step 482  loss=4.2487  lr=4.97e-05
step 483  loss=4.0114  lr=4.97e-05
step 484  loss=4.3170  lr=4.97e-05
step 485  loss=4.2263  lr=4.97e-05
step 486  loss=4.2990  lr=4.97e-05
step 487  loss=4.1390  lr=4.97e-05
step 488  loss=4.1526  lr=4.97e-05
step 489  loss=4.2870  lr=4.97e-05
step 490  loss=4.2248  lr=4.97e-05
step 491  loss=4.1629  lr=4.97e-05
step 492  loss=4.0089  lr=4.97e-05
step 493  loss=4.2004  lr=4.97e-05
step 494  loss=4.2135  lr=4.97e-05
step 495  loss=4.0427  lr=4.97e-05
step 496  loss=4.2130  lr=4.97e-05
step 497  loss=4.0295  lr=4.97e-05
step 498  loss=4.0647  lr=4.97e-05
step 499  loss=4.0802  lr=4.97e-05
step 500  loss=4.1241  lr=4.97e-05
step 501  loss=4.2529  lr=4.97e-05
step 502  loss=4.1002  lr=4.97e-05
step 503  loss=4.1529  lr=4.97e-05
step 504  loss=4.1775  lr=4.97e-05
step 505  loss=4.1124  lr=4.97e-05
step 506  loss=4.1863  lr=4.97e-05
step 507  loss=4.3643  lr=4.97e-05
step 508  loss=4.0206  lr=4.97e-05
step 509  loss=4.1617  lr=4.97e-05
step 510  loss=4.3383  lr=4.97e-05
step 511  loss=4.0454  lr=4.97e-05
step 512  loss=3.9771  lr=4.97e-05
step 513  loss=3.9002  lr=4.97e-05
step 514  loss=3.8405  lr=4.97e-05
step 515  loss=4.0853  lr=4.97e-05
step 516  loss=4.4671  lr=4.97e-05
step 517  loss=3.9667  lr=4.97e-05
step 518  loss=4.1444  lr=4.97e-05
step 519  loss=4.1267  lr=4.97e-05
step 520  loss=4.0971  lr=4.97e-05
step 521  loss=4.0050  lr=4.97e-05
step 522  loss=3.9747  lr=4.96e-05
step 523  loss=3.9458  lr=4.96e-05
step 524  loss=3.8871  lr=4.96e-05
step 525  loss=4.0627  lr=4.96e-05
step 526  loss=4.1421  lr=4.96e-05
step 527  loss=4.0562  lr=4.96e-05
step 528  loss=3.8635  lr=4.96e-05
step 529  loss=4.0215  lr=4.96e-05
step 530  loss=4.1117  lr=4.96e-05
step 531  loss=3.9196  lr=4.96e-05
step 532  loss=3.9193  lr=4.96e-05
step 533  loss=4.2159  lr=4.96e-05
step 534  loss=3.7379  lr=4.96e-05
step 535  loss=4.0447  lr=4.96e-05
step 536  loss=3.8463  lr=4.96e-05
step 537  loss=4.2131  lr=4.96e-05
step 538  loss=4.2483  lr=4.96e-05
step 539  loss=4.0163  lr=4.96e-05
step 540  loss=4.0213  lr=4.96e-05
step 541  loss=4.0130  lr=4.96e-05
step 542  loss=3.9301  lr=4.96e-05
step 543  loss=4.3476  lr=4.96e-05
step 544  loss=4.0851  lr=4.96e-05
step 545  loss=4.0532  lr=4.96e-05
step 546  loss=4.1016  lr=4.96e-05
step 547  loss=3.7014  lr=4.96e-05
step 548  loss=4.0748  lr=4.96e-05
step 549  loss=4.1804  lr=4.96e-05
step 550  loss=3.9564  lr=4.96e-05
step 551  loss=3.8022  lr=4.96e-05
step 552  loss=3.8766  lr=4.96e-05
step 553  loss=4.1716  lr=4.96e-05
step 554  loss=3.7508  lr=4.96e-05
step 555  loss=4.0388  lr=4.96e-05
step 556  loss=4.2346  lr=4.96e-05
step 557  loss=3.8720  lr=4.96e-05
step 558  loss=4.1047  lr=4.96e-05
step 559  loss=4.2664  lr=4.96e-05
step 560  loss=4.1025  lr=4.96e-05
step 561  loss=3.8527  lr=4.96e-05
step 562  loss=4.1417  lr=4.96e-05
step 563  loss=4.1960  lr=4.96e-05
step 564  loss=3.7772  lr=4.96e-05
step 565  loss=4.2481  lr=4.96e-05
step 566  loss=3.7592  lr=4.96e-05
step 567  loss=4.0003  lr=4.96e-05
step 568  loss=4.1809  lr=4.96e-05
step 569  loss=3.9144  lr=4.96e-05
step 570  loss=4.0360  lr=4.96e-05
step 571  loss=3.9284  lr=4.96e-05
step 572  loss=3.7832  lr=4.96e-05
step 573  loss=3.9045  lr=4.96e-05
step 574  loss=3.9226  lr=4.96e-05
step 575  loss=4.1758  lr=4.96e-05
step 576  loss=3.7841  lr=4.96e-05
step 577  loss=3.8166  lr=4.96e-05
step 578  loss=4.2592  lr=4.95e-05
step 579  loss=3.9700  lr=4.95e-05
step 580  loss=3.9531  lr=4.95e-05
step 581  loss=4.2597  lr=4.95e-05
step 582  loss=4.1829  lr=4.95e-05
step 583  loss=3.8449  lr=4.95e-05
step 584  loss=3.9015  lr=4.95e-05
step 585  loss=3.9363  lr=4.95e-05
step 586  loss=4.2604  lr=4.95e-05
step 587  loss=3.9586  lr=4.95e-05
step 588  loss=4.0603  lr=4.95e-05
step 589  loss=3.9822  lr=4.95e-05
step 590  loss=4.1109  lr=4.95e-05
step 591  loss=4.0662  lr=4.95e-05
step 592  loss=3.9789  lr=4.95e-05
step 593  loss=4.0157  lr=4.95e-05
step 594  loss=3.8817  lr=4.95e-05
step 595  loss=4.1005  lr=4.95e-05
step 596  loss=3.8337  lr=4.95e-05
step 597  loss=3.9367  lr=4.95e-05
step 598  loss=4.1054  lr=4.95e-05
step 599  loss=3.9261  lr=4.95e-05
step 600  loss=4.1346  lr=4.95e-05
step 601  loss=4.0440  lr=4.95e-05
step 602  loss=3.8649  lr=4.95e-05
step 603  loss=3.9752  lr=4.95e-05
step 604  loss=4.0245  lr=4.95e-05
step 605  loss=3.9537  lr=4.95e-05
step 606  loss=3.8268  lr=4.95e-05
step 607  loss=4.1484  lr=4.95e-05
step 608  loss=4.1034  lr=4.95e-05
step 609  loss=3.8963  lr=4.95e-05
step 610  loss=3.8283  lr=4.95e-05
step 611  loss=3.9193  lr=4.95e-05
step 612  loss=4.0269  lr=4.95e-05
step 613  loss=3.9098  lr=4.95e-05
step 614  loss=3.7188  lr=4.95e-05
step 615  loss=4.0224  lr=4.95e-05
step 616  loss=3.9276  lr=4.95e-05
step 617  loss=4.0588  lr=4.95e-05
step 618  loss=4.0458  lr=4.95e-05
step 619  loss=3.9077  lr=4.95e-05
step 620  loss=4.2215  lr=4.95e-05
step 621  loss=3.8819  lr=4.95e-05
step 622  loss=3.9581  lr=4.95e-05
step 623  loss=3.9524  lr=4.95e-05
step 624  loss=4.0628  lr=4.95e-05
step 625  loss=3.7134  lr=4.95e-05
step 626  loss=4.0277  lr=4.95e-05
step 627  loss=3.8864  lr=4.95e-05
step 628  loss=3.9912  lr=4.95e-05
step 629  loss=3.7172  lr=4.94e-05
step 630  loss=3.8281  lr=4.94e-05
step 631  loss=4.0675  lr=4.94e-05
step 632  loss=4.1962  lr=4.94e-05
step 633  loss=3.9462  lr=4.94e-05
step 634  loss=4.0330  lr=4.94e-05
step 635  loss=4.0849  lr=4.94e-05
step 636  loss=3.9146  lr=4.94e-05
step 637  loss=4.1110  lr=4.94e-05
step 638  loss=3.9423  lr=4.94e-05
step 639  loss=4.0540  lr=4.94e-05
step 640  loss=4.0172  lr=4.94e-05
step 641  loss=3.7909  lr=4.94e-05
step 642  loss=3.9750  lr=4.94e-05
step 643  loss=3.9349  lr=4.94e-05
step 644  loss=3.8410  lr=4.94e-05
step 645  loss=3.9360  lr=4.94e-05
step 646  loss=3.8259  lr=4.94e-05
step 647  loss=3.9736  lr=4.94e-05
step 648  loss=3.8154  lr=4.94e-05
step 649  loss=4.1042  lr=4.94e-05
step 650  loss=3.6929  lr=4.94e-05
step 651  loss=3.8777  lr=4.94e-05
step 652  loss=3.6940  lr=4.94e-05
step 653  loss=3.8622  lr=4.94e-05
step 654  loss=3.8764  lr=4.94e-05
step 655  loss=4.0770  lr=4.94e-05
step 656  loss=4.0371  lr=4.94e-05
step 657  loss=3.7309  lr=4.94e-05
step 658  loss=4.0996  lr=4.94e-05
step 659  loss=4.0666  lr=4.94e-05
step 660  loss=3.8244  lr=4.94e-05
step 661  loss=3.7606  lr=4.94e-05
step 662  loss=3.7839  lr=4.94e-05
step 663  loss=3.8394  lr=4.94e-05
step 664  loss=3.8437  lr=4.94e-05
step 665  loss=3.9130  lr=4.94e-05
step 666  loss=4.0115  lr=4.94e-05
step 667  loss=4.0465  lr=4.94e-05
step 668  loss=4.0005  lr=4.94e-05
step 669  loss=3.9445  lr=4.94e-05
step 670  loss=3.8206  lr=4.94e-05
step 671  loss=3.6292  lr=4.94e-05
step 672  loss=4.0338  lr=4.94e-05
step 673  loss=3.7388  lr=4.94e-05
step 674  loss=3.9564  lr=4.94e-05
step 675  loss=3.8500  lr=4.93e-05
step 676  loss=3.9895  lr=4.93e-05
step 677  loss=4.0515  lr=4.93e-05
step 678  loss=3.9946  lr=4.93e-05
step 679  loss=3.6937  lr=4.93e-05
step 680  loss=3.7456  lr=4.93e-05
step 681  loss=4.0766  lr=4.93e-05
step 682  loss=3.8397  lr=4.93e-05
step 683  loss=3.8690  lr=4.93e-05
step 684  loss=4.0812  lr=4.93e-05
step 685  loss=3.8542  lr=4.93e-05
step 686  loss=3.9647  lr=4.93e-05
step 687  loss=3.6713  lr=4.93e-05
step 688  loss=3.8883  lr=4.93e-05
step 689  loss=3.6922  lr=4.93e-05
step 690  loss=3.8671  lr=4.93e-05
step 691  loss=3.7665  lr=4.93e-05
step 692  loss=3.8511  lr=4.93e-05
step 693  loss=3.8201  lr=4.93e-05
step 694  loss=3.8764  lr=4.93e-05
step 695  loss=3.9358  lr=4.93e-05
step 696  loss=4.0559  lr=4.93e-05
step 697  loss=3.9912  lr=4.93e-05
step 698  loss=4.0404  lr=4.93e-05
step 699  loss=3.6610  lr=4.93e-05
step 700  loss=3.8451  lr=4.93e-05
step 701  loss=3.9663  lr=4.93e-05
step 702  loss=4.0448  lr=4.93e-05
step 703  loss=4.1961  lr=4.93e-05
step 704  loss=3.7849  lr=4.93e-05
step 705  loss=3.9946  lr=4.93e-05
step 706  loss=4.1337  lr=4.93e-05
step 707  loss=3.8778  lr=4.93e-05
step 708  loss=3.8109  lr=4.93e-05
step 709  loss=3.9365  lr=4.93e-05
step 710  loss=3.8156  lr=4.93e-05
step 711  loss=3.7301  lr=4.93e-05
step 712  loss=3.7867  lr=4.93e-05
step 713  loss=3.9757  lr=4.93e-05
step 714  loss=3.9319  lr=4.93e-05
step 715  loss=3.8413  lr=4.93e-05
step 716  loss=3.8622  lr=4.93e-05
step 717  loss=3.8755  lr=4.93e-05
step 718  loss=4.0117  lr=4.92e-05
step 719  loss=3.6159  lr=4.92e-05
step 720  loss=3.8924  lr=4.92e-05
step 721  loss=3.6962  lr=4.92e-05
step 722  loss=3.7718  lr=4.92e-05
step 723  loss=3.8329  lr=4.92e-05
step 724  loss=4.0073  lr=4.92e-05
step 725  loss=3.7930  lr=4.92e-05
step 726  loss=3.8849  lr=4.92e-05
step 727  loss=3.8017  lr=4.92e-05
step 728  loss=3.9579  lr=4.92e-05
step 729  loss=3.7742  lr=4.92e-05
step 730  loss=3.8241  lr=4.92e-05
step 731  loss=3.9060  lr=4.92e-05
step 732  loss=3.8015  lr=4.92e-05
step 733  loss=3.7210  lr=4.92e-05
step 734  loss=3.8353  lr=4.92e-05
step 735  loss=3.7846  lr=4.92e-05
step 736  loss=3.8985  lr=4.92e-05
step 737  loss=3.8734  lr=4.92e-05
step 738  loss=3.8542  lr=4.92e-05
step 739  loss=3.9452  lr=4.92e-05
step 740  loss=3.7234  lr=4.92e-05
step 741  loss=3.7571  lr=4.92e-05
step 742  loss=3.6572  lr=4.92e-05
step 743  loss=3.7801  lr=4.92e-05
step 744  loss=3.7591  lr=4.92e-05
step 745  loss=3.9042  lr=4.92e-05
step 746  loss=3.7626  lr=4.92e-05
step 747  loss=3.6098  lr=4.92e-05
step 748  loss=3.8290  lr=4.92e-05
step 749  loss=3.6205  lr=4.92e-05
step 750  loss=3.9878  lr=4.92e-05
step 751  loss=3.8670  lr=4.92e-05
step 752  loss=3.5983  lr=4.92e-05
step 753  loss=3.9659  lr=4.92e-05
step 754  loss=3.6761  lr=4.92e-05
step 755  loss=3.7932  lr=4.92e-05
step 756  loss=3.6157  lr=4.92e-05
step 757  loss=3.7847  lr=4.92e-05
step 758  loss=4.0079  lr=4.91e-05
step 759  loss=3.9721  lr=4.91e-05
step 760  loss=3.5971  lr=4.91e-05
step 761  loss=4.0283  lr=4.91e-05
step 762  loss=3.7442  lr=4.91e-05
step 763  loss=3.5990  lr=4.91e-05
step 764  loss=3.8540  lr=4.91e-05
step 765  loss=3.8393  lr=4.91e-05
step 766  loss=3.7960  lr=4.91e-05
step 767  loss=4.0085  lr=4.91e-05
step 768  loss=3.4726  lr=4.91e-05
step 769  loss=3.7630  lr=4.91e-05
step 770  loss=3.9541  lr=4.91e-05
step 771  loss=3.7060  lr=4.91e-05
step 772  loss=3.8847  lr=4.91e-05
step 773  loss=3.8587  lr=4.91e-05
step 774  loss=3.7592  lr=4.91e-05
step 775  loss=3.6876  lr=4.91e-05
step 776  loss=3.7408  lr=4.91e-05
step 777  loss=4.0234  lr=4.91e-05
step 778  loss=3.7436  lr=4.91e-05
step 779  loss=3.9625  lr=4.91e-05
step 780  loss=3.9316  lr=4.91e-05
step 781  loss=3.7285  lr=4.91e-05
step 782  loss=3.6651  lr=4.91e-05
step 783  loss=4.0242  lr=4.91e-05
step 784  loss=3.6556  lr=4.91e-05
step 785  loss=3.8710  lr=4.91e-05
step 786  loss=3.7469  lr=4.91e-05
step 787  loss=3.7594  lr=4.91e-05
step 788  loss=4.0705  lr=4.91e-05
step 789  loss=3.3947  lr=4.91e-05
step 790  loss=3.6353  lr=4.91e-05
step 791  loss=3.7823  lr=4.91e-05
step 792  loss=3.5216  lr=4.91e-05
step 793  loss=3.5580  lr=4.91e-05
step 794  loss=3.7222  lr=4.91e-05
step 795  loss=3.7816  lr=4.91e-05
step 796  loss=3.7326  lr=4.90e-05
step 797  loss=3.7003  lr=4.90e-05
step 798  loss=3.5897  lr=4.90e-05
step 799  loss=3.6910  lr=4.90e-05
step 800  loss=3.8434  lr=4.90e-05
step 801  loss=3.8811  lr=4.90e-05
step 802  loss=3.8970  lr=4.90e-05
step 803  loss=3.8758  lr=4.90e-05
step 804  loss=3.7687  lr=4.90e-05
step 805  loss=3.7024  lr=4.90e-05
step 806  loss=3.7829  lr=4.90e-05
step 807  loss=3.8388  lr=4.90e-05
step 808  loss=3.6627  lr=4.90e-05
step 809  loss=3.8205  lr=4.90e-05
step 810  loss=3.5545  lr=4.90e-05
step 811  loss=3.7883  lr=4.90e-05
step 812  loss=3.7006  lr=4.90e-05
step 813  loss=3.8040  lr=4.90e-05
step 814  loss=3.8292  lr=4.90e-05
step 815  loss=3.6755  lr=4.90e-05
step 816  loss=3.8243  lr=4.90e-05
step 817  loss=3.9012  lr=4.90e-05
step 818  loss=3.9514  lr=4.90e-05
step 819  loss=3.9847  lr=4.90e-05
step 820  loss=3.7201  lr=4.90e-05
step 821  loss=3.7438  lr=4.90e-05
step 822  loss=3.6513  lr=4.90e-05
step 823  loss=3.7516  lr=4.90e-05
step 824  loss=3.7279  lr=4.90e-05
step 825  loss=3.6133  lr=4.90e-05
step 826  loss=3.8655  lr=4.90e-05
step 827  loss=3.7762  lr=4.90e-05
step 828  loss=3.7192  lr=4.90e-05
step 829  loss=3.9454  lr=4.90e-05
step 830  loss=3.8494  lr=4.90e-05
step 831  loss=3.8066  lr=4.90e-05
step 832  loss=3.6873  lr=4.89e-05
step 833  loss=3.6601  lr=4.89e-05
step 834  loss=3.6610  lr=4.89e-05
step 835  loss=3.4667  lr=4.89e-05
step 836  loss=3.6945  lr=4.89e-05
step 837  loss=3.7497  lr=4.89e-05
step 838  loss=3.7363  lr=4.89e-05
step 839  loss=3.7997  lr=4.89e-05
step 840  loss=3.5115  lr=4.89e-05
step 841  loss=3.7329  lr=4.89e-05
step 842  loss=3.5449  lr=4.89e-05
step 843  loss=3.8363  lr=4.89e-05
step 844  loss=3.7530  lr=4.89e-05
step 845  loss=3.6050  lr=4.89e-05
step 846  loss=3.8690  lr=4.89e-05
step 847  loss=3.5496  lr=4.89e-05
step 848  loss=3.6103  lr=4.89e-05
step 849  loss=3.6175  lr=4.89e-05
step 850  loss=3.7553  lr=4.89e-05
step 851  loss=3.7292  lr=4.89e-05
step 852  loss=3.7176  lr=4.89e-05
step 853  loss=3.6306  lr=4.89e-05
step 854  loss=3.6277  lr=4.89e-05
step 855  loss=3.6167  lr=4.89e-05
step 856  loss=3.6720  lr=4.89e-05
step 857  loss=3.6666  lr=4.89e-05
step 858  loss=3.5397  lr=4.89e-05
step 859  loss=3.6426  lr=4.89e-05
step 860  loss=3.9372  lr=4.89e-05
step 861  loss=3.6827  lr=4.89e-05
step 862  loss=3.8409  lr=4.89e-05
step 863  loss=3.7091  lr=4.89e-05
step 864  loss=3.7743  lr=4.89e-05
step 865  loss=3.7350  lr=4.89e-05
step 866  loss=3.7879  lr=4.88e-05
step 867  loss=3.9805  lr=4.88e-05
step 868  loss=3.6733  lr=4.88e-05
step 869  loss=3.5307  lr=4.88e-05
step 870  loss=3.7565  lr=4.88e-05
step 871  loss=3.9464  lr=4.88e-05
step 872  loss=3.5692  lr=4.88e-05
step 873  loss=3.7789  lr=4.88e-05
step 874  loss=3.8131  lr=4.88e-05
step 875  loss=3.8105  lr=4.88e-05
step 876  loss=3.6003  lr=4.88e-05
step 877  loss=3.8570  lr=4.88e-05
step 878  loss=4.0024  lr=4.88e-05
step 879  loss=3.6193  lr=4.88e-05
step 880  loss=4.0222  lr=4.88e-05
step 881  loss=3.8434  lr=4.88e-05
step 882  loss=3.6123  lr=4.88e-05
step 883  loss=3.6160  lr=4.88e-05
step 884  loss=3.4696  lr=4.88e-05
step 885  loss=3.8525  lr=4.88e-05
step 886  loss=3.5833  lr=4.88e-05
step 887  loss=3.4477  lr=4.88e-05
step 888  loss=3.7820  lr=4.88e-05
step 889  loss=3.9197  lr=4.88e-05
step 890  loss=3.6775  lr=4.88e-05
step 891  loss=3.8649  lr=4.88e-05
step 892  loss=3.6928  lr=4.88e-05
step 893  loss=3.7449  lr=4.88e-05
step 894  loss=3.8451  lr=4.88e-05
step 895  loss=3.4012  lr=4.88e-05
step 896  loss=3.5243  lr=4.88e-05
step 897  loss=3.7854  lr=4.88e-05
step 898  loss=3.5277  lr=4.88e-05
step 899  loss=3.9357  lr=4.87e-05
step 900  loss=3.8597  lr=4.87e-05
step 901  loss=3.7172  lr=4.87e-05
step 902  loss=3.8294  lr=4.87e-05
step 903  loss=3.6897  lr=4.87e-05
step 904  loss=3.6815  lr=4.87e-05
step 905  loss=3.7238  lr=4.87e-05
step 906  loss=3.8535  lr=4.87e-05
step 907  loss=3.7539  lr=4.87e-05
step 908  loss=3.7280  lr=4.87e-05
step 909  loss=3.5112  lr=4.87e-05
step 910  loss=3.5610  lr=4.87e-05
step 911  loss=3.6806  lr=4.87e-05
step 912  loss=3.6043  lr=4.87e-05
step 913  loss=3.7182  lr=4.87e-05
step 914  loss=3.5271  lr=4.87e-05
step 915  loss=3.6757  lr=4.87e-05
step 916  loss=3.6623  lr=4.87e-05
step 917  loss=3.6650  lr=4.87e-05
step 918  loss=3.8479  lr=4.87e-05
step 919  loss=3.5091  lr=4.87e-05
step 920  loss=3.8609  lr=4.87e-05
step 921  loss=3.6175  lr=4.87e-05
step 922  loss=3.4470  lr=4.87e-05
step 923  loss=3.6052  lr=4.87e-05
step 924  loss=3.5476  lr=4.87e-05
step 925  loss=3.6439  lr=4.87e-05
step 926  loss=3.6130  lr=4.87e-05
step 927  loss=3.5798  lr=4.87e-05
step 928  loss=3.4839  lr=4.87e-05
step 929  loss=3.7106  lr=4.87e-05
step 930  loss=3.3010  lr=4.87e-05
step 931  loss=3.7570  lr=4.86e-05
step 932  loss=3.6813  lr=4.86e-05
step 933  loss=3.6915  lr=4.86e-05
step 934  loss=3.4280  lr=4.86e-05
step 935  loss=3.6169  lr=4.86e-05
step 936  loss=3.6918  lr=4.86e-05
step 937  loss=3.7461  lr=4.86e-05
step 938  loss=3.4052  lr=4.86e-05
step 939  loss=3.7573  lr=4.86e-05
step 940  loss=3.5008  lr=4.86e-05
step 941  loss=3.9621  lr=4.86e-05
step 942  loss=3.6076  lr=4.86e-05
step 943  loss=3.6433  lr=4.86e-05
step 944  loss=3.5747  lr=4.86e-05
step 945  loss=3.9065  lr=4.86e-05
step 946  loss=3.6148  lr=4.86e-05
step 947  loss=3.6492  lr=4.86e-05
step 948  loss=3.5888  lr=4.86e-05
step 949  loss=3.4002  lr=4.86e-05
step 950  loss=3.8896  lr=4.86e-05
step 951  loss=3.6574  lr=4.86e-05
step 952  loss=3.6090  lr=4.86e-05
step 953  loss=3.5986  lr=4.86e-05
step 954  loss=3.6327  lr=4.86e-05
step 955  loss=3.7191  lr=4.86e-05
step 956  loss=3.3610  lr=4.86e-05
step 957  loss=3.6155  lr=4.86e-05
step 958  loss=3.6400  lr=4.86e-05
step 959  loss=3.6176  lr=4.86e-05
step 960  loss=3.6505  lr=4.86e-05
step 961  loss=3.5371  lr=4.85e-05
step 962  loss=3.8040  lr=4.85e-05
step 963  loss=3.7392  lr=4.85e-05
step 964  loss=3.7203  lr=4.85e-05
step 965  loss=3.5302  lr=4.85e-05
step 966  loss=3.6378  lr=4.85e-05
step 967  loss=3.6380  lr=4.85e-05
step 968  loss=3.2561  lr=4.85e-05
step 969  loss=3.6718  lr=4.85e-05
step 970  loss=3.6660  lr=4.85e-05
step 971  loss=3.5389  lr=4.85e-05
step 972  loss=3.9672  lr=4.85e-05
step 973  loss=3.7835  lr=4.85e-05
step 974  loss=3.3518  lr=4.85e-05
step 975  loss=3.8373  lr=4.85e-05
step 976  loss=3.4278  lr=4.85e-05
step 977  loss=3.6231  lr=4.85e-05
step 978  loss=3.3627  lr=4.85e-05
step 979  loss=3.7232  lr=4.85e-05
step 980  loss=3.5489  lr=4.85e-05
step 981  loss=3.7676  lr=4.85e-05
step 982  loss=3.5772  lr=4.85e-05
step 983  loss=3.5842  lr=4.85e-05
step 984  loss=3.5868  lr=4.85e-05
step 985  loss=3.6818  lr=4.85e-05
step 986  loss=3.4457  lr=4.85e-05
step 987  loss=3.3067  lr=4.85e-05
step 988  loss=3.8931  lr=4.85e-05
step 989  loss=3.5543  lr=4.85e-05
step 990  loss=3.7406  lr=4.85e-05
step 991  loss=3.3606  lr=4.84e-05
step 992  loss=3.7046  lr=4.84e-05
step 993  loss=3.5933  lr=4.84e-05
step 994  loss=3.4190  lr=4.84e-05
step 995  loss=3.6721  lr=4.84e-05
step 996  loss=3.5682  lr=4.84e-05
step 997  loss=3.4834  lr=4.84e-05
step 998  loss=3.4765  lr=4.84e-05
step 999  loss=3.5050  lr=4.84e-05
step 1000  loss=3.5265  lr=4.84e-05
step 1001  loss=3.5444  lr=4.84e-05
step 1002  loss=3.6652  lr=4.84e-05
step 1003  loss=3.6636  lr=4.84e-05
step 1004  loss=4.0251  lr=4.84e-05
step 1005  loss=3.6954  lr=4.84e-05
step 1006  loss=3.5937  lr=4.84e-05
step 1007  loss=3.5547  lr=4.84e-05
step 1008  loss=3.7053  lr=4.84e-05
step 1009  loss=3.7042  lr=4.84e-05
step 1010  loss=3.8541  lr=4.84e-05
step 1011  loss=3.6010  lr=4.84e-05
step 1012  loss=3.4490  lr=4.84e-05
step 1013  loss=3.7065  lr=4.84e-05
step 1014  loss=3.6104  lr=4.84e-05
step 1015  loss=3.5494  lr=4.84e-05
step 1016  loss=3.8648  lr=4.84e-05
step 1017  loss=3.6934  lr=4.84e-05
step 1018  loss=3.7251  lr=4.84e-05
step 1019  loss=3.4930  lr=4.83e-05
step 1020  loss=3.6841  lr=4.83e-05
step 1021  loss=3.7651  lr=4.83e-05
step 1022  loss=3.8308  lr=4.83e-05
step 1023  loss=3.7712  lr=4.83e-05
step 1024  loss=3.4384  lr=4.83e-05
step 1025  loss=3.4571  lr=4.83e-05
step 1026  loss=3.4720  lr=4.83e-05
step 1027  loss=3.7158  lr=4.83e-05
step 1028  loss=3.4152  lr=4.83e-05
step 1029  loss=3.3848  lr=4.83e-05
step 1030  loss=3.5342  lr=4.83e-05
step 1031  loss=3.4127  lr=4.83e-05
step 1032  loss=3.4772  lr=4.83e-05
step 1033  loss=3.5082  lr=4.83e-05
step 1034  loss=3.5542  lr=4.83e-05
step 1035  loss=3.3504  lr=4.83e-05
step 1036  loss=3.4708  lr=4.83e-05
step 1037  loss=3.5534  lr=4.83e-05
step 1038  loss=3.6217  lr=4.83e-05
step 1039  loss=3.4939  lr=4.83e-05
step 1040  loss=3.7407  lr=4.83e-05
step 1041  loss=3.6562  lr=4.83e-05
step 1042  loss=3.8025  lr=4.83e-05
step 1043  loss=3.4695  lr=4.83e-05
step 1044  loss=3.3242  lr=4.83e-05
step 1045  loss=3.6054  lr=4.83e-05
step 1046  loss=3.6100  lr=4.83e-05
step 1047  loss=3.6966  lr=4.82e-05
step 1048  loss=3.6025  lr=4.82e-05
step 1049  loss=3.4786  lr=4.82e-05
step 1050  loss=3.7289  lr=4.82e-05
step 1051  loss=3.5356  lr=4.82e-05
step 1052  loss=3.8542  lr=4.82e-05
step 1053  loss=3.4266  lr=4.82e-05
step 1054  loss=3.7364  lr=4.82e-05
step 1055  loss=3.4788  lr=4.82e-05
step 1056  loss=3.5654  lr=4.82e-05
step 1057  loss=3.6153  lr=4.82e-05
step 1058  loss=3.6140  lr=4.82e-05
step 1059  loss=3.5235  lr=4.82e-05
step 1060  loss=3.5497  lr=4.82e-05
step 1061  loss=3.5904  lr=4.82e-05
step 1062  loss=3.6472  lr=4.82e-05
step 1063  loss=3.6292  lr=4.82e-05
step 1064  loss=3.8218  lr=4.82e-05
step 1065  loss=3.4981  lr=4.82e-05
step 1066  loss=3.8707  lr=4.82e-05
step 1067  loss=3.4194  lr=4.82e-05
step 1068  loss=3.5421  lr=4.82e-05
step 1069  loss=3.6237  lr=4.82e-05
step 1070  loss=3.3059  lr=4.82e-05
step 1071  loss=3.9072  lr=4.82e-05
step 1072  loss=3.6705  lr=4.82e-05
step 1073  loss=3.7002  lr=4.82e-05
step 1074  loss=3.5694  lr=4.81e-05
step 1075  loss=3.4322  lr=4.81e-05
step 1076  loss=3.3396  lr=4.81e-05
step 1077  loss=3.6017  lr=4.81e-05
step 1078  loss=3.6170  lr=4.81e-05
step 1079  loss=3.5292  lr=4.81e-05
step 1080  loss=3.4830  lr=4.81e-05
step 1081  loss=3.5324  lr=4.81e-05
step 1082  loss=3.7614  lr=4.81e-05
step 1083  loss=3.3995  lr=4.81e-05
step 1084  loss=3.4409  lr=4.81e-05
step 1085  loss=3.5621  lr=4.81e-05
step 1086  loss=3.6434  lr=4.81e-05
step 1087  loss=3.3437  lr=4.81e-05
step 1088  loss=3.4884  lr=4.81e-05
step 1089  loss=3.6743  lr=4.81e-05
step 1090  loss=3.6356  lr=4.81e-05
step 1091  loss=3.5988  lr=4.81e-05
step 1092  loss=3.7905  lr=4.81e-05
step 1093  loss=3.7987  lr=4.81e-05
step 1094  loss=3.5747  lr=4.81e-05
step 1095  loss=3.7494  lr=4.81e-05
step 1096  loss=3.5692  lr=4.81e-05
step 1097  loss=3.5837  lr=4.81e-05
step 1098  loss=3.4776  lr=4.81e-05
step 1099  loss=3.3711  lr=4.81e-05
step 1100  loss=3.2542  lr=4.80e-05
step 1101  loss=3.2720  lr=4.80e-05
step 1102  loss=3.6182  lr=4.80e-05
step 1103  loss=3.5912  lr=4.80e-05
step 1104  loss=3.6961  lr=4.80e-05
step 1105  loss=3.5869  lr=4.80e-05
step 1106  loss=3.8271  lr=4.80e-05
step 1107  loss=3.4087  lr=4.80e-05
step 1108  loss=3.7265  lr=4.80e-05
step 1109  loss=3.5407  lr=4.80e-05
step 1110  loss=3.4216  lr=4.80e-05
step 1111  loss=3.6256  lr=4.80e-05
step 1112  loss=3.4455  lr=4.80e-05
step 1113  loss=3.7507  lr=4.80e-05
step 1114  loss=3.5339  lr=4.80e-05
step 1115  loss=3.5652  lr=4.80e-05
step 1116  loss=3.5393  lr=4.80e-05
step 1117  loss=3.6222  lr=4.80e-05
step 1118  loss=3.5036  lr=4.80e-05
step 1119  loss=3.6411  lr=4.80e-05
step 1120  loss=3.6059  lr=4.80e-05
step 1121  loss=3.6131  lr=4.80e-05
step 1122  loss=3.3085  lr=4.80e-05
step 1123  loss=3.4574  lr=4.80e-05
step 1124  loss=3.4244  lr=4.80e-05
step 1125  loss=3.6613  lr=4.80e-05
step 1126  loss=3.3116  lr=4.79e-05
step 1127  loss=3.6061  lr=4.79e-05
step 1128  loss=3.4952  lr=4.79e-05
step 1129  loss=3.4140  lr=4.79e-05
step 1130  loss=3.6111  lr=4.79e-05
step 1131  loss=3.8918  lr=4.79e-05
step 1132  loss=3.4636  lr=4.79e-05
step 1133  loss=3.5329  lr=4.79e-05
step 1134  loss=3.4906  lr=4.79e-05
step 1135  loss=3.4559  lr=4.79e-05
step 1136  loss=3.4017  lr=4.79e-05
step 1137  loss=3.5550  lr=4.79e-05
step 1138  loss=3.7424  lr=4.79e-05
step 1139  loss=3.8426  lr=4.79e-05
step 1140  loss=3.5964  lr=4.79e-05
step 1141  loss=3.7250  lr=4.79e-05
step 1142  loss=3.7843  lr=4.79e-05
step 1143  loss=3.7236  lr=4.79e-05
step 1144  loss=3.3139  lr=4.79e-05
step 1145  loss=3.4693  lr=4.79e-05
step 1146  loss=3.5813  lr=4.79e-05
step 1147  loss=3.3444  lr=4.79e-05
step 1148  loss=3.4666  lr=4.79e-05
step 1149  loss=3.6188  lr=4.79e-05
step 1150  loss=3.6186  lr=4.79e-05
step 1151  loss=3.6052  lr=4.78e-05
step 1152  loss=3.5224  lr=4.78e-05
step 1153  loss=3.6533  lr=4.78e-05
step 1154  loss=3.5031  lr=4.78e-05
step 1155  loss=3.4528  lr=4.78e-05
step 1156  loss=3.3054  lr=4.78e-05
step 1157  loss=3.6378  lr=4.78e-05
step 1158  loss=3.3584  lr=4.78e-05
step 1159  loss=3.3862  lr=4.78e-05
step 1160  loss=3.5465  lr=4.78e-05
step 1161  loss=3.5403  lr=4.78e-05
step 1162  loss=3.4111  lr=4.78e-05
step 1163  loss=3.5975  lr=4.78e-05
step 1164  loss=3.5522  lr=4.78e-05
step 1165  loss=3.4745  lr=4.78e-05
step 1166  loss=3.7068  lr=4.78e-05
step 1167  loss=3.3443  lr=4.78e-05
step 1168  loss=3.4421  lr=4.78e-05
step 1169  loss=3.3308  lr=4.78e-05
step 1170  loss=3.6641  lr=4.78e-05
step 1171  loss=3.7014  lr=4.78e-05
step 1172  loss=3.7394  lr=4.78e-05
step 1173  loss=3.2390  lr=4.78e-05
step 1174  loss=3.5707  lr=4.78e-05
step 1175  loss=3.6173  lr=4.78e-05
step 1176  loss=3.4569  lr=4.77e-05
step 1177  loss=3.7178  lr=4.77e-05
step 1178  loss=3.3357  lr=4.77e-05
step 1179  loss=3.5031  lr=4.77e-05
step 1180  loss=3.5457  lr=4.77e-05
step 1181  loss=3.7024  lr=4.77e-05
step 1182  loss=3.5427  lr=4.77e-05
step 1183  loss=3.5537  lr=4.77e-05
step 1184  loss=3.4572  lr=4.77e-05
step 1185  loss=3.5014  lr=4.77e-05
step 1186  loss=3.3489  lr=4.77e-05
step 1187  loss=3.5576  lr=4.77e-05
step 1188  loss=3.3233  lr=4.77e-05
step 1189  loss=3.4993  lr=4.77e-05
step 1190  loss=3.6768  lr=4.77e-05
step 1191  loss=3.6422  lr=4.77e-05
step 1192  loss=3.5126  lr=4.77e-05
step 1193  loss=3.7365  lr=4.77e-05
step 1194  loss=3.6628  lr=4.77e-05
step 1195  loss=3.5987  lr=4.77e-05
step 1196  loss=3.5813  lr=4.77e-05
step 1197  loss=3.6488  lr=4.77e-05
step 1198  loss=3.5605  lr=4.77e-05
step 1199  loss=3.6163  lr=4.77e-05
step 1200  loss=3.2704  lr=4.76e-05
step 1201  loss=3.6599  lr=4.76e-05
step 1202  loss=3.5387  lr=4.76e-05
step 1203  loss=3.3980  lr=4.76e-05
step 1204  loss=3.6263  lr=4.76e-05
step 1205  loss=3.6643  lr=4.76e-05
step 1206  loss=3.1852  lr=4.76e-05
step 1207  loss=3.5103  lr=4.76e-05
step 1208  loss=3.7655  lr=4.76e-05
step 1209  loss=3.5591  lr=4.76e-05
step 1210  loss=3.5438  lr=4.76e-05
step 1211  loss=3.5038  lr=4.76e-05
step 1212  loss=3.6754  lr=4.76e-05
step 1213  loss=3.5630  lr=4.76e-05
step 1214  loss=3.6063  lr=4.76e-05
step 1215  loss=3.4453  lr=4.76e-05
step 1216  loss=3.3955  lr=4.76e-05
step 1217  loss=3.3697  lr=4.76e-05
step 1218  loss=3.3449  lr=4.76e-05
step 1219  loss=3.5763  lr=4.76e-05
step 1220  loss=3.3870  lr=4.76e-05
step 1221  loss=3.7134  lr=4.76e-05
step 1222  loss=3.6319  lr=4.76e-05
step 1223  loss=3.2829  lr=4.75e-05
step 1224  loss=3.3978  lr=4.75e-05
step 1225  loss=3.2109  lr=4.75e-05
step 1226  loss=3.2530  lr=4.75e-05
step 1227  loss=3.5837  lr=4.75e-05
step 1228  loss=3.3005  lr=4.75e-05
step 1229  loss=3.4100  lr=4.75e-05
step 1230  loss=3.8077  lr=4.75e-05
step 1231  loss=3.6025  lr=4.75e-05
step 1232  loss=3.4813  lr=4.75e-05
step 1233  loss=3.5009  lr=4.75e-05
step 1234  loss=3.4347  lr=4.75e-05
step 1235  loss=3.5754  lr=4.75e-05
step 1236  loss=3.5782  lr=4.75e-05
step 1237  loss=3.6157  lr=4.75e-05
step 1238  loss=3.3799  lr=4.75e-05
step 1239  loss=3.4685  lr=4.75e-05
step 1240  loss=3.5337  lr=4.75e-05
step 1241  loss=3.3586  lr=4.75e-05
step 1242  loss=3.3881  lr=4.75e-05
step 1243  loss=3.3888  lr=4.75e-05
step 1244  loss=3.5036  lr=4.75e-05
step 1245  loss=3.4292  lr=4.75e-05
step 1246  loss=3.2385  lr=4.74e-05
step 1247  loss=3.3679  lr=4.74e-05
step 1248  loss=3.4249  lr=4.74e-05
step 1249  loss=3.4808  lr=4.74e-05
step 1250  loss=3.3447  lr=4.74e-05
step 1251  loss=3.2341  lr=4.74e-05
step 1252  loss=3.3865  lr=4.74e-05
step 1253  loss=3.4458  lr=4.74e-05
step 1254  loss=3.4773  lr=4.74e-05
step 1255  loss=3.3147  lr=4.74e-05
step 1256  loss=3.3510  lr=4.74e-05
step 1257  loss=3.8685  lr=4.74e-05
step 1258  loss=3.5394  lr=4.74e-05
step 1259  loss=3.4417  lr=4.74e-05
step 1260  loss=3.4068  lr=4.74e-05
step 1261  loss=3.3449  lr=4.74e-05
step 1262  loss=3.4970  lr=4.74e-05
step 1263  loss=3.4280  lr=4.74e-05
step 1264  loss=3.4164  lr=4.74e-05
step 1265  loss=3.4080  lr=4.74e-05
step 1266  loss=3.4263  lr=4.74e-05
step 1267  loss=3.4125  lr=4.74e-05
step 1268  loss=3.6619  lr=4.74e-05
step 1269  loss=3.5148  lr=4.73e-05
step 1270  loss=3.7530  lr=4.73e-05
step 1271  loss=3.4482  lr=4.73e-05
step 1272  loss=3.5451  lr=4.73e-05
step 1273  loss=3.3679  lr=4.73e-05
step 1274  loss=3.4303  lr=4.73e-05
step 1275  loss=3.5047  lr=4.73e-05
step 1276  loss=3.5038  lr=4.73e-05
step 1277  loss=3.4511  lr=4.73e-05
step 1278  loss=3.5199  lr=4.73e-05
step 1279  loss=3.6961  lr=4.73e-05
step 1280  loss=3.3227  lr=4.73e-05
step 1281  loss=3.3653  lr=4.73e-05
step 1282  loss=3.1987  lr=4.73e-05
step 1283  loss=3.5077  lr=4.73e-05
step 1284  loss=3.3708  lr=4.73e-05
step 1285  loss=3.4587  lr=4.73e-05
step 1286  loss=3.4841  lr=4.73e-05
step 1287  loss=3.2452  lr=4.73e-05
step 1288  loss=3.5850  lr=4.73e-05
step 1289  loss=3.2782  lr=4.73e-05
step 1290  loss=3.2943  lr=4.73e-05
step 1291  loss=3.3335  lr=4.72e-05
step 1292  loss=3.3557  lr=4.72e-05
step 1293  loss=3.5314  lr=4.72e-05
step 1294  loss=3.3732  lr=4.72e-05
step 1295  loss=3.6318  lr=4.72e-05
step 1296  loss=3.5303  lr=4.72e-05
step 1297  loss=3.2136  lr=4.72e-05
step 1298  loss=3.4727  lr=4.72e-05
step 1299  loss=3.4492  lr=4.72e-05
step 1300  loss=3.5713  lr=4.72e-05
step 1301  loss=3.6087  lr=4.72e-05
step 1302  loss=3.5660  lr=4.72e-05
step 1303  loss=3.4544  lr=4.72e-05
step 1304  loss=3.6929  lr=4.72e-05
step 1305  loss=3.3763  lr=4.72e-05
step 1306  loss=3.4789  lr=4.72e-05
step 1307  loss=3.6383  lr=4.72e-05
step 1308  loss=3.5222  lr=4.72e-05
step 1309  loss=3.7855  lr=4.72e-05
step 1310  loss=3.2274  lr=4.72e-05
step 1311  loss=3.7128  lr=4.72e-05
step 1312  loss=3.2864  lr=4.72e-05
step 1313  loss=3.5639  lr=4.71e-05
step 1314  loss=3.5280  lr=4.71e-05
step 1315  loss=3.5089  lr=4.71e-05
step 1316  loss=3.7645  lr=4.71e-05
step 1317  loss=3.5398  lr=4.71e-05
step 1318  loss=3.3355  lr=4.71e-05
step 1319  loss=3.5177  lr=4.71e-05
step 1320  loss=3.4362  lr=4.71e-05
step 1321  loss=3.2997  lr=4.71e-05
step 1322  loss=3.3972  lr=4.71e-05
step 1323  loss=3.3943  lr=4.71e-05
step 1324  loss=3.4811  lr=4.71e-05
step 1325  loss=3.4718  lr=4.71e-05
step 1326  loss=3.1620  lr=4.71e-05
step 1327  loss=3.3866  lr=4.71e-05
step 1328  loss=3.4677  lr=4.71e-05
step 1329  loss=3.4382  lr=4.71e-05
step 1330  loss=3.6091  lr=4.71e-05
step 1331  loss=3.4207  lr=4.71e-05
step 1332  loss=3.3219  lr=4.71e-05
step 1333  loss=3.3216  lr=4.71e-05
step 1334  loss=3.3844  lr=4.70e-05
step 1335  loss=3.3004  lr=4.70e-05
step 1336  loss=3.3244  lr=4.70e-05
step 1337  loss=3.3792  lr=4.70e-05
step 1338  loss=3.4799  lr=4.70e-05
step 1339  loss=3.1721  lr=4.70e-05
step 1340  loss=3.3553  lr=4.70e-05
step 1341  loss=3.5037  lr=4.70e-05
step 1342  loss=3.2972  lr=4.70e-05
step 1343  loss=3.2042  lr=4.70e-05
step 1344  loss=3.4349  lr=4.70e-05
step 1345  loss=3.7248  lr=4.70e-05
step 1346  loss=3.3427  lr=4.70e-05
step 1347  loss=3.4058  lr=4.70e-05
step 1348  loss=3.4262  lr=4.70e-05
step 1349  loss=3.1386  lr=4.70e-05
step 1350  loss=3.4932  lr=4.70e-05
step 1351  loss=3.2365  lr=4.70e-05
step 1352  loss=3.5651  lr=4.70e-05
step 1353  loss=3.4077  lr=4.70e-05
step 1354  loss=3.3007  lr=4.70e-05
step 1355  loss=3.3237  lr=4.70e-05
step 1356  loss=3.4454  lr=4.69e-05
step 1357  loss=3.4239  lr=4.69e-05
step 1358  loss=3.5307  lr=4.69e-05
step 1359  loss=3.4031  lr=4.69e-05
step 1360  loss=3.2252  lr=4.69e-05
step 1361  loss=3.3502  lr=4.69e-05
step 1362  loss=3.3639  lr=4.69e-05
step 1363  loss=3.5544  lr=4.69e-05
step 1364  loss=3.7031  lr=4.69e-05
step 1365  loss=3.4022  lr=4.69e-05
step 1366  loss=3.2863  lr=4.69e-05
step 1367  loss=3.4598  lr=4.69e-05
step 1368  loss=3.4064  lr=4.69e-05
step 1369  loss=3.3681  lr=4.69e-05
step 1370  loss=3.3242  lr=4.69e-05
step 1371  loss=3.5591  lr=4.69e-05
step 1372  loss=3.2617  lr=4.69e-05
step 1373  loss=3.4909  lr=4.69e-05
step 1374  loss=3.5021  lr=4.69e-05
step 1375  loss=3.3850  lr=4.69e-05
step 1376  loss=3.5096  lr=4.68e-05
step 1377  loss=3.4595  lr=4.68e-05
step 1378  loss=3.5447  lr=4.68e-05
step 1379  loss=3.4822  lr=4.68e-05
step 1380  loss=3.3839  lr=4.68e-05
step 1381  loss=3.3880  lr=4.68e-05
step 1382  loss=3.4593  lr=4.68e-05
step 1383  loss=3.2756  lr=4.68e-05
step 1384  loss=3.5075  lr=4.68e-05
step 1385  loss=3.4541  lr=4.68e-05
step 1386  loss=3.4624  lr=4.68e-05
step 1387  loss=3.4104  lr=4.68e-05
step 1388  loss=3.3038  lr=4.68e-05
step 1389  loss=3.2978  lr=4.68e-05
step 1390  loss=3.2862  lr=4.68e-05
step 1391  loss=3.5190  lr=4.68e-05
step 1392  loss=3.4039  lr=4.68e-05
step 1393  loss=3.5056  lr=4.68e-05
step 1394  loss=3.6479  lr=4.68e-05
step 1395  loss=3.3995  lr=4.68e-05
step 1396  loss=3.5070  lr=4.68e-05
step 1397  loss=3.5044  lr=4.67e-05
step 1398  loss=3.2109  lr=4.67e-05
step 1399  loss=3.4424  lr=4.67e-05
step 1400  loss=3.1606  lr=4.67e-05
step 1401  loss=3.5274  lr=4.67e-05
step 1402  loss=3.6640  lr=4.67e-05
step 1403  loss=3.4225  lr=4.67e-05
step 1404  loss=3.2432  lr=4.67e-05
step 1405  loss=3.5094  lr=4.67e-05
step 1406  loss=3.3621  lr=4.67e-05
step 1407  loss=3.4106  lr=4.67e-05
step 1408  loss=3.2648  lr=4.67e-05
step 1409  loss=3.3852  lr=4.67e-05
step 1410  loss=3.5058  lr=4.67e-05
step 1411  loss=3.2893  lr=4.67e-05
step 1412  loss=3.1788  lr=4.67e-05
step 1413  loss=3.6352  lr=4.67e-05
step 1414  loss=3.1390  lr=4.67e-05
step 1415  loss=3.3848  lr=4.67e-05
step 1416  loss=3.1510  lr=4.67e-05
step 1417  loss=3.4590  lr=4.66e-05
step 1418  loss=3.3691  lr=4.66e-05
step 1419  loss=3.5208  lr=4.66e-05
step 1420  loss=3.5240  lr=4.66e-05
step 1421  loss=3.6100  lr=4.66e-05
step 1422  loss=3.3640  lr=4.66e-05
step 1423  loss=3.3571  lr=4.66e-05
step 1424  loss=3.2554  lr=4.66e-05
step 1425  loss=3.6080  lr=4.66e-05
step 1426  loss=3.3773  lr=4.66e-05
step 1427  loss=3.4384  lr=4.66e-05
step 1428  loss=3.4738  lr=4.66e-05
step 1429  loss=3.3757  lr=4.66e-05
step 1430  loss=3.3369  lr=4.66e-05
step 1431  loss=3.2073  lr=4.66e-05
step 1432  loss=3.1180  lr=4.66e-05
step 1433  loss=3.2690  lr=4.66e-05
step 1434  loss=3.4126  lr=4.66e-05
step 1435  loss=3.5891  lr=4.66e-05
step 1436  loss=3.1107  lr=4.66e-05
step 1437  loss=3.3433  lr=4.65e-05
step 1438  loss=3.4499  lr=4.65e-05
step 1439  loss=3.4350  lr=4.65e-05
step 1440  loss=3.4611  lr=4.65e-05
step 1441  loss=3.4415  lr=4.65e-05
step 1442  loss=3.5618  lr=4.65e-05
step 1443  loss=3.3730  lr=4.65e-05
step 1444  loss=3.3814  lr=4.65e-05
step 1445  loss=3.2609  lr=4.65e-05
step 1446  loss=3.1651  lr=4.65e-05
step 1447  loss=3.3342  lr=4.65e-05
step 1448  loss=3.6255  lr=4.65e-05
step 1449  loss=3.5326  lr=4.65e-05
step 1450  loss=3.1973  lr=4.65e-05
step 1451  loss=3.3936  lr=4.65e-05
step 1452  loss=3.2420  lr=4.65e-05
step 1453  loss=3.0928  lr=4.65e-05
step 1454  loss=3.5613  lr=4.65e-05
step 1455  loss=3.6006  lr=4.65e-05
step 1456  loss=3.3916  lr=4.65e-05
step 1457  loss=3.4381  lr=4.64e-05
step 1458  loss=3.4727  lr=4.64e-05
step 1459  loss=3.4881  lr=4.64e-05
step 1460  loss=3.3055  lr=4.64e-05
step 1461  loss=3.4284  lr=4.64e-05
step 1462  loss=3.3905  lr=4.64e-05
step 1463  loss=3.3455  lr=4.64e-05
step 1464  loss=3.4746  lr=4.64e-05
step 1465  loss=3.4283  lr=4.64e-05
step 1466  loss=3.2064  lr=4.64e-05
step 1467  loss=3.4812  lr=4.64e-05
step 1468  loss=3.4354  lr=4.64e-05
step 1469  loss=3.2104  lr=4.64e-05
step 1470  loss=3.7198  lr=4.64e-05
step 1471  loss=3.2957  lr=4.64e-05
step 1472  loss=3.3944  lr=4.64e-05
step 1473  loss=3.3472  lr=4.64e-05
step 1474  loss=3.4613  lr=4.64e-05
step 1475  loss=3.1159  lr=4.64e-05
step 1476  loss=3.7636  lr=4.63e-05
step 1477  loss=3.6030  lr=4.63e-05
step 1478  loss=3.4909  lr=4.63e-05
step 1479  loss=3.4903  lr=4.63e-05
step 1480  loss=3.4001  lr=4.63e-05
step 1481  loss=3.5721  lr=4.63e-05
step 1482  loss=3.4912  lr=4.63e-05
step 1483  loss=3.3974  lr=4.63e-05
step 1484  loss=3.4972  lr=4.63e-05
step 1485  loss=3.2934  lr=4.63e-05
step 1486  loss=3.4907  lr=4.63e-05
step 1487  loss=3.2870  lr=4.63e-05
step 1488  loss=3.5242  lr=4.63e-05
step 1489  loss=3.4959  lr=4.63e-05
step 1490  loss=3.3604  lr=4.63e-05
step 1491  loss=3.4565  lr=4.63e-05
step 1492  loss=3.5304  lr=4.63e-05
step 1493  loss=3.2760  lr=4.63e-05
step 1494  loss=3.6187  lr=4.63e-05
step 1495  loss=3.4357  lr=4.63e-05
step 1496  loss=3.2204  lr=4.62e-05
step 1497  loss=3.4797  lr=4.62e-05
step 1498  loss=3.2255  lr=4.62e-05
step 1499  loss=3.4371  lr=4.62e-05
step 1500  loss=3.5520  lr=4.62e-05
step 1501  loss=3.3256  lr=4.62e-05
step 1502  loss=3.4230  lr=4.62e-05
step 1503  loss=3.5542  lr=4.62e-05
step 1504  loss=3.4013  lr=4.62e-05
step 1505  loss=3.3462  lr=4.62e-05
step 1506  loss=3.2356  lr=4.62e-05
step 1507  loss=3.4896  lr=4.62e-05
step 1508  loss=3.4787  lr=4.62e-05
step 1509  loss=3.3868  lr=4.62e-05
step 1510  loss=3.4503  lr=4.62e-05
step 1511  loss=3.4910  lr=4.62e-05
step 1512  loss=3.4557  lr=4.62e-05
step 1513  loss=3.3145  lr=4.62e-05
step 1514  loss=3.2854  lr=4.62e-05
step 1515  loss=3.1787  lr=4.61e-05
step 1516  loss=3.4427  lr=4.61e-05
step 1517  loss=3.4856  lr=4.61e-05
step 1518  loss=3.3760  lr=4.61e-05
step 1519  loss=3.4613  lr=4.61e-05
step 1520  loss=3.4136  lr=4.61e-05
step 1521  loss=3.5251  lr=4.61e-05
step 1522  loss=3.3088  lr=4.61e-05
step 1523  loss=3.3621  lr=4.61e-05
step 1524  loss=3.2044  lr=4.61e-05
step 1525  loss=3.5746  lr=4.61e-05
step 1526  loss=3.1640  lr=4.61e-05
step 1527  loss=3.2381  lr=4.61e-05
step 1528  loss=3.2683  lr=4.61e-05
step 1529  loss=3.5338  lr=4.61e-05
step 1530  loss=3.5736  lr=4.61e-05
step 1531  loss=3.0428  lr=4.61e-05
step 1532  loss=3.2890  lr=4.61e-05
step 1533  loss=3.1520  lr=4.60e-05
step 1534  loss=3.1331  lr=4.60e-05
step 1535  loss=3.3206  lr=4.60e-05
step 1536  loss=3.1610  lr=4.60e-05
step 1537  loss=3.4861  lr=4.60e-05
step 1538  loss=3.4098  lr=4.60e-05
step 1539  loss=3.3880  lr=4.60e-05
step 1540  loss=3.3436  lr=4.60e-05
step 1541  loss=3.4936  lr=4.60e-05
step 1542  loss=3.2571  lr=4.60e-05
step 1543  loss=3.5844  lr=4.60e-05
step 1544  loss=3.5707  lr=4.60e-05
step 1545  loss=3.6009  lr=4.60e-05
step 1546  loss=3.5353  lr=4.60e-05
step 1547  loss=3.7151  lr=4.60e-05
step 1548  loss=3.3362  lr=4.60e-05
step 1549  loss=3.4987  lr=4.60e-05
step 1550  loss=3.2140  lr=4.60e-05
step 1551  loss=3.4161  lr=4.60e-05
step 1552  loss=3.2900  lr=4.59e-05
step 1553  loss=3.3960  lr=4.59e-05
step 1554  loss=3.4174  lr=4.59e-05
step 1555  loss=3.6187  lr=4.59e-05
step 1556  loss=3.4214  lr=4.59e-05
step 1557  loss=3.1819  lr=4.59e-05
step 1558  loss=3.6884  lr=4.59e-05
step 1559  loss=3.3566  lr=4.59e-05
step 1560  loss=3.0944  lr=4.59e-05
step 1561  loss=3.2094  lr=4.59e-05
step 1562  loss=3.3489  lr=4.59e-05
step 1563  loss=3.5935  lr=4.59e-05
step 1564  loss=3.4199  lr=4.59e-05
step 1565  loss=3.3181  lr=4.59e-05
step 1566  loss=3.3304  lr=4.59e-05
step 1567  loss=3.0449  lr=4.59e-05
step 1568  loss=3.1947  lr=4.59e-05
step 1569  loss=3.4351  lr=4.59e-05
step 1570  loss=3.4239  lr=4.58e-05
step 1571  loss=3.2813  lr=4.58e-05
step 1572  loss=3.3006  lr=4.58e-05
step 1573  loss=3.3598  lr=4.58e-05
step 1574  loss=3.0371  lr=4.58e-05
step 1575  loss=3.3161  lr=4.58e-05
step 1576  loss=3.1649  lr=4.58e-05
step 1577  loss=3.4046  lr=4.58e-05
step 1578  loss=3.0044  lr=4.58e-05
step 1579  loss=3.4169  lr=4.58e-05
step 1580  loss=3.3115  lr=4.58e-05
step 1581  loss=3.4784  lr=4.58e-05
step 1582  loss=3.6527  lr=4.58e-05
step 1583  loss=3.2972  lr=4.58e-05
step 1584  loss=3.4587  lr=4.58e-05
step 1585  loss=3.2441  lr=4.58e-05
step 1586  loss=3.1739  lr=4.58e-05
step 1587  loss=3.2432  lr=4.58e-05
step 1588  loss=3.6386  lr=4.57e-05
step 1589  loss=3.3451  lr=4.57e-05
step 1590  loss=3.2435  lr=4.57e-05
step 1591  loss=3.5394  lr=4.57e-05
step 1592  loss=3.4386  lr=4.57e-05
step 1593  loss=3.3204  lr=4.57e-05
step 1594  loss=3.0898  lr=4.57e-05
step 1595  loss=3.2717  lr=4.57e-05
step 1596  loss=3.2097  lr=4.57e-05
step 1597  loss=3.3196  lr=4.57e-05
step 1598  loss=3.3424  lr=4.57e-05
step 1599  loss=3.4009  lr=4.57e-05
step 1600  loss=3.4959  lr=4.57e-05
step 1601  loss=3.2367  lr=4.57e-05
step 1602  loss=3.2510  lr=4.57e-05
step 1603  loss=3.1756  lr=4.57e-05
step 1604  loss=3.2906  lr=4.57e-05
step 1605  loss=3.1201  lr=4.57e-05
step 1606  loss=3.3555  lr=4.56e-05
step 1607  loss=3.5680  lr=4.56e-05
step 1608  loss=3.3032  lr=4.56e-05
step 1609  loss=3.4718  lr=4.56e-05
step 1610  loss=3.3336  lr=4.56e-05
step 1611  loss=3.5861  lr=4.56e-05
step 1612  loss=3.4170  lr=4.56e-05
step 1613  loss=3.5368  lr=4.56e-05
step 1614  loss=3.2820  lr=4.56e-05
step 1615  loss=3.5389  lr=4.56e-05
step 1616  loss=3.2920  lr=4.56e-05
step 1617  loss=3.3838  lr=4.56e-05
step 1618  loss=3.1180  lr=4.56e-05
step 1619  loss=3.8300  lr=4.56e-05
step 1620  loss=3.5882  lr=4.56e-05
step 1621  loss=3.3139  lr=4.56e-05
step 1622  loss=3.5174  lr=4.56e-05
step 1623  loss=3.3161  lr=4.56e-05
step 1624  loss=3.3651  lr=4.55e-05
step 1625  loss=3.5749  lr=4.55e-05
step 1626  loss=3.2479  lr=4.55e-05
step 1627  loss=3.4507  lr=4.55e-05
step 1628  loss=3.7776  lr=4.55e-05
step 1629  loss=3.4973  lr=4.55e-05
step 1630  loss=3.3553  lr=4.55e-05
step 1631  loss=3.1825  lr=4.55e-05
step 1632  loss=3.4670  lr=4.55e-05
step 1633  loss=3.2764  lr=4.55e-05
step 1634  loss=3.4247  lr=4.55e-05
step 1635  loss=3.3432  lr=4.55e-05
step 1636  loss=3.5338  lr=4.55e-05
step 1637  loss=2.9794  lr=4.55e-05
step 1638  loss=3.3015  lr=4.55e-05
step 1639  loss=3.2286  lr=4.55e-05
step 1640  loss=3.2372  lr=4.55e-05
step 1641  loss=3.4370  lr=4.55e-05
step 1642  loss=3.4326  lr=4.54e-05
step 1643  loss=3.2991  lr=4.54e-05
step 1644  loss=3.3312  lr=4.54e-05
step 1645  loss=3.5536  lr=4.54e-05
step 1646  loss=3.1651  lr=4.54e-05
step 1647  loss=3.3013  lr=4.54e-05
step 1648  loss=3.2673  lr=4.54e-05
step 1649  loss=3.1895  lr=4.54e-05
step 1650  loss=3.1217  lr=4.54e-05
step 1651  loss=3.2416  lr=4.54e-05
step 1652  loss=3.3153  lr=4.54e-05
step 1653  loss=3.3959  lr=4.54e-05
step 1654  loss=3.1416  lr=4.54e-05
step 1655  loss=3.7857  lr=4.54e-05
step 1656  loss=3.2197  lr=4.54e-05
step 1657  loss=3.1068  lr=4.54e-05
step 1658  loss=3.6194  lr=4.54e-05
step 1659  loss=3.4933  lr=4.53e-05
step 1660  loss=3.1892  lr=4.53e-05
step 1661  loss=3.2191  lr=4.53e-05
step 1662  loss=3.1635  lr=4.53e-05
step 1663  loss=3.4375  lr=4.53e-05
step 1664  loss=3.1274  lr=4.53e-05
step 1665  loss=3.2695  lr=4.53e-05
step 1666  loss=3.3217  lr=4.53e-05
step 1667  loss=3.4148  lr=4.53e-05
step 1668  loss=3.2044  lr=4.53e-05
step 1669  loss=3.0779  lr=4.53e-05
step 1670  loss=3.4289  lr=4.53e-05
step 1671  loss=3.4055  lr=4.53e-05
step 1672  loss=3.5005  lr=4.53e-05
step 1673  loss=3.5952  lr=4.53e-05
step 1674  loss=3.3919  lr=4.53e-05
step 1675  loss=3.4511  lr=4.53e-05
step 1676  loss=3.3322  lr=4.52e-05
step 1677  loss=3.1963  lr=4.52e-05
step 1678  loss=3.4891  lr=4.52e-05
step 1679  loss=3.3649  lr=4.52e-05
step 1680  loss=3.6158  lr=4.52e-05
step 1681  loss=3.1928  lr=4.52e-05
step 1682  loss=3.2350  lr=4.52e-05
step 1683  loss=3.3455  lr=4.52e-05
step 1684  loss=3.1846  lr=4.52e-05
step 1685  loss=3.2102  lr=4.52e-05
step 1686  loss=3.3399  lr=4.52e-05
step 1687  loss=3.1277  lr=4.52e-05
step 1688  loss=3.4438  lr=4.52e-05
step 1689  loss=3.2639  lr=4.52e-05
step 1690  loss=3.4378  lr=4.52e-05
step 1691  loss=3.4933  lr=4.52e-05
step 1692  loss=3.3347  lr=4.52e-05
step 1693  loss=3.1596  lr=4.51e-05
step 1694  loss=3.3365  lr=4.51e-05
step 1695  loss=3.1733  lr=4.51e-05
step 1696  loss=3.3565  lr=4.51e-05
step 1697  loss=3.3026  lr=4.51e-05
step 1698  loss=3.2816  lr=4.51e-05
step 1699  loss=3.3597  lr=4.51e-05
step 1700  loss=3.3257  lr=4.51e-05
step 1701  loss=3.1751  lr=4.51e-05
step 1702  loss=3.3328  lr=4.51e-05
step 1703  loss=3.3148  lr=4.51e-05
step 1704  loss=3.1859  lr=4.51e-05
step 1705  loss=3.1993  lr=4.51e-05
step 1706  loss=3.2880  lr=4.51e-05
step 1707  loss=3.1449  lr=4.51e-05
step 1708  loss=3.2886  lr=4.51e-05
step 1709  loss=3.4467  lr=4.51e-05
step 1710  loss=3.4692  lr=4.50e-05
step 1711  loss=3.4691  lr=4.50e-05
step 1712  loss=3.5032  lr=4.50e-05
step 1713  loss=3.3489  lr=4.50e-05
step 1714  loss=3.3363  lr=4.50e-05
step 1715  loss=3.3986  lr=4.50e-05
step 1716  loss=3.5416  lr=4.50e-05
step 1717  loss=3.5597  lr=4.50e-05
step 1718  loss=3.4433  lr=4.50e-05
step 1719  loss=3.3037  lr=4.50e-05
step 1720  loss=3.3325  lr=4.50e-05
step 1721  loss=3.2917  lr=4.50e-05
step 1722  loss=3.2062  lr=4.50e-05
step 1723  loss=3.3003  lr=4.50e-05
step 1724  loss=3.2468  lr=4.50e-05
step 1725  loss=3.2345  lr=4.50e-05
step 1726  loss=3.5579  lr=4.50e-05
step 1727  loss=3.1721  lr=4.49e-05
step 1728  loss=3.3994  lr=4.49e-05
step 1729  loss=3.2904  lr=4.49e-05
step 1730  loss=3.0002  lr=4.49e-05
step 1731  loss=3.3856  lr=4.49e-05
step 1732  loss=3.2010  lr=4.49e-05
step 1733  loss=3.4240  lr=4.49e-05
step 1734  loss=3.1802  lr=4.49e-05
step 1735  loss=3.3057  lr=4.49e-05
step 1736  loss=3.4380  lr=4.49e-05
step 1737  loss=2.9727  lr=4.49e-05
step 1738  loss=3.3921  lr=4.49e-05
step 1739  loss=3.4871  lr=4.49e-05
step 1740  loss=3.5456  lr=4.49e-05
step 1741  loss=3.4346  lr=4.49e-05
step 1742  loss=3.3406  lr=4.49e-05
step 1743  loss=3.2948  lr=4.49e-05
step 1744  loss=3.4556  lr=4.48e-05
step 1745  loss=3.2988  lr=4.48e-05
step 1746  loss=3.0211  lr=4.48e-05
step 1747  loss=3.2538  lr=4.48e-05
step 1748  loss=3.3821  lr=4.48e-05
step 1749  loss=3.1010  lr=4.48e-05
step 1750  loss=3.1900  lr=4.48e-05
step 1751  loss=3.5755  lr=4.48e-05
step 1752  loss=3.3096  lr=4.48e-05
step 1753  loss=3.4206  lr=4.48e-05
step 1754  loss=3.2457  lr=4.48e-05
step 1755  loss=3.4591  lr=4.48e-05
step 1756  loss=3.2791  lr=4.48e-05
step 1757  loss=3.3173  lr=4.48e-05
step 1758  loss=3.3203  lr=4.48e-05
step 1759  loss=3.2913  lr=4.48e-05
step 1760  loss=3.3995  lr=4.47e-05
step 1761  loss=3.3114  lr=4.47e-05
step 1762  loss=3.3529  lr=4.47e-05
step 1763  loss=3.4564  lr=4.47e-05
step 1764  loss=3.2771  lr=4.47e-05
step 1765  loss=3.3206  lr=4.47e-05
step 1766  loss=3.3289  lr=4.47e-05
step 1767  loss=3.5601  lr=4.47e-05
step 1768  loss=3.3401  lr=4.47e-05
step 1769  loss=3.3581  lr=4.47e-05
step 1770  loss=3.1790  lr=4.47e-05
step 1771  loss=3.1286  lr=4.47e-05
step 1772  loss=3.2946  lr=4.47e-05
step 1773  loss=3.2377  lr=4.47e-05
step 1774  loss=3.1035  lr=4.47e-05
step 1775  loss=3.3406  lr=4.47e-05
step 1776  loss=3.3499  lr=4.46e-05
step 1777  loss=3.2134  lr=4.46e-05
step 1778  loss=3.2329  lr=4.46e-05
step 1779  loss=3.3708  lr=4.46e-05
step 1780  loss=3.1804  lr=4.46e-05
step 1781  loss=3.3873  lr=4.46e-05
step 1782  loss=3.6055  lr=4.46e-05
step 1783  loss=3.2205  lr=4.46e-05
step 1784  loss=3.3542  lr=4.46e-05
step 1785  loss=3.5489  lr=4.46e-05
step 1786  loss=3.1318  lr=4.46e-05
step 1787  loss=3.5792  lr=4.46e-05
step 1788  loss=3.2221  lr=4.46e-05
step 1789  loss=3.5030  lr=4.46e-05
step 1790  loss=3.1123  lr=4.46e-05
step 1791  loss=3.3864  lr=4.46e-05
step 1792  loss=2.9209  lr=4.46e-05
step 1793  loss=3.2115  lr=4.45e-05
step 1794  loss=3.3801  lr=4.45e-05
step 1795  loss=3.4883  lr=4.45e-05
step 1796  loss=3.5380  lr=4.45e-05
step 1797  loss=3.3147  lr=4.45e-05
step 1798  loss=3.1363  lr=4.45e-05
step 1799  loss=3.2213  lr=4.45e-05
step 1800  loss=3.2066  lr=4.45e-05
step 1801  loss=3.2677  lr=4.45e-05
step 1802  loss=3.5143  lr=4.45e-05
step 1803  loss=3.1785  lr=4.45e-05
step 1804  loss=3.4239  lr=4.45e-05
step 1805  loss=3.1587  lr=4.45e-05
step 1806  loss=3.4158  lr=4.45e-05
step 1807  loss=3.4094  lr=4.45e-05
step 1808  loss=3.2129  lr=4.45e-05
step 1809  loss=3.3421  lr=4.44e-05
step 1810  loss=3.3591  lr=4.44e-05
step 1811  loss=3.2105  lr=4.44e-05
step 1812  loss=3.1592  lr=4.44e-05
step 1813  loss=3.3142  lr=4.44e-05
step 1814  loss=3.2795  lr=4.44e-05
step 1815  loss=3.2809  lr=4.44e-05
step 1816  loss=3.4692  lr=4.44e-05
step 1817  loss=3.1264  lr=4.44e-05
step 1818  loss=3.1702  lr=4.44e-05
step 1819  loss=3.0011  lr=4.44e-05
step 1820  loss=3.3119  lr=4.44e-05
step 1821  loss=3.1996  lr=4.44e-05
step 1822  loss=3.2060  lr=4.44e-05
step 1823  loss=3.1613  lr=4.44e-05
step 1824  loss=3.1453  lr=4.44e-05
step 1825  loss=3.1743  lr=4.43e-05
step 1826  loss=3.3583  lr=4.43e-05
step 1827  loss=3.1885  lr=4.43e-05
step 1828  loss=3.5921  lr=4.43e-05
step 1829  loss=3.2981  lr=4.43e-05
step 1830  loss=3.0347  lr=4.43e-05
step 1831  loss=3.2432  lr=4.43e-05
step 1832  loss=3.3645  lr=4.43e-05
step 1833  loss=3.1998  lr=4.43e-05
step 1834  loss=3.0513  lr=4.43e-05
step 1835  loss=2.9264  lr=4.43e-05
step 1836  loss=3.4366  lr=4.43e-05
step 1837  loss=3.2243  lr=4.43e-05
step 1838  loss=3.2846  lr=4.43e-05
step 1839  loss=3.2344  lr=4.43e-05
step 1840  loss=3.1928  lr=4.43e-05
step 1841  loss=3.2403  lr=4.42e-05
step 1842  loss=3.5578  lr=4.42e-05
step 1843  loss=3.3520  lr=4.42e-05
step 1844  loss=3.1296  lr=4.42e-05
step 1845  loss=3.0272  lr=4.42e-05
step 1846  loss=3.3813  lr=4.42e-05
step 1847  loss=3.1394  lr=4.42e-05
step 1848  loss=3.3990  lr=4.42e-05
step 1849  loss=3.2114  lr=4.42e-05
step 1850  loss=3.2478  lr=4.42e-05
step 1851  loss=3.4041  lr=4.42e-05
step 1852  loss=3.2553  lr=4.42e-05
step 1853  loss=3.2778  lr=4.42e-05
step 1854  loss=3.0562  lr=4.42e-05
step 1855  loss=3.4065  lr=4.42e-05
step 1856  loss=3.1452  lr=4.41e-05
step 1857  loss=3.4749  lr=4.41e-05
step 1858  loss=2.9202  lr=4.41e-05
step 1859  loss=3.1953  lr=4.41e-05
step 1860  loss=3.2820  lr=4.41e-05
step 1861  loss=3.3270  lr=4.41e-05
step 1862  loss=3.3037  lr=4.41e-05
step 1863  loss=3.2613  lr=4.41e-05
step 1864  loss=3.3116  lr=4.41e-05
step 1865  loss=3.4447  lr=4.41e-05
step 1866  loss=3.0715  lr=4.41e-05
step 1867  loss=3.1005  lr=4.41e-05
step 1868  loss=3.1946  lr=4.41e-05
step 1869  loss=3.3924  lr=4.41e-05
step 1870  loss=3.1347  lr=4.41e-05
step 1871  loss=3.2326  lr=4.41e-05
step 1872  loss=3.1625  lr=4.40e-05
step 1873  loss=3.4381  lr=4.40e-05
step 1874  loss=3.2156  lr=4.40e-05
step 1875  loss=3.1540  lr=4.40e-05
step 1876  loss=3.2033  lr=4.40e-05
step 1877  loss=3.1243  lr=4.40e-05
step 1878  loss=3.0866  lr=4.40e-05
step 1879  loss=3.2301  lr=4.40e-05
step 1880  loss=3.0984  lr=4.40e-05
step 1881  loss=2.9620  lr=4.40e-05
step 1882  loss=3.2828  lr=4.40e-05
step 1883  loss=3.4376  lr=4.40e-05
step 1884  loss=3.4133  lr=4.40e-05
step 1885  loss=3.2088  lr=4.40e-05
step 1886  loss=3.4232  lr=4.40e-05
step 1887  loss=3.3392  lr=4.39e-05
step 1888  loss=3.2521  lr=4.39e-05
step 1889  loss=3.2964  lr=4.39e-05
step 1890  loss=3.1937  lr=4.39e-05
step 1891  loss=3.3743  lr=4.39e-05
step 1892  loss=3.0723  lr=4.39e-05
step 1893  loss=3.1201  lr=4.39e-05
step 1894  loss=3.2581  lr=4.39e-05
step 1895  loss=3.1292  lr=4.39e-05
step 1896  loss=3.1340  lr=4.39e-05
step 1897  loss=3.3652  lr=4.39e-05
step 1898  loss=3.3542  lr=4.39e-05
step 1899  loss=3.3612  lr=4.39e-05
step 1900  loss=3.1807  lr=4.39e-05
step 1901  loss=2.9574  lr=4.39e-05
step 1902  loss=3.4473  lr=4.39e-05
step 1903  loss=3.5113  lr=4.38e-05
step 1904  loss=3.1534  lr=4.38e-05
step 1905  loss=3.0304  lr=4.38e-05
step 1906  loss=3.3866  lr=4.38e-05
step 1907  loss=3.3155  lr=4.38e-05
step 1908  loss=3.1466  lr=4.38e-05
step 1909  loss=3.1254  lr=4.38e-05
step 1910  loss=3.0018  lr=4.38e-05
step 1911  loss=3.0761  lr=4.38e-05
step 1912  loss=3.2946  lr=4.38e-05
step 1913  loss=3.1732  lr=4.38e-05
step 1914  loss=3.2464  lr=4.38e-05
step 1915  loss=3.2745  lr=4.38e-05
step 1916  loss=3.5580  lr=4.38e-05
step 1917  loss=3.3262  lr=4.38e-05
step 1918  loss=3.2202  lr=4.37e-05
step 1919  loss=3.4041  lr=4.37e-05
step 1920  loss=3.0276  lr=4.37e-05
step 1921  loss=3.5053  lr=4.37e-05
step 1922  loss=3.1346  lr=4.37e-05
step 1923  loss=3.5282  lr=4.37e-05
step 1924  loss=3.2891  lr=4.37e-05
step 1925  loss=3.4210  lr=4.37e-05
step 1926  loss=3.2068  lr=4.37e-05
step 1927  loss=3.2911  lr=4.37e-05
step 1928  loss=3.5051  lr=4.37e-05
step 1929  loss=3.0070  lr=4.37e-05
step 1930  loss=3.2630  lr=4.37e-05
step 1931  loss=3.4720  lr=4.37e-05
step 1932  loss=3.2562  lr=4.37e-05
step 1933  loss=3.1259  lr=4.36e-05
step 1934  loss=3.2744  lr=4.36e-05
step 1935  loss=3.2107  lr=4.36e-05
step 1936  loss=3.4911  lr=4.36e-05
step 1937  loss=2.8822  lr=4.36e-05
step 1938  loss=2.9901  lr=4.36e-05
step 1939  loss=3.4106  lr=4.36e-05
step 1940  loss=3.3934  lr=4.36e-05
step 1941  loss=3.2022  lr=4.36e-05
step 1942  loss=3.1099  lr=4.36e-05
step 1943  loss=3.3541  lr=4.36e-05
step 1944  loss=3.3772  lr=4.36e-05
step 1945  loss=3.2346  lr=4.36e-05
step 1946  loss=3.1502  lr=4.36e-05
step 1947  loss=3.2255  lr=4.36e-05
step 1948  loss=3.2327  lr=4.35e-05
step 1949  loss=3.2096  lr=4.35e-05
step 1950  loss=3.1402  lr=4.35e-05
step 1951  loss=3.4311  lr=4.35e-05
step 1952  loss=3.2671  lr=4.35e-05
step 1953  loss=3.2450  lr=4.35e-05
step 1954  loss=3.4814  lr=4.35e-05
step 1955  loss=3.4967  lr=4.35e-05
step 1956  loss=3.3961  lr=4.35e-05
step 1957  loss=3.1245  lr=4.35e-05
step 1958  loss=3.0860  lr=4.35e-05
step 1959  loss=3.1673  lr=4.35e-05
step 1960  loss=3.3781  lr=4.35e-05
step 1961  loss=3.0461  lr=4.35e-05
step 1962  loss=2.9577  lr=4.35e-05
step 1963  loss=3.2814  lr=4.34e-05
step 1964  loss=3.2011  lr=4.34e-05
step 1965  loss=3.2672  lr=4.34e-05
step 1966  loss=3.2341  lr=4.34e-05
step 1967  loss=3.2420  lr=4.34e-05
step 1968  loss=3.1913  lr=4.34e-05
step 1969  loss=3.3676  lr=4.34e-05
step 1970  loss=3.1430  lr=4.34e-05
step 1971  loss=3.2528  lr=4.34e-05
step 1972  loss=3.4839  lr=4.34e-05
step 1973  loss=3.2877  lr=4.34e-05
step 1974  loss=3.2299  lr=4.34e-05
step 1975  loss=3.5453  lr=4.34e-05
step 1976  loss=3.4133  lr=4.34e-05
step 1977  loss=3.2925  lr=4.34e-05
step 1978  loss=3.2870  lr=4.33e-05
step 1979  loss=3.4631  lr=4.33e-05
step 1980  loss=3.2926  lr=4.33e-05
step 1981  loss=3.0896  lr=4.33e-05
step 1982  loss=3.3408  lr=4.33e-05
step 1983  loss=3.4113  lr=4.33e-05
step 1984  loss=3.2592  lr=4.33e-05
step 1985  loss=3.4328  lr=4.33e-05
step 1986  loss=3.1988  lr=4.33e-05
step 1987  loss=3.1265  lr=4.33e-05
step 1988  loss=3.2241  lr=4.33e-05
step 1989  loss=3.1358  lr=4.33e-05
step 1990  loss=3.1786  lr=4.33e-05
step 1991  loss=3.0756  lr=4.33e-05
step 1992  loss=3.4805  lr=4.33e-05
step 1993  loss=3.2353  lr=4.32e-05
step 1994  loss=3.2032  lr=4.32e-05
step 1995  loss=3.1103  lr=4.32e-05
step 1996  loss=3.3614  lr=4.32e-05
step 1997  loss=3.0978  lr=4.32e-05
step 1998  loss=3.2904  lr=4.32e-05
step 1999  loss=3.4524  lr=4.32e-05
step 2000  loss=3.1772  lr=4.32e-05
step 2001  loss=3.0556  lr=4.32e-05
step 2002  loss=3.3464  lr=4.32e-05
step 2003  loss=3.4116  lr=4.32e-05
step 2004  loss=3.2378  lr=4.32e-05
step 2005  loss=3.1540  lr=4.32e-05
step 2006  loss=3.1601  lr=4.32e-05
step 2007  loss=3.1357  lr=4.31e-05
step 2008  loss=3.1745  lr=4.31e-05
step 2009  loss=3.0275  lr=4.31e-05
step 2010  loss=3.2583  lr=4.31e-05
step 2011  loss=2.9140  lr=4.31e-05
step 2012  loss=3.0334  lr=4.31e-05
step 2013  loss=3.2416  lr=4.31e-05
step 2014  loss=3.1126  lr=4.31e-05
step 2015  loss=3.1195  lr=4.31e-05
step 2016  loss=3.2517  lr=4.31e-05
step 2017  loss=3.2879  lr=4.31e-05
step 2018  loss=3.5458  lr=4.31e-05
step 2019  loss=3.4612  lr=4.31e-05
step 2020  loss=3.2829  lr=4.31e-05
step 2021  loss=3.0787  lr=4.31e-05
step 2022  loss=3.1217  lr=4.30e-05
step 2023  loss=3.0805  lr=4.30e-05
step 2024  loss=3.1795  lr=4.30e-05
step 2025  loss=3.3433  lr=4.30e-05
step 2026  loss=3.2373  lr=4.30e-05
step 2027  loss=3.2276  lr=4.30e-05
step 2028  loss=3.4431  lr=4.30e-05
step 2029  loss=3.0214  lr=4.30e-05
step 2030  loss=2.9451  lr=4.30e-05
step 2031  loss=3.1139  lr=4.30e-05
step 2032  loss=3.1976  lr=4.30e-05
step 2033  loss=3.2191  lr=4.30e-05
step 2034  loss=3.3687  lr=4.30e-05
step 2035  loss=3.1148  lr=4.30e-05
step 2036  loss=3.1366  lr=4.29e-05
step 2037  loss=3.1921  lr=4.29e-05
step 2038  loss=3.1435  lr=4.29e-05
step 2039  loss=3.3978  lr=4.29e-05
step 2040  loss=3.2118  lr=4.29e-05
step 2041  loss=3.3191  lr=4.29e-05
step 2042  loss=3.1762  lr=4.29e-05
step 2043  loss=3.1746  lr=4.29e-05
step 2044  loss=3.1862  lr=4.29e-05
step 2045  loss=3.2374  lr=4.29e-05
step 2046  loss=3.0958  lr=4.29e-05
step 2047  loss=3.4886  lr=4.29e-05
step 2048  loss=3.1730  lr=4.29e-05
step 2049  loss=3.1496  lr=4.29e-05
step 2050  loss=3.1249  lr=4.29e-05
step 2051  loss=3.1743  lr=4.28e-05
step 2052  loss=3.2515  lr=4.28e-05
step 2053  loss=3.2467  lr=4.28e-05
step 2054  loss=3.1322  lr=4.28e-05
step 2055  loss=3.2645  lr=4.28e-05
step 2056  loss=3.0973  lr=4.28e-05
step 2057  loss=3.1710  lr=4.28e-05
step 2058  loss=3.0245  lr=4.28e-05
step 2059  loss=3.3225  lr=4.28e-05
step 2060  loss=3.1354  lr=4.28e-05
step 2061  loss=3.2463  lr=4.28e-05
step 2062  loss=3.1120  lr=4.28e-05
step 2063  loss=3.4778  lr=4.28e-05
step 2064  loss=3.1760  lr=4.28e-05
step 2065  loss=3.6502  lr=4.27e-05
step 2066  loss=3.2888  lr=4.27e-05
step 2067  loss=3.2970  lr=4.27e-05
step 2068  loss=2.9286  lr=4.27e-05
step 2069  loss=3.2711  lr=4.27e-05
step 2070  loss=3.3346  lr=4.27e-05
step 2071  loss=3.2241  lr=4.27e-05
step 2072  loss=3.1668  lr=4.27e-05
step 2073  loss=3.2684  lr=4.27e-05
step 2074  loss=3.1183  lr=4.27e-05
step 2075  loss=3.4923  lr=4.27e-05
step 2076  loss=3.4089  lr=4.27e-05
step 2077  loss=3.4011  lr=4.27e-05
step 2078  loss=3.4307  lr=4.27e-05
step 2079  loss=3.1965  lr=4.26e-05
step 2080  loss=3.3953  lr=4.26e-05
step 2081  loss=3.2758  lr=4.26e-05
step 2082  loss=3.0570  lr=4.26e-05
step 2083  loss=2.9984  lr=4.26e-05
step 2084  loss=3.1958  lr=4.26e-05
step 2085  loss=3.2124  lr=4.26e-05
step 2086  loss=2.9465  lr=4.26e-05
step 2087  loss=3.1616  lr=4.26e-05
step 2088  loss=3.2634  lr=4.26e-05
step 2089  loss=3.2656  lr=4.26e-05
step 2090  loss=3.4800  lr=4.26e-05
step 2091  loss=3.2674  lr=4.26e-05
step 2092  loss=3.2826  lr=4.26e-05
step 2093  loss=3.1751  lr=4.26e-05
step 2094  loss=2.8407  lr=4.25e-05
step 2095  loss=3.1051  lr=4.25e-05
step 2096  loss=3.0471  lr=4.25e-05
step 2097  loss=3.1240  lr=4.25e-05
step 2098  loss=3.6001  lr=4.25e-05
step 2099  loss=3.1678  lr=4.25e-05
step 2100  loss=3.3384  lr=4.25e-05
step 2101  loss=3.2330  lr=4.25e-05
step 2102  loss=3.7926  lr=4.25e-05
step 2103  loss=3.2438  lr=4.25e-05
step 2104  loss=3.1184  lr=4.25e-05
step 2105  loss=3.2681  lr=4.25e-05
step 2106  loss=3.1837  lr=4.25e-05
step 2107  loss=3.3032  lr=4.25e-05
step 2108  loss=3.1905  lr=4.24e-05
step 2109  loss=3.1919  lr=4.24e-05
step 2110  loss=3.1217  lr=4.24e-05
step 2111  loss=3.2181  lr=4.24e-05
step 2112  loss=3.2427  lr=4.24e-05
step 2113  loss=3.0779  lr=4.24e-05
step 2114  loss=3.2548  lr=4.24e-05
step 2115  loss=3.1137  lr=4.24e-05
step 2116  loss=3.1995  lr=4.24e-05
step 2117  loss=3.3351  lr=4.24e-05
step 2118  loss=3.1576  lr=4.24e-05
step 2119  loss=3.4125  lr=4.24e-05
step 2120  loss=3.2243  lr=4.24e-05
step 2121  loss=3.0426  lr=4.24e-05
step 2122  loss=3.3607  lr=4.23e-05
step 2123  loss=3.0630  lr=4.23e-05
step 2124  loss=3.1370  lr=4.23e-05
step 2125  loss=3.3583  lr=4.23e-05
step 2126  loss=3.1417  lr=4.23e-05
step 2127  loss=3.0621  lr=4.23e-05
step 2128  loss=3.1560  lr=4.23e-05
step 2129  loss=3.1427  lr=4.23e-05
step 2130  loss=3.3260  lr=4.23e-05
step 2131  loss=3.2565  lr=4.23e-05
step 2132  loss=3.1125  lr=4.23e-05
step 2133  loss=3.2697  lr=4.23e-05
step 2134  loss=2.8824  lr=4.23e-05
step 2135  loss=3.0096  lr=4.23e-05
step 2136  loss=3.3720  lr=4.22e-05
step 2137  loss=2.9745  lr=4.22e-05
step 2138  loss=3.1477  lr=4.22e-05
step 2139  loss=3.0961  lr=4.22e-05
step 2140  loss=3.2405  lr=4.22e-05
step 2141  loss=3.1456  lr=4.22e-05
step 2142  loss=3.4630  lr=4.22e-05
step 2143  loss=3.0769  lr=4.22e-05
step 2144  loss=3.2655  lr=4.22e-05
step 2145  loss=3.1728  lr=4.22e-05
step 2146  loss=3.2456  lr=4.22e-05
step 2147  loss=2.9629  lr=4.22e-05
step 2148  loss=3.1397  lr=4.22e-05
step 2149  loss=3.2784  lr=4.21e-05
step 2150  loss=3.1813  lr=4.21e-05
step 2151  loss=3.0904  lr=4.21e-05
step 2152  loss=3.2630  lr=4.21e-05
step 2153  loss=3.0953  lr=4.21e-05
step 2154  loss=3.0768  lr=4.21e-05
step 2155  loss=3.1688  lr=4.21e-05
step 2156  loss=3.4029  lr=4.21e-05
step 2157  loss=3.2321  lr=4.21e-05
step 2158  loss=3.4875  lr=4.21e-05
step 2159  loss=3.4168  lr=4.21e-05
step 2160  loss=3.4783  lr=4.21e-05
step 2161  loss=3.2018  lr=4.21e-05
step 2162  loss=3.2352  lr=4.21e-05
step 2163  loss=3.2205  lr=4.20e-05
step 2164  loss=3.3549  lr=4.20e-05
step 2165  loss=3.0803  lr=4.20e-05
step 2166  loss=3.2987  lr=4.20e-05
step 2167  loss=3.1850  lr=4.20e-05
step 2168  loss=2.9612  lr=4.20e-05
step 2169  loss=3.0789  lr=4.20e-05
step 2170  loss=3.2689  lr=4.20e-05
step 2171  loss=3.1539  lr=4.20e-05
step 2172  loss=3.1834  lr=4.20e-05
losses: [10.8846, 10.8972, 10.9134, 10.8867, 10.8867, 10.8596, 10.8921, 10.8746, 10.864, 10.8508, 10.8338, 10.8382, 10.8418, 10.7922, 10.7933, 10.7797, 10.7795, 10.7632, 10.76, 10.7056, 10.7196, 10.7062, 10.6659, 10.6263, 10.6079, 10.6306, 10.5936, 10.5661, 10.4939, 10.4735, 10.4974, 10.4513, 10.4775, 10.3611, 10.403, 10.341, 10.3084, 10.3431, 10.2749, 10.2212, 10.1652, 10.2278, 10.1664, 10.1382, 10.058, 10.0212, 10.0615, 10.0994, 10.0994, 10.0282, 10.0137, 9.9485, 9.9396, 9.8473, 9.8738, 9.8838, 9.8134, 9.8354, 9.7482, 9.8, 9.7812, 9.5834, 9.695, 9.6155, 9.5598, 9.611, 9.4274, 9.561, 9.565, 9.419, 9.5071, 9.3679, 9.3625, 9.2129, 9.285, 9.1432, 9.189, 9.1228, 9.0585, 9.155, 8.842, 8.7836, 8.8813, 8.7274, 8.8764, 8.856, 8.646, 8.5685, 8.6008, 8.596, 8.5293, 8.4048, 8.4752, 8.3656, 8.2308, 8.2061, 8.1102, 8.1831, 8.227, 8.0078, 7.9192, 8.1121, 8.048, 8.2118, 7.6932, 7.7641, 7.8889, 7.5572, 7.7568, 7.7253, 7.4926, 7.6455, 7.4934, 7.4825, 7.3221, 7.3171, 7.4367, 7.4552, 7.6144, 7.2109, 7.3735, 7.0509, 7.0615, 7.1708, 7.14, 7.1207, 7.1016, 7.1163, 6.8654, 7.0033, 7.0742, 6.9924, 6.7561, 6.6896, 6.678, 6.7793, 6.8285, 6.5126, 6.6698, 6.4682, 6.5722, 6.6172, 6.3535, 6.6117, 6.5171, 6.5474, 6.3722, 6.5337, 6.3286, 6.229, 6.246, 6.1104, 6.1779, 6.0331, 6.256, 6.2155, 6.1514, 5.9937, 5.9253, 6.0787, 5.9468, 6.1879, 6.0044, 5.8785, 5.8492, 5.8337, 5.7469, 5.7558, 5.8969, 5.6468, 5.79, 5.7405, 5.6734, 5.6217, 5.7809, 5.4927, 5.8107, 5.7342, 5.6268, 5.5647, 5.6883, 5.7202, 5.5201, 5.4631, 5.4204, 5.6794, 5.3608, 5.6942, 5.4606, 5.5422, 5.5464, 5.4703, 5.2693, 5.0165, 5.2213, 5.2726, 5.4953, 5.3586, 5.4398, 5.3777, 5.2718, 5.1243, 5.1771, 5.2599, 5.1493, 5.2999, 5.2141, 5.2332, 5.4122, 5.2557, 4.9755, 5.281, 5.1486, 5.0046, 5.1114, 5.2184, 5.0281, 5.237, 5.0093, 5.0878, 5.1983, 5.3038, 4.8883, 5.0102, 4.99, 5.0695, 4.9968, 4.9238, 4.9663, 5.1349, 5.013, 4.8836, 4.8223, 4.7026, 4.8755, 5.0122, 4.8871, 4.9494, 4.9355, 4.9412, 5.0314, 4.8273, 4.9429, 5.0265, 4.8422, 4.8875, 4.7997, 4.8484, 4.8574, 4.9037, 4.7139, 4.9967, 4.7101, 4.9163, 4.7652, 4.7956, 4.6858, 4.7627, 4.796, 4.6694, 5.0084, 4.7351, 4.8408, 4.8628, 4.5427, 4.8024, 4.7424, 4.8965, 4.8129, 4.6266, 4.9495, 4.7517, 4.6695, 4.5799, 4.486, 4.7545, 4.7774, 4.7984, 4.7356, 4.7922, 4.7235, 4.6477, 4.5346, 4.4985, 4.7823, 4.6595, 4.702, 4.6559, 4.7329, 4.5665, 4.5933, 4.5107, 4.699, 4.6586, 4.6649, 4.6584, 4.6343, 4.6622, 4.7551, 4.6682, 4.5508, 4.6103, 4.3408, 4.6211, 4.6659, 4.4681, 4.3276, 4.6164, 4.3874, 4.7402, 4.5153, 4.5307, 4.5425, 4.5475, 4.4133, 4.4227, 4.5718, 4.4553, 4.5709, 4.5383, 4.4704, 4.7643, 4.2928, 4.5608, 4.6692, 4.5483, 4.4792, 4.4063, 4.3495, 4.3415, 4.4966, 4.608, 4.416, 4.5986, 4.7398, 4.5502, 4.5385, 4.318, 4.5231, 4.5199, 4.5318, 4.474, 4.5661, 4.4552, 4.5221, 4.2197, 4.331, 4.5327, 4.357, 4.4569, 4.4858, 4.2569, 4.2535, 4.3997, 4.4462, 4.3064, 4.4151, 4.3777, 4.4798, 4.4531, 4.4875, 4.1871, 4.2848, 4.1856, 4.3753, 4.3403, 4.4112, 4.3909, 4.4715, 4.3118, 4.4501, 4.1634, 4.6248, 4.3449, 4.4741, 4.3227, 4.2983, 4.5786, 4.4496, 4.2796, 4.4182, 4.1566, 4.2909, 4.1693, 4.4201, 4.1474, 4.5111, 4.2769, 4.2662, 4.2262, 4.2003, 4.103, 4.2939, 4.3406, 4.4177, 4.3483, 4.2963, 4.1775, 4.2357, 4.3376, 4.3249, 4.4475, 4.1068, 4.2265, 4.2484, 4.2226, 4.2814, 4.3036, 4.2222, 4.2977, 4.2597, 4.1044, 4.2635, 4.2527, 4.1232, 4.2689, 4.3719, 4.3799, 4.0849, 4.3657, 4.1804, 4.1708, 4.2057, 4.2491, 4.176, 4.0748, 4.1579, 4.2327, 4.2924, 4.2557, 4.6097, 4.3647, 4.1581, 4.1252, 4.3962, 4.0757, 4.3022, 4.3157, 4.0613, 4.2888, 4.0414, 4.3614, 4.1661, 4.1745, 4.0861, 4.3426, 4.0712, 4.3083, 4.1363, 4.1863, 4.3387, 4.222, 4.2822, 4.1453, 3.9768, 4.1405, 4.4992, 4.102, 4.1272, 4.2869, 4.396, 4.1162, 4.0704, 4.3362, 4.0249, 4.0906, 4.2546, 4.407, 4.1016, 4.1302, 4.2147, 4.2607, 4.2489, 4.2192, 4.1777, 4.2319, 4.1457, 4.1968, 4.142, 4.1408, 4.1126, 4.2487, 4.0114, 4.317, 4.2263, 4.299, 4.139, 4.1526, 4.287, 4.2248, 4.1629, 4.0089, 4.2004, 4.2135, 4.0427, 4.213, 4.0295, 4.0647, 4.0802, 4.1241, 4.2529, 4.1002, 4.1529, 4.1775, 4.1124, 4.1863, 4.3643, 4.0206, 4.1617, 4.3383, 4.0454, 3.9771, 3.9002, 3.8405, 4.0853, 4.4671, 3.9667, 4.1444, 4.1267, 4.0971, 4.005, 3.9747, 3.9458, 3.8871, 4.0627, 4.1421, 4.0562, 3.8635, 4.0215, 4.1117, 3.9196, 3.9193, 4.2159, 3.7379, 4.0447, 3.8463, 4.2131, 4.2483, 4.0163, 4.0213, 4.013, 3.9301, 4.3476, 4.0851, 4.0532, 4.1016, 3.7014, 4.0748, 4.1804, 3.9564, 3.8022, 3.8766, 4.1716, 3.7508, 4.0388, 4.2346, 3.872, 4.1047, 4.2664, 4.1025, 3.8527, 4.1417, 4.196, 3.7772, 4.2481, 3.7592, 4.0003, 4.1809, 3.9144, 4.036, 3.9284, 3.7832, 3.9045, 3.9226, 4.1758, 3.7841, 3.8166, 4.2592, 3.97, 3.9531, 4.2597, 4.1829, 3.8449, 3.9015, 3.9363, 4.2604, 3.9586, 4.0603, 3.9822, 4.1109, 4.0662, 3.9789, 4.0157, 3.8817, 4.1005, 3.8337, 3.9367, 4.1054, 3.9261, 4.1346, 4.044, 3.8649, 3.9752, 4.0245, 3.9537, 3.8268, 4.1484, 4.1034, 3.8963, 3.8283, 3.9193, 4.0269, 3.9098, 3.7188, 4.0224, 3.9276, 4.0588, 4.0458, 3.9077, 4.2215, 3.8819, 3.9581, 3.9524, 4.0628, 3.7134, 4.0277, 3.8864, 3.9912, 3.7172, 3.8281, 4.0675, 4.1962, 3.9462, 4.033, 4.0849, 3.9146, 4.111, 3.9423, 4.054, 4.0172, 3.7909, 3.975, 3.9349, 3.841, 3.936, 3.8259, 3.9736, 3.8154, 4.1042, 3.6929, 3.8777, 3.694, 3.8622, 3.8764, 4.077, 4.0371, 3.7309, 4.0996, 4.0666, 3.8244, 3.7606, 3.7839, 3.8394, 3.8437, 3.913, 4.0115, 4.0465, 4.0005, 3.9445, 3.8206, 3.6292, 4.0338, 3.7388, 3.9564, 3.85, 3.9895, 4.0515, 3.9946, 3.6937, 3.7456, 4.0766, 3.8397, 3.869, 4.0812, 3.8542, 3.9647, 3.6713, 3.8883, 3.6922, 3.8671, 3.7665, 3.8511, 3.8201, 3.8764, 3.9358, 4.0559, 3.9912, 4.0404, 3.661, 3.8451, 3.9663, 4.0448, 4.1961, 3.7849, 3.9946, 4.1337, 3.8778, 3.8109, 3.9365, 3.8156, 3.7301, 3.7867, 3.9757, 3.9319, 3.8413, 3.8622, 3.8755, 4.0117, 3.6159, 3.8924, 3.6962, 3.7718, 3.8329, 4.0073, 3.793, 3.8849, 3.8017, 3.9579, 3.7742, 3.8241, 3.906, 3.8015, 3.721, 3.8353, 3.7846, 3.8985, 3.8734, 3.8542, 3.9452, 3.7234, 3.7571, 3.6572, 3.7801, 3.7591, 3.9042, 3.7626, 3.6098, 3.829, 3.6205, 3.9878, 3.867, 3.5983, 3.9659, 3.6761, 3.7932, 3.6157, 3.7847, 4.0079, 3.9721, 3.5971, 4.0283, 3.7442, 3.599, 3.854, 3.8393, 3.796, 4.0085, 3.4726, 3.763, 3.9541, 3.706, 3.8847, 3.8587, 3.7592, 3.6876, 3.7408, 4.0234, 3.7436, 3.9625, 3.9316, 3.7285, 3.6651, 4.0242, 3.6556, 3.871, 3.7469, 3.7594, 4.0705, 3.3947, 3.6353, 3.7823, 3.5216, 3.558, 3.7222, 3.7816, 3.7326, 3.7003, 3.5897, 3.691, 3.8434, 3.8811, 3.897, 3.8758, 3.7687, 3.7024, 3.7829, 3.8388, 3.6627, 3.8205, 3.5545, 3.7883, 3.7006, 3.804, 3.8292, 3.6755, 3.8243, 3.9012, 3.9514, 3.9847, 3.7201, 3.7438, 3.6513, 3.7516, 3.7279, 3.6133, 3.8655, 3.7762, 3.7192, 3.9454, 3.8494, 3.8066, 3.6873, 3.6601, 3.661, 3.4667, 3.6945, 3.7497, 3.7363, 3.7997, 3.5115, 3.7329, 3.5449, 3.8363, 3.753, 3.605, 3.869, 3.5496, 3.6103, 3.6175, 3.7553, 3.7292, 3.7176, 3.6306, 3.6277, 3.6167, 3.672, 3.6666, 3.5397, 3.6426, 3.9372, 3.6827, 3.8409, 3.7091, 3.7743, 3.735, 3.7879, 3.9805, 3.6733, 3.5307, 3.7565, 3.9464, 3.5692, 3.7789, 3.8131, 3.8105, 3.6003, 3.857, 4.0024, 3.6193, 4.0222, 3.8434, 3.6123, 3.616, 3.4696, 3.8525, 3.5833, 3.4477, 3.782, 3.9197, 3.6775, 3.8649, 3.6928, 3.7449, 3.8451, 3.4012, 3.5243, 3.7854, 3.5277, 3.9357, 3.8597, 3.7172, 3.8294, 3.6897, 3.6815, 3.7238, 3.8535, 3.7539, 3.728, 3.5112, 3.561, 3.6806, 3.6043, 3.7182, 3.5271, 3.6757, 3.6623, 3.665, 3.8479, 3.5091, 3.8609, 3.6175, 3.447, 3.6052, 3.5476, 3.6439, 3.613, 3.5798, 3.4839, 3.7106, 3.301, 3.757, 3.6813, 3.6915, 3.428, 3.6169, 3.6918, 3.7461, 3.4052, 3.7573, 3.5008, 3.9621, 3.6076, 3.6433, 3.5747, 3.9065, 3.6148, 3.6492, 3.5888, 3.4002, 3.8896, 3.6574, 3.609, 3.5986, 3.6327, 3.7191, 3.361, 3.6155, 3.64, 3.6176, 3.6505, 3.5371, 3.804, 3.7392, 3.7203, 3.5302, 3.6378, 3.638, 3.2561, 3.6718, 3.666, 3.5389, 3.9672, 3.7835, 3.3518, 3.8373, 3.4278, 3.6231, 3.3627, 3.7232, 3.5489, 3.7676, 3.5772, 3.5842, 3.5868, 3.6818, 3.4457, 3.3067, 3.8931, 3.5543, 3.7406, 3.3606, 3.7046, 3.5933, 3.419, 3.6721, 3.5682, 3.4834, 3.4765, 3.505, 3.5265, 3.5444, 3.6652, 3.6636, 4.0251, 3.6954, 3.5937, 3.5547, 3.7053, 3.7042, 3.8541, 3.601, 3.449, 3.7065, 3.6104, 3.5494, 3.8648, 3.6934, 3.7251, 3.493, 3.6841, 3.7651, 3.8308, 3.7712, 3.4384, 3.4571, 3.472, 3.7158, 3.4152, 3.3848, 3.5342, 3.4127, 3.4772, 3.5082, 3.5542, 3.3504, 3.4708, 3.5534, 3.6217, 3.4939, 3.7407, 3.6562, 3.8025, 3.4695, 3.3242, 3.6054, 3.61, 3.6966, 3.6025, 3.4786, 3.7289, 3.5356, 3.8542, 3.4266, 3.7364, 3.4788, 3.5654, 3.6153, 3.614, 3.5235, 3.5497, 3.5904, 3.6472, 3.6292, 3.8218, 3.4981, 3.8707, 3.4194, 3.5421, 3.6237, 3.3059, 3.9072, 3.6705, 3.7002, 3.5694, 3.4322, 3.3396, 3.6017, 3.617, 3.5292, 3.483, 3.5324, 3.7614, 3.3995, 3.4409, 3.5621, 3.6434, 3.3437, 3.4884, 3.6743, 3.6356, 3.5988, 3.7905, 3.7987, 3.5747, 3.7494, 3.5692, 3.5837, 3.4776, 3.3711, 3.2542, 3.272, 3.6182, 3.5912, 3.6961, 3.5869, 3.8271, 3.4087, 3.7265, 3.5407, 3.4216, 3.6256, 3.4455, 3.7507, 3.5339, 3.5652, 3.5393, 3.6222, 3.5036, 3.6411, 3.6059, 3.6131, 3.3085, 3.4574, 3.4244, 3.6613, 3.3116, 3.6061, 3.4952, 3.414, 3.6111, 3.8918, 3.4636, 3.5329, 3.4906, 3.4559, 3.4017, 3.555, 3.7424, 3.8426, 3.5964, 3.725, 3.7843, 3.7236, 3.3139, 3.4693, 3.5813, 3.3444, 3.4666, 3.6188, 3.6186, 3.6052, 3.5224, 3.6533, 3.5031, 3.4528, 3.3054, 3.6378, 3.3584, 3.3862, 3.5465, 3.5403, 3.4111, 3.5975, 3.5522, 3.4745, 3.7068, 3.3443, 3.4421, 3.3308, 3.6641, 3.7014, 3.7394, 3.239, 3.5707, 3.6173, 3.4569, 3.7178, 3.3357, 3.5031, 3.5457, 3.7024, 3.5427, 3.5537, 3.4572, 3.5014, 3.3489, 3.5576, 3.3233, 3.4993, 3.6768, 3.6422, 3.5126, 3.7365, 3.6628, 3.5987, 3.5813, 3.6488, 3.5605, 3.6163, 3.2704, 3.6599, 3.5387, 3.398, 3.6263, 3.6643, 3.1852, 3.5103, 3.7655, 3.5591, 3.5438, 3.5038, 3.6754, 3.563, 3.6063, 3.4453, 3.3955, 3.3697, 3.3449, 3.5763, 3.387, 3.7134, 3.6319, 3.2829, 3.3978, 3.2109, 3.253, 3.5837, 3.3005, 3.41, 3.8077, 3.6025, 3.4813, 3.5009, 3.4347, 3.5754, 3.5782, 3.6157, 3.3799, 3.4685, 3.5337, 3.3586, 3.3881, 3.3888, 3.5036, 3.4292, 3.2385, 3.3679, 3.4249, 3.4808, 3.3447, 3.2341, 3.3865, 3.4458, 3.4773, 3.3147, 3.351, 3.8685, 3.5394, 3.4417, 3.4068, 3.3449, 3.497, 3.428, 3.4164, 3.408, 3.4263, 3.4125, 3.6619, 3.5148, 3.753, 3.4482, 3.5451, 3.3679, 3.4303, 3.5047, 3.5038, 3.4511, 3.5199, 3.6961, 3.3227, 3.3653, 3.1987, 3.5077, 3.3708, 3.4587, 3.4841, 3.2452, 3.585, 3.2782, 3.2943, 3.3335, 3.3557, 3.5314, 3.3732, 3.6318, 3.5303, 3.2136, 3.4727, 3.4492, 3.5713, 3.6087, 3.566, 3.4544, 3.6929, 3.3763, 3.4789, 3.6383, 3.5222, 3.7855, 3.2274, 3.7128, 3.2864, 3.5639, 3.528, 3.5089, 3.7645, 3.5398, 3.3355, 3.5177, 3.4362, 3.2997, 3.3972, 3.3943, 3.4811, 3.4718, 3.162, 3.3866, 3.4677, 3.4382, 3.6091, 3.4207, 3.3219, 3.3216, 3.3844, 3.3004, 3.3244, 3.3792, 3.4799, 3.1721, 3.3553, 3.5037, 3.2972, 3.2042, 3.4349, 3.7248, 3.3427, 3.4058, 3.4262, 3.1386, 3.4932, 3.2365, 3.5651, 3.4077, 3.3007, 3.3237, 3.4454, 3.4239, 3.5307, 3.4031, 3.2252, 3.3502, 3.3639, 3.5544, 3.7031, 3.4022, 3.2863, 3.4598, 3.4064, 3.3681, 3.3242, 3.5591, 3.2617, 3.4909, 3.5021, 3.385, 3.5096, 3.4595, 3.5447, 3.4822, 3.3839, 3.388, 3.4593, 3.2756, 3.5075, 3.4541, 3.4624, 3.4104, 3.3038, 3.2978, 3.2862, 3.519, 3.4039, 3.5056, 3.6479, 3.3995, 3.507, 3.5044, 3.2109, 3.4424, 3.1606, 3.5274, 3.664, 3.4225, 3.2432, 3.5094, 3.3621, 3.4106, 3.2648, 3.3852, 3.5058, 3.2893, 3.1788, 3.6352, 3.139, 3.3848, 3.151, 3.459, 3.3691, 3.5208, 3.524, 3.61, 3.364, 3.3571, 3.2554, 3.608, 3.3773, 3.4384, 3.4738, 3.3757, 3.3369, 3.2073, 3.118, 3.269, 3.4126, 3.5891, 3.1107, 3.3433, 3.4499, 3.435, 3.4611, 3.4415, 3.5618, 3.373, 3.3814, 3.2609, 3.1651, 3.3342, 3.6255, 3.5326, 3.1973, 3.3936, 3.242, 3.0928, 3.5613, 3.6006, 3.3916, 3.4381, 3.4727, 3.4881, 3.3055, 3.4284, 3.3905, 3.3455, 3.4746, 3.4283, 3.2064, 3.4812, 3.4354, 3.2104, 3.7198, 3.2957, 3.3944, 3.3472, 3.4613, 3.1159, 3.7636, 3.603, 3.4909, 3.4903, 3.4001, 3.5721, 3.4912, 3.3974, 3.4972, 3.2934, 3.4907, 3.287, 3.5242, 3.4959, 3.3604, 3.4565, 3.5304, 3.276, 3.6187, 3.4357, 3.2204, 3.4797, 3.2255, 3.4371, 3.552, 3.3256, 3.423, 3.5542, 3.4013, 3.3462, 3.2356, 3.4896, 3.4787, 3.3868, 3.4503, 3.491, 3.4557, 3.3145, 3.2854, 3.1787, 3.4427, 3.4856, 3.376, 3.4613, 3.4136, 3.5251, 3.3088, 3.3621, 3.2044, 3.5746, 3.164, 3.2381, 3.2683, 3.5338, 3.5736, 3.0428, 3.289, 3.152, 3.1331, 3.3206, 3.161, 3.4861, 3.4098, 3.388, 3.3436, 3.4936, 3.2571, 3.5844, 3.5707, 3.6009, 3.5353, 3.7151, 3.3362, 3.4987, 3.214, 3.4161, 3.29, 3.396, 3.4174, 3.6187, 3.4214, 3.1819, 3.6884, 3.3566, 3.0944, 3.2094, 3.3489, 3.5935, 3.4199, 3.3181, 3.3304, 3.0449, 3.1947, 3.4351, 3.4239, 3.2813, 3.3006, 3.3598, 3.0371, 3.3161, 3.1649, 3.4046, 3.0044, 3.4169, 3.3115, 3.4784, 3.6527, 3.2972, 3.4587, 3.2441, 3.1739, 3.2432, 3.6386, 3.3451, 3.2435, 3.5394, 3.4386, 3.3204, 3.0898, 3.2717, 3.2097, 3.3196, 3.3424, 3.4009, 3.4959, 3.2367, 3.251, 3.1756, 3.2906, 3.1201, 3.3555, 3.568, 3.3032, 3.4718, 3.3336, 3.5861, 3.417, 3.5368, 3.282, 3.5389, 3.292, 3.3838, 3.118, 3.83, 3.5882, 3.3139, 3.5174, 3.3161, 3.3651, 3.5749, 3.2479, 3.4507, 3.7776, 3.4973, 3.3553, 3.1825, 3.467, 3.2764, 3.4247, 3.3432, 3.5338, 2.9794, 3.3015, 3.2286, 3.2372, 3.437, 3.4326, 3.2991, 3.3312, 3.5536, 3.1651, 3.3013, 3.2673, 3.1895, 3.1217, 3.2416, 3.3153, 3.3959, 3.1416, 3.7857, 3.2197, 3.1068, 3.6194, 3.4933, 3.1892, 3.2191, 3.1635, 3.4375, 3.1274, 3.2695, 3.3217, 3.4148, 3.2044, 3.0779, 3.4289, 3.4055, 3.5005, 3.5952, 3.3919, 3.4511, 3.3322, 3.1963, 3.4891, 3.3649, 3.6158, 3.1928, 3.235, 3.3455, 3.1846, 3.2102, 3.3399, 3.1277, 3.4438, 3.2639, 3.4378, 3.4933, 3.3347, 3.1596, 3.3365, 3.1733, 3.3565, 3.3026, 3.2816, 3.3597, 3.3257, 3.1751, 3.3328, 3.3148, 3.1859, 3.1993, 3.288, 3.1449, 3.2886, 3.4467, 3.4692, 3.4691, 3.5032, 3.3489, 3.3363, 3.3986, 3.5416, 3.5597, 3.4433, 3.3037, 3.3325, 3.2917, 3.2062, 3.3003, 3.2468, 3.2345, 3.5579, 3.1721, 3.3994, 3.2904, 3.0002, 3.3856, 3.201, 3.424, 3.1802, 3.3057, 3.438, 2.9727, 3.3921, 3.4871, 3.5456, 3.4346, 3.3406, 3.2948, 3.4556, 3.2988, 3.0211, 3.2538, 3.3821, 3.101, 3.19, 3.5755, 3.3096, 3.4206, 3.2457, 3.4591, 3.2791, 3.3173, 3.3203, 3.2913, 3.3995, 3.3114, 3.3529, 3.4564, 3.2771, 3.3206, 3.3289, 3.5601, 3.3401, 3.3581, 3.179, 3.1286, 3.2946, 3.2377, 3.1035, 3.3406, 3.3499, 3.2134, 3.2329, 3.3708, 3.1804, 3.3873, 3.6055, 3.2205, 3.3542, 3.5489, 3.1318, 3.5792, 3.2221, 3.503, 3.1123, 3.3864, 2.9209, 3.2115, 3.3801, 3.4883, 3.538, 3.3147, 3.1363, 3.2213, 3.2066, 3.2677, 3.5143, 3.1785, 3.4239, 3.1587, 3.4158, 3.4094, 3.2129, 3.3421, 3.3591, 3.2105, 3.1592, 3.3142, 3.2795, 3.2809, 3.4692, 3.1264, 3.1702, 3.0011, 3.3119, 3.1996, 3.206, 3.1613, 3.1453, 3.1743, 3.3583, 3.1885, 3.5921, 3.2981, 3.0347, 3.2432, 3.3645, 3.1998, 3.0513, 2.9264, 3.4366, 3.2243, 3.2846, 3.2344, 3.1928, 3.2403, 3.5578, 3.352, 3.1296, 3.0272, 3.3813, 3.1394, 3.399, 3.2114, 3.2478, 3.4041, 3.2553, 3.2778, 3.0562, 3.4065, 3.1452, 3.4749, 2.9202, 3.1953, 3.282, 3.327, 3.3037, 3.2613, 3.3116, 3.4447, 3.0715, 3.1005, 3.1946, 3.3924, 3.1347, 3.2326, 3.1625, 3.4381, 3.2156, 3.154, 3.2033, 3.1243, 3.0866, 3.2301, 3.0984, 2.962, 3.2828, 3.4376, 3.4133, 3.2088, 3.4232, 3.3392, 3.2521, 3.2964, 3.1937, 3.3743, 3.0723, 3.1201, 3.2581, 3.1292, 3.134, 3.3652, 3.3542, 3.3612, 3.1807, 2.9574, 3.4473, 3.5113, 3.1534, 3.0304, 3.3866, 3.3155, 3.1466, 3.1254, 3.0018, 3.0761, 3.2946, 3.1732, 3.2464, 3.2745, 3.558, 3.3262, 3.2202, 3.4041, 3.0276, 3.5053, 3.1346, 3.5282, 3.2891, 3.421, 3.2068, 3.2911, 3.5051, 3.007, 3.263, 3.472, 3.2562, 3.1259, 3.2744, 3.2107, 3.4911, 2.8822, 2.9901, 3.4106, 3.3934, 3.2022, 3.1099, 3.3541, 3.3772, 3.2346, 3.1502, 3.2255, 3.2327, 3.2096, 3.1402, 3.4311, 3.2671, 3.245, 3.4814, 3.4967, 3.3961, 3.1245, 3.086, 3.1673, 3.3781, 3.0461, 2.9577, 3.2814, 3.2011, 3.2672, 3.2341, 3.242, 3.1913, 3.3676, 3.143, 3.2528, 3.4839, 3.2877, 3.2299, 3.5453, 3.4133, 3.2925, 3.287, 3.4631, 3.2926, 3.0896, 3.3408, 3.4113, 3.2592, 3.4328, 3.1988, 3.1265, 3.2241, 3.1358, 3.1786, 3.0756, 3.4805, 3.2353, 3.2032, 3.1103, 3.3614, 3.0978, 3.2904, 3.4524, 3.1772, 3.0556, 3.3464, 3.4116, 3.2378, 3.154, 3.1601, 3.1357, 3.1745, 3.0275, 3.2583, 2.914, 3.0334, 3.2416, 3.1126, 3.1195, 3.2517, 3.2879, 3.5458, 3.4612, 3.2829, 3.0787, 3.1217, 3.0805, 3.1795, 3.3433, 3.2373, 3.2276, 3.4431, 3.0214, 2.9451, 3.1139, 3.1976, 3.2191, 3.3687, 3.1148, 3.1366, 3.1921, 3.1435, 3.3978, 3.2118, 3.3191, 3.1762, 3.1746, 3.1862, 3.2374, 3.0958, 3.4886, 3.173, 3.1496, 3.1249, 3.1743, 3.2515, 3.2467, 3.1322, 3.2645, 3.0973, 3.171, 3.0245, 3.3225, 3.1354, 3.2463, 3.112, 3.4778, 3.176, 3.6502, 3.2888, 3.297, 2.9286, 3.2711, 3.3346, 3.2241, 3.1668, 3.2684, 3.1183, 3.4923, 3.4089, 3.4011, 3.4307, 3.1965, 3.3953, 3.2758, 3.057, 2.9984, 3.1958, 3.2124, 2.9465, 3.1616, 3.2634, 3.2656, 3.48, 3.2674, 3.2826, 3.1751, 2.8407, 3.1051, 3.0471, 3.124, 3.6001, 3.1678, 3.3384, 3.233, 3.7926, 3.2438, 3.1184, 3.2681, 3.1837, 3.3032, 3.1905, 3.1919, 3.1217, 3.2181, 3.2427, 3.0779, 3.2548, 3.1137, 3.1995, 3.3351, 3.1576, 3.4125, 3.2243, 3.0426, 3.3607, 3.063, 3.137, 3.3583, 3.1417, 3.0621, 3.156, 3.1427, 3.326, 3.2565, 3.1125, 3.2697, 2.8824, 3.0096, 3.372, 2.9745, 3.1477, 3.0961, 3.2405, 3.1456, 3.463, 3.0769, 3.2655, 3.1728, 3.2456, 2.9629, 3.1397, 3.2784, 3.1813, 3.0904, 3.263, 3.0953, 3.0768, 3.1688, 3.4029, 3.2321, 3.4875, 3.4168, 3.4783, 3.2018, 3.2352, 3.2205, 3.3549, 3.0803, 3.2987, 3.185, 2.9612, 3.0789, 3.2689, 3.1539, 3.1834]
delta loss (last-first) = -7.7012
saved checkpoints_v13_sempty/ab_complex/latest.pt
