device=cuda preset=baseline_real dataset=tinystories
[cache] Loaded TinyStories train from .cache/v7_tokens/tinystories_train_v2_ms20000_sl256_r1.pt (4,465,139 tokens)
[cache] Loaded TinyStories validation from .cache/v7_tokens/tinystories_validation_v2_ms20000_sl256_r1.pt (388,958 tokens)
Train chunks: 17374, Val chunks: 1513
params: 161,972,192 (161.97M)
step 1  loss=10.9738  lr=5.00e-07
step 2  loss=10.9986  lr=1.00e-06
step 3  loss=11.0110  lr=1.50e-06
step 4  loss=10.9534  lr=2.00e-06
step 5  loss=10.9651  lr=2.50e-06
step 6  loss=10.9314  lr=3.00e-06
step 7  loss=10.9396  lr=3.50e-06
step 8  loss=10.9234  lr=4.00e-06
step 9  loss=10.8877  lr=4.50e-06
step 10  loss=10.8754  lr=5.00e-06
step 11  loss=10.8544  lr=5.50e-06
step 12  loss=10.8146  lr=6.00e-06
step 13  loss=10.7835  lr=6.50e-06
step 14  loss=10.7812  lr=7.00e-06
step 15  loss=10.6920  lr=7.50e-06
step 16  loss=10.6907  lr=8.00e-06
step 17  loss=10.6475  lr=8.50e-06
step 18  loss=10.5985  lr=9.00e-06
step 19  loss=10.5532  lr=9.50e-06
step 20  loss=10.5467  lr=1.00e-05
step 21  loss=10.4903  lr=1.05e-05
step 22  loss=10.4471  lr=1.10e-05
step 23  loss=10.3906  lr=1.15e-05
step 24  loss=10.4210  lr=1.20e-05
step 25  loss=10.3216  lr=1.25e-05
step 26  loss=10.3123  lr=1.30e-05
step 27  loss=10.1910  lr=1.35e-05
step 28  loss=10.2123  lr=1.40e-05
step 29  loss=10.1750  lr=1.45e-05
step 30  loss=10.1543  lr=1.50e-05
step 31  loss=9.9700  lr=1.55e-05
step 32  loss=10.0763  lr=1.60e-05
step 33  loss=9.9662  lr=1.65e-05
step 34  loss=9.9031  lr=1.70e-05
step 35  loss=9.9138  lr=1.75e-05
step 36  loss=9.7743  lr=1.80e-05
step 37  loss=9.9345  lr=1.85e-05
step 38  loss=9.7994  lr=1.90e-05
step 39  loss=9.6404  lr=1.95e-05
step 40  loss=9.6329  lr=2.00e-05
step 41  loss=9.6043  lr=2.05e-05
step 42  loss=9.4567  lr=2.10e-05
step 43  loss=9.4711  lr=2.15e-05
step 44  loss=9.5521  lr=2.20e-05
step 45  loss=9.4114  lr=2.25e-05
step 46  loss=9.5269  lr=2.30e-05
step 47  loss=9.2819  lr=2.35e-05
step 48  loss=9.3789  lr=2.40e-05
step 49  loss=9.3614  lr=2.45e-05
step 50  loss=9.1067  lr=2.50e-05
step 51  loss=9.2431  lr=2.55e-05
step 52  loss=9.2968  lr=2.60e-05
step 53  loss=9.1181  lr=2.65e-05
step 54  loss=9.2019  lr=2.70e-05
step 55  loss=9.0132  lr=2.75e-05
step 56  loss=9.0644  lr=2.80e-05
step 57  loss=8.9187  lr=2.85e-05
step 58  loss=8.7752  lr=2.90e-05
step 59  loss=8.9942  lr=2.95e-05
step 60  loss=8.9049  lr=3.00e-05
step 61  loss=8.7478  lr=3.05e-05
step 62  loss=8.8744  lr=3.10e-05
step 63  loss=8.5541  lr=3.15e-05
step 64  loss=8.5666  lr=3.20e-05
step 65  loss=8.5183  lr=3.25e-05
step 66  loss=8.5552  lr=3.30e-05
step 67  loss=8.4865  lr=3.35e-05
step 68  loss=8.3446  lr=3.40e-05
step 69  loss=8.3519  lr=3.45e-05
step 70  loss=8.3641  lr=3.50e-05
step 71  loss=8.1243  lr=3.55e-05
step 72  loss=8.1341  lr=3.60e-05
step 73  loss=8.1553  lr=3.65e-05
step 74  loss=7.9233  lr=3.70e-05
step 75  loss=8.1395  lr=3.75e-05
step 76  loss=7.6193  lr=3.80e-05
step 77  loss=7.7976  lr=3.85e-05
step 78  loss=7.5601  lr=3.90e-05
step 79  loss=7.7279  lr=3.95e-05
step 80  loss=7.6388  lr=4.00e-05
step 81  loss=7.2790  lr=4.05e-05
step 82  loss=7.3346  lr=4.10e-05
step 83  loss=7.5156  lr=4.15e-05
step 84  loss=7.4538  lr=4.20e-05
step 85  loss=7.3760  lr=4.25e-05
step 86  loss=7.3478  lr=4.30e-05
step 87  loss=7.3345  lr=4.35e-05
step 88  loss=7.4255  lr=4.40e-05
step 89  loss=7.2826  lr=4.45e-05
step 90  loss=7.0103  lr=4.50e-05
step 91  loss=7.1419  lr=4.55e-05
step 92  loss=6.9516  lr=4.60e-05
step 93  loss=6.8775  lr=4.65e-05
step 94  loss=6.8046  lr=4.70e-05
step 95  loss=6.6311  lr=4.75e-05
step 96  loss=6.7401  lr=4.80e-05
step 97  loss=6.6450  lr=4.85e-05
step 98  loss=6.8577  lr=4.90e-05
step 99  loss=6.6991  lr=4.95e-05
step 100  loss=6.5250  lr=5.00e-05
step 101  loss=6.5374  lr=5.00e-05
step 102  loss=6.5581  lr=5.00e-05
step 103  loss=6.3147  lr=5.00e-05
step 104  loss=6.6694  lr=5.00e-05
step 105  loss=6.5910  lr=5.00e-05
step 106  loss=6.2571  lr=5.00e-05
step 107  loss=6.4720  lr=5.00e-05
step 108  loss=6.1636  lr=5.00e-05
step 109  loss=6.2575  lr=5.00e-05
step 110  loss=6.3277  lr=5.00e-05
step 111  loss=6.3927  lr=5.00e-05
step 112  loss=6.2834  lr=5.00e-05
step 113  loss=6.2463  lr=5.00e-05
step 114  loss=6.1226  lr=5.00e-05
step 115  loss=6.1310  lr=5.00e-05
step 116  loss=6.0615  lr=5.00e-05
step 117  loss=5.7280  lr=5.00e-05
step 118  loss=6.0207  lr=5.00e-05
step 119  loss=5.7539  lr=5.00e-05
step 120  loss=5.8902  lr=5.00e-05
step 121  loss=5.9347  lr=5.00e-05
step 122  loss=5.9966  lr=5.00e-05
step 123  loss=5.7314  lr=5.00e-05
step 124  loss=5.7618  lr=5.00e-05
step 125  loss=5.7110  lr=5.00e-05
step 126  loss=5.6139  lr=5.00e-05
step 127  loss=5.7375  lr=5.00e-05
step 128  loss=5.3943  lr=5.00e-05
step 129  loss=5.6171  lr=5.00e-05
step 130  loss=5.6742  lr=5.00e-05
step 131  loss=5.5769  lr=5.00e-05
step 132  loss=5.5681  lr=5.00e-05
step 133  loss=5.6223  lr=5.00e-05
step 134  loss=5.3924  lr=5.00e-05
step 135  loss=5.4100  lr=5.00e-05
step 136  loss=5.3426  lr=5.00e-05
step 137  loss=5.3000  lr=5.00e-05
step 138  loss=5.1583  lr=5.00e-05
step 139  loss=5.1737  lr=5.00e-05
step 140  loss=5.4466  lr=5.00e-05
step 141  loss=5.1997  lr=5.00e-05
step 142  loss=5.2502  lr=5.00e-05
step 143  loss=5.1281  lr=5.00e-05
step 144  loss=5.1201  lr=5.00e-05
step 145  loss=5.0212  lr=5.00e-05
step 146  loss=5.3051  lr=5.00e-05
step 147  loss=5.1182  lr=5.00e-05
step 148  loss=5.2569  lr=5.00e-05
step 149  loss=5.1932  lr=5.00e-05
step 150  loss=5.1944  lr=5.00e-05
step 151  loss=5.3126  lr=5.00e-05
step 152  loss=4.9310  lr=5.00e-05
step 153  loss=5.0307  lr=5.00e-05
step 154  loss=5.0063  lr=5.00e-05
step 155  loss=5.1900  lr=5.00e-05
step 156  loss=4.8850  lr=5.00e-05
step 157  loss=4.8225  lr=5.00e-05
step 158  loss=4.9582  lr=5.00e-05
step 159  loss=5.0200  lr=5.00e-05
step 160  loss=4.8777  lr=5.00e-05
step 161  loss=4.6735  lr=5.00e-05
step 162  loss=4.7941  lr=5.00e-05
step 163  loss=4.9197  lr=5.00e-05
step 164  loss=4.9902  lr=5.00e-05
step 165  loss=4.5985  lr=5.00e-05
step 166  loss=4.5261  lr=5.00e-05
step 167  loss=4.8351  lr=5.00e-05
step 168  loss=4.9319  lr=5.00e-05
step 169  loss=4.6494  lr=5.00e-05
step 170  loss=4.8110  lr=5.00e-05
step 171  loss=4.6706  lr=5.00e-05
step 172  loss=4.7291  lr=5.00e-05
step 173  loss=4.6335  lr=5.00e-05
step 174  loss=4.6172  lr=5.00e-05
step 175  loss=4.8982  lr=5.00e-05
step 176  loss=4.6830  lr=5.00e-05
step 177  loss=4.6760  lr=5.00e-05
step 178  loss=4.9237  lr=5.00e-05
step 179  loss=4.4631  lr=5.00e-05
step 180  loss=4.6216  lr=5.00e-05
step 181  loss=4.9553  lr=5.00e-05
step 182  loss=4.5813  lr=5.00e-05
step 183  loss=4.5255  lr=5.00e-05
step 184  loss=4.6642  lr=5.00e-05
step 185  loss=4.8034  lr=5.00e-05
step 186  loss=4.6286  lr=5.00e-05
step 187  loss=4.6728  lr=5.00e-05
step 188  loss=4.8180  lr=5.00e-05
step 189  loss=4.7750  lr=5.00e-05
step 190  loss=4.3176  lr=5.00e-05
step 191  loss=4.5081  lr=5.00e-05
step 192  loss=4.4923  lr=5.00e-05
step 193  loss=4.4751  lr=5.00e-05
step 194  loss=4.5495  lr=5.00e-05
step 195  loss=4.8406  lr=5.00e-05
step 196  loss=4.6063  lr=5.00e-05
step 197  loss=4.6152  lr=5.00e-05
step 198  loss=4.6556  lr=5.00e-05
step 199  loss=4.3279  lr=5.00e-05
step 200  loss=4.4132  lr=5.00e-05
step 201  loss=4.4608  lr=5.00e-05
step 202  loss=4.6828  lr=5.00e-05
step 203  loss=4.3813  lr=5.00e-05
step 204  loss=4.4043  lr=5.00e-05
step 205  loss=4.4023  lr=5.00e-05
step 206  loss=4.4573  lr=5.00e-05
step 207  loss=4.3580  lr=5.00e-05
step 208  loss=4.4526  lr=5.00e-05
step 209  loss=4.4184  lr=5.00e-05
step 210  loss=4.4574  lr=5.00e-05
step 211  loss=4.3757  lr=5.00e-05
step 212  loss=4.6160  lr=5.00e-05
step 213  loss=4.3523  lr=5.00e-05
step 214  loss=4.6742  lr=5.00e-05
step 215  loss=4.7357  lr=5.00e-05
step 216  loss=4.1312  lr=5.00e-05
step 217  loss=4.4116  lr=5.00e-05
step 218  loss=4.3179  lr=5.00e-05
step 219  loss=4.1222  lr=5.00e-05
step 220  loss=4.2801  lr=5.00e-05
step 221  loss=4.3120  lr=5.00e-05
step 222  loss=4.5965  lr=5.00e-05
step 223  loss=4.2521  lr=5.00e-05
step 224  loss=4.4045  lr=5.00e-05
step 225  loss=4.3361  lr=5.00e-05
step 226  loss=4.3437  lr=5.00e-05
step 227  loss=4.4337  lr=5.00e-05
step 228  loss=4.2668  lr=5.00e-05
step 229  loss=4.4085  lr=5.00e-05
step 230  loss=4.3008  lr=5.00e-05
step 231  loss=4.2832  lr=5.00e-05
step 232  loss=4.4624  lr=5.00e-05
step 233  loss=4.2816  lr=5.00e-05
step 234  loss=4.5035  lr=5.00e-05
step 235  loss=4.3265  lr=5.00e-05
step 236  loss=4.3863  lr=5.00e-05
step 237  loss=4.1989  lr=5.00e-05
step 238  loss=4.4545  lr=5.00e-05
step 239  loss=4.4430  lr=5.00e-05
step 240  loss=4.3705  lr=5.00e-05
step 241  loss=4.1384  lr=5.00e-05
step 242  loss=4.2782  lr=5.00e-05
step 243  loss=4.0870  lr=5.00e-05
step 244  loss=4.2310  lr=5.00e-05
step 245  loss=4.2151  lr=5.00e-05
step 246  loss=4.2090  lr=5.00e-05
step 247  loss=4.1406  lr=5.00e-05
step 248  loss=4.3040  lr=5.00e-05
step 249  loss=4.2246  lr=5.00e-05
step 250  loss=4.2983  lr=5.00e-05
step 251  loss=4.4835  lr=5.00e-05
step 252  loss=4.2970  lr=5.00e-05
step 253  loss=4.2175  lr=5.00e-05
step 254  loss=4.3896  lr=5.00e-05
step 255  loss=4.2278  lr=5.00e-05
step 256  loss=4.2546  lr=5.00e-05
step 257  loss=4.1906  lr=5.00e-05
step 258  loss=4.4749  lr=5.00e-05
step 259  loss=4.4966  lr=5.00e-05
step 260  loss=4.1958  lr=4.99e-05
step 261  loss=4.2049  lr=4.99e-05
step 262  loss=4.0769  lr=4.99e-05
step 263  loss=3.8920  lr=4.99e-05
step 264  loss=3.9606  lr=4.99e-05
step 265  loss=4.1261  lr=4.99e-05
step 266  loss=4.0145  lr=4.99e-05
step 267  loss=3.9385  lr=4.99e-05
step 268  loss=4.3333  lr=4.99e-05
step 269  loss=4.3261  lr=4.99e-05
step 270  loss=4.3155  lr=4.99e-05
step 271  loss=3.9505  lr=4.99e-05
step 272  loss=4.1639  lr=4.99e-05
step 273  loss=4.0474  lr=4.99e-05
step 274  loss=4.2784  lr=4.99e-05
step 275  loss=4.2929  lr=4.99e-05
step 276  loss=4.2688  lr=4.99e-05
step 277  loss=4.3439  lr=4.99e-05
step 278  loss=4.0896  lr=4.99e-05
step 279  loss=4.1937  lr=4.99e-05
step 280  loss=4.0738  lr=4.99e-05
step 281  loss=3.9248  lr=4.99e-05
step 282  loss=4.0693  lr=4.99e-05
step 283  loss=4.1549  lr=4.99e-05
step 284  loss=4.0594  lr=4.99e-05
step 285  loss=4.1554  lr=4.99e-05
step 286  loss=3.9486  lr=4.99e-05
step 287  loss=4.0177  lr=4.99e-05
step 288  loss=3.8372  lr=4.99e-05
step 289  loss=3.9385  lr=4.99e-05
step 290  loss=4.1189  lr=4.99e-05
step 291  loss=4.1659  lr=4.99e-05
step 292  loss=4.2141  lr=4.99e-05
step 293  loss=3.9933  lr=4.99e-05
step 294  loss=4.1795  lr=4.99e-05
step 295  loss=4.0619  lr=4.99e-05
step 296  loss=4.1865  lr=4.99e-05
step 297  loss=4.1237  lr=4.99e-05
step 298  loss=3.7842  lr=4.99e-05
step 299  loss=4.0621  lr=4.99e-05
step 300  loss=4.0380  lr=4.99e-05
step 301  loss=3.9064  lr=4.99e-05
step 302  loss=3.7681  lr=4.99e-05
step 303  loss=3.8792  lr=4.99e-05
step 304  loss=4.1279  lr=4.99e-05
step 305  loss=3.9534  lr=4.99e-05
step 306  loss=4.1811  lr=4.99e-05
step 307  loss=4.0711  lr=4.99e-05
step 308  loss=4.0879  lr=4.99e-05
step 309  loss=4.3512  lr=4.99e-05
step 310  loss=3.8895  lr=4.99e-05
step 311  loss=3.7453  lr=4.99e-05
step 312  loss=4.3378  lr=4.99e-05
step 313  loss=3.9796  lr=4.99e-05
step 314  loss=3.9992  lr=4.99e-05
step 315  loss=4.1443  lr=4.99e-05
step 316  loss=3.9959  lr=4.99e-05
step 317  loss=3.7758  lr=4.99e-05
step 318  loss=3.8921  lr=4.99e-05
step 319  loss=3.8693  lr=4.99e-05
step 320  loss=4.0046  lr=4.99e-05
step 321  loss=4.1686  lr=4.99e-05
step 322  loss=3.9000  lr=4.99e-05
step 323  loss=3.9998  lr=4.99e-05
step 324  loss=3.9878  lr=4.99e-05
step 325  loss=3.9308  lr=4.99e-05
step 326  loss=3.9739  lr=4.99e-05
step 327  loss=3.8845  lr=4.99e-05
step 328  loss=3.7190  lr=4.99e-05
step 329  loss=3.9719  lr=4.99e-05
step 330  loss=3.9603  lr=4.99e-05
step 331  loss=3.9187  lr=4.99e-05
step 332  loss=3.7962  lr=4.99e-05
step 333  loss=3.8821  lr=4.99e-05
step 334  loss=3.7576  lr=4.99e-05
step 335  loss=3.8513  lr=4.99e-05
step 336  loss=3.9409  lr=4.99e-05
step 337  loss=3.9115  lr=4.99e-05
step 338  loss=4.0978  lr=4.99e-05
step 339  loss=3.9655  lr=4.99e-05
step 340  loss=3.8351  lr=4.99e-05
step 341  loss=4.0224  lr=4.99e-05
step 342  loss=3.9100  lr=4.99e-05
step 343  loss=3.9521  lr=4.99e-05
step 344  loss=3.8812  lr=4.99e-05
step 345  loss=3.9569  lr=4.99e-05
step 346  loss=4.0619  lr=4.99e-05
step 347  loss=3.7842  lr=4.99e-05
step 348  loss=3.8591  lr=4.99e-05
step 349  loss=3.6864  lr=4.99e-05
step 350  loss=3.7209  lr=4.99e-05
step 351  loss=3.7839  lr=4.99e-05
step 352  loss=3.7524  lr=4.99e-05
step 353  loss=3.7856  lr=4.99e-05
step 354  loss=3.7402  lr=4.99e-05
step 355  loss=3.8083  lr=4.99e-05
step 356  loss=3.8024  lr=4.99e-05
step 357  loss=4.1436  lr=4.99e-05
step 358  loss=3.9304  lr=4.99e-05
step 359  loss=3.7484  lr=4.99e-05
step 360  loss=3.8438  lr=4.99e-05
step 361  loss=3.7592  lr=4.99e-05
step 362  loss=3.7774  lr=4.99e-05
step 363  loss=4.0181  lr=4.99e-05
step 364  loss=3.9743  lr=4.99e-05
step 365  loss=3.9317  lr=4.99e-05
step 366  loss=4.1513  lr=4.99e-05
step 367  loss=3.9071  lr=4.99e-05
step 368  loss=3.9363  lr=4.99e-05
step 369  loss=4.1070  lr=4.99e-05
step 370  loss=3.9771  lr=4.99e-05
step 371  loss=3.7412  lr=4.99e-05
step 372  loss=3.9785  lr=4.99e-05
step 373  loss=3.7934  lr=4.99e-05
step 374  loss=3.7486  lr=4.99e-05
step 375  loss=3.8017  lr=4.99e-05
step 376  loss=3.7922  lr=4.98e-05
step 377  loss=3.8314  lr=4.98e-05
step 378  loss=3.7802  lr=4.98e-05
step 379  loss=4.0510  lr=4.98e-05
step 380  loss=3.4697  lr=4.98e-05
step 381  loss=3.9455  lr=4.98e-05
step 382  loss=3.8664  lr=4.98e-05
step 383  loss=3.9312  lr=4.98e-05
step 384  loss=3.7038  lr=4.98e-05
step 385  loss=3.5973  lr=4.98e-05
step 386  loss=3.9432  lr=4.98e-05
step 387  loss=3.9612  lr=4.98e-05
step 388  loss=3.8102  lr=4.98e-05
step 389  loss=3.6838  lr=4.98e-05
step 390  loss=3.7632  lr=4.98e-05
step 391  loss=3.6073  lr=4.98e-05
step 392  loss=3.7051  lr=4.98e-05
step 393  loss=4.0502  lr=4.98e-05
step 394  loss=3.6151  lr=4.98e-05
step 395  loss=3.7159  lr=4.98e-05
step 396  loss=3.6897  lr=4.98e-05
step 397  loss=3.7658  lr=4.98e-05
step 398  loss=3.7532  lr=4.98e-05
step 399  loss=3.7294  lr=4.98e-05
step 400  loss=3.8285  lr=4.98e-05
step 401  loss=3.8239  lr=4.98e-05
step 402  loss=3.6850  lr=4.98e-05
step 403  loss=3.8874  lr=4.98e-05
step 404  loss=4.0227  lr=4.98e-05
step 405  loss=3.7749  lr=4.98e-05
step 406  loss=3.5725  lr=4.98e-05
step 407  loss=3.7187  lr=4.98e-05
step 408  loss=3.7243  lr=4.98e-05
step 409  loss=3.9454  lr=4.98e-05
step 410  loss=3.7762  lr=4.98e-05
step 411  loss=3.7578  lr=4.98e-05
step 412  loss=3.8262  lr=4.98e-05
step 413  loss=3.6729  lr=4.98e-05
step 414  loss=3.8178  lr=4.98e-05
step 415  loss=3.4968  lr=4.98e-05
step 416  loss=3.9515  lr=4.98e-05
step 417  loss=3.7052  lr=4.98e-05
step 418  loss=3.8537  lr=4.98e-05
step 419  loss=3.6550  lr=4.98e-05
step 420  loss=3.7269  lr=4.98e-05
step 421  loss=3.7654  lr=4.98e-05
step 422  loss=3.9747  lr=4.98e-05
step 423  loss=3.8192  lr=4.98e-05
step 424  loss=3.5106  lr=4.98e-05
step 425  loss=3.8539  lr=4.98e-05
step 426  loss=4.0300  lr=4.98e-05
step 427  loss=3.5904  lr=4.98e-05
step 428  loss=3.8118  lr=4.98e-05
step 429  loss=3.6115  lr=4.98e-05
step 430  loss=3.6508  lr=4.98e-05
step 431  loss=3.8739  lr=4.98e-05
step 432  loss=3.6823  lr=4.98e-05
step 433  loss=3.7503  lr=4.98e-05
step 434  loss=3.9872  lr=4.98e-05
step 435  loss=3.6956  lr=4.98e-05
step 436  loss=3.8886  lr=4.98e-05
step 437  loss=3.4711  lr=4.98e-05
step 438  loss=3.6630  lr=4.98e-05
step 439  loss=3.8016  lr=4.98e-05
step 440  loss=3.9044  lr=4.98e-05
step 441  loss=3.5481  lr=4.98e-05
step 442  loss=3.7092  lr=4.98e-05
step 443  loss=3.6948  lr=4.98e-05
step 444  loss=3.6260  lr=4.98e-05
step 445  loss=3.6965  lr=4.98e-05
step 446  loss=3.5898  lr=4.98e-05
step 447  loss=3.6757  lr=4.98e-05
step 448  loss=3.7689  lr=4.98e-05
step 449  loss=3.8074  lr=4.98e-05
step 450  loss=3.7437  lr=4.98e-05
step 451  loss=3.9053  lr=4.98e-05
step 452  loss=3.7964  lr=4.98e-05
step 453  loss=3.6249  lr=4.98e-05
step 454  loss=3.7616  lr=4.98e-05
step 455  loss=3.7887  lr=4.98e-05
step 456  loss=3.8103  lr=4.97e-05
step 457  loss=3.9860  lr=4.97e-05
step 458  loss=3.6880  lr=4.97e-05
step 459  loss=3.5878  lr=4.97e-05
step 460  loss=3.7292  lr=4.97e-05
step 461  loss=3.8147  lr=4.97e-05
step 462  loss=3.8288  lr=4.97e-05
step 463  loss=3.8335  lr=4.97e-05
step 464  loss=3.4898  lr=4.97e-05
step 465  loss=3.6357  lr=4.97e-05
step 466  loss=3.6916  lr=4.97e-05
step 467  loss=3.4999  lr=4.97e-05
step 468  loss=3.9028  lr=4.97e-05
step 469  loss=3.6860  lr=4.97e-05
step 470  loss=3.6913  lr=4.97e-05
step 471  loss=3.7229  lr=4.97e-05
step 472  loss=3.6099  lr=4.97e-05
step 473  loss=3.5247  lr=4.97e-05
step 474  loss=3.7498  lr=4.97e-05
step 475  loss=3.6776  lr=4.97e-05
step 476  loss=4.0175  lr=4.97e-05
step 477  loss=3.4396  lr=4.97e-05
step 478  loss=3.6296  lr=4.97e-05
step 479  loss=3.5294  lr=4.97e-05
step 480  loss=3.5196  lr=4.97e-05
step 481  loss=3.5614  lr=4.97e-05
step 482  loss=3.4593  lr=4.97e-05
step 483  loss=3.4706  lr=4.97e-05
step 484  loss=3.7026  lr=4.97e-05
step 485  loss=3.6859  lr=4.97e-05
step 486  loss=3.6350  lr=4.97e-05
step 487  loss=3.3796  lr=4.97e-05
step 488  loss=3.4665  lr=4.97e-05
step 489  loss=3.5460  lr=4.97e-05
step 490  loss=3.8596  lr=4.97e-05
step 491  loss=3.8844  lr=4.97e-05
step 492  loss=3.7430  lr=4.97e-05
step 493  loss=3.9111  lr=4.97e-05
step 494  loss=3.6496  lr=4.97e-05
step 495  loss=3.5859  lr=4.97e-05
step 496  loss=3.5586  lr=4.97e-05
step 497  loss=3.6036  lr=4.97e-05
step 498  loss=3.7635  lr=4.97e-05
step 499  loss=3.7943  lr=4.97e-05
step 500  loss=3.6375  lr=4.97e-05
step 501  loss=3.6586  lr=4.97e-05
step 502  loss=3.7559  lr=4.97e-05
step 503  loss=3.7548  lr=4.97e-05
step 504  loss=3.6626  lr=4.97e-05
step 505  loss=3.8102  lr=4.97e-05
step 506  loss=3.6241  lr=4.97e-05
step 507  loss=3.6666  lr=4.97e-05
step 508  loss=3.7397  lr=4.97e-05
step 509  loss=3.6809  lr=4.97e-05
step 510  loss=3.7935  lr=4.97e-05
step 511  loss=3.6025  lr=4.97e-05
step 512  loss=3.6255  lr=4.97e-05
step 513  loss=3.6724  lr=4.97e-05
step 514  loss=3.8045  lr=4.97e-05
step 515  loss=3.5669  lr=4.97e-05
step 516  loss=3.5835  lr=4.97e-05
step 517  loss=3.7553  lr=4.97e-05
step 518  loss=3.5847  lr=4.97e-05
step 519  loss=3.7968  lr=4.97e-05
step 520  loss=3.5094  lr=4.97e-05
step 521  loss=3.8888  lr=4.97e-05
step 522  loss=3.8165  lr=4.96e-05
step 523  loss=3.6314  lr=4.96e-05
step 524  loss=3.6908  lr=4.96e-05
step 525  loss=3.5490  lr=4.96e-05
step 526  loss=3.6617  lr=4.96e-05
step 527  loss=3.6347  lr=4.96e-05
step 528  loss=3.7129  lr=4.96e-05
step 529  loss=3.5523  lr=4.96e-05
step 530  loss=3.5284  lr=4.96e-05
step 531  loss=3.7168  lr=4.96e-05
step 532  loss=3.4557  lr=4.96e-05
step 533  loss=3.4538  lr=4.96e-05
step 534  loss=3.3362  lr=4.96e-05
step 535  loss=3.4480  lr=4.96e-05
step 536  loss=3.6659  lr=4.96e-05
step 537  loss=3.5889  lr=4.96e-05
step 538  loss=3.5925  lr=4.96e-05
step 539  loss=3.8425  lr=4.96e-05
step 540  loss=3.6348  lr=4.96e-05
step 541  loss=3.6319  lr=4.96e-05
step 542  loss=3.7668  lr=4.96e-05
step 543  loss=3.4361  lr=4.96e-05
step 544  loss=3.4808  lr=4.96e-05
step 545  loss=3.4484  lr=4.96e-05
step 546  loss=3.6755  lr=4.96e-05
step 547  loss=3.5889  lr=4.96e-05
step 548  loss=3.5381  lr=4.96e-05
step 549  loss=3.3484  lr=4.96e-05
step 550  loss=3.4574  lr=4.96e-05
step 551  loss=3.5551  lr=4.96e-05
step 552  loss=3.5346  lr=4.96e-05
step 553  loss=3.5245  lr=4.96e-05
step 554  loss=3.4037  lr=4.96e-05
step 555  loss=3.3881  lr=4.96e-05
step 556  loss=3.7004  lr=4.96e-05
step 557  loss=3.5613  lr=4.96e-05
step 558  loss=3.6433  lr=4.96e-05
step 559  loss=3.5267  lr=4.96e-05
step 560  loss=3.5758  lr=4.96e-05
step 561  loss=3.5423  lr=4.96e-05
step 562  loss=3.3845  lr=4.96e-05
step 563  loss=3.8099  lr=4.96e-05
step 564  loss=3.5306  lr=4.96e-05
step 565  loss=3.4447  lr=4.96e-05
step 566  loss=3.6405  lr=4.96e-05
step 567  loss=3.4475  lr=4.96e-05
step 568  loss=3.4971  lr=4.96e-05
step 569  loss=3.4295  lr=4.96e-05
step 570  loss=3.7089  lr=4.96e-05
step 571  loss=3.6356  lr=4.96e-05
step 572  loss=3.7183  lr=4.96e-05
step 573  loss=3.6757  lr=4.96e-05
step 574  loss=3.4492  lr=4.96e-05
step 575  loss=3.3677  lr=4.96e-05
step 576  loss=3.3881  lr=4.96e-05
step 577  loss=3.7585  lr=4.96e-05
step 578  loss=3.6523  lr=4.95e-05
step 579  loss=3.2052  lr=4.95e-05
step 580  loss=3.4062  lr=4.95e-05
step 581  loss=3.5139  lr=4.95e-05
step 582  loss=3.3676  lr=4.95e-05
step 583  loss=3.7314  lr=4.95e-05
step 584  loss=3.5542  lr=4.95e-05
step 585  loss=3.4820  lr=4.95e-05
step 586  loss=3.6204  lr=4.95e-05
step 587  loss=3.5616  lr=4.95e-05
step 588  loss=3.8352  lr=4.95e-05
step 589  loss=3.9256  lr=4.95e-05
step 590  loss=3.4977  lr=4.95e-05
step 591  loss=3.4050  lr=4.95e-05
step 592  loss=3.4359  lr=4.95e-05
step 593  loss=3.4859  lr=4.95e-05
step 594  loss=3.3733  lr=4.95e-05
step 595  loss=3.6252  lr=4.95e-05
step 596  loss=3.6130  lr=4.95e-05
step 597  loss=3.4999  lr=4.95e-05
step 598  loss=3.3123  lr=4.95e-05
step 599  loss=3.6563  lr=4.95e-05
step 600  loss=3.3401  lr=4.95e-05
step 601  loss=3.5737  lr=4.95e-05
step 602  loss=3.6003  lr=4.95e-05
step 603  loss=3.4912  lr=4.95e-05
step 604  loss=3.8128  lr=4.95e-05
step 605  loss=3.4547  lr=4.95e-05
step 606  loss=3.7294  lr=4.95e-05
step 607  loss=3.2457  lr=4.95e-05
step 608  loss=3.5325  lr=4.95e-05
step 609  loss=3.3015  lr=4.95e-05
step 610  loss=3.6086  lr=4.95e-05
step 611  loss=3.4433  lr=4.95e-05
step 612  loss=3.6073  lr=4.95e-05
step 613  loss=3.5251  lr=4.95e-05
step 614  loss=3.5925  lr=4.95e-05
step 615  loss=3.6817  lr=4.95e-05
step 616  loss=3.4378  lr=4.95e-05
step 617  loss=3.5683  lr=4.95e-05
step 618  loss=3.3569  lr=4.95e-05
step 619  loss=3.3507  lr=4.95e-05
step 620  loss=3.8738  lr=4.95e-05
step 621  loss=3.2851  lr=4.95e-05
step 622  loss=3.4521  lr=4.95e-05
step 623  loss=3.4370  lr=4.95e-05
step 624  loss=3.4146  lr=4.95e-05
step 625  loss=3.7426  lr=4.95e-05
step 626  loss=3.5765  lr=4.95e-05
step 627  loss=3.5086  lr=4.95e-05
step 628  loss=3.4793  lr=4.95e-05
step 629  loss=3.5337  lr=4.94e-05
step 630  loss=3.5309  lr=4.94e-05
step 631  loss=3.6835  lr=4.94e-05
step 632  loss=3.5487  lr=4.94e-05
step 633  loss=3.6619  lr=4.94e-05
step 634  loss=3.5727  lr=4.94e-05
step 635  loss=3.6145  lr=4.94e-05
step 636  loss=3.5068  lr=4.94e-05
step 637  loss=3.3708  lr=4.94e-05
step 638  loss=3.4114  lr=4.94e-05
step 639  loss=3.4564  lr=4.94e-05
step 640  loss=3.6109  lr=4.94e-05
step 641  loss=3.1215  lr=4.94e-05
step 642  loss=3.8043  lr=4.94e-05
step 643  loss=3.3662  lr=4.94e-05
step 644  loss=3.7210  lr=4.94e-05
step 645  loss=3.5416  lr=4.94e-05
step 646  loss=3.5548  lr=4.94e-05
step 647  loss=3.5361  lr=4.94e-05
step 648  loss=3.4642  lr=4.94e-05
step 649  loss=3.4725  lr=4.94e-05
step 650  loss=3.3468  lr=4.94e-05
step 651  loss=3.4525  lr=4.94e-05
step 652  loss=3.5014  lr=4.94e-05
step 653  loss=3.5666  lr=4.94e-05
step 654  loss=3.3953  lr=4.94e-05
step 655  loss=3.4826  lr=4.94e-05
step 656  loss=3.7431  lr=4.94e-05
step 657  loss=3.2820  lr=4.94e-05
step 658  loss=3.4478  lr=4.94e-05
step 659  loss=3.5696  lr=4.94e-05
step 660  loss=3.4785  lr=4.94e-05
step 661  loss=3.3914  lr=4.94e-05
step 662  loss=3.5850  lr=4.94e-05
step 663  loss=3.4144  lr=4.94e-05
step 664  loss=3.6953  lr=4.94e-05
step 665  loss=3.2767  lr=4.94e-05
step 666  loss=3.4523  lr=4.94e-05
step 667  loss=3.2987  lr=4.94e-05
step 668  loss=3.3210  lr=4.94e-05
step 669  loss=3.3834  lr=4.94e-05
step 670  loss=3.1837  lr=4.94e-05
step 671  loss=3.1312  lr=4.94e-05
step 672  loss=3.4088  lr=4.94e-05
step 673  loss=3.5800  lr=4.94e-05
step 674  loss=3.5180  lr=4.94e-05
step 675  loss=3.5428  lr=4.93e-05
step 676  loss=3.5923  lr=4.93e-05
step 677  loss=3.2714  lr=4.93e-05
step 678  loss=3.2906  lr=4.93e-05
step 679  loss=3.4646  lr=4.93e-05
step 680  loss=3.5701  lr=4.93e-05
step 681  loss=3.4369  lr=4.93e-05
step 682  loss=3.6520  lr=4.93e-05
step 683  loss=3.2956  lr=4.93e-05
step 684  loss=3.4106  lr=4.93e-05
step 685  loss=3.3713  lr=4.93e-05
step 686  loss=3.5829  lr=4.93e-05
step 687  loss=3.3632  lr=4.93e-05
step 688  loss=3.5396  lr=4.93e-05
step 689  loss=3.4476  lr=4.93e-05
step 690  loss=3.3443  lr=4.93e-05
step 691  loss=3.2560  lr=4.93e-05
step 692  loss=3.4441  lr=4.93e-05
step 693  loss=3.4891  lr=4.93e-05
step 694  loss=3.4427  lr=4.93e-05
step 695  loss=3.5406  lr=4.93e-05
step 696  loss=3.4052  lr=4.93e-05
step 697  loss=3.3644  lr=4.93e-05
step 698  loss=3.4946  lr=4.93e-05
step 699  loss=3.5427  lr=4.93e-05
step 700  loss=3.4452  lr=4.93e-05
step 701  loss=3.3383  lr=4.93e-05
step 702  loss=3.3226  lr=4.93e-05
step 703  loss=3.4640  lr=4.93e-05
step 704  loss=3.6193  lr=4.93e-05
step 705  loss=3.2494  lr=4.93e-05
step 706  loss=3.5445  lr=4.93e-05
step 707  loss=3.3820  lr=4.93e-05
step 708  loss=3.4772  lr=4.93e-05
step 709  loss=3.3196  lr=4.93e-05
step 710  loss=3.2306  lr=4.93e-05
step 711  loss=3.6588  lr=4.93e-05
step 712  loss=3.4794  lr=4.93e-05
step 713  loss=3.5006  lr=4.93e-05
step 714  loss=3.7080  lr=4.93e-05
step 715  loss=3.4454  lr=4.93e-05
step 716  loss=3.2973  lr=4.93e-05
step 717  loss=3.4175  lr=4.93e-05
step 718  loss=3.3143  lr=4.92e-05
step 719  loss=3.2882  lr=4.92e-05
step 720  loss=3.4969  lr=4.92e-05
step 721  loss=3.4103  lr=4.92e-05
step 722  loss=3.6995  lr=4.92e-05
step 723  loss=3.4400  lr=4.92e-05
step 724  loss=3.2220  lr=4.92e-05
step 725  loss=3.3327  lr=4.92e-05
step 726  loss=3.1095  lr=4.92e-05
step 727  loss=3.5756  lr=4.92e-05
step 728  loss=3.6560  lr=4.92e-05
step 729  loss=3.3854  lr=4.92e-05
step 730  loss=3.5095  lr=4.92e-05
step 731  loss=3.1256  lr=4.92e-05
step 732  loss=3.3934  lr=4.92e-05
step 733  loss=3.5105  lr=4.92e-05
step 734  loss=3.5113  lr=4.92e-05
step 735  loss=3.2555  lr=4.92e-05
step 736  loss=3.4377  lr=4.92e-05
step 737  loss=3.6294  lr=4.92e-05
step 738  loss=3.2553  lr=4.92e-05
step 739  loss=3.3670  lr=4.92e-05
step 740  loss=3.2667  lr=4.92e-05
step 741  loss=3.4370  lr=4.92e-05
step 742  loss=3.5518  lr=4.92e-05
step 743  loss=3.3555  lr=4.92e-05
step 744  loss=3.4237  lr=4.92e-05
step 745  loss=3.5041  lr=4.92e-05
step 746  loss=3.4173  lr=4.92e-05
step 747  loss=3.4795  lr=4.92e-05
step 748  loss=3.3746  lr=4.92e-05
step 749  loss=3.5749  lr=4.92e-05
step 750  loss=3.3392  lr=4.92e-05
step 751  loss=3.2721  lr=4.92e-05
step 752  loss=3.4435  lr=4.92e-05
step 753  loss=3.4172  lr=4.92e-05
step 754  loss=3.3010  lr=4.92e-05
step 755  loss=3.2445  lr=4.92e-05
step 756  loss=3.1181  lr=4.92e-05
step 757  loss=3.7295  lr=4.92e-05
step 758  loss=3.2014  lr=4.91e-05
step 759  loss=3.5444  lr=4.91e-05
step 760  loss=3.4546  lr=4.91e-05
step 761  loss=3.4402  lr=4.91e-05
step 762  loss=3.0771  lr=4.91e-05
step 763  loss=3.5138  lr=4.91e-05
step 764  loss=3.2868  lr=4.91e-05
step 765  loss=3.1946  lr=4.91e-05
step 766  loss=3.5665  lr=4.91e-05
step 767  loss=3.3629  lr=4.91e-05
step 768  loss=3.1379  lr=4.91e-05
step 769  loss=3.1265  lr=4.91e-05
step 770  loss=3.1552  lr=4.91e-05
step 771  loss=3.2514  lr=4.91e-05
step 772  loss=3.3094  lr=4.91e-05
step 773  loss=3.4102  lr=4.91e-05
step 774  loss=3.2765  lr=4.91e-05
step 775  loss=3.3899  lr=4.91e-05
step 776  loss=3.5967  lr=4.91e-05
step 777  loss=3.3667  lr=4.91e-05
step 778  loss=3.5263  lr=4.91e-05
step 779  loss=3.3167  lr=4.91e-05
step 780  loss=3.2389  lr=4.91e-05
step 781  loss=3.1982  lr=4.91e-05
step 782  loss=3.2024  lr=4.91e-05
step 783  loss=3.3447  lr=4.91e-05
step 784  loss=3.3488  lr=4.91e-05
step 785  loss=3.1457  lr=4.91e-05
step 786  loss=3.2910  lr=4.91e-05
step 787  loss=3.3604  lr=4.91e-05
step 788  loss=3.2917  lr=4.91e-05
step 789  loss=3.2056  lr=4.91e-05
step 790  loss=3.2208  lr=4.91e-05
step 791  loss=3.4097  lr=4.91e-05
step 792  loss=3.2505  lr=4.91e-05
step 793  loss=3.3133  lr=4.91e-05
step 794  loss=3.2801  lr=4.91e-05
step 795  loss=3.3480  lr=4.91e-05
step 796  loss=3.0598  lr=4.90e-05
step 797  loss=3.2635  lr=4.90e-05
step 798  loss=3.3661  lr=4.90e-05
step 799  loss=3.1328  lr=4.90e-05
step 800  loss=3.4162  lr=4.90e-05
step 801  loss=3.5357  lr=4.90e-05
step 802  loss=3.5025  lr=4.90e-05
step 803  loss=3.4252  lr=4.90e-05
step 804  loss=3.2398  lr=4.90e-05
step 805  loss=3.3484  lr=4.90e-05
step 806  loss=3.2512  lr=4.90e-05
step 807  loss=3.2426  lr=4.90e-05
step 808  loss=3.3017  lr=4.90e-05
step 809  loss=3.0823  lr=4.90e-05
step 810  loss=3.4424  lr=4.90e-05
step 811  loss=3.6073  lr=4.90e-05
step 812  loss=2.9570  lr=4.90e-05
step 813  loss=3.2196  lr=4.90e-05
step 814  loss=3.3629  lr=4.90e-05
step 815  loss=3.2431  lr=4.90e-05
step 816  loss=3.1224  lr=4.90e-05
step 817  loss=3.2370  lr=4.90e-05
step 818  loss=3.4309  lr=4.90e-05
step 819  loss=3.4388  lr=4.90e-05
step 820  loss=3.5940  lr=4.90e-05
step 821  loss=3.3011  lr=4.90e-05
step 822  loss=3.2276  lr=4.90e-05
step 823  loss=3.0953  lr=4.90e-05
step 824  loss=3.0746  lr=4.90e-05
step 825  loss=3.1801  lr=4.90e-05
step 826  loss=3.4345  lr=4.90e-05
step 827  loss=3.2737  lr=4.90e-05
step 828  loss=3.3106  lr=4.90e-05
step 829  loss=3.4753  lr=4.90e-05
step 830  loss=3.3470  lr=4.90e-05
step 831  loss=3.5325  lr=4.90e-05
step 832  loss=3.3128  lr=4.89e-05
step 833  loss=3.2750  lr=4.89e-05
step 834  loss=3.2397  lr=4.89e-05
step 835  loss=3.5554  lr=4.89e-05
step 836  loss=3.4501  lr=4.89e-05
step 837  loss=3.1743  lr=4.89e-05
step 838  loss=3.2460  lr=4.89e-05
step 839  loss=3.1467  lr=4.89e-05
step 840  loss=3.3631  lr=4.89e-05
step 841  loss=3.3665  lr=4.89e-05
step 842  loss=3.3197  lr=4.89e-05
step 843  loss=3.0118  lr=4.89e-05
step 844  loss=3.2764  lr=4.89e-05
step 845  loss=3.5010  lr=4.89e-05
step 846  loss=3.4687  lr=4.89e-05
step 847  loss=3.6891  lr=4.89e-05
step 848  loss=3.3291  lr=4.89e-05
step 849  loss=3.3427  lr=4.89e-05
step 850  loss=3.3225  lr=4.89e-05
step 851  loss=3.2389  lr=4.89e-05
step 852  loss=3.2680  lr=4.89e-05
step 853  loss=3.1664  lr=4.89e-05
step 854  loss=3.0136  lr=4.89e-05
step 855  loss=3.2330  lr=4.89e-05
step 856  loss=3.4474  lr=4.89e-05
step 857  loss=3.4557  lr=4.89e-05
step 858  loss=3.3823  lr=4.89e-05
step 859  loss=2.9399  lr=4.89e-05
step 860  loss=3.1089  lr=4.89e-05
step 861  loss=3.2047  lr=4.89e-05
step 862  loss=3.3924  lr=4.89e-05
step 863  loss=3.4178  lr=4.89e-05
step 864  loss=3.0853  lr=4.89e-05
step 865  loss=3.2354  lr=4.89e-05
step 866  loss=3.2246  lr=4.88e-05
step 867  loss=3.5864  lr=4.88e-05
step 868  loss=3.0574  lr=4.88e-05
step 869  loss=3.3806  lr=4.88e-05
step 870  loss=3.2005  lr=4.88e-05
step 871  loss=3.3344  lr=4.88e-05
step 872  loss=3.3395  lr=4.88e-05
step 873  loss=3.0786  lr=4.88e-05
step 874  loss=3.4257  lr=4.88e-05
step 875  loss=3.2093  lr=4.88e-05
step 876  loss=3.3005  lr=4.88e-05
step 877  loss=3.3447  lr=4.88e-05
step 878  loss=3.2043  lr=4.88e-05
step 879  loss=3.3853  lr=4.88e-05
step 880  loss=3.4755  lr=4.88e-05
step 881  loss=3.5619  lr=4.88e-05
step 882  loss=3.2384  lr=4.88e-05
step 883  loss=3.1681  lr=4.88e-05
step 884  loss=3.3361  lr=4.88e-05
step 885  loss=3.3930  lr=4.88e-05
step 886  loss=3.3797  lr=4.88e-05
step 887  loss=3.0323  lr=4.88e-05
step 888  loss=3.3899  lr=4.88e-05
step 889  loss=3.2239  lr=4.88e-05
step 890  loss=3.1455  lr=4.88e-05
step 891  loss=3.1514  lr=4.88e-05
step 892  loss=3.4679  lr=4.88e-05
step 893  loss=3.0198  lr=4.88e-05
step 894  loss=3.4235  lr=4.88e-05
step 895  loss=3.3251  lr=4.88e-05
step 896  loss=3.1947  lr=4.88e-05
step 897  loss=3.1897  lr=4.88e-05
step 898  loss=3.3756  lr=4.88e-05
step 899  loss=3.2362  lr=4.87e-05
step 900  loss=3.1682  lr=4.87e-05
step 901  loss=3.1876  lr=4.87e-05
step 902  loss=3.3445  lr=4.87e-05
step 903  loss=3.3463  lr=4.87e-05
step 904  loss=3.2751  lr=4.87e-05
step 905  loss=3.2514  lr=4.87e-05
step 906  loss=3.2139  lr=4.87e-05
step 907  loss=3.0141  lr=4.87e-05
step 908  loss=3.2907  lr=4.87e-05
step 909  loss=3.3935  lr=4.87e-05
step 910  loss=3.4844  lr=4.87e-05
step 911  loss=3.3549  lr=4.87e-05
step 912  loss=3.5342  lr=4.87e-05
step 913  loss=3.3923  lr=4.87e-05
step 914  loss=3.3567  lr=4.87e-05
step 915  loss=3.3497  lr=4.87e-05
step 916  loss=3.1124  lr=4.87e-05
step 917  loss=3.2403  lr=4.87e-05
step 918  loss=3.1247  lr=4.87e-05
step 919  loss=3.2444  lr=4.87e-05
step 920  loss=2.8732  lr=4.87e-05
step 921  loss=3.2115  lr=4.87e-05
step 922  loss=3.4824  lr=4.87e-05
step 923  loss=3.4654  lr=4.87e-05
step 924  loss=3.4542  lr=4.87e-05
step 925  loss=3.4555  lr=4.87e-05
step 926  loss=3.4405  lr=4.87e-05
step 927  loss=3.2467  lr=4.87e-05
step 928  loss=3.3050  lr=4.87e-05
step 929  loss=3.2074  lr=4.87e-05
step 930  loss=3.2142  lr=4.87e-05
step 931  loss=3.0113  lr=4.86e-05
step 932  loss=3.1020  lr=4.86e-05
step 933  loss=3.4016  lr=4.86e-05
step 934  loss=3.2779  lr=4.86e-05
step 935  loss=3.4223  lr=4.86e-05
step 936  loss=3.2459  lr=4.86e-05
step 937  loss=3.3084  lr=4.86e-05
step 938  loss=3.1590  lr=4.86e-05
step 939  loss=3.3237  lr=4.86e-05
step 940  loss=3.3134  lr=4.86e-05
step 941  loss=3.0353  lr=4.86e-05
step 942  loss=3.0076  lr=4.86e-05
step 943  loss=3.3017  lr=4.86e-05
step 944  loss=3.3671  lr=4.86e-05
step 945  loss=3.0780  lr=4.86e-05
step 946  loss=3.4606  lr=4.86e-05
step 947  loss=3.4581  lr=4.86e-05
step 948  loss=3.2031  lr=4.86e-05
step 949  loss=3.2438  lr=4.86e-05
step 950  loss=3.1399  lr=4.86e-05
step 951  loss=3.4487  lr=4.86e-05
step 952  loss=3.1280  lr=4.86e-05
step 953  loss=3.4347  lr=4.86e-05
step 954  loss=3.1620  lr=4.86e-05
step 955  loss=3.1566  lr=4.86e-05
step 956  loss=3.2403  lr=4.86e-05
step 957  loss=3.0922  lr=4.86e-05
step 958  loss=3.1649  lr=4.86e-05
step 959  loss=3.3285  lr=4.86e-05
step 960  loss=2.8151  lr=4.86e-05
step 961  loss=3.5586  lr=4.85e-05
step 962  loss=3.2631  lr=4.85e-05
step 963  loss=3.2828  lr=4.85e-05
step 964  loss=3.0182  lr=4.85e-05
step 965  loss=3.1774  lr=4.85e-05
step 966  loss=3.2097  lr=4.85e-05
step 967  loss=3.1290  lr=4.85e-05
step 968  loss=3.1526  lr=4.85e-05
step 969  loss=3.3691  lr=4.85e-05
step 970  loss=3.4207  lr=4.85e-05
step 971  loss=3.2745  lr=4.85e-05
step 972  loss=3.2420  lr=4.85e-05
step 973  loss=3.1921  lr=4.85e-05
step 974  loss=3.3304  lr=4.85e-05
step 975  loss=3.5567  lr=4.85e-05
step 976  loss=3.3540  lr=4.85e-05
step 977  loss=3.0051  lr=4.85e-05
step 978  loss=3.3792  lr=4.85e-05
step 979  loss=3.1270  lr=4.85e-05
step 980  loss=3.1446  lr=4.85e-05
step 981  loss=3.1052  lr=4.85e-05
step 982  loss=3.1946  lr=4.85e-05
step 983  loss=3.1661  lr=4.85e-05
step 984  loss=3.1969  lr=4.85e-05
step 985  loss=3.1777  lr=4.85e-05
step 986  loss=3.3556  lr=4.85e-05
step 987  loss=3.1661  lr=4.85e-05
step 988  loss=3.0498  lr=4.85e-05
step 989  loss=3.3747  lr=4.85e-05
step 990  loss=3.2711  lr=4.85e-05
step 991  loss=3.1631  lr=4.84e-05
step 992  loss=3.3189  lr=4.84e-05
step 993  loss=3.3028  lr=4.84e-05
step 994  loss=3.1025  lr=4.84e-05
step 995  loss=3.0891  lr=4.84e-05
step 996  loss=3.1762  lr=4.84e-05
step 997  loss=3.2268  lr=4.84e-05
step 998  loss=3.3016  lr=4.84e-05
step 999  loss=3.2857  lr=4.84e-05
step 1000  loss=3.2881  lr=4.84e-05
step 1001  loss=3.1079  lr=4.84e-05
step 1002  loss=2.9808  lr=4.84e-05
step 1003  loss=3.4020  lr=4.84e-05
step 1004  loss=3.1011  lr=4.84e-05
step 1005  loss=3.1928  lr=4.84e-05
step 1006  loss=3.0208  lr=4.84e-05
step 1007  loss=3.2605  lr=4.84e-05
step 1008  loss=2.8800  lr=4.84e-05
step 1009  loss=3.2333  lr=4.84e-05
step 1010  loss=3.4213  lr=4.84e-05
step 1011  loss=3.0484  lr=4.84e-05
step 1012  loss=3.0273  lr=4.84e-05
step 1013  loss=3.4363  lr=4.84e-05
step 1014  loss=3.2941  lr=4.84e-05
step 1015  loss=3.2831  lr=4.84e-05
step 1016  loss=3.3499  lr=4.84e-05
step 1017  loss=3.3954  lr=4.84e-05
step 1018  loss=3.2445  lr=4.84e-05
step 1019  loss=3.2750  lr=4.83e-05
step 1020  loss=3.2809  lr=4.83e-05
step 1021  loss=3.4034  lr=4.83e-05
step 1022  loss=3.1945  lr=4.83e-05
step 1023  loss=3.3595  lr=4.83e-05
step 1024  loss=3.0414  lr=4.83e-05
step 1025  loss=3.0761  lr=4.83e-05
step 1026  loss=3.3876  lr=4.83e-05
step 1027  loss=3.4543  lr=4.83e-05
step 1028  loss=3.1824  lr=4.83e-05
step 1029  loss=3.3080  lr=4.83e-05
step 1030  loss=3.0572  lr=4.83e-05
step 1031  loss=3.2213  lr=4.83e-05
step 1032  loss=3.2129  lr=4.83e-05
step 1033  loss=2.9708  lr=4.83e-05
step 1034  loss=3.5016  lr=4.83e-05
step 1035  loss=3.2996  lr=4.83e-05
step 1036  loss=3.2729  lr=4.83e-05
step 1037  loss=2.9168  lr=4.83e-05
step 1038  loss=3.0409  lr=4.83e-05
step 1039  loss=3.4107  lr=4.83e-05
step 1040  loss=3.1673  lr=4.83e-05
step 1041  loss=3.0811  lr=4.83e-05
step 1042  loss=3.3668  lr=4.83e-05
step 1043  loss=3.1595  lr=4.83e-05
step 1044  loss=3.5844  lr=4.83e-05
step 1045  loss=3.0432  lr=4.83e-05
step 1046  loss=3.2378  lr=4.83e-05
step 1047  loss=3.2037  lr=4.82e-05
step 1048  loss=2.9857  lr=4.82e-05
step 1049  loss=3.4463  lr=4.82e-05
step 1050  loss=3.3950  lr=4.82e-05
step 1051  loss=3.1068  lr=4.82e-05
step 1052  loss=3.2068  lr=4.82e-05
step 1053  loss=3.2221  lr=4.82e-05
step 1054  loss=3.0370  lr=4.82e-05
step 1055  loss=3.2232  lr=4.82e-05
step 1056  loss=3.3409  lr=4.82e-05
step 1057  loss=3.3256  lr=4.82e-05
step 1058  loss=3.3741  lr=4.82e-05
step 1059  loss=3.4781  lr=4.82e-05
step 1060  loss=3.2449  lr=4.82e-05
step 1061  loss=3.1137  lr=4.82e-05
step 1062  loss=3.1584  lr=4.82e-05
step 1063  loss=3.0007  lr=4.82e-05
step 1064  loss=3.2718  lr=4.82e-05
step 1065  loss=3.4899  lr=4.82e-05
step 1066  loss=3.4005  lr=4.82e-05
step 1067  loss=3.0704  lr=4.82e-05
step 1068  loss=2.9551  lr=4.82e-05
step 1069  loss=3.4458  lr=4.82e-05
step 1070  loss=3.2951  lr=4.82e-05
step 1071  loss=3.4553  lr=4.82e-05
step 1072  loss=3.1594  lr=4.82e-05
step 1073  loss=3.2031  lr=4.82e-05
step 1074  loss=3.2006  lr=4.81e-05
step 1075  loss=3.2527  lr=4.81e-05
step 1076  loss=2.9922  lr=4.81e-05
step 1077  loss=3.0813  lr=4.81e-05
step 1078  loss=3.0269  lr=4.81e-05
step 1079  loss=3.0233  lr=4.81e-05
step 1080  loss=3.0276  lr=4.81e-05
step 1081  loss=3.2402  lr=4.81e-05
step 1082  loss=3.0949  lr=4.81e-05
step 1083  loss=3.1223  lr=4.81e-05
step 1084  loss=3.1533  lr=4.81e-05
step 1085  loss=2.9410  lr=4.81e-05
step 1086  loss=3.0397  lr=4.81e-05
step 1087  loss=3.3619  lr=4.81e-05
step 1088  loss=3.1199  lr=4.81e-05
step 1089  loss=3.1515  lr=4.81e-05
step 1090  loss=3.1230  lr=4.81e-05
step 1091  loss=3.2292  lr=4.81e-05
step 1092  loss=3.0755  lr=4.81e-05
step 1093  loss=2.9664  lr=4.81e-05
step 1094  loss=3.0836  lr=4.81e-05
step 1095  loss=3.0627  lr=4.81e-05
step 1096  loss=3.0059  lr=4.81e-05
step 1097  loss=3.0832  lr=4.81e-05
step 1098  loss=3.0062  lr=4.81e-05
step 1099  loss=3.1886  lr=4.81e-05
step 1100  loss=3.1000  lr=4.80e-05
step 1101  loss=3.1729  lr=4.80e-05
step 1102  loss=3.0907  lr=4.80e-05
step 1103  loss=3.1452  lr=4.80e-05
step 1104  loss=3.2392  lr=4.80e-05
step 1105  loss=3.0826  lr=4.80e-05
step 1106  loss=2.9757  lr=4.80e-05
step 1107  loss=3.3289  lr=4.80e-05
step 1108  loss=3.0792  lr=4.80e-05
step 1109  loss=2.8075  lr=4.80e-05
step 1110  loss=3.2091  lr=4.80e-05
step 1111  loss=3.3206  lr=4.80e-05
step 1112  loss=3.0983  lr=4.80e-05
step 1113  loss=3.1069  lr=4.80e-05
step 1114  loss=3.2749  lr=4.80e-05
step 1115  loss=3.2135  lr=4.80e-05
step 1116  loss=3.1518  lr=4.80e-05
step 1117  loss=3.1632  lr=4.80e-05
step 1118  loss=3.4469  lr=4.80e-05
step 1119  loss=3.1879  lr=4.80e-05
step 1120  loss=3.1388  lr=4.80e-05
step 1121  loss=3.3127  lr=4.80e-05
step 1122  loss=3.0354  lr=4.80e-05
step 1123  loss=3.0662  lr=4.80e-05
step 1124  loss=3.1119  lr=4.80e-05
step 1125  loss=3.0306  lr=4.80e-05
step 1126  loss=3.2027  lr=4.79e-05
step 1127  loss=3.0062  lr=4.79e-05
step 1128  loss=3.1378  lr=4.79e-05
step 1129  loss=3.1644  lr=4.79e-05
step 1130  loss=3.1771  lr=4.79e-05
step 1131  loss=3.0674  lr=4.79e-05
step 1132  loss=3.3128  lr=4.79e-05
step 1133  loss=3.2615  lr=4.79e-05
step 1134  loss=3.3704  lr=4.79e-05
step 1135  loss=3.0697  lr=4.79e-05
step 1136  loss=3.0589  lr=4.79e-05
step 1137  loss=3.0102  lr=4.79e-05
step 1138  loss=3.1333  lr=4.79e-05
step 1139  loss=2.8456  lr=4.79e-05
step 1140  loss=3.0795  lr=4.79e-05
step 1141  loss=3.1059  lr=4.79e-05
step 1142  loss=3.0748  lr=4.79e-05
step 1143  loss=3.2936  lr=4.79e-05
step 1144  loss=2.9476  lr=4.79e-05
step 1145  loss=3.1306  lr=4.79e-05
step 1146  loss=3.0981  lr=4.79e-05
step 1147  loss=3.3281  lr=4.79e-05
step 1148  loss=3.3416  lr=4.79e-05
step 1149  loss=3.2369  lr=4.79e-05
step 1150  loss=3.0825  lr=4.79e-05
step 1151  loss=2.9706  lr=4.78e-05
step 1152  loss=2.9576  lr=4.78e-05
step 1153  loss=3.1043  lr=4.78e-05
step 1154  loss=3.3535  lr=4.78e-05
step 1155  loss=3.0232  lr=4.78e-05
step 1156  loss=3.2832  lr=4.78e-05
step 1157  loss=3.3063  lr=4.78e-05
step 1158  loss=3.4916  lr=4.78e-05
step 1159  loss=3.1746  lr=4.78e-05
step 1160  loss=3.2322  lr=4.78e-05
step 1161  loss=3.0614  lr=4.78e-05
step 1162  loss=2.8681  lr=4.78e-05
step 1163  loss=3.2443  lr=4.78e-05
step 1164  loss=2.9869  lr=4.78e-05
step 1165  loss=3.2279  lr=4.78e-05
step 1166  loss=3.3252  lr=4.78e-05
step 1167  loss=2.8920  lr=4.78e-05
step 1168  loss=2.9946  lr=4.78e-05
step 1169  loss=3.2286  lr=4.78e-05
step 1170  loss=2.9440  lr=4.78e-05
step 1171  loss=3.1061  lr=4.78e-05
step 1172  loss=3.1240  lr=4.78e-05
step 1173  loss=2.9701  lr=4.78e-05
step 1174  loss=2.9433  lr=4.78e-05
step 1175  loss=3.2422  lr=4.78e-05
step 1176  loss=3.2897  lr=4.77e-05
step 1177  loss=3.3972  lr=4.77e-05
step 1178  loss=2.8936  lr=4.77e-05
step 1179  loss=2.9770  lr=4.77e-05
step 1180  loss=3.3041  lr=4.77e-05
step 1181  loss=3.0101  lr=4.77e-05
step 1182  loss=3.2444  lr=4.77e-05
step 1183  loss=3.3734  lr=4.77e-05
step 1184  loss=3.0155  lr=4.77e-05
step 1185  loss=3.0216  lr=4.77e-05
step 1186  loss=3.4225  lr=4.77e-05
step 1187  loss=3.3143  lr=4.77e-05
step 1188  loss=3.0911  lr=4.77e-05
step 1189  loss=3.4217  lr=4.77e-05
step 1190  loss=3.1727  lr=4.77e-05
step 1191  loss=3.2835  lr=4.77e-05
step 1192  loss=3.1266  lr=4.77e-05
step 1193  loss=3.0261  lr=4.77e-05
step 1194  loss=3.1747  lr=4.77e-05
step 1195  loss=3.0796  lr=4.77e-05
step 1196  loss=2.9974  lr=4.77e-05
step 1197  loss=3.1540  lr=4.77e-05
step 1198  loss=3.2992  lr=4.77e-05
step 1199  loss=3.0913  lr=4.77e-05
step 1200  loss=3.1094  lr=4.76e-05
step 1201  loss=3.2083  lr=4.76e-05
step 1202  loss=2.9935  lr=4.76e-05
step 1203  loss=2.8705  lr=4.76e-05
step 1204  loss=3.0872  lr=4.76e-05
step 1205  loss=3.0317  lr=4.76e-05
step 1206  loss=3.0751  lr=4.76e-05
step 1207  loss=3.1080  lr=4.76e-05
step 1208  loss=3.2622  lr=4.76e-05
step 1209  loss=3.1335  lr=4.76e-05
step 1210  loss=3.0348  lr=4.76e-05
step 1211  loss=2.8738  lr=4.76e-05
step 1212  loss=3.3461  lr=4.76e-05
step 1213  loss=3.3239  lr=4.76e-05
step 1214  loss=3.0495  lr=4.76e-05
step 1215  loss=3.1084  lr=4.76e-05
step 1216  loss=3.0704  lr=4.76e-05
step 1217  loss=2.9919  lr=4.76e-05
step 1218  loss=3.0933  lr=4.76e-05
step 1219  loss=3.1357  lr=4.76e-05
step 1220  loss=2.9877  lr=4.76e-05
step 1221  loss=3.0668  lr=4.76e-05
step 1222  loss=3.1745  lr=4.76e-05
step 1223  loss=3.1676  lr=4.75e-05
step 1224  loss=3.0575  lr=4.75e-05
step 1225  loss=3.0483  lr=4.75e-05
step 1226  loss=2.8639  lr=4.75e-05
step 1227  loss=3.2367  lr=4.75e-05
step 1228  loss=3.4535  lr=4.75e-05
step 1229  loss=2.8835  lr=4.75e-05
step 1230  loss=3.2969  lr=4.75e-05
step 1231  loss=3.1769  lr=4.75e-05
step 1232  loss=2.6941  lr=4.75e-05
step 1233  loss=3.1853  lr=4.75e-05
step 1234  loss=3.0300  lr=4.75e-05
step 1235  loss=3.0247  lr=4.75e-05
step 1236  loss=3.1741  lr=4.75e-05
step 1237  loss=3.1422  lr=4.75e-05
step 1238  loss=3.3858  lr=4.75e-05
step 1239  loss=3.2365  lr=4.75e-05
step 1240  loss=2.9390  lr=4.75e-05
step 1241  loss=3.0501  lr=4.75e-05
step 1242  loss=3.2717  lr=4.75e-05
step 1243  loss=3.1387  lr=4.75e-05
step 1244  loss=3.0087  lr=4.75e-05
step 1245  loss=3.2299  lr=4.75e-05
step 1246  loss=3.0520  lr=4.74e-05
step 1247  loss=3.1079  lr=4.74e-05
step 1248  loss=3.0965  lr=4.74e-05
step 1249  loss=3.3291  lr=4.74e-05
step 1250  loss=2.8520  lr=4.74e-05
step 1251  loss=3.0317  lr=4.74e-05
step 1252  loss=3.0363  lr=4.74e-05
step 1253  loss=2.9524  lr=4.74e-05
step 1254  loss=3.1443  lr=4.74e-05
step 1255  loss=2.9389  lr=4.74e-05
step 1256  loss=3.6841  lr=4.74e-05
step 1257  loss=2.9768  lr=4.74e-05
step 1258  loss=3.0254  lr=4.74e-05
step 1259  loss=3.3791  lr=4.74e-05
step 1260  loss=3.0508  lr=4.74e-05
step 1261  loss=2.9202  lr=4.74e-05
step 1262  loss=3.2835  lr=4.74e-05
step 1263  loss=2.9779  lr=4.74e-05
step 1264  loss=3.1570  lr=4.74e-05
step 1265  loss=3.0208  lr=4.74e-05
step 1266  loss=2.7852  lr=4.74e-05
step 1267  loss=2.9742  lr=4.74e-05
step 1268  loss=3.0875  lr=4.74e-05
step 1269  loss=3.1611  lr=4.73e-05
step 1270  loss=3.0520  lr=4.73e-05
step 1271  loss=2.9058  lr=4.73e-05
step 1272  loss=2.9103  lr=4.73e-05
step 1273  loss=3.1392  lr=4.73e-05
step 1274  loss=3.0374  lr=4.73e-05
step 1275  loss=3.0457  lr=4.73e-05
step 1276  loss=3.2276  lr=4.73e-05
step 1277  loss=2.9519  lr=4.73e-05
step 1278  loss=2.8856  lr=4.73e-05
step 1279  loss=3.1265  lr=4.73e-05
step 1280  loss=3.1164  lr=4.73e-05
step 1281  loss=3.0653  lr=4.73e-05
step 1282  loss=3.0938  lr=4.73e-05
step 1283  loss=3.0995  lr=4.73e-05
step 1284  loss=3.2292  lr=4.73e-05
step 1285  loss=3.1475  lr=4.73e-05
step 1286  loss=3.1929  lr=4.73e-05
step 1287  loss=3.0172  lr=4.73e-05
step 1288  loss=3.3132  lr=4.73e-05
step 1289  loss=3.3525  lr=4.73e-05
step 1290  loss=3.1683  lr=4.73e-05
step 1291  loss=2.9718  lr=4.72e-05
step 1292  loss=3.2588  lr=4.72e-05
step 1293  loss=3.0990  lr=4.72e-05
step 1294  loss=3.2718  lr=4.72e-05
step 1295  loss=3.1074  lr=4.72e-05
step 1296  loss=3.3553  lr=4.72e-05
step 1297  loss=2.9881  lr=4.72e-05
step 1298  loss=3.1429  lr=4.72e-05
step 1299  loss=3.0146  lr=4.72e-05
step 1300  loss=3.3587  lr=4.72e-05
step 1301  loss=3.0477  lr=4.72e-05
step 1302  loss=3.0134  lr=4.72e-05
step 1303  loss=3.1312  lr=4.72e-05
step 1304  loss=2.7897  lr=4.72e-05
step 1305  loss=3.0349  lr=4.72e-05
step 1306  loss=2.9599  lr=4.72e-05
step 1307  loss=3.0434  lr=4.72e-05
step 1308  loss=3.2373  lr=4.72e-05
step 1309  loss=3.2249  lr=4.72e-05
step 1310  loss=3.1431  lr=4.72e-05
step 1311  loss=3.0467  lr=4.72e-05
step 1312  loss=3.2576  lr=4.72e-05
step 1313  loss=3.0163  lr=4.71e-05
step 1314  loss=3.2180  lr=4.71e-05
step 1315  loss=3.2367  lr=4.71e-05
step 1316  loss=3.2357  lr=4.71e-05
step 1317  loss=3.1271  lr=4.71e-05
step 1318  loss=3.0606  lr=4.71e-05
step 1319  loss=3.0361  lr=4.71e-05
step 1320  loss=3.2020  lr=4.71e-05
step 1321  loss=3.0811  lr=4.71e-05
step 1322  loss=2.9248  lr=4.71e-05
step 1323  loss=3.0106  lr=4.71e-05
step 1324  loss=3.0618  lr=4.71e-05
step 1325  loss=3.1100  lr=4.71e-05
step 1326  loss=3.0552  lr=4.71e-05
step 1327  loss=3.1860  lr=4.71e-05
step 1328  loss=3.1111  lr=4.71e-05
step 1329  loss=2.9893  lr=4.71e-05
step 1330  loss=2.9091  lr=4.71e-05
step 1331  loss=2.9903  lr=4.71e-05
step 1332  loss=3.1762  lr=4.71e-05
step 1333  loss=3.0895  lr=4.71e-05
step 1334  loss=2.9947  lr=4.70e-05
step 1335  loss=3.1684  lr=4.70e-05
step 1336  loss=3.1553  lr=4.70e-05
step 1337  loss=2.9825  lr=4.70e-05
step 1338  loss=2.9221  lr=4.70e-05
step 1339  loss=2.9571  lr=4.70e-05
step 1340  loss=2.9739  lr=4.70e-05
step 1341  loss=3.0889  lr=4.70e-05
step 1342  loss=3.1461  lr=4.70e-05
step 1343  loss=3.0552  lr=4.70e-05
step 1344  loss=3.3435  lr=4.70e-05
step 1345  loss=2.9926  lr=4.70e-05
step 1346  loss=2.9244  lr=4.70e-05
step 1347  loss=2.8473  lr=4.70e-05
step 1348  loss=2.8294  lr=4.70e-05
step 1349  loss=2.6797  lr=4.70e-05
step 1350  loss=2.9999  lr=4.70e-05
step 1351  loss=2.9687  lr=4.70e-05
step 1352  loss=3.4639  lr=4.70e-05
step 1353  loss=3.1698  lr=4.70e-05
step 1354  loss=3.1268  lr=4.70e-05
step 1355  loss=3.0273  lr=4.70e-05
step 1356  loss=3.2941  lr=4.69e-05
step 1357  loss=3.1975  lr=4.69e-05
step 1358  loss=3.1614  lr=4.69e-05
step 1359  loss=3.1113  lr=4.69e-05
step 1360  loss=2.9406  lr=4.69e-05
step 1361  loss=3.1596  lr=4.69e-05
step 1362  loss=2.8807  lr=4.69e-05
step 1363  loss=3.1012  lr=4.69e-05
step 1364  loss=3.0039  lr=4.69e-05
step 1365  loss=2.9818  lr=4.69e-05
step 1366  loss=3.2151  lr=4.69e-05
step 1367  loss=3.1102  lr=4.69e-05
step 1368  loss=2.9523  lr=4.69e-05
step 1369  loss=2.9936  lr=4.69e-05
step 1370  loss=3.2519  lr=4.69e-05
step 1371  loss=3.2053  lr=4.69e-05
step 1372  loss=2.9257  lr=4.69e-05
step 1373  loss=3.2578  lr=4.69e-05
step 1374  loss=3.1576  lr=4.69e-05
step 1375  loss=3.0821  lr=4.69e-05
step 1376  loss=3.1394  lr=4.68e-05
step 1377  loss=2.7950  lr=4.68e-05
step 1378  loss=3.0950  lr=4.68e-05
step 1379  loss=2.9913  lr=4.68e-05
step 1380  loss=3.0465  lr=4.68e-05
step 1381  loss=3.0558  lr=4.68e-05
step 1382  loss=3.0531  lr=4.68e-05
step 1383  loss=3.1066  lr=4.68e-05
step 1384  loss=2.8789  lr=4.68e-05
step 1385  loss=2.9966  lr=4.68e-05
step 1386  loss=2.7746  lr=4.68e-05
step 1387  loss=3.0041  lr=4.68e-05
step 1388  loss=2.9958  lr=4.68e-05
step 1389  loss=3.1974  lr=4.68e-05
step 1390  loss=2.7925  lr=4.68e-05
step 1391  loss=3.0809  lr=4.68e-05
step 1392  loss=3.2959  lr=4.68e-05
step 1393  loss=2.8926  lr=4.68e-05
step 1394  loss=3.0119  lr=4.68e-05
step 1395  loss=3.0531  lr=4.68e-05
step 1396  loss=3.2060  lr=4.68e-05
step 1397  loss=2.8138  lr=4.67e-05
step 1398  loss=2.9983  lr=4.67e-05
step 1399  loss=3.1135  lr=4.67e-05
step 1400  loss=2.8243  lr=4.67e-05
step 1401  loss=3.0563  lr=4.67e-05
step 1402  loss=3.1970  lr=4.67e-05
step 1403  loss=2.9275  lr=4.67e-05
step 1404  loss=3.2413  lr=4.67e-05
step 1405  loss=3.2688  lr=4.67e-05
step 1406  loss=2.8402  lr=4.67e-05
step 1407  loss=2.9759  lr=4.67e-05
step 1408  loss=3.0445  lr=4.67e-05
step 1409  loss=3.0186  lr=4.67e-05
step 1410  loss=2.8363  lr=4.67e-05
step 1411  loss=3.2287  lr=4.67e-05
step 1412  loss=2.8397  lr=4.67e-05
step 1413  loss=2.9613  lr=4.67e-05
step 1414  loss=2.9334  lr=4.67e-05
step 1415  loss=2.9012  lr=4.67e-05
step 1416  loss=3.1767  lr=4.67e-05
step 1417  loss=3.1583  lr=4.66e-05
step 1418  loss=3.0064  lr=4.66e-05
step 1419  loss=2.9033  lr=4.66e-05
step 1420  loss=2.9425  lr=4.66e-05
step 1421  loss=3.1723  lr=4.66e-05
step 1422  loss=2.9617  lr=4.66e-05
step 1423  loss=3.2298  lr=4.66e-05
step 1424  loss=2.9468  lr=4.66e-05
step 1425  loss=3.2625  lr=4.66e-05
step 1426  loss=3.2454  lr=4.66e-05
step 1427  loss=3.1154  lr=4.66e-05
step 1428  loss=2.8273  lr=4.66e-05
step 1429  loss=3.0505  lr=4.66e-05
step 1430  loss=3.0460  lr=4.66e-05
step 1431  loss=3.0836  lr=4.66e-05
step 1432  loss=2.9717  lr=4.66e-05
step 1433  loss=3.1286  lr=4.66e-05
step 1434  loss=2.9680  lr=4.66e-05
step 1435  loss=3.2684  lr=4.66e-05
step 1436  loss=2.8215  lr=4.66e-05
step 1437  loss=2.9712  lr=4.65e-05
step 1438  loss=3.2401  lr=4.65e-05
step 1439  loss=2.8391  lr=4.65e-05
step 1440  loss=2.9880  lr=4.65e-05
step 1441  loss=3.0541  lr=4.65e-05
step 1442  loss=3.1515  lr=4.65e-05
step 1443  loss=3.0914  lr=4.65e-05
step 1444  loss=2.9187  lr=4.65e-05
step 1445  loss=3.1439  lr=4.65e-05
step 1446  loss=3.1553  lr=4.65e-05
step 1447  loss=2.7501  lr=4.65e-05
step 1448  loss=2.9322  lr=4.65e-05
step 1449  loss=2.8159  lr=4.65e-05
step 1450  loss=3.1689  lr=4.65e-05
step 1451  loss=3.0639  lr=4.65e-05
step 1452  loss=3.2357  lr=4.65e-05
step 1453  loss=3.3061  lr=4.65e-05
step 1454  loss=3.3215  lr=4.65e-05
step 1455  loss=2.8901  lr=4.65e-05
step 1456  loss=3.2468  lr=4.65e-05
step 1457  loss=2.9361  lr=4.64e-05
step 1458  loss=3.0069  lr=4.64e-05
step 1459  loss=3.0970  lr=4.64e-05
step 1460  loss=2.9950  lr=4.64e-05
step 1461  loss=2.8982  lr=4.64e-05
step 1462  loss=3.2283  lr=4.64e-05
step 1463  loss=2.8442  lr=4.64e-05
step 1464  loss=3.0656  lr=4.64e-05
step 1465  loss=2.9122  lr=4.64e-05
step 1466  loss=2.9989  lr=4.64e-05
step 1467  loss=3.0414  lr=4.64e-05
step 1468  loss=3.1487  lr=4.64e-05
step 1469  loss=2.7308  lr=4.64e-05
step 1470  loss=3.1317  lr=4.64e-05
step 1471  loss=2.9542  lr=4.64e-05
step 1472  loss=2.5915  lr=4.64e-05
step 1473  loss=3.0319  lr=4.64e-05
step 1474  loss=2.9537  lr=4.64e-05
step 1475  loss=2.9201  lr=4.64e-05
step 1476  loss=2.9913  lr=4.63e-05
step 1477  loss=2.9750  lr=4.63e-05
step 1478  loss=3.1753  lr=4.63e-05
step 1479  loss=2.9206  lr=4.63e-05
step 1480  loss=2.9938  lr=4.63e-05
step 1481  loss=2.9124  lr=4.63e-05
step 1482  loss=2.9619  lr=4.63e-05
step 1483  loss=2.8302  lr=4.63e-05
step 1484  loss=3.0124  lr=4.63e-05
step 1485  loss=2.9469  lr=4.63e-05
step 1486  loss=3.0782  lr=4.63e-05
step 1487  loss=3.0552  lr=4.63e-05
step 1488  loss=2.8829  lr=4.63e-05
step 1489  loss=2.8257  lr=4.63e-05
step 1490  loss=2.8393  lr=4.63e-05
step 1491  loss=3.0859  lr=4.63e-05
step 1492  loss=3.1265  lr=4.63e-05
step 1493  loss=2.7943  lr=4.63e-05
step 1494  loss=3.0781  lr=4.63e-05
step 1495  loss=2.9230  lr=4.63e-05
step 1496  loss=3.2139  lr=4.62e-05
step 1497  loss=2.6955  lr=4.62e-05
step 1498  loss=2.9897  lr=4.62e-05
step 1499  loss=2.9807  lr=4.62e-05
step 1500  loss=3.1322  lr=4.62e-05
step 1501  loss=3.0299  lr=4.62e-05
step 1502  loss=3.3198  lr=4.62e-05
step 1503  loss=2.9107  lr=4.62e-05
step 1504  loss=3.0298  lr=4.62e-05
step 1505  loss=2.9796  lr=4.62e-05
step 1506  loss=2.8902  lr=4.62e-05
step 1507  loss=2.7755  lr=4.62e-05
step 1508  loss=3.1248  lr=4.62e-05
step 1509  loss=2.8032  lr=4.62e-05
step 1510  loss=3.1934  lr=4.62e-05
step 1511  loss=3.0744  lr=4.62e-05
step 1512  loss=2.8969  lr=4.62e-05
step 1513  loss=3.0517  lr=4.62e-05
step 1514  loss=2.9115  lr=4.62e-05
step 1515  loss=2.7075  lr=4.61e-05
step 1516  loss=3.0213  lr=4.61e-05
step 1517  loss=3.0966  lr=4.61e-05
step 1518  loss=3.1984  lr=4.61e-05
step 1519  loss=3.2223  lr=4.61e-05
step 1520  loss=2.8650  lr=4.61e-05
step 1521  loss=3.1549  lr=4.61e-05
step 1522  loss=2.9097  lr=4.61e-05
step 1523  loss=3.0432  lr=4.61e-05
step 1524  loss=3.1731  lr=4.61e-05
step 1525  loss=3.0209  lr=4.61e-05
step 1526  loss=3.0446  lr=4.61e-05
step 1527  loss=3.0474  lr=4.61e-05
step 1528  loss=2.9981  lr=4.61e-05
step 1529  loss=2.9158  lr=4.61e-05
step 1530  loss=2.9766  lr=4.61e-05
step 1531  loss=3.0228  lr=4.61e-05
step 1532  loss=3.0635  lr=4.61e-05
step 1533  loss=3.3088  lr=4.60e-05
step 1534  loss=2.8604  lr=4.60e-05
step 1535  loss=3.0359  lr=4.60e-05
step 1536  loss=2.9897  lr=4.60e-05
step 1537  loss=2.9750  lr=4.60e-05
step 1538  loss=3.0710  lr=4.60e-05
step 1539  loss=2.8569  lr=4.60e-05
step 1540  loss=2.7673  lr=4.60e-05
step 1541  loss=3.0992  lr=4.60e-05
step 1542  loss=3.3896  lr=4.60e-05
step 1543  loss=3.1401  lr=4.60e-05
step 1544  loss=3.1470  lr=4.60e-05
step 1545  loss=2.9396  lr=4.60e-05
step 1546  loss=3.1160  lr=4.60e-05
step 1547  loss=3.0534  lr=4.60e-05
step 1548  loss=3.0385  lr=4.60e-05
step 1549  loss=2.8918  lr=4.60e-05
step 1550  loss=2.8001  lr=4.60e-05
step 1551  loss=3.1410  lr=4.60e-05
step 1552  loss=2.9757  lr=4.59e-05
step 1553  loss=2.9130  lr=4.59e-05
step 1554  loss=2.8236  lr=4.59e-05
step 1555  loss=2.7848  lr=4.59e-05
step 1556  loss=3.0409  lr=4.59e-05
step 1557  loss=2.9965  lr=4.59e-05
step 1558  loss=2.6906  lr=4.59e-05
step 1559  loss=3.2028  lr=4.59e-05
step 1560  loss=2.8762  lr=4.59e-05
step 1561  loss=2.8754  lr=4.59e-05
step 1562  loss=3.0681  lr=4.59e-05
step 1563  loss=3.0841  lr=4.59e-05
step 1564  loss=3.0448  lr=4.59e-05
step 1565  loss=2.6668  lr=4.59e-05
step 1566  loss=2.9329  lr=4.59e-05
step 1567  loss=2.7350  lr=4.59e-05
step 1568  loss=2.9341  lr=4.59e-05
step 1569  loss=2.9404  lr=4.59e-05
step 1570  loss=2.8986  lr=4.58e-05
step 1571  loss=2.9648  lr=4.58e-05
step 1572  loss=3.0486  lr=4.58e-05
step 1573  loss=3.0644  lr=4.58e-05
step 1574  loss=2.8383  lr=4.58e-05
step 1575  loss=2.8440  lr=4.58e-05
step 1576  loss=3.0604  lr=4.58e-05
step 1577  loss=2.8536  lr=4.58e-05
step 1578  loss=2.7324  lr=4.58e-05
step 1579  loss=2.8451  lr=4.58e-05
step 1580  loss=2.9323  lr=4.58e-05
step 1581  loss=3.1908  lr=4.58e-05
step 1582  loss=2.9418  lr=4.58e-05
step 1583  loss=3.1867  lr=4.58e-05
step 1584  loss=2.9974  lr=4.58e-05
step 1585  loss=2.9638  lr=4.58e-05
step 1586  loss=2.9814  lr=4.58e-05
step 1587  loss=2.7843  lr=4.58e-05
step 1588  loss=2.9525  lr=4.57e-05
step 1589  loss=3.2508  lr=4.57e-05
step 1590  loss=2.9706  lr=4.57e-05
step 1591  loss=2.7718  lr=4.57e-05
step 1592  loss=3.1084  lr=4.57e-05
step 1593  loss=2.7213  lr=4.57e-05
step 1594  loss=2.8539  lr=4.57e-05
step 1595  loss=2.8910  lr=4.57e-05
step 1596  loss=2.9553  lr=4.57e-05
step 1597  loss=2.9974  lr=4.57e-05
step 1598  loss=2.8310  lr=4.57e-05
step 1599  loss=3.0361  lr=4.57e-05
step 1600  loss=3.0339  lr=4.57e-05
step 1601  loss=2.9242  lr=4.57e-05
step 1602  loss=3.0573  lr=4.57e-05
step 1603  loss=3.0334  lr=4.57e-05
step 1604  loss=2.8150  lr=4.57e-05
step 1605  loss=2.8617  lr=4.57e-05
step 1606  loss=3.0076  lr=4.56e-05
step 1607  loss=2.9894  lr=4.56e-05
step 1608  loss=2.7994  lr=4.56e-05
step 1609  loss=2.7126  lr=4.56e-05
step 1610  loss=2.9155  lr=4.56e-05
step 1611  loss=3.3303  lr=4.56e-05
step 1612  loss=3.1192  lr=4.56e-05
step 1613  loss=3.0944  lr=4.56e-05
step 1614  loss=2.9208  lr=4.56e-05
step 1615  loss=3.0448  lr=4.56e-05
step 1616  loss=2.9697  lr=4.56e-05
step 1617  loss=3.0989  lr=4.56e-05
step 1618  loss=2.8038  lr=4.56e-05
step 1619  loss=2.9149  lr=4.56e-05
step 1620  loss=2.9761  lr=4.56e-05
step 1621  loss=2.8411  lr=4.56e-05
step 1622  loss=3.0766  lr=4.56e-05
step 1623  loss=2.9284  lr=4.56e-05
step 1624  loss=2.9649  lr=4.55e-05
step 1625  loss=2.9796  lr=4.55e-05
step 1626  loss=3.0506  lr=4.55e-05
step 1627  loss=2.7644  lr=4.55e-05
step 1628  loss=3.0289  lr=4.55e-05
step 1629  loss=2.9013  lr=4.55e-05
step 1630  loss=3.1513  lr=4.55e-05
step 1631  loss=2.7985  lr=4.55e-05
step 1632  loss=2.9329  lr=4.55e-05
step 1633  loss=3.0811  lr=4.55e-05
step 1634  loss=2.5112  lr=4.55e-05
step 1635  loss=2.9678  lr=4.55e-05
step 1636  loss=2.9350  lr=4.55e-05
step 1637  loss=2.8400  lr=4.55e-05
step 1638  loss=3.1306  lr=4.55e-05
step 1639  loss=2.7995  lr=4.55e-05
step 1640  loss=3.0074  lr=4.55e-05
step 1641  loss=2.9903  lr=4.55e-05
step 1642  loss=2.6965  lr=4.54e-05
step 1643  loss=2.9699  lr=4.54e-05
step 1644  loss=3.0634  lr=4.54e-05
step 1645  loss=2.8239  lr=4.54e-05
step 1646  loss=3.3396  lr=4.54e-05
step 1647  loss=3.0828  lr=4.54e-05
step 1648  loss=2.8335  lr=4.54e-05
step 1649  loss=3.2139  lr=4.54e-05
step 1650  loss=3.0756  lr=4.54e-05
step 1651  loss=2.9939  lr=4.54e-05
step 1652  loss=2.9121  lr=4.54e-05
step 1653  loss=2.7886  lr=4.54e-05
step 1654  loss=2.8226  lr=4.54e-05
step 1655  loss=2.9215  lr=4.54e-05
step 1656  loss=2.8736  lr=4.54e-05
step 1657  loss=2.9692  lr=4.54e-05
step 1658  loss=2.8855  lr=4.54e-05
step 1659  loss=2.7650  lr=4.53e-05
step 1660  loss=2.8041  lr=4.53e-05
step 1661  loss=3.0869  lr=4.53e-05
step 1662  loss=2.9570  lr=4.53e-05
step 1663  loss=2.9777  lr=4.53e-05
step 1664  loss=2.9955  lr=4.53e-05
step 1665  loss=2.7593  lr=4.53e-05
step 1666  loss=3.2353  lr=4.53e-05
step 1667  loss=2.8307  lr=4.53e-05
step 1668  loss=2.8443  lr=4.53e-05
step 1669  loss=2.8220  lr=4.53e-05
step 1670  loss=2.8235  lr=4.53e-05
step 1671  loss=2.6618  lr=4.53e-05
step 1672  loss=2.8658  lr=4.53e-05
step 1673  loss=2.9074  lr=4.53e-05
step 1674  loss=2.8903  lr=4.53e-05
step 1675  loss=2.7972  lr=4.53e-05
step 1676  loss=2.8882  lr=4.52e-05
step 1677  loss=2.7850  lr=4.52e-05
step 1678  loss=2.6900  lr=4.52e-05
step 1679  loss=2.8267  lr=4.52e-05
step 1680  loss=2.7351  lr=4.52e-05
step 1681  loss=2.8637  lr=4.52e-05
step 1682  loss=2.7620  lr=4.52e-05
step 1683  loss=2.7560  lr=4.52e-05
step 1684  loss=2.9647  lr=4.52e-05
step 1685  loss=2.7566  lr=4.52e-05
step 1686  loss=2.9747  lr=4.52e-05
step 1687  loss=2.8464  lr=4.52e-05
step 1688  loss=2.8815  lr=4.52e-05
step 1689  loss=2.9471  lr=4.52e-05
step 1690  loss=3.0389  lr=4.52e-05
step 1691  loss=3.0582  lr=4.52e-05
step 1692  loss=2.8382  lr=4.52e-05
step 1693  loss=2.8237  lr=4.51e-05
step 1694  loss=2.5059  lr=4.51e-05
step 1695  loss=2.6736  lr=4.51e-05
step 1696  loss=2.9291  lr=4.51e-05
step 1697  loss=3.0551  lr=4.51e-05
step 1698  loss=2.8131  lr=4.51e-05
step 1699  loss=3.1208  lr=4.51e-05
step 1700  loss=2.9067  lr=4.51e-05
step 1701  loss=2.8439  lr=4.51e-05
step 1702  loss=3.0018  lr=4.51e-05
step 1703  loss=2.8396  lr=4.51e-05
step 1704  loss=3.0742  lr=4.51e-05
step 1705  loss=3.0719  lr=4.51e-05
step 1706  loss=3.2296  lr=4.51e-05
step 1707  loss=3.1412  lr=4.51e-05
step 1708  loss=2.8551  lr=4.51e-05
step 1709  loss=3.0975  lr=4.51e-05
step 1710  loss=2.8896  lr=4.50e-05
step 1711  loss=3.2284  lr=4.50e-05
step 1712  loss=3.0100  lr=4.50e-05
step 1713  loss=2.7419  lr=4.50e-05
step 1714  loss=2.9776  lr=4.50e-05
step 1715  loss=3.0163  lr=4.50e-05
step 1716  loss=2.9387  lr=4.50e-05
step 1717  loss=2.9369  lr=4.50e-05
step 1718  loss=2.8059  lr=4.50e-05
step 1719  loss=3.1094  lr=4.50e-05
step 1720  loss=3.0666  lr=4.50e-05
step 1721  loss=2.9955  lr=4.50e-05
step 1722  loss=2.6796  lr=4.50e-05
step 1723  loss=3.0311  lr=4.50e-05
step 1724  loss=3.0334  lr=4.50e-05
step 1725  loss=3.0874  lr=4.50e-05
step 1726  loss=2.8713  lr=4.50e-05
step 1727  loss=2.9250  lr=4.49e-05
step 1728  loss=2.9870  lr=4.49e-05
step 1729  loss=2.9697  lr=4.49e-05
step 1730  loss=2.8289  lr=4.49e-05
step 1731  loss=3.0317  lr=4.49e-05
step 1732  loss=2.9904  lr=4.49e-05
step 1733  loss=2.7862  lr=4.49e-05
step 1734  loss=2.9450  lr=4.49e-05
step 1735  loss=3.0345  lr=4.49e-05
step 1736  loss=3.0945  lr=4.49e-05
step 1737  loss=3.0369  lr=4.49e-05
step 1738  loss=3.2195  lr=4.49e-05
step 1739  loss=2.7233  lr=4.49e-05
step 1740  loss=3.2960  lr=4.49e-05
step 1741  loss=2.8766  lr=4.49e-05
step 1742  loss=2.8320  lr=4.49e-05
step 1743  loss=3.1837  lr=4.49e-05
step 1744  loss=2.9058  lr=4.48e-05
step 1745  loss=2.8072  lr=4.48e-05
step 1746  loss=2.7395  lr=4.48e-05
step 1747  loss=3.0344  lr=4.48e-05
step 1748  loss=2.8707  lr=4.48e-05
step 1749  loss=2.9034  lr=4.48e-05
step 1750  loss=3.1990  lr=4.48e-05
step 1751  loss=3.0596  lr=4.48e-05
step 1752  loss=2.9007  lr=4.48e-05
step 1753  loss=2.5859  lr=4.48e-05
step 1754  loss=3.1565  lr=4.48e-05
step 1755  loss=2.7006  lr=4.48e-05
step 1756  loss=2.8288  lr=4.48e-05
step 1757  loss=3.0425  lr=4.48e-05
step 1758  loss=3.0978  lr=4.48e-05
step 1759  loss=2.6949  lr=4.48e-05
step 1760  loss=3.2066  lr=4.47e-05
step 1761  loss=2.8321  lr=4.47e-05
step 1762  loss=3.1717  lr=4.47e-05
step 1763  loss=2.8354  lr=4.47e-05
step 1764  loss=3.0776  lr=4.47e-05
step 1765  loss=2.9787  lr=4.47e-05
step 1766  loss=2.9322  lr=4.47e-05
step 1767  loss=2.7744  lr=4.47e-05
step 1768  loss=2.8872  lr=4.47e-05
step 1769  loss=2.6879  lr=4.47e-05
step 1770  loss=2.9138  lr=4.47e-05
step 1771  loss=2.8975  lr=4.47e-05
step 1772  loss=3.1691  lr=4.47e-05
step 1773  loss=2.8991  lr=4.47e-05
step 1774  loss=2.9497  lr=4.47e-05
step 1775  loss=3.1183  lr=4.47e-05
step 1776  loss=2.8763  lr=4.46e-05
step 1777  loss=2.7799  lr=4.46e-05
step 1778  loss=3.0128  lr=4.46e-05
step 1779  loss=2.9644  lr=4.46e-05
step 1780  loss=2.9211  lr=4.46e-05
step 1781  loss=3.0629  lr=4.46e-05
step 1782  loss=3.0574  lr=4.46e-05
step 1783  loss=3.0053  lr=4.46e-05
step 1784  loss=2.8349  lr=4.46e-05
step 1785  loss=2.9702  lr=4.46e-05
step 1786  loss=2.7667  lr=4.46e-05
step 1787  loss=2.9751  lr=4.46e-05
step 1788  loss=2.7761  lr=4.46e-05
step 1789  loss=2.8562  lr=4.46e-05
step 1790  loss=2.8824  lr=4.46e-05
step 1791  loss=2.9379  lr=4.46e-05
step 1792  loss=2.6661  lr=4.46e-05
step 1793  loss=2.7678  lr=4.45e-05
step 1794  loss=2.6658  lr=4.45e-05
step 1795  loss=3.0740  lr=4.45e-05
step 1796  loss=3.0763  lr=4.45e-05
step 1797  loss=2.7901  lr=4.45e-05
step 1798  loss=2.6247  lr=4.45e-05
step 1799  loss=2.8151  lr=4.45e-05
step 1800  loss=2.9863  lr=4.45e-05
step 1801  loss=2.7930  lr=4.45e-05
step 1802  loss=3.0649  lr=4.45e-05
step 1803  loss=3.0547  lr=4.45e-05
step 1804  loss=2.8517  lr=4.45e-05
step 1805  loss=3.0317  lr=4.45e-05
step 1806  loss=2.9048  lr=4.45e-05
step 1807  loss=2.8657  lr=4.45e-05
step 1808  loss=2.7285  lr=4.45e-05
step 1809  loss=2.9070  lr=4.44e-05
step 1810  loss=2.8013  lr=4.44e-05
step 1811  loss=2.9965  lr=4.44e-05
step 1812  loss=2.9884  lr=4.44e-05
step 1813  loss=3.0108  lr=4.44e-05
step 1814  loss=2.9227  lr=4.44e-05
step 1815  loss=2.7732  lr=4.44e-05
step 1816  loss=2.9409  lr=4.44e-05
step 1817  loss=2.9249  lr=4.44e-05
step 1818  loss=3.0158  lr=4.44e-05
step 1819  loss=2.8125  lr=4.44e-05
step 1820  loss=2.9138  lr=4.44e-05
step 1821  loss=2.8718  lr=4.44e-05
step 1822  loss=2.8258  lr=4.44e-05
step 1823  loss=2.6569  lr=4.44e-05
step 1824  loss=2.9305  lr=4.44e-05
step 1825  loss=2.9850  lr=4.43e-05
step 1826  loss=2.9081  lr=4.43e-05
step 1827  loss=2.8233  lr=4.43e-05
step 1828  loss=2.7924  lr=4.43e-05
step 1829  loss=3.0210  lr=4.43e-05
step 1830  loss=2.7030  lr=4.43e-05
step 1831  loss=2.9448  lr=4.43e-05
step 1832  loss=2.8577  lr=4.43e-05
step 1833  loss=2.9201  lr=4.43e-05
step 1834  loss=2.6524  lr=4.43e-05
step 1835  loss=2.9728  lr=4.43e-05
step 1836  loss=2.7539  lr=4.43e-05
step 1837  loss=2.9202  lr=4.43e-05
step 1838  loss=3.0124  lr=4.43e-05
step 1839  loss=2.9247  lr=4.43e-05
step 1840  loss=3.0091  lr=4.43e-05
step 1841  loss=3.0970  lr=4.42e-05
step 1842  loss=2.9065  lr=4.42e-05
step 1843  loss=2.7768  lr=4.42e-05
step 1844  loss=2.8382  lr=4.42e-05
step 1845  loss=3.1169  lr=4.42e-05
step 1846  loss=2.9907  lr=4.42e-05
step 1847  loss=2.8909  lr=4.42e-05
step 1848  loss=2.9098  lr=4.42e-05
step 1849  loss=2.9855  lr=4.42e-05
step 1850  loss=2.8607  lr=4.42e-05
step 1851  loss=3.1578  lr=4.42e-05
step 1852  loss=2.6966  lr=4.42e-05
step 1853  loss=2.7445  lr=4.42e-05
step 1854  loss=2.6742  lr=4.42e-05
step 1855  loss=2.9052  lr=4.42e-05
step 1856  loss=2.9400  lr=4.41e-05
step 1857  loss=2.8197  lr=4.41e-05
step 1858  loss=3.0726  lr=4.41e-05
step 1859  loss=2.6181  lr=4.41e-05
step 1860  loss=2.9360  lr=4.41e-05
step 1861  loss=2.6463  lr=4.41e-05
step 1862  loss=2.6808  lr=4.41e-05
step 1863  loss=2.7327  lr=4.41e-05
step 1864  loss=2.9140  lr=4.41e-05
step 1865  loss=3.0685  lr=4.41e-05
step 1866  loss=3.1410  lr=4.41e-05
step 1867  loss=2.8160  lr=4.41e-05
step 1868  loss=2.9757  lr=4.41e-05
step 1869  loss=2.9432  lr=4.41e-05
step 1870  loss=2.8506  lr=4.41e-05
step 1871  loss=2.9323  lr=4.41e-05
step 1872  loss=2.9909  lr=4.40e-05
step 1873  loss=2.8646  lr=4.40e-05
step 1874  loss=2.8928  lr=4.40e-05
step 1875  loss=2.9104  lr=4.40e-05
step 1876  loss=2.7776  lr=4.40e-05
step 1877  loss=2.9694  lr=4.40e-05
step 1878  loss=2.9357  lr=4.40e-05
step 1879  loss=2.7822  lr=4.40e-05
step 1880  loss=2.6603  lr=4.40e-05
step 1881  loss=2.7233  lr=4.40e-05
step 1882  loss=2.9649  lr=4.40e-05
step 1883  loss=2.8684  lr=4.40e-05
step 1884  loss=2.7727  lr=4.40e-05
step 1885  loss=3.0447  lr=4.40e-05
step 1886  loss=3.0266  lr=4.40e-05
step 1887  loss=3.0103  lr=4.39e-05
step 1888  loss=2.9777  lr=4.39e-05
step 1889  loss=2.8430  lr=4.39e-05
step 1890  loss=2.7985  lr=4.39e-05
step 1891  loss=2.8482  lr=4.39e-05
step 1892  loss=2.9622  lr=4.39e-05
step 1893  loss=3.0254  lr=4.39e-05
step 1894  loss=2.8042  lr=4.39e-05
step 1895  loss=2.7624  lr=4.39e-05
step 1896  loss=2.7560  lr=4.39e-05
step 1897  loss=2.9990  lr=4.39e-05
step 1898  loss=2.8395  lr=4.39e-05
step 1899  loss=2.9826  lr=4.39e-05
step 1900  loss=2.8579  lr=4.39e-05
step 1901  loss=2.9933  lr=4.39e-05
step 1902  loss=2.9176  lr=4.39e-05
step 1903  loss=3.1158  lr=4.38e-05
step 1904  loss=2.9019  lr=4.38e-05
step 1905  loss=3.1303  lr=4.38e-05
step 1906  loss=2.7717  lr=4.38e-05
step 1907  loss=2.7788  lr=4.38e-05
step 1908  loss=2.7214  lr=4.38e-05
step 1909  loss=2.9589  lr=4.38e-05
step 1910  loss=2.9316  lr=4.38e-05
step 1911  loss=3.0903  lr=4.38e-05
step 1912  loss=2.9199  lr=4.38e-05
step 1913  loss=3.0976  lr=4.38e-05
step 1914  loss=2.8885  lr=4.38e-05
step 1915  loss=2.7248  lr=4.38e-05
step 1916  loss=2.9690  lr=4.38e-05
step 1917  loss=2.8735  lr=4.38e-05
step 1918  loss=2.8113  lr=4.37e-05
step 1919  loss=2.7516  lr=4.37e-05
step 1920  loss=3.0582  lr=4.37e-05
step 1921  loss=2.7489  lr=4.37e-05
step 1922  loss=2.9937  lr=4.37e-05
step 1923  loss=2.8300  lr=4.37e-05
step 1924  loss=2.7473  lr=4.37e-05
step 1925  loss=2.7075  lr=4.37e-05
step 1926  loss=2.7769  lr=4.37e-05
step 1927  loss=3.0040  lr=4.37e-05
step 1928  loss=3.3693  lr=4.37e-05
step 1929  loss=2.8078  lr=4.37e-05
step 1930  loss=2.7119  lr=4.37e-05
step 1931  loss=2.8455  lr=4.37e-05
step 1932  loss=3.0396  lr=4.37e-05
step 1933  loss=3.0594  lr=4.36e-05
step 1934  loss=2.7975  lr=4.36e-05
step 1935  loss=2.7568  lr=4.36e-05
step 1936  loss=3.0592  lr=4.36e-05
step 1937  loss=2.8782  lr=4.36e-05
step 1938  loss=2.9646  lr=4.36e-05
step 1939  loss=2.9785  lr=4.36e-05
step 1940  loss=2.8979  lr=4.36e-05
step 1941  loss=2.7696  lr=4.36e-05
step 1942  loss=2.6954  lr=4.36e-05
step 1943  loss=2.7486  lr=4.36e-05
step 1944  loss=2.7520  lr=4.36e-05
step 1945  loss=2.6685  lr=4.36e-05
step 1946  loss=2.6204  lr=4.36e-05
step 1947  loss=2.6724  lr=4.36e-05
step 1948  loss=3.0780  lr=4.35e-05
step 1949  loss=2.7875  lr=4.35e-05
step 1950  loss=2.8157  lr=4.35e-05
step 1951  loss=2.7774  lr=4.35e-05
step 1952  loss=2.6739  lr=4.35e-05
step 1953  loss=2.8428  lr=4.35e-05
step 1954  loss=2.8193  lr=4.35e-05
step 1955  loss=3.1700  lr=4.35e-05
step 1956  loss=2.9091  lr=4.35e-05
step 1957  loss=3.0203  lr=4.35e-05
step 1958  loss=2.9551  lr=4.35e-05
step 1959  loss=3.1520  lr=4.35e-05
step 1960  loss=2.7818  lr=4.35e-05
step 1961  loss=2.9090  lr=4.35e-05
step 1962  loss=3.1073  lr=4.35e-05
step 1963  loss=2.7001  lr=4.34e-05
step 1964  loss=2.9121  lr=4.34e-05
step 1965  loss=2.6606  lr=4.34e-05
step 1966  loss=3.1276  lr=4.34e-05
step 1967  loss=3.0381  lr=4.34e-05
step 1968  loss=2.6333  lr=4.34e-05
step 1969  loss=2.7030  lr=4.34e-05
step 1970  loss=2.9139  lr=4.34e-05
step 1971  loss=3.1895  lr=4.34e-05
step 1972  loss=2.4810  lr=4.34e-05
step 1973  loss=2.9254  lr=4.34e-05
step 1974  loss=2.8388  lr=4.34e-05
step 1975  loss=2.9393  lr=4.34e-05
step 1976  loss=2.6660  lr=4.34e-05
step 1977  loss=3.0579  lr=4.34e-05
step 1978  loss=2.9781  lr=4.33e-05
step 1979  loss=2.5393  lr=4.33e-05
step 1980  loss=2.7912  lr=4.33e-05
step 1981  loss=2.7913  lr=4.33e-05
step 1982  loss=2.9175  lr=4.33e-05
step 1983  loss=2.7782  lr=4.33e-05
step 1984  loss=3.0475  lr=4.33e-05
step 1985  loss=2.7160  lr=4.33e-05
step 1986  loss=2.9519  lr=4.33e-05
step 1987  loss=3.1310  lr=4.33e-05
step 1988  loss=3.1390  lr=4.33e-05
step 1989  loss=3.0656  lr=4.33e-05
step 1990  loss=2.9928  lr=4.33e-05
step 1991  loss=2.7294  lr=4.33e-05
step 1992  loss=3.0206  lr=4.33e-05
step 1993  loss=2.8150  lr=4.32e-05
step 1994  loss=2.8466  lr=4.32e-05
step 1995  loss=2.9309  lr=4.32e-05
step 1996  loss=3.0274  lr=4.32e-05
step 1997  loss=2.8764  lr=4.32e-05
step 1998  loss=2.8984  lr=4.32e-05
step 1999  loss=2.7937  lr=4.32e-05
step 2000  loss=2.6844  lr=4.32e-05
step 2001  loss=2.9122  lr=4.32e-05
step 2002  loss=2.8331  lr=4.32e-05
step 2003  loss=2.8246  lr=4.32e-05
step 2004  loss=2.6794  lr=4.32e-05
step 2005  loss=2.9849  lr=4.32e-05
step 2006  loss=2.9282  lr=4.32e-05
step 2007  loss=3.0001  lr=4.31e-05
step 2008  loss=2.8009  lr=4.31e-05
step 2009  loss=2.7545  lr=4.31e-05
step 2010  loss=2.7917  lr=4.31e-05
step 2011  loss=2.9555  lr=4.31e-05
step 2012  loss=2.6507  lr=4.31e-05
step 2013  loss=3.0135  lr=4.31e-05
step 2014  loss=2.9491  lr=4.31e-05
step 2015  loss=2.7639  lr=4.31e-05
step 2016  loss=2.8620  lr=4.31e-05
step 2017  loss=2.6043  lr=4.31e-05
step 2018  loss=2.9958  lr=4.31e-05
step 2019  loss=2.8094  lr=4.31e-05
step 2020  loss=2.7475  lr=4.31e-05
step 2021  loss=2.9929  lr=4.31e-05
step 2022  loss=2.8379  lr=4.30e-05
step 2023  loss=2.8655  lr=4.30e-05
step 2024  loss=2.8308  lr=4.30e-05
step 2025  loss=2.7560  lr=4.30e-05
step 2026  loss=3.2936  lr=4.30e-05
step 2027  loss=2.8027  lr=4.30e-05
step 2028  loss=3.0184  lr=4.30e-05
step 2029  loss=3.0340  lr=4.30e-05
step 2030  loss=2.6158  lr=4.30e-05
step 2031  loss=2.8866  lr=4.30e-05
step 2032  loss=2.6504  lr=4.30e-05
step 2033  loss=3.0115  lr=4.30e-05
step 2034  loss=2.8084  lr=4.30e-05
step 2035  loss=2.8141  lr=4.30e-05
step 2036  loss=2.7705  lr=4.29e-05
step 2037  loss=2.7169  lr=4.29e-05
step 2038  loss=2.8278  lr=4.29e-05
step 2039  loss=2.9713  lr=4.29e-05
step 2040  loss=2.7404  lr=4.29e-05
step 2041  loss=2.9188  lr=4.29e-05
step 2042  loss=3.0096  lr=4.29e-05
step 2043  loss=2.8109  lr=4.29e-05
step 2044  loss=2.5993  lr=4.29e-05
step 2045  loss=2.8023  lr=4.29e-05
step 2046  loss=2.8206  lr=4.29e-05
step 2047  loss=2.9249  lr=4.29e-05
step 2048  loss=3.0587  lr=4.29e-05
step 2049  loss=2.7161  lr=4.29e-05
step 2050  loss=2.7193  lr=4.29e-05
step 2051  loss=2.7221  lr=4.28e-05
step 2052  loss=2.6629  lr=4.28e-05
step 2053  loss=2.6313  lr=4.28e-05
step 2054  loss=2.7035  lr=4.28e-05
step 2055  loss=2.7494  lr=4.28e-05
step 2056  loss=2.7449  lr=4.28e-05
step 2057  loss=3.1171  lr=4.28e-05
step 2058  loss=2.8124  lr=4.28e-05
step 2059  loss=2.5092  lr=4.28e-05
step 2060  loss=2.7168  lr=4.28e-05
step 2061  loss=2.7373  lr=4.28e-05
step 2062  loss=2.5833  lr=4.28e-05
step 2063  loss=2.8392  lr=4.28e-05
step 2064  loss=2.9042  lr=4.28e-05
step 2065  loss=2.7328  lr=4.27e-05
step 2066  loss=3.0620  lr=4.27e-05
step 2067  loss=2.8569  lr=4.27e-05
step 2068  loss=2.7426  lr=4.27e-05
step 2069  loss=2.9184  lr=4.27e-05
step 2070  loss=2.7011  lr=4.27e-05
step 2071  loss=2.7560  lr=4.27e-05
step 2072  loss=2.7481  lr=4.27e-05
step 2073  loss=2.7285  lr=4.27e-05
step 2074  loss=2.9438  lr=4.27e-05
step 2075  loss=2.6505  lr=4.27e-05
step 2076  loss=3.0000  lr=4.27e-05
step 2077  loss=2.8476  lr=4.27e-05
step 2078  loss=3.0349  lr=4.27e-05
step 2079  loss=2.9033  lr=4.26e-05
step 2080  loss=3.0197  lr=4.26e-05
step 2081  loss=2.8770  lr=4.26e-05
step 2082  loss=2.6572  lr=4.26e-05
step 2083  loss=2.7515  lr=4.26e-05
step 2084  loss=2.9748  lr=4.26e-05
step 2085  loss=3.3893  lr=4.26e-05
step 2086  loss=2.7837  lr=4.26e-05
step 2087  loss=2.8900  lr=4.26e-05
step 2088  loss=2.9426  lr=4.26e-05
step 2089  loss=2.9812  lr=4.26e-05
step 2090  loss=2.9717  lr=4.26e-05
step 2091  loss=2.9598  lr=4.26e-05
step 2092  loss=2.7800  lr=4.26e-05
step 2093  loss=3.0633  lr=4.26e-05
step 2094  loss=3.0168  lr=4.25e-05
step 2095  loss=3.1683  lr=4.25e-05
step 2096  loss=2.6324  lr=4.25e-05
step 2097  loss=3.0068  lr=4.25e-05
step 2098  loss=2.8790  lr=4.25e-05
step 2099  loss=2.7107  lr=4.25e-05
step 2100  loss=2.8914  lr=4.25e-05
step 2101  loss=2.8249  lr=4.25e-05
step 2102  loss=2.8053  lr=4.25e-05
step 2103  loss=2.9444  lr=4.25e-05
step 2104  loss=2.8775  lr=4.25e-05
step 2105  loss=2.8497  lr=4.25e-05
step 2106  loss=2.6909  lr=4.25e-05
step 2107  loss=2.7310  lr=4.25e-05
step 2108  loss=2.7117  lr=4.24e-05
step 2109  loss=2.8679  lr=4.24e-05
step 2110  loss=2.9251  lr=4.24e-05
step 2111  loss=2.7281  lr=4.24e-05
step 2112  loss=2.8802  lr=4.24e-05
step 2113  loss=2.8957  lr=4.24e-05
step 2114  loss=2.7653  lr=4.24e-05
step 2115  loss=2.9984  lr=4.24e-05
step 2116  loss=2.8506  lr=4.24e-05
step 2117  loss=2.9351  lr=4.24e-05
step 2118  loss=2.8085  lr=4.24e-05
step 2119  loss=2.7241  lr=4.24e-05
step 2120  loss=2.6970  lr=4.24e-05
step 2121  loss=2.6605  lr=4.24e-05
step 2122  loss=2.8411  lr=4.23e-05
step 2123  loss=3.0065  lr=4.23e-05
step 2124  loss=2.9475  lr=4.23e-05
step 2125  loss=2.7929  lr=4.23e-05
step 2126  loss=2.6755  lr=4.23e-05
step 2127  loss=2.8644  lr=4.23e-05
step 2128  loss=2.7185  lr=4.23e-05
step 2129  loss=2.8320  lr=4.23e-05
step 2130  loss=2.5911  lr=4.23e-05
step 2131  loss=2.8234  lr=4.23e-05
step 2132  loss=2.9606  lr=4.23e-05
step 2133  loss=2.6684  lr=4.23e-05
step 2134  loss=2.4958  lr=4.23e-05
step 2135  loss=2.7422  lr=4.23e-05
step 2136  loss=2.8519  lr=4.22e-05
step 2137  loss=3.0015  lr=4.22e-05
step 2138  loss=2.8081  lr=4.22e-05
step 2139  loss=2.7592  lr=4.22e-05
step 2140  loss=3.0724  lr=4.22e-05
step 2141  loss=2.4546  lr=4.22e-05
step 2142  loss=2.6708  lr=4.22e-05
step 2143  loss=2.7657  lr=4.22e-05
step 2144  loss=2.7616  lr=4.22e-05
step 2145  loss=2.5776  lr=4.22e-05
step 2146  loss=2.6689  lr=4.22e-05
step 2147  loss=2.8369  lr=4.22e-05
step 2148  loss=2.6222  lr=4.22e-05
step 2149  loss=2.8617  lr=4.21e-05
step 2150  loss=2.9892  lr=4.21e-05
step 2151  loss=2.9464  lr=4.21e-05
step 2152  loss=2.8960  lr=4.21e-05
step 2153  loss=2.7223  lr=4.21e-05
step 2154  loss=2.7529  lr=4.21e-05
step 2155  loss=2.8405  lr=4.21e-05
step 2156  loss=2.8685  lr=4.21e-05
step 2157  loss=2.8028  lr=4.21e-05
step 2158  loss=2.8797  lr=4.21e-05
step 2159  loss=2.7864  lr=4.21e-05
step 2160  loss=3.0286  lr=4.21e-05
step 2161  loss=2.8099  lr=4.21e-05
step 2162  loss=2.8796  lr=4.21e-05
step 2163  loss=2.6446  lr=4.20e-05
step 2164  loss=2.8344  lr=4.20e-05
step 2165  loss=2.7154  lr=4.20e-05
step 2166  loss=2.9099  lr=4.20e-05
step 2167  loss=2.8549  lr=4.20e-05
step 2168  loss=2.6442  lr=4.20e-05
step 2169  loss=2.6010  lr=4.20e-05
step 2170  loss=2.6984  lr=4.20e-05
step 2171  loss=2.5916  lr=4.20e-05
step 2172  loss=2.8662  lr=4.20e-05
losses: [10.9738, 10.9986, 11.011, 10.9534, 10.9651, 10.9314, 10.9396, 10.9234, 10.8877, 10.8754, 10.8544, 10.8146, 10.7835, 10.7812, 10.692, 10.6907, 10.6475, 10.5985, 10.5532, 10.5467, 10.4903, 10.4471, 10.3906, 10.421, 10.3216, 10.3123, 10.191, 10.2123, 10.175, 10.1543, 9.97, 10.0763, 9.9662, 9.9031, 9.9138, 9.7743, 9.9345, 9.7994, 9.6404, 9.6329, 9.6043, 9.4567, 9.4711, 9.5521, 9.4114, 9.5269, 9.2819, 9.3789, 9.3614, 9.1067, 9.2431, 9.2968, 9.1181, 9.2019, 9.0132, 9.0644, 8.9187, 8.7752, 8.9942, 8.9049, 8.7478, 8.8744, 8.5541, 8.5666, 8.5183, 8.5552, 8.4865, 8.3446, 8.3519, 8.3641, 8.1243, 8.1341, 8.1553, 7.9233, 8.1395, 7.6193, 7.7976, 7.5601, 7.7279, 7.6388, 7.279, 7.3346, 7.5156, 7.4538, 7.376, 7.3478, 7.3345, 7.4255, 7.2826, 7.0103, 7.1419, 6.9516, 6.8775, 6.8046, 6.6311, 6.7401, 6.645, 6.8577, 6.6991, 6.525, 6.5374, 6.5581, 6.3147, 6.6694, 6.591, 6.2571, 6.472, 6.1636, 6.2575, 6.3277, 6.3927, 6.2834, 6.2463, 6.1226, 6.131, 6.0615, 5.728, 6.0207, 5.7539, 5.8902, 5.9347, 5.9966, 5.7314, 5.7618, 5.711, 5.6139, 5.7375, 5.3943, 5.6171, 5.6742, 5.5769, 5.5681, 5.6223, 5.3924, 5.41, 5.3426, 5.3, 5.1583, 5.1737, 5.4466, 5.1997, 5.2502, 5.1281, 5.1201, 5.0212, 5.3051, 5.1182, 5.2569, 5.1932, 5.1944, 5.3126, 4.931, 5.0307, 5.0063, 5.19, 4.885, 4.8225, 4.9582, 5.02, 4.8777, 4.6735, 4.7941, 4.9197, 4.9902, 4.5985, 4.5261, 4.8351, 4.9319, 4.6494, 4.811, 4.6706, 4.7291, 4.6335, 4.6172, 4.8982, 4.683, 4.676, 4.9237, 4.4631, 4.6216, 4.9553, 4.5813, 4.5255, 4.6642, 4.8034, 4.6286, 4.6728, 4.818, 4.775, 4.3176, 4.5081, 4.4923, 4.4751, 4.5495, 4.8406, 4.6063, 4.6152, 4.6556, 4.3279, 4.4132, 4.4608, 4.6828, 4.3813, 4.4043, 4.4023, 4.4573, 4.358, 4.4526, 4.4184, 4.4574, 4.3757, 4.616, 4.3523, 4.6742, 4.7357, 4.1312, 4.4116, 4.3179, 4.1222, 4.2801, 4.312, 4.5965, 4.2521, 4.4045, 4.3361, 4.3437, 4.4337, 4.2668, 4.4085, 4.3008, 4.2832, 4.4624, 4.2816, 4.5035, 4.3265, 4.3863, 4.1989, 4.4545, 4.443, 4.3705, 4.1384, 4.2782, 4.087, 4.231, 4.2151, 4.209, 4.1406, 4.304, 4.2246, 4.2983, 4.4835, 4.297, 4.2175, 4.3896, 4.2278, 4.2546, 4.1906, 4.4749, 4.4966, 4.1958, 4.2049, 4.0769, 3.892, 3.9606, 4.1261, 4.0145, 3.9385, 4.3333, 4.3261, 4.3155, 3.9505, 4.1639, 4.0474, 4.2784, 4.2929, 4.2688, 4.3439, 4.0896, 4.1937, 4.0738, 3.9248, 4.0693, 4.1549, 4.0594, 4.1554, 3.9486, 4.0177, 3.8372, 3.9385, 4.1189, 4.1659, 4.2141, 3.9933, 4.1795, 4.0619, 4.1865, 4.1237, 3.7842, 4.0621, 4.038, 3.9064, 3.7681, 3.8792, 4.1279, 3.9534, 4.1811, 4.0711, 4.0879, 4.3512, 3.8895, 3.7453, 4.3378, 3.9796, 3.9992, 4.1443, 3.9959, 3.7758, 3.8921, 3.8693, 4.0046, 4.1686, 3.9, 3.9998, 3.9878, 3.9308, 3.9739, 3.8845, 3.719, 3.9719, 3.9603, 3.9187, 3.7962, 3.8821, 3.7576, 3.8513, 3.9409, 3.9115, 4.0978, 3.9655, 3.8351, 4.0224, 3.91, 3.9521, 3.8812, 3.9569, 4.0619, 3.7842, 3.8591, 3.6864, 3.7209, 3.7839, 3.7524, 3.7856, 3.7402, 3.8083, 3.8024, 4.1436, 3.9304, 3.7484, 3.8438, 3.7592, 3.7774, 4.0181, 3.9743, 3.9317, 4.1513, 3.9071, 3.9363, 4.107, 3.9771, 3.7412, 3.9785, 3.7934, 3.7486, 3.8017, 3.7922, 3.8314, 3.7802, 4.051, 3.4697, 3.9455, 3.8664, 3.9312, 3.7038, 3.5973, 3.9432, 3.9612, 3.8102, 3.6838, 3.7632, 3.6073, 3.7051, 4.0502, 3.6151, 3.7159, 3.6897, 3.7658, 3.7532, 3.7294, 3.8285, 3.8239, 3.685, 3.8874, 4.0227, 3.7749, 3.5725, 3.7187, 3.7243, 3.9454, 3.7762, 3.7578, 3.8262, 3.6729, 3.8178, 3.4968, 3.9515, 3.7052, 3.8537, 3.655, 3.7269, 3.7654, 3.9747, 3.8192, 3.5106, 3.8539, 4.03, 3.5904, 3.8118, 3.6115, 3.6508, 3.8739, 3.6823, 3.7503, 3.9872, 3.6956, 3.8886, 3.4711, 3.663, 3.8016, 3.9044, 3.5481, 3.7092, 3.6948, 3.626, 3.6965, 3.5898, 3.6757, 3.7689, 3.8074, 3.7437, 3.9053, 3.7964, 3.6249, 3.7616, 3.7887, 3.8103, 3.986, 3.688, 3.5878, 3.7292, 3.8147, 3.8288, 3.8335, 3.4898, 3.6357, 3.6916, 3.4999, 3.9028, 3.686, 3.6913, 3.7229, 3.6099, 3.5247, 3.7498, 3.6776, 4.0175, 3.4396, 3.6296, 3.5294, 3.5196, 3.5614, 3.4593, 3.4706, 3.7026, 3.6859, 3.635, 3.3796, 3.4665, 3.546, 3.8596, 3.8844, 3.743, 3.9111, 3.6496, 3.5859, 3.5586, 3.6036, 3.7635, 3.7943, 3.6375, 3.6586, 3.7559, 3.7548, 3.6626, 3.8102, 3.6241, 3.6666, 3.7397, 3.6809, 3.7935, 3.6025, 3.6255, 3.6724, 3.8045, 3.5669, 3.5835, 3.7553, 3.5847, 3.7968, 3.5094, 3.8888, 3.8165, 3.6314, 3.6908, 3.549, 3.6617, 3.6347, 3.7129, 3.5523, 3.5284, 3.7168, 3.4557, 3.4538, 3.3362, 3.448, 3.6659, 3.5889, 3.5925, 3.8425, 3.6348, 3.6319, 3.7668, 3.4361, 3.4808, 3.4484, 3.6755, 3.5889, 3.5381, 3.3484, 3.4574, 3.5551, 3.5346, 3.5245, 3.4037, 3.3881, 3.7004, 3.5613, 3.6433, 3.5267, 3.5758, 3.5423, 3.3845, 3.8099, 3.5306, 3.4447, 3.6405, 3.4475, 3.4971, 3.4295, 3.7089, 3.6356, 3.7183, 3.6757, 3.4492, 3.3677, 3.3881, 3.7585, 3.6523, 3.2052, 3.4062, 3.5139, 3.3676, 3.7314, 3.5542, 3.482, 3.6204, 3.5616, 3.8352, 3.9256, 3.4977, 3.405, 3.4359, 3.4859, 3.3733, 3.6252, 3.613, 3.4999, 3.3123, 3.6563, 3.3401, 3.5737, 3.6003, 3.4912, 3.8128, 3.4547, 3.7294, 3.2457, 3.5325, 3.3015, 3.6086, 3.4433, 3.6073, 3.5251, 3.5925, 3.6817, 3.4378, 3.5683, 3.3569, 3.3507, 3.8738, 3.2851, 3.4521, 3.437, 3.4146, 3.7426, 3.5765, 3.5086, 3.4793, 3.5337, 3.5309, 3.6835, 3.5487, 3.6619, 3.5727, 3.6145, 3.5068, 3.3708, 3.4114, 3.4564, 3.6109, 3.1215, 3.8043, 3.3662, 3.721, 3.5416, 3.5548, 3.5361, 3.4642, 3.4725, 3.3468, 3.4525, 3.5014, 3.5666, 3.3953, 3.4826, 3.7431, 3.282, 3.4478, 3.5696, 3.4785, 3.3914, 3.585, 3.4144, 3.6953, 3.2767, 3.4523, 3.2987, 3.321, 3.3834, 3.1837, 3.1312, 3.4088, 3.58, 3.518, 3.5428, 3.5923, 3.2714, 3.2906, 3.4646, 3.5701, 3.4369, 3.652, 3.2956, 3.4106, 3.3713, 3.5829, 3.3632, 3.5396, 3.4476, 3.3443, 3.256, 3.4441, 3.4891, 3.4427, 3.5406, 3.4052, 3.3644, 3.4946, 3.5427, 3.4452, 3.3383, 3.3226, 3.464, 3.6193, 3.2494, 3.5445, 3.382, 3.4772, 3.3196, 3.2306, 3.6588, 3.4794, 3.5006, 3.708, 3.4454, 3.2973, 3.4175, 3.3143, 3.2882, 3.4969, 3.4103, 3.6995, 3.44, 3.222, 3.3327, 3.1095, 3.5756, 3.656, 3.3854, 3.5095, 3.1256, 3.3934, 3.5105, 3.5113, 3.2555, 3.4377, 3.6294, 3.2553, 3.367, 3.2667, 3.437, 3.5518, 3.3555, 3.4237, 3.5041, 3.4173, 3.4795, 3.3746, 3.5749, 3.3392, 3.2721, 3.4435, 3.4172, 3.301, 3.2445, 3.1181, 3.7295, 3.2014, 3.5444, 3.4546, 3.4402, 3.0771, 3.5138, 3.2868, 3.1946, 3.5665, 3.3629, 3.1379, 3.1265, 3.1552, 3.2514, 3.3094, 3.4102, 3.2765, 3.3899, 3.5967, 3.3667, 3.5263, 3.3167, 3.2389, 3.1982, 3.2024, 3.3447, 3.3488, 3.1457, 3.291, 3.3604, 3.2917, 3.2056, 3.2208, 3.4097, 3.2505, 3.3133, 3.2801, 3.348, 3.0598, 3.2635, 3.3661, 3.1328, 3.4162, 3.5357, 3.5025, 3.4252, 3.2398, 3.3484, 3.2512, 3.2426, 3.3017, 3.0823, 3.4424, 3.6073, 2.957, 3.2196, 3.3629, 3.2431, 3.1224, 3.237, 3.4309, 3.4388, 3.594, 3.3011, 3.2276, 3.0953, 3.0746, 3.1801, 3.4345, 3.2737, 3.3106, 3.4753, 3.347, 3.5325, 3.3128, 3.275, 3.2397, 3.5554, 3.4501, 3.1743, 3.246, 3.1467, 3.3631, 3.3665, 3.3197, 3.0118, 3.2764, 3.501, 3.4687, 3.6891, 3.3291, 3.3427, 3.3225, 3.2389, 3.268, 3.1664, 3.0136, 3.233, 3.4474, 3.4557, 3.3823, 2.9399, 3.1089, 3.2047, 3.3924, 3.4178, 3.0853, 3.2354, 3.2246, 3.5864, 3.0574, 3.3806, 3.2005, 3.3344, 3.3395, 3.0786, 3.4257, 3.2093, 3.3005, 3.3447, 3.2043, 3.3853, 3.4755, 3.5619, 3.2384, 3.1681, 3.3361, 3.393, 3.3797, 3.0323, 3.3899, 3.2239, 3.1455, 3.1514, 3.4679, 3.0198, 3.4235, 3.3251, 3.1947, 3.1897, 3.3756, 3.2362, 3.1682, 3.1876, 3.3445, 3.3463, 3.2751, 3.2514, 3.2139, 3.0141, 3.2907, 3.3935, 3.4844, 3.3549, 3.5342, 3.3923, 3.3567, 3.3497, 3.1124, 3.2403, 3.1247, 3.2444, 2.8732, 3.2115, 3.4824, 3.4654, 3.4542, 3.4555, 3.4405, 3.2467, 3.305, 3.2074, 3.2142, 3.0113, 3.102, 3.4016, 3.2779, 3.4223, 3.2459, 3.3084, 3.159, 3.3237, 3.3134, 3.0353, 3.0076, 3.3017, 3.3671, 3.078, 3.4606, 3.4581, 3.2031, 3.2438, 3.1399, 3.4487, 3.128, 3.4347, 3.162, 3.1566, 3.2403, 3.0922, 3.1649, 3.3285, 2.8151, 3.5586, 3.2631, 3.2828, 3.0182, 3.1774, 3.2097, 3.129, 3.1526, 3.3691, 3.4207, 3.2745, 3.242, 3.1921, 3.3304, 3.5567, 3.354, 3.0051, 3.3792, 3.127, 3.1446, 3.1052, 3.1946, 3.1661, 3.1969, 3.1777, 3.3556, 3.1661, 3.0498, 3.3747, 3.2711, 3.1631, 3.3189, 3.3028, 3.1025, 3.0891, 3.1762, 3.2268, 3.3016, 3.2857, 3.2881, 3.1079, 2.9808, 3.402, 3.1011, 3.1928, 3.0208, 3.2605, 2.88, 3.2333, 3.4213, 3.0484, 3.0273, 3.4363, 3.2941, 3.2831, 3.3499, 3.3954, 3.2445, 3.275, 3.2809, 3.4034, 3.1945, 3.3595, 3.0414, 3.0761, 3.3876, 3.4543, 3.1824, 3.308, 3.0572, 3.2213, 3.2129, 2.9708, 3.5016, 3.2996, 3.2729, 2.9168, 3.0409, 3.4107, 3.1673, 3.0811, 3.3668, 3.1595, 3.5844, 3.0432, 3.2378, 3.2037, 2.9857, 3.4463, 3.395, 3.1068, 3.2068, 3.2221, 3.037, 3.2232, 3.3409, 3.3256, 3.3741, 3.4781, 3.2449, 3.1137, 3.1584, 3.0007, 3.2718, 3.4899, 3.4005, 3.0704, 2.9551, 3.4458, 3.2951, 3.4553, 3.1594, 3.2031, 3.2006, 3.2527, 2.9922, 3.0813, 3.0269, 3.0233, 3.0276, 3.2402, 3.0949, 3.1223, 3.1533, 2.941, 3.0397, 3.3619, 3.1199, 3.1515, 3.123, 3.2292, 3.0755, 2.9664, 3.0836, 3.0627, 3.0059, 3.0832, 3.0062, 3.1886, 3.1, 3.1729, 3.0907, 3.1452, 3.2392, 3.0826, 2.9757, 3.3289, 3.0792, 2.8075, 3.2091, 3.3206, 3.0983, 3.1069, 3.2749, 3.2135, 3.1518, 3.1632, 3.4469, 3.1879, 3.1388, 3.3127, 3.0354, 3.0662, 3.1119, 3.0306, 3.2027, 3.0062, 3.1378, 3.1644, 3.1771, 3.0674, 3.3128, 3.2615, 3.3704, 3.0697, 3.0589, 3.0102, 3.1333, 2.8456, 3.0795, 3.1059, 3.0748, 3.2936, 2.9476, 3.1306, 3.0981, 3.3281, 3.3416, 3.2369, 3.0825, 2.9706, 2.9576, 3.1043, 3.3535, 3.0232, 3.2832, 3.3063, 3.4916, 3.1746, 3.2322, 3.0614, 2.8681, 3.2443, 2.9869, 3.2279, 3.3252, 2.892, 2.9946, 3.2286, 2.944, 3.1061, 3.124, 2.9701, 2.9433, 3.2422, 3.2897, 3.3972, 2.8936, 2.977, 3.3041, 3.0101, 3.2444, 3.3734, 3.0155, 3.0216, 3.4225, 3.3143, 3.0911, 3.4217, 3.1727, 3.2835, 3.1266, 3.0261, 3.1747, 3.0796, 2.9974, 3.154, 3.2992, 3.0913, 3.1094, 3.2083, 2.9935, 2.8705, 3.0872, 3.0317, 3.0751, 3.108, 3.2622, 3.1335, 3.0348, 2.8738, 3.3461, 3.3239, 3.0495, 3.1084, 3.0704, 2.9919, 3.0933, 3.1357, 2.9877, 3.0668, 3.1745, 3.1676, 3.0575, 3.0483, 2.8639, 3.2367, 3.4535, 2.8835, 3.2969, 3.1769, 2.6941, 3.1853, 3.03, 3.0247, 3.1741, 3.1422, 3.3858, 3.2365, 2.939, 3.0501, 3.2717, 3.1387, 3.0087, 3.2299, 3.052, 3.1079, 3.0965, 3.3291, 2.852, 3.0317, 3.0363, 2.9524, 3.1443, 2.9389, 3.6841, 2.9768, 3.0254, 3.3791, 3.0508, 2.9202, 3.2835, 2.9779, 3.157, 3.0208, 2.7852, 2.9742, 3.0875, 3.1611, 3.052, 2.9058, 2.9103, 3.1392, 3.0374, 3.0457, 3.2276, 2.9519, 2.8856, 3.1265, 3.1164, 3.0653, 3.0938, 3.0995, 3.2292, 3.1475, 3.1929, 3.0172, 3.3132, 3.3525, 3.1683, 2.9718, 3.2588, 3.099, 3.2718, 3.1074, 3.3553, 2.9881, 3.1429, 3.0146, 3.3587, 3.0477, 3.0134, 3.1312, 2.7897, 3.0349, 2.9599, 3.0434, 3.2373, 3.2249, 3.1431, 3.0467, 3.2576, 3.0163, 3.218, 3.2367, 3.2357, 3.1271, 3.0606, 3.0361, 3.202, 3.0811, 2.9248, 3.0106, 3.0618, 3.11, 3.0552, 3.186, 3.1111, 2.9893, 2.9091, 2.9903, 3.1762, 3.0895, 2.9947, 3.1684, 3.1553, 2.9825, 2.9221, 2.9571, 2.9739, 3.0889, 3.1461, 3.0552, 3.3435, 2.9926, 2.9244, 2.8473, 2.8294, 2.6797, 2.9999, 2.9687, 3.4639, 3.1698, 3.1268, 3.0273, 3.2941, 3.1975, 3.1614, 3.1113, 2.9406, 3.1596, 2.8807, 3.1012, 3.0039, 2.9818, 3.2151, 3.1102, 2.9523, 2.9936, 3.2519, 3.2053, 2.9257, 3.2578, 3.1576, 3.0821, 3.1394, 2.795, 3.095, 2.9913, 3.0465, 3.0558, 3.0531, 3.1066, 2.8789, 2.9966, 2.7746, 3.0041, 2.9958, 3.1974, 2.7925, 3.0809, 3.2959, 2.8926, 3.0119, 3.0531, 3.206, 2.8138, 2.9983, 3.1135, 2.8243, 3.0563, 3.197, 2.9275, 3.2413, 3.2688, 2.8402, 2.9759, 3.0445, 3.0186, 2.8363, 3.2287, 2.8397, 2.9613, 2.9334, 2.9012, 3.1767, 3.1583, 3.0064, 2.9033, 2.9425, 3.1723, 2.9617, 3.2298, 2.9468, 3.2625, 3.2454, 3.1154, 2.8273, 3.0505, 3.046, 3.0836, 2.9717, 3.1286, 2.968, 3.2684, 2.8215, 2.9712, 3.2401, 2.8391, 2.988, 3.0541, 3.1515, 3.0914, 2.9187, 3.1439, 3.1553, 2.7501, 2.9322, 2.8159, 3.1689, 3.0639, 3.2357, 3.3061, 3.3215, 2.8901, 3.2468, 2.9361, 3.0069, 3.097, 2.995, 2.8982, 3.2283, 2.8442, 3.0656, 2.9122, 2.9989, 3.0414, 3.1487, 2.7308, 3.1317, 2.9542, 2.5915, 3.0319, 2.9537, 2.9201, 2.9913, 2.975, 3.1753, 2.9206, 2.9938, 2.9124, 2.9619, 2.8302, 3.0124, 2.9469, 3.0782, 3.0552, 2.8829, 2.8257, 2.8393, 3.0859, 3.1265, 2.7943, 3.0781, 2.923, 3.2139, 2.6955, 2.9897, 2.9807, 3.1322, 3.0299, 3.3198, 2.9107, 3.0298, 2.9796, 2.8902, 2.7755, 3.1248, 2.8032, 3.1934, 3.0744, 2.8969, 3.0517, 2.9115, 2.7075, 3.0213, 3.0966, 3.1984, 3.2223, 2.865, 3.1549, 2.9097, 3.0432, 3.1731, 3.0209, 3.0446, 3.0474, 2.9981, 2.9158, 2.9766, 3.0228, 3.0635, 3.3088, 2.8604, 3.0359, 2.9897, 2.975, 3.071, 2.8569, 2.7673, 3.0992, 3.3896, 3.1401, 3.147, 2.9396, 3.116, 3.0534, 3.0385, 2.8918, 2.8001, 3.141, 2.9757, 2.913, 2.8236, 2.7848, 3.0409, 2.9965, 2.6906, 3.2028, 2.8762, 2.8754, 3.0681, 3.0841, 3.0448, 2.6668, 2.9329, 2.735, 2.9341, 2.9404, 2.8986, 2.9648, 3.0486, 3.0644, 2.8383, 2.844, 3.0604, 2.8536, 2.7324, 2.8451, 2.9323, 3.1908, 2.9418, 3.1867, 2.9974, 2.9638, 2.9814, 2.7843, 2.9525, 3.2508, 2.9706, 2.7718, 3.1084, 2.7213, 2.8539, 2.891, 2.9553, 2.9974, 2.831, 3.0361, 3.0339, 2.9242, 3.0573, 3.0334, 2.815, 2.8617, 3.0076, 2.9894, 2.7994, 2.7126, 2.9155, 3.3303, 3.1192, 3.0944, 2.9208, 3.0448, 2.9697, 3.0989, 2.8038, 2.9149, 2.9761, 2.8411, 3.0766, 2.9284, 2.9649, 2.9796, 3.0506, 2.7644, 3.0289, 2.9013, 3.1513, 2.7985, 2.9329, 3.0811, 2.5112, 2.9678, 2.935, 2.84, 3.1306, 2.7995, 3.0074, 2.9903, 2.6965, 2.9699, 3.0634, 2.8239, 3.3396, 3.0828, 2.8335, 3.2139, 3.0756, 2.9939, 2.9121, 2.7886, 2.8226, 2.9215, 2.8736, 2.9692, 2.8855, 2.765, 2.8041, 3.0869, 2.957, 2.9777, 2.9955, 2.7593, 3.2353, 2.8307, 2.8443, 2.822, 2.8235, 2.6618, 2.8658, 2.9074, 2.8903, 2.7972, 2.8882, 2.785, 2.69, 2.8267, 2.7351, 2.8637, 2.762, 2.756, 2.9647, 2.7566, 2.9747, 2.8464, 2.8815, 2.9471, 3.0389, 3.0582, 2.8382, 2.8237, 2.5059, 2.6736, 2.9291, 3.0551, 2.8131, 3.1208, 2.9067, 2.8439, 3.0018, 2.8396, 3.0742, 3.0719, 3.2296, 3.1412, 2.8551, 3.0975, 2.8896, 3.2284, 3.01, 2.7419, 2.9776, 3.0163, 2.9387, 2.9369, 2.8059, 3.1094, 3.0666, 2.9955, 2.6796, 3.0311, 3.0334, 3.0874, 2.8713, 2.925, 2.987, 2.9697, 2.8289, 3.0317, 2.9904, 2.7862, 2.945, 3.0345, 3.0945, 3.0369, 3.2195, 2.7233, 3.296, 2.8766, 2.832, 3.1837, 2.9058, 2.8072, 2.7395, 3.0344, 2.8707, 2.9034, 3.199, 3.0596, 2.9007, 2.5859, 3.1565, 2.7006, 2.8288, 3.0425, 3.0978, 2.6949, 3.2066, 2.8321, 3.1717, 2.8354, 3.0776, 2.9787, 2.9322, 2.7744, 2.8872, 2.6879, 2.9138, 2.8975, 3.1691, 2.8991, 2.9497, 3.1183, 2.8763, 2.7799, 3.0128, 2.9644, 2.9211, 3.0629, 3.0574, 3.0053, 2.8349, 2.9702, 2.7667, 2.9751, 2.7761, 2.8562, 2.8824, 2.9379, 2.6661, 2.7678, 2.6658, 3.074, 3.0763, 2.7901, 2.6247, 2.8151, 2.9863, 2.793, 3.0649, 3.0547, 2.8517, 3.0317, 2.9048, 2.8657, 2.7285, 2.907, 2.8013, 2.9965, 2.9884, 3.0108, 2.9227, 2.7732, 2.9409, 2.9249, 3.0158, 2.8125, 2.9138, 2.8718, 2.8258, 2.6569, 2.9305, 2.985, 2.9081, 2.8233, 2.7924, 3.021, 2.703, 2.9448, 2.8577, 2.9201, 2.6524, 2.9728, 2.7539, 2.9202, 3.0124, 2.9247, 3.0091, 3.097, 2.9065, 2.7768, 2.8382, 3.1169, 2.9907, 2.8909, 2.9098, 2.9855, 2.8607, 3.1578, 2.6966, 2.7445, 2.6742, 2.9052, 2.94, 2.8197, 3.0726, 2.6181, 2.936, 2.6463, 2.6808, 2.7327, 2.914, 3.0685, 3.141, 2.816, 2.9757, 2.9432, 2.8506, 2.9323, 2.9909, 2.8646, 2.8928, 2.9104, 2.7776, 2.9694, 2.9357, 2.7822, 2.6603, 2.7233, 2.9649, 2.8684, 2.7727, 3.0447, 3.0266, 3.0103, 2.9777, 2.843, 2.7985, 2.8482, 2.9622, 3.0254, 2.8042, 2.7624, 2.756, 2.999, 2.8395, 2.9826, 2.8579, 2.9933, 2.9176, 3.1158, 2.9019, 3.1303, 2.7717, 2.7788, 2.7214, 2.9589, 2.9316, 3.0903, 2.9199, 3.0976, 2.8885, 2.7248, 2.969, 2.8735, 2.8113, 2.7516, 3.0582, 2.7489, 2.9937, 2.83, 2.7473, 2.7075, 2.7769, 3.004, 3.3693, 2.8078, 2.7119, 2.8455, 3.0396, 3.0594, 2.7975, 2.7568, 3.0592, 2.8782, 2.9646, 2.9785, 2.8979, 2.7696, 2.6954, 2.7486, 2.752, 2.6685, 2.6204, 2.6724, 3.078, 2.7875, 2.8157, 2.7774, 2.6739, 2.8428, 2.8193, 3.17, 2.9091, 3.0203, 2.9551, 3.152, 2.7818, 2.909, 3.1073, 2.7001, 2.9121, 2.6606, 3.1276, 3.0381, 2.6333, 2.703, 2.9139, 3.1895, 2.481, 2.9254, 2.8388, 2.9393, 2.666, 3.0579, 2.9781, 2.5393, 2.7912, 2.7913, 2.9175, 2.7782, 3.0475, 2.716, 2.9519, 3.131, 3.139, 3.0656, 2.9928, 2.7294, 3.0206, 2.815, 2.8466, 2.9309, 3.0274, 2.8764, 2.8984, 2.7937, 2.6844, 2.9122, 2.8331, 2.8246, 2.6794, 2.9849, 2.9282, 3.0001, 2.8009, 2.7545, 2.7917, 2.9555, 2.6507, 3.0135, 2.9491, 2.7639, 2.862, 2.6043, 2.9958, 2.8094, 2.7475, 2.9929, 2.8379, 2.8655, 2.8308, 2.756, 3.2936, 2.8027, 3.0184, 3.034, 2.6158, 2.8866, 2.6504, 3.0115, 2.8084, 2.8141, 2.7705, 2.7169, 2.8278, 2.9713, 2.7404, 2.9188, 3.0096, 2.8109, 2.5993, 2.8023, 2.8206, 2.9249, 3.0587, 2.7161, 2.7193, 2.7221, 2.6629, 2.6313, 2.7035, 2.7494, 2.7449, 3.1171, 2.8124, 2.5092, 2.7168, 2.7373, 2.5833, 2.8392, 2.9042, 2.7328, 3.062, 2.8569, 2.7426, 2.9184, 2.7011, 2.756, 2.7481, 2.7285, 2.9438, 2.6505, 3.0, 2.8476, 3.0349, 2.9033, 3.0197, 2.877, 2.6572, 2.7515, 2.9748, 3.3893, 2.7837, 2.89, 2.9426, 2.9812, 2.9717, 2.9598, 2.78, 3.0633, 3.0168, 3.1683, 2.6324, 3.0068, 2.879, 2.7107, 2.8914, 2.8249, 2.8053, 2.9444, 2.8775, 2.8497, 2.6909, 2.731, 2.7117, 2.8679, 2.9251, 2.7281, 2.8802, 2.8957, 2.7653, 2.9984, 2.8506, 2.9351, 2.8085, 2.7241, 2.697, 2.6605, 2.8411, 3.0065, 2.9475, 2.7929, 2.6755, 2.8644, 2.7185, 2.832, 2.5911, 2.8234, 2.9606, 2.6684, 2.4958, 2.7422, 2.8519, 3.0015, 2.8081, 2.7592, 3.0724, 2.4546, 2.6708, 2.7657, 2.7616, 2.5776, 2.6689, 2.8369, 2.6222, 2.8617, 2.9892, 2.9464, 2.896, 2.7223, 2.7529, 2.8405, 2.8685, 2.8028, 2.8797, 2.7864, 3.0286, 2.8099, 2.8796, 2.6446, 2.8344, 2.7154, 2.9099, 2.8549, 2.6442, 2.601, 2.6984, 2.5916, 2.8662]
delta loss (last-first) = -8.1076
saved checkpoints_v13_sempty/ab_real/latest.pt
