device=cuda preset=baseline_real_pm dataset=tinystories
[cache] Loaded TinyStories train from .cache/v7_tokens/tinystories_train_v2_ms20000_sl256_r1.pt (4,465,139 tokens)
[cache] Loaded TinyStories validation from .cache/v7_tokens/tinystories_validation_v2_ms20000_sl256_r1.pt (388,958 tokens)
Train chunks: 17374, Val chunks: 1513
params: 101,889,452 (101.89M)
step 1  loss=10.9516  lr=5.00e-07
step 2  loss=10.9359  lr=1.00e-06
step 3  loss=10.9536  lr=1.50e-06
step 4  loss=10.9354  lr=2.00e-06
step 5  loss=10.9421  lr=2.50e-06
step 6  loss=10.9392  lr=3.00e-06
step 7  loss=10.9251  lr=3.50e-06
step 8  loss=10.9157  lr=4.00e-06
step 9  loss=10.9225  lr=4.50e-06
step 10  loss=10.8953  lr=5.00e-06
step 11  loss=10.8675  lr=5.50e-06
step 12  loss=10.8785  lr=6.00e-06
step 13  loss=10.8326  lr=6.50e-06
step 14  loss=10.8353  lr=7.00e-06
step 15  loss=10.7991  lr=7.50e-06
step 16  loss=10.7964  lr=8.00e-06
step 17  loss=10.7639  lr=8.50e-06
step 18  loss=10.7304  lr=9.00e-06
step 19  loss=10.7474  lr=9.50e-06
step 20  loss=10.7340  lr=1.00e-05
step 21  loss=10.6656  lr=1.05e-05
step 22  loss=10.6424  lr=1.10e-05
step 23  loss=10.5887  lr=1.15e-05
step 24  loss=10.5950  lr=1.20e-05
step 25  loss=10.5867  lr=1.25e-05
step 26  loss=10.5771  lr=1.30e-05
step 27  loss=10.4896  lr=1.35e-05
step 28  loss=10.4706  lr=1.40e-05
step 29  loss=10.4965  lr=1.45e-05
step 30  loss=10.4181  lr=1.50e-05
step 31  loss=10.4124  lr=1.55e-05
step 32  loss=10.3431  lr=1.60e-05
step 33  loss=10.3554  lr=1.65e-05
step 34  loss=10.2753  lr=1.70e-05
step 35  loss=10.2742  lr=1.75e-05
step 36  loss=10.2245  lr=1.80e-05
step 37  loss=10.1936  lr=1.85e-05
step 38  loss=10.1237  lr=1.90e-05
step 39  loss=10.1658  lr=1.95e-05
step 40  loss=10.1961  lr=2.00e-05
step 41  loss=10.0406  lr=2.05e-05
step 42  loss=10.1275  lr=2.10e-05
step 43  loss=10.0924  lr=2.15e-05
step 44  loss=9.9615  lr=2.20e-05
step 45  loss=9.9267  lr=2.25e-05
step 46  loss=10.0016  lr=2.30e-05
step 47  loss=9.8374  lr=2.35e-05
step 48  loss=9.9237  lr=2.40e-05
step 49  loss=9.9103  lr=2.45e-05
step 50  loss=9.7723  lr=2.50e-05
step 51  loss=9.8756  lr=2.55e-05
step 52  loss=9.8634  lr=2.60e-05
step 53  loss=9.7496  lr=2.65e-05
step 54  loss=9.7516  lr=2.70e-05
step 55  loss=9.6151  lr=2.75e-05
step 56  loss=9.4851  lr=2.80e-05
step 57  loss=9.6740  lr=2.85e-05
step 58  loss=9.5700  lr=2.90e-05
step 59  loss=9.4893  lr=2.95e-05
step 60  loss=9.4711  lr=3.00e-05
step 61  loss=9.4299  lr=3.05e-05
step 62  loss=9.3748  lr=3.10e-05
step 63  loss=9.4697  lr=3.15e-05
step 64  loss=9.3668  lr=3.20e-05
step 65  loss=9.3523  lr=3.25e-05
step 66  loss=9.3992  lr=3.30e-05
step 67  loss=9.1861  lr=3.35e-05
step 68  loss=9.3660  lr=3.40e-05
step 69  loss=9.1050  lr=3.45e-05
step 70  loss=9.2456  lr=3.50e-05
step 71  loss=9.1705  lr=3.55e-05
step 72  loss=9.0366  lr=3.60e-05
step 73  loss=8.8550  lr=3.65e-05
step 74  loss=9.0737  lr=3.70e-05
step 75  loss=8.7653  lr=3.75e-05
step 76  loss=8.8803  lr=3.80e-05
step 77  loss=8.8365  lr=3.85e-05
step 78  loss=8.7808  lr=3.90e-05
step 79  loss=8.9078  lr=3.95e-05
step 80  loss=8.6322  lr=4.00e-05
step 81  loss=8.4913  lr=4.05e-05
step 82  loss=8.4257  lr=4.10e-05
step 83  loss=8.6130  lr=4.15e-05
step 84  loss=8.3520  lr=4.20e-05
step 85  loss=8.3780  lr=4.25e-05
step 86  loss=8.3815  lr=4.30e-05
step 87  loss=8.2145  lr=4.35e-05
step 88  loss=8.1194  lr=4.40e-05
step 89  loss=8.1738  lr=4.45e-05
step 90  loss=8.1149  lr=4.50e-05
step 91  loss=8.0004  lr=4.55e-05
step 92  loss=8.1014  lr=4.60e-05
step 93  loss=7.9595  lr=4.65e-05
step 94  loss=7.7233  lr=4.70e-05
step 95  loss=7.7812  lr=4.75e-05
step 96  loss=7.7976  lr=4.80e-05
step 97  loss=7.9137  lr=4.85e-05
step 98  loss=7.5828  lr=4.90e-05
step 99  loss=7.7026  lr=4.95e-05
step 100  loss=7.5303  lr=5.00e-05
step 101  loss=7.5203  lr=5.00e-05
step 102  loss=7.5644  lr=5.00e-05
step 103  loss=7.3484  lr=5.00e-05
step 104  loss=7.3845  lr=5.00e-05
step 105  loss=7.3971  lr=5.00e-05
step 106  loss=7.3128  lr=5.00e-05
step 107  loss=7.3341  lr=5.00e-05
step 108  loss=7.2281  lr=5.00e-05
step 109  loss=7.3951  lr=5.00e-05
step 110  loss=7.0307  lr=5.00e-05
step 111  loss=7.0450  lr=5.00e-05
step 112  loss=7.0961  lr=5.00e-05
step 113  loss=6.9874  lr=5.00e-05
step 114  loss=7.0583  lr=5.00e-05
step 115  loss=7.0724  lr=5.00e-05
step 116  loss=7.2020  lr=5.00e-05
step 117  loss=7.0663  lr=5.00e-05
step 118  loss=6.9380  lr=5.00e-05
step 119  loss=6.8545  lr=5.00e-05
step 120  loss=6.7275  lr=5.00e-05
step 121  loss=6.5961  lr=5.00e-05
step 122  loss=6.8480  lr=5.00e-05
step 123  loss=6.6649  lr=5.00e-05
step 124  loss=6.7125  lr=5.00e-05
step 125  loss=6.7341  lr=5.00e-05
step 126  loss=6.5899  lr=5.00e-05
step 127  loss=6.7227  lr=5.00e-05
step 128  loss=6.7163  lr=5.00e-05
step 129  loss=6.5375  lr=5.00e-05
step 130  loss=6.4456  lr=5.00e-05
step 131  loss=6.3757  lr=5.00e-05
step 132  loss=6.4959  lr=5.00e-05
step 133  loss=6.3457  lr=5.00e-05
step 134  loss=6.4683  lr=5.00e-05
step 135  loss=6.1516  lr=5.00e-05
step 136  loss=6.2720  lr=5.00e-05
step 137  loss=6.3964  lr=5.00e-05
step 138  loss=6.2741  lr=5.00e-05
step 139  loss=6.1037  lr=5.00e-05
step 140  loss=6.4298  lr=5.00e-05
step 141  loss=6.2842  lr=5.00e-05
step 142  loss=6.0497  lr=5.00e-05
step 143  loss=6.1223  lr=5.00e-05
step 144  loss=6.0142  lr=5.00e-05
step 145  loss=6.0056  lr=5.00e-05
step 146  loss=6.0641  lr=5.00e-05
step 147  loss=6.0215  lr=5.00e-05
step 148  loss=6.0837  lr=5.00e-05
step 149  loss=5.8351  lr=5.00e-05
step 150  loss=6.0090  lr=5.00e-05
step 151  loss=5.8286  lr=5.00e-05
step 152  loss=5.9655  lr=5.00e-05
step 153  loss=6.0183  lr=5.00e-05
step 154  loss=5.8206  lr=5.00e-05
step 155  loss=5.9389  lr=5.00e-05
step 156  loss=5.9204  lr=5.00e-05
step 157  loss=5.8333  lr=5.00e-05
step 158  loss=5.7633  lr=5.00e-05
step 159  loss=5.8959  lr=5.00e-05
step 160  loss=5.6851  lr=5.00e-05
step 161  loss=5.6393  lr=5.00e-05
step 162  loss=5.7344  lr=5.00e-05
step 163  loss=5.7219  lr=5.00e-05
step 164  loss=5.4847  lr=5.00e-05
step 165  loss=5.7319  lr=5.00e-05
step 166  loss=5.5476  lr=5.00e-05
step 167  loss=5.5550  lr=5.00e-05
step 168  loss=5.5079  lr=5.00e-05
step 169  loss=5.4474  lr=5.00e-05
step 170  loss=5.5057  lr=5.00e-05
step 171  loss=5.6131  lr=5.00e-05
step 172  loss=5.6097  lr=5.00e-05
step 173  loss=5.3790  lr=5.00e-05
step 174  loss=5.5947  lr=5.00e-05
step 175  loss=5.5152  lr=5.00e-05
step 176  loss=5.3273  lr=5.00e-05
step 177  loss=5.3895  lr=5.00e-05
step 178  loss=5.4059  lr=5.00e-05
step 179  loss=5.4008  lr=5.00e-05
step 180  loss=5.3130  lr=5.00e-05
step 181  loss=5.3312  lr=5.00e-05
step 182  loss=5.2709  lr=5.00e-05
step 183  loss=5.1970  lr=5.00e-05
step 184  loss=5.2590  lr=5.00e-05
step 185  loss=5.3051  lr=5.00e-05
step 186  loss=5.4658  lr=5.00e-05
step 187  loss=5.2730  lr=5.00e-05
step 188  loss=5.1944  lr=5.00e-05
step 189  loss=5.2033  lr=5.00e-05
step 190  loss=5.0542  lr=5.00e-05
step 191  loss=5.1206  lr=5.00e-05
step 192  loss=5.3232  lr=5.00e-05
step 193  loss=5.0963  lr=5.00e-05
step 194  loss=5.0413  lr=5.00e-05
step 195  loss=5.2050  lr=5.00e-05
step 196  loss=5.1251  lr=5.00e-05
step 197  loss=5.1106  lr=5.00e-05
step 198  loss=4.9365  lr=5.00e-05
step 199  loss=4.9100  lr=5.00e-05
step 200  loss=4.8809  lr=5.00e-05
step 201  loss=4.8421  lr=5.00e-05
step 202  loss=5.0935  lr=5.00e-05
step 203  loss=5.0576  lr=5.00e-05
step 204  loss=5.0674  lr=5.00e-05
step 205  loss=5.0915  lr=5.00e-05
step 206  loss=5.0759  lr=5.00e-05
step 207  loss=4.8922  lr=5.00e-05
step 208  loss=5.0680  lr=5.00e-05
step 209  loss=4.9671  lr=5.00e-05
step 210  loss=5.1157  lr=5.00e-05
step 211  loss=4.9090  lr=5.00e-05
step 212  loss=4.6845  lr=5.00e-05
step 213  loss=5.0134  lr=5.00e-05
step 214  loss=4.9772  lr=5.00e-05
step 215  loss=5.0182  lr=5.00e-05
step 216  loss=5.0630  lr=5.00e-05
step 217  loss=4.7611  lr=5.00e-05
step 218  loss=4.8219  lr=5.00e-05
step 219  loss=4.7043  lr=5.00e-05
step 220  loss=4.9443  lr=5.00e-05
step 221  loss=4.8668  lr=5.00e-05
step 222  loss=4.8760  lr=5.00e-05
step 223  loss=4.9485  lr=5.00e-05
step 224  loss=4.5754  lr=5.00e-05
step 225  loss=4.9691  lr=5.00e-05
step 226  loss=4.7415  lr=5.00e-05
step 227  loss=4.7495  lr=5.00e-05
step 228  loss=4.7011  lr=5.00e-05
step 229  loss=4.8692  lr=5.00e-05
step 230  loss=4.7184  lr=5.00e-05
step 231  loss=4.6991  lr=5.00e-05
step 232  loss=4.6589  lr=5.00e-05
step 233  loss=4.6407  lr=5.00e-05
step 234  loss=4.5800  lr=5.00e-05
step 235  loss=4.6628  lr=5.00e-05
step 236  loss=4.4570  lr=5.00e-05
step 237  loss=4.5320  lr=5.00e-05
step 238  loss=4.6749  lr=5.00e-05
step 239  loss=4.7362  lr=5.00e-05
step 240  loss=4.4720  lr=5.00e-05
step 241  loss=4.7986  lr=5.00e-05
step 242  loss=4.5922  lr=5.00e-05
step 243  loss=4.7341  lr=5.00e-05
step 244  loss=4.4856  lr=5.00e-05
step 245  loss=4.5297  lr=5.00e-05
step 246  loss=4.5165  lr=5.00e-05
step 247  loss=4.6495  lr=5.00e-05
step 248  loss=4.7857  lr=5.00e-05
step 249  loss=4.6819  lr=5.00e-05
step 250  loss=4.4854  lr=5.00e-05
step 251  loss=4.5101  lr=5.00e-05
step 252  loss=4.4887  lr=5.00e-05
step 253  loss=4.5401  lr=5.00e-05
step 254  loss=4.3268  lr=5.00e-05
step 255  loss=4.4382  lr=5.00e-05
step 256  loss=4.3012  lr=5.00e-05
step 257  loss=4.6228  lr=5.00e-05
step 258  loss=4.7934  lr=5.00e-05
step 259  loss=4.5467  lr=5.00e-05
step 260  loss=4.4366  lr=4.99e-05
step 261  loss=4.5449  lr=4.99e-05
step 262  loss=4.5931  lr=4.99e-05
step 263  loss=4.5324  lr=4.99e-05
step 264  loss=4.6314  lr=4.99e-05
step 265  loss=4.4749  lr=4.99e-05
step 266  loss=4.5741  lr=4.99e-05
step 267  loss=4.4224  lr=4.99e-05
step 268  loss=4.2938  lr=4.99e-05
step 269  loss=4.4741  lr=4.99e-05
step 270  loss=4.2258  lr=4.99e-05
step 271  loss=4.3703  lr=4.99e-05
step 272  loss=4.3033  lr=4.99e-05
step 273  loss=4.2615  lr=4.99e-05
step 274  loss=4.2891  lr=4.99e-05
step 275  loss=4.4204  lr=4.99e-05
step 276  loss=4.7674  lr=4.99e-05
step 277  loss=4.4242  lr=4.99e-05
step 278  loss=4.8520  lr=4.99e-05
step 279  loss=4.5701  lr=4.99e-05
step 280  loss=4.6443  lr=4.99e-05
step 281  loss=4.3700  lr=4.99e-05
step 282  loss=4.5006  lr=4.99e-05
step 283  loss=4.3165  lr=4.99e-05
step 284  loss=4.2606  lr=4.99e-05
step 285  loss=4.4068  lr=4.99e-05
step 286  loss=4.6079  lr=4.99e-05
step 287  loss=4.4641  lr=4.99e-05
step 288  loss=4.3624  lr=4.99e-05
step 289  loss=4.1395  lr=4.99e-05
step 290  loss=4.4320  lr=4.99e-05
step 291  loss=4.4579  lr=4.99e-05
step 292  loss=4.2523  lr=4.99e-05
step 293  loss=4.3559  lr=4.99e-05
step 294  loss=4.1426  lr=4.99e-05
step 295  loss=4.4805  lr=4.99e-05
step 296  loss=4.1676  lr=4.99e-05
step 297  loss=4.4777  lr=4.99e-05
step 298  loss=4.3384  lr=4.99e-05
step 299  loss=4.3807  lr=4.99e-05
step 300  loss=4.4312  lr=4.99e-05
step 301  loss=4.2982  lr=4.99e-05
step 302  loss=4.3325  lr=4.99e-05
step 303  loss=4.3696  lr=4.99e-05
step 304  loss=4.4451  lr=4.99e-05
step 305  loss=4.5170  lr=4.99e-05
step 306  loss=4.5204  lr=4.99e-05
step 307  loss=4.3805  lr=4.99e-05
step 308  loss=4.1709  lr=4.99e-05
step 309  loss=4.5140  lr=4.99e-05
step 310  loss=4.4810  lr=4.99e-05
step 311  loss=4.2199  lr=4.99e-05
step 312  loss=4.3461  lr=4.99e-05
step 313  loss=4.2753  lr=4.99e-05
step 314  loss=4.3431  lr=4.99e-05
step 315  loss=4.3873  lr=4.99e-05
step 316  loss=4.3635  lr=4.99e-05
step 317  loss=4.3807  lr=4.99e-05
step 318  loss=4.4646  lr=4.99e-05
step 319  loss=4.3369  lr=4.99e-05
step 320  loss=4.4335  lr=4.99e-05
step 321  loss=4.3952  lr=4.99e-05
step 322  loss=4.3468  lr=4.99e-05
step 323  loss=4.3696  lr=4.99e-05
step 324  loss=4.2460  lr=4.99e-05
step 325  loss=4.1814  lr=4.99e-05
step 326  loss=4.0231  lr=4.99e-05
step 327  loss=4.3479  lr=4.99e-05
step 328  loss=4.4509  lr=4.99e-05
step 329  loss=4.2121  lr=4.99e-05
step 330  loss=4.5266  lr=4.99e-05
step 331  loss=4.2405  lr=4.99e-05
step 332  loss=4.2114  lr=4.99e-05
step 333  loss=4.3505  lr=4.99e-05
step 334  loss=4.1181  lr=4.99e-05
step 335  loss=4.2884  lr=4.99e-05
step 336  loss=4.0941  lr=4.99e-05
step 337  loss=4.0330  lr=4.99e-05
step 338  loss=3.9480  lr=4.99e-05
step 339  loss=4.3757  lr=4.99e-05
step 340  loss=4.3075  lr=4.99e-05
step 341  loss=4.3463  lr=4.99e-05
step 342  loss=3.9230  lr=4.99e-05
step 343  loss=4.0726  lr=4.99e-05
step 344  loss=4.2218  lr=4.99e-05
step 345  loss=4.4333  lr=4.99e-05
step 346  loss=4.1611  lr=4.99e-05
step 347  loss=4.1483  lr=4.99e-05
step 348  loss=4.3085  lr=4.99e-05
step 349  loss=4.3560  lr=4.99e-05
step 350  loss=4.2682  lr=4.99e-05
step 351  loss=4.0824  lr=4.99e-05
step 352  loss=4.1225  lr=4.99e-05
step 353  loss=4.1677  lr=4.99e-05
step 354  loss=3.8240  lr=4.99e-05
step 355  loss=4.0140  lr=4.99e-05
step 356  loss=4.0568  lr=4.99e-05
step 357  loss=4.1244  lr=4.99e-05
step 358  loss=4.2616  lr=4.99e-05
step 359  loss=3.9353  lr=4.99e-05
step 360  loss=4.2826  lr=4.99e-05
step 361  loss=4.2251  lr=4.99e-05
step 362  loss=4.1473  lr=4.99e-05
step 363  loss=4.0233  lr=4.99e-05
step 364  loss=4.2585  lr=4.99e-05
step 365  loss=3.9590  lr=4.99e-05
step 366  loss=4.3394  lr=4.99e-05
step 367  loss=4.3481  lr=4.99e-05
step 368  loss=4.0841  lr=4.99e-05
step 369  loss=4.0074  lr=4.99e-05
step 370  loss=4.0665  lr=4.99e-05
step 371  loss=4.1921  lr=4.99e-05
step 372  loss=4.3582  lr=4.99e-05
step 373  loss=4.1099  lr=4.99e-05
step 374  loss=3.9152  lr=4.99e-05
step 375  loss=4.1241  lr=4.99e-05
step 376  loss=3.8976  lr=4.98e-05
step 377  loss=4.2219  lr=4.98e-05
step 378  loss=4.2358  lr=4.98e-05
step 379  loss=4.1177  lr=4.98e-05
step 380  loss=4.1343  lr=4.98e-05
step 381  loss=4.2793  lr=4.98e-05
step 382  loss=3.9234  lr=4.98e-05
step 383  loss=3.9639  lr=4.98e-05
step 384  loss=4.1983  lr=4.98e-05
step 385  loss=4.3650  lr=4.98e-05
step 386  loss=3.9144  lr=4.98e-05
step 387  loss=4.0061  lr=4.98e-05
step 388  loss=4.2780  lr=4.98e-05
step 389  loss=3.9277  lr=4.98e-05
step 390  loss=4.1122  lr=4.98e-05
step 391  loss=4.0706  lr=4.98e-05
step 392  loss=4.0851  lr=4.98e-05
step 393  loss=3.9258  lr=4.98e-05
step 394  loss=4.0221  lr=4.98e-05
step 395  loss=3.9754  lr=4.98e-05
step 396  loss=3.9931  lr=4.98e-05
step 397  loss=4.0613  lr=4.98e-05
step 398  loss=3.9449  lr=4.98e-05
step 399  loss=4.1114  lr=4.98e-05
step 400  loss=4.2657  lr=4.98e-05
step 401  loss=4.0169  lr=4.98e-05
step 402  loss=4.2692  lr=4.98e-05
step 403  loss=4.2130  lr=4.98e-05
step 404  loss=4.1487  lr=4.98e-05
step 405  loss=3.9770  lr=4.98e-05
step 406  loss=4.1556  lr=4.98e-05
step 407  loss=4.0514  lr=4.98e-05
step 408  loss=4.1604  lr=4.98e-05
step 409  loss=4.0430  lr=4.98e-05
step 410  loss=4.1119  lr=4.98e-05
step 411  loss=4.1004  lr=4.98e-05
step 412  loss=3.9096  lr=4.98e-05
step 413  loss=3.9090  lr=4.98e-05
step 414  loss=4.0026  lr=4.98e-05
step 415  loss=4.0198  lr=4.98e-05
step 416  loss=4.0086  lr=4.98e-05
step 417  loss=4.3120  lr=4.98e-05
step 418  loss=4.0174  lr=4.98e-05
step 419  loss=4.1350  lr=4.98e-05
step 420  loss=4.0964  lr=4.98e-05
step 421  loss=4.1332  lr=4.98e-05
step 422  loss=3.7926  lr=4.98e-05
step 423  loss=4.2423  lr=4.98e-05
step 424  loss=4.0683  lr=4.98e-05
step 425  loss=3.7415  lr=4.98e-05
step 426  loss=4.3873  lr=4.98e-05
step 427  loss=3.9756  lr=4.98e-05
step 428  loss=3.9927  lr=4.98e-05
step 429  loss=4.0726  lr=4.98e-05
step 430  loss=4.0300  lr=4.98e-05
step 431  loss=3.9923  lr=4.98e-05
step 432  loss=4.1725  lr=4.98e-05
step 433  loss=3.9636  lr=4.98e-05
step 434  loss=3.8302  lr=4.98e-05
step 435  loss=3.9452  lr=4.98e-05
step 436  loss=3.7459  lr=4.98e-05
step 437  loss=3.8950  lr=4.98e-05
step 438  loss=3.9801  lr=4.98e-05
step 439  loss=4.0883  lr=4.98e-05
step 440  loss=4.2577  lr=4.98e-05
step 441  loss=3.7848  lr=4.98e-05
step 442  loss=3.9622  lr=4.98e-05
step 443  loss=4.1037  lr=4.98e-05
step 444  loss=4.1063  lr=4.98e-05
step 445  loss=3.8188  lr=4.98e-05
step 446  loss=4.1921  lr=4.98e-05
step 447  loss=3.8813  lr=4.98e-05
step 448  loss=3.9942  lr=4.98e-05
step 449  loss=3.8387  lr=4.98e-05
step 450  loss=3.9022  lr=4.98e-05
step 451  loss=4.0463  lr=4.98e-05
step 452  loss=4.0070  lr=4.98e-05
step 453  loss=3.7551  lr=4.98e-05
step 454  loss=3.8704  lr=4.98e-05
step 455  loss=3.7222  lr=4.98e-05
step 456  loss=3.6301  lr=4.97e-05
step 457  loss=4.0420  lr=4.97e-05
step 458  loss=3.8479  lr=4.97e-05
step 459  loss=3.8406  lr=4.97e-05
step 460  loss=3.8854  lr=4.97e-05
step 461  loss=3.7100  lr=4.97e-05
step 462  loss=3.8016  lr=4.97e-05
step 463  loss=3.8742  lr=4.97e-05
step 464  loss=3.7336  lr=4.97e-05
step 465  loss=4.2165  lr=4.97e-05
step 466  loss=3.9467  lr=4.97e-05
step 467  loss=3.6085  lr=4.97e-05
step 468  loss=3.9010  lr=4.97e-05
step 469  loss=4.0173  lr=4.97e-05
step 470  loss=3.9469  lr=4.97e-05
step 471  loss=3.9882  lr=4.97e-05
step 472  loss=4.0000  lr=4.97e-05
step 473  loss=3.8847  lr=4.97e-05
step 474  loss=4.0595  lr=4.97e-05
step 475  loss=3.8168  lr=4.97e-05
step 476  loss=3.8768  lr=4.97e-05
step 477  loss=3.8129  lr=4.97e-05
step 478  loss=4.0220  lr=4.97e-05
step 479  loss=3.7747  lr=4.97e-05
step 480  loss=3.9859  lr=4.97e-05
step 481  loss=3.9424  lr=4.97e-05
step 482  loss=3.7263  lr=4.97e-05
step 483  loss=3.9843  lr=4.97e-05
step 484  loss=3.7447  lr=4.97e-05
step 485  loss=3.7595  lr=4.97e-05
step 486  loss=4.0642  lr=4.97e-05
step 487  loss=3.7282  lr=4.97e-05
step 488  loss=3.6453  lr=4.97e-05
step 489  loss=3.9139  lr=4.97e-05
step 490  loss=4.3924  lr=4.97e-05
step 491  loss=3.9014  lr=4.97e-05
step 492  loss=3.9359  lr=4.97e-05
step 493  loss=3.8494  lr=4.97e-05
step 494  loss=3.7940  lr=4.97e-05
step 495  loss=3.7412  lr=4.97e-05
step 496  loss=3.9930  lr=4.97e-05
step 497  loss=3.7726  lr=4.97e-05
step 498  loss=4.1497  lr=4.97e-05
step 499  loss=3.7351  lr=4.97e-05
step 500  loss=4.0928  lr=4.97e-05
step 501  loss=3.7709  lr=4.97e-05
step 502  loss=3.7769  lr=4.97e-05
step 503  loss=3.7572  lr=4.97e-05
step 504  loss=3.9305  lr=4.97e-05
step 505  loss=3.8769  lr=4.97e-05
step 506  loss=4.0367  lr=4.97e-05
step 507  loss=3.9004  lr=4.97e-05
step 508  loss=3.9175  lr=4.97e-05
step 509  loss=3.8068  lr=4.97e-05
step 510  loss=3.7688  lr=4.97e-05
step 511  loss=3.9442  lr=4.97e-05
step 512  loss=3.5569  lr=4.97e-05
step 513  loss=3.9027  lr=4.97e-05
step 514  loss=3.8568  lr=4.97e-05
step 515  loss=3.8251  lr=4.97e-05
step 516  loss=3.9358  lr=4.97e-05
step 517  loss=3.8403  lr=4.97e-05
step 518  loss=3.8972  lr=4.97e-05
step 519  loss=3.8273  lr=4.97e-05
step 520  loss=3.9152  lr=4.97e-05
step 521  loss=3.7489  lr=4.97e-05
step 522  loss=3.7965  lr=4.96e-05
step 523  loss=4.0817  lr=4.96e-05
step 524  loss=3.7142  lr=4.96e-05
step 525  loss=3.5788  lr=4.96e-05
step 526  loss=3.7318  lr=4.96e-05
step 527  loss=3.7077  lr=4.96e-05
step 528  loss=3.8380  lr=4.96e-05
step 529  loss=3.8923  lr=4.96e-05
step 530  loss=3.7539  lr=4.96e-05
step 531  loss=3.7556  lr=4.96e-05
step 532  loss=3.9303  lr=4.96e-05
step 533  loss=3.8189  lr=4.96e-05
step 534  loss=3.5716  lr=4.96e-05
step 535  loss=4.0752  lr=4.96e-05
step 536  loss=3.6294  lr=4.96e-05
step 537  loss=3.7395  lr=4.96e-05
step 538  loss=3.6342  lr=4.96e-05
step 539  loss=3.6280  lr=4.96e-05
step 540  loss=3.7575  lr=4.96e-05
step 541  loss=3.7148  lr=4.96e-05
step 542  loss=3.6972  lr=4.96e-05
step 543  loss=3.9284  lr=4.96e-05
step 544  loss=3.8307  lr=4.96e-05
step 545  loss=3.8735  lr=4.96e-05
step 546  loss=3.7514  lr=4.96e-05
step 547  loss=3.6556  lr=4.96e-05
step 548  loss=3.7083  lr=4.96e-05
step 549  loss=3.6905  lr=4.96e-05
step 550  loss=3.7077  lr=4.96e-05
step 551  loss=3.6555  lr=4.96e-05
step 552  loss=3.5766  lr=4.96e-05
step 553  loss=3.9001  lr=4.96e-05
step 554  loss=4.0142  lr=4.96e-05
step 555  loss=3.9874  lr=4.96e-05
step 556  loss=3.6122  lr=4.96e-05
step 557  loss=3.5475  lr=4.96e-05
step 558  loss=3.9150  lr=4.96e-05
step 559  loss=3.9489  lr=4.96e-05
step 560  loss=3.6874  lr=4.96e-05
step 561  loss=3.7265  lr=4.96e-05
step 562  loss=3.9104  lr=4.96e-05
step 563  loss=3.7286  lr=4.96e-05
step 564  loss=3.7420  lr=4.96e-05
step 565  loss=3.7181  lr=4.96e-05
step 566  loss=3.8466  lr=4.96e-05
step 567  loss=3.7718  lr=4.96e-05
step 568  loss=3.5564  lr=4.96e-05
step 569  loss=3.7071  lr=4.96e-05
step 570  loss=3.4576  lr=4.96e-05
step 571  loss=3.8290  lr=4.96e-05
step 572  loss=3.7852  lr=4.96e-05
step 573  loss=3.9402  lr=4.96e-05
step 574  loss=3.9431  lr=4.96e-05
step 575  loss=3.9217  lr=4.96e-05
step 576  loss=3.5520  lr=4.96e-05
step 577  loss=3.5826  lr=4.96e-05
step 578  loss=3.7942  lr=4.95e-05
step 579  loss=3.5950  lr=4.95e-05
step 580  loss=3.6797  lr=4.95e-05
step 581  loss=3.6595  lr=4.95e-05
step 582  loss=3.4146  lr=4.95e-05
step 583  loss=3.7245  lr=4.95e-05
step 584  loss=3.7809  lr=4.95e-05
step 585  loss=3.8158  lr=4.95e-05
step 586  loss=3.7302  lr=4.95e-05
step 587  loss=3.7091  lr=4.95e-05
step 588  loss=3.7375  lr=4.95e-05
step 589  loss=3.5256  lr=4.95e-05
step 590  loss=3.7136  lr=4.95e-05
step 591  loss=3.7199  lr=4.95e-05
step 592  loss=3.6238  lr=4.95e-05
step 593  loss=3.6801  lr=4.95e-05
step 594  loss=3.5307  lr=4.95e-05
step 595  loss=3.6826  lr=4.95e-05
step 596  loss=3.8674  lr=4.95e-05
step 597  loss=3.9874  lr=4.95e-05
step 598  loss=3.7262  lr=4.95e-05
step 599  loss=3.6849  lr=4.95e-05
step 600  loss=3.5677  lr=4.95e-05
step 601  loss=3.5423  lr=4.95e-05
step 602  loss=3.8854  lr=4.95e-05
step 603  loss=3.3168  lr=4.95e-05
step 604  loss=3.5649  lr=4.95e-05
step 605  loss=3.7886  lr=4.95e-05
step 606  loss=3.5699  lr=4.95e-05
step 607  loss=3.7298  lr=4.95e-05
step 608  loss=3.6245  lr=4.95e-05
step 609  loss=3.7201  lr=4.95e-05
step 610  loss=3.8162  lr=4.95e-05
step 611  loss=3.8601  lr=4.95e-05
step 612  loss=3.4954  lr=4.95e-05
step 613  loss=3.7760  lr=4.95e-05
step 614  loss=3.7060  lr=4.95e-05
step 615  loss=3.7333  lr=4.95e-05
step 616  loss=3.5819  lr=4.95e-05
step 617  loss=3.6662  lr=4.95e-05
step 618  loss=3.8930  lr=4.95e-05
step 619  loss=3.4852  lr=4.95e-05
step 620  loss=3.5618  lr=4.95e-05
step 621  loss=3.4364  lr=4.95e-05
step 622  loss=3.5770  lr=4.95e-05
step 623  loss=3.5727  lr=4.95e-05
step 624  loss=3.5888  lr=4.95e-05
step 625  loss=3.5343  lr=4.95e-05
step 626  loss=3.8446  lr=4.95e-05
step 627  loss=3.4711  lr=4.95e-05
step 628  loss=3.4901  lr=4.95e-05
step 629  loss=3.9012  lr=4.94e-05
step 630  loss=3.6239  lr=4.94e-05
step 631  loss=3.7790  lr=4.94e-05
step 632  loss=3.6899  lr=4.94e-05
step 633  loss=4.0845  lr=4.94e-05
step 634  loss=3.8010  lr=4.94e-05
step 635  loss=3.7772  lr=4.94e-05
step 636  loss=3.5557  lr=4.94e-05
step 637  loss=3.7512  lr=4.94e-05
step 638  loss=3.3157  lr=4.94e-05
step 639  loss=3.8658  lr=4.94e-05
step 640  loss=3.8007  lr=4.94e-05
step 641  loss=3.7617  lr=4.94e-05
step 642  loss=3.6305  lr=4.94e-05
step 643  loss=3.6112  lr=4.94e-05
step 644  loss=3.7466  lr=4.94e-05
step 645  loss=3.5309  lr=4.94e-05
step 646  loss=3.6272  lr=4.94e-05
step 647  loss=3.6907  lr=4.94e-05
step 648  loss=3.7527  lr=4.94e-05
step 649  loss=3.6595  lr=4.94e-05
step 650  loss=3.7513  lr=4.94e-05
step 651  loss=3.6500  lr=4.94e-05
step 652  loss=3.8020  lr=4.94e-05
step 653  loss=3.7861  lr=4.94e-05
step 654  loss=3.7687  lr=4.94e-05
step 655  loss=3.8091  lr=4.94e-05
step 656  loss=3.7272  lr=4.94e-05
step 657  loss=3.5958  lr=4.94e-05
step 658  loss=3.7168  lr=4.94e-05
step 659  loss=3.6992  lr=4.94e-05
step 660  loss=3.8025  lr=4.94e-05
step 661  loss=3.4768  lr=4.94e-05
step 662  loss=3.5273  lr=4.94e-05
step 663  loss=3.8599  lr=4.94e-05
step 664  loss=3.7947  lr=4.94e-05
step 665  loss=3.6714  lr=4.94e-05
step 666  loss=3.7280  lr=4.94e-05
step 667  loss=3.8865  lr=4.94e-05
step 668  loss=3.8497  lr=4.94e-05
step 669  loss=3.9311  lr=4.94e-05
step 670  loss=3.5064  lr=4.94e-05
step 671  loss=3.2924  lr=4.94e-05
step 672  loss=3.6518  lr=4.94e-05
step 673  loss=3.6925  lr=4.94e-05
step 674  loss=3.6505  lr=4.94e-05
step 675  loss=3.8903  lr=4.93e-05
step 676  loss=3.5505  lr=4.93e-05
step 677  loss=3.7146  lr=4.93e-05
step 678  loss=3.5026  lr=4.93e-05
step 679  loss=3.8314  lr=4.93e-05
step 680  loss=3.7319  lr=4.93e-05
step 681  loss=3.6319  lr=4.93e-05
step 682  loss=3.6303  lr=4.93e-05
step 683  loss=3.6701  lr=4.93e-05
step 684  loss=3.7620  lr=4.93e-05
step 685  loss=3.6104  lr=4.93e-05
step 686  loss=3.7836  lr=4.93e-05
step 687  loss=3.6213  lr=4.93e-05
step 688  loss=3.9875  lr=4.93e-05
step 689  loss=4.0919  lr=4.93e-05
step 690  loss=3.8190  lr=4.93e-05
step 691  loss=3.7474  lr=4.93e-05
step 692  loss=3.5868  lr=4.93e-05
step 693  loss=3.5276  lr=4.93e-05
step 694  loss=3.6840  lr=4.93e-05
step 695  loss=3.6314  lr=4.93e-05
step 696  loss=3.7479  lr=4.93e-05
step 697  loss=3.9272  lr=4.93e-05
step 698  loss=3.7632  lr=4.93e-05
step 699  loss=3.8018  lr=4.93e-05
step 700  loss=3.6806  lr=4.93e-05
step 701  loss=3.5832  lr=4.93e-05
step 702  loss=3.5692  lr=4.93e-05
step 703  loss=3.5133  lr=4.93e-05
step 704  loss=3.7073  lr=4.93e-05
step 705  loss=3.7236  lr=4.93e-05
step 706  loss=3.6030  lr=4.93e-05
step 707  loss=3.2924  lr=4.93e-05
step 708  loss=3.3074  lr=4.93e-05
step 709  loss=3.5378  lr=4.93e-05
step 710  loss=3.5878  lr=4.93e-05
step 711  loss=4.0224  lr=4.93e-05
step 712  loss=3.6487  lr=4.93e-05
step 713  loss=3.5575  lr=4.93e-05
step 714  loss=3.5791  lr=4.93e-05
step 715  loss=3.4116  lr=4.93e-05
step 716  loss=3.5554  lr=4.93e-05
step 717  loss=3.4507  lr=4.93e-05
step 718  loss=3.7328  lr=4.92e-05
step 719  loss=3.2692  lr=4.92e-05
step 720  loss=3.3947  lr=4.92e-05
step 721  loss=3.7650  lr=4.92e-05
step 722  loss=3.7967  lr=4.92e-05
step 723  loss=3.7171  lr=4.92e-05
step 724  loss=3.6120  lr=4.92e-05
step 725  loss=3.6105  lr=4.92e-05
step 726  loss=3.5144  lr=4.92e-05
step 727  loss=3.5127  lr=4.92e-05
step 728  loss=3.7491  lr=4.92e-05
step 729  loss=3.6827  lr=4.92e-05
step 730  loss=3.5767  lr=4.92e-05
step 731  loss=3.4775  lr=4.92e-05
step 732  loss=3.8650  lr=4.92e-05
step 733  loss=3.6283  lr=4.92e-05
step 734  loss=3.8990  lr=4.92e-05
step 735  loss=3.4952  lr=4.92e-05
step 736  loss=3.6553  lr=4.92e-05
step 737  loss=3.4851  lr=4.92e-05
step 738  loss=3.5563  lr=4.92e-05
step 739  loss=3.5417  lr=4.92e-05
step 740  loss=3.6462  lr=4.92e-05
step 741  loss=3.6428  lr=4.92e-05
step 742  loss=3.8698  lr=4.92e-05
step 743  loss=3.3685  lr=4.92e-05
step 744  loss=3.5938  lr=4.92e-05
step 745  loss=3.6915  lr=4.92e-05
step 746  loss=3.6725  lr=4.92e-05
step 747  loss=3.7182  lr=4.92e-05
step 748  loss=3.5666  lr=4.92e-05
step 749  loss=3.4049  lr=4.92e-05
step 750  loss=3.6031  lr=4.92e-05
step 751  loss=3.6230  lr=4.92e-05
step 752  loss=3.7563  lr=4.92e-05
step 753  loss=3.5921  lr=4.92e-05
step 754  loss=3.4114  lr=4.92e-05
step 755  loss=3.8127  lr=4.92e-05
step 756  loss=3.6673  lr=4.92e-05
step 757  loss=3.6143  lr=4.92e-05
step 758  loss=3.7751  lr=4.91e-05
step 759  loss=3.5887  lr=4.91e-05
step 760  loss=3.6059  lr=4.91e-05
step 761  loss=3.7233  lr=4.91e-05
step 762  loss=3.4546  lr=4.91e-05
step 763  loss=3.5705  lr=4.91e-05
step 764  loss=3.3180  lr=4.91e-05
step 765  loss=3.3539  lr=4.91e-05
step 766  loss=3.7175  lr=4.91e-05
step 767  loss=3.2701  lr=4.91e-05
step 768  loss=3.4318  lr=4.91e-05
step 769  loss=3.6221  lr=4.91e-05
step 770  loss=3.4265  lr=4.91e-05
step 771  loss=3.5984  lr=4.91e-05
step 772  loss=3.5523  lr=4.91e-05
step 773  loss=3.6823  lr=4.91e-05
step 774  loss=3.2256  lr=4.91e-05
step 775  loss=3.6865  lr=4.91e-05
step 776  loss=3.4770  lr=4.91e-05
step 777  loss=3.6268  lr=4.91e-05
step 778  loss=3.5831  lr=4.91e-05
step 779  loss=3.4190  lr=4.91e-05
step 780  loss=3.6827  lr=4.91e-05
step 781  loss=3.5239  lr=4.91e-05
step 782  loss=3.5779  lr=4.91e-05
step 783  loss=3.5180  lr=4.91e-05
step 784  loss=3.5230  lr=4.91e-05
step 785  loss=3.6787  lr=4.91e-05
step 786  loss=3.3898  lr=4.91e-05
step 787  loss=3.8708  lr=4.91e-05
step 788  loss=3.6765  lr=4.91e-05
step 789  loss=3.4103  lr=4.91e-05
step 790  loss=3.5022  lr=4.91e-05
step 791  loss=3.5130  lr=4.91e-05
step 792  loss=3.5372  lr=4.91e-05
step 793  loss=3.3991  lr=4.91e-05
step 794  loss=3.6061  lr=4.91e-05
step 795  loss=3.5480  lr=4.91e-05
step 796  loss=3.2492  lr=4.90e-05
step 797  loss=3.7056  lr=4.90e-05
step 798  loss=3.7584  lr=4.90e-05
step 799  loss=3.6098  lr=4.90e-05
step 800  loss=3.1651  lr=4.90e-05
step 801  loss=3.4125  lr=4.90e-05
step 802  loss=3.5194  lr=4.90e-05
step 803  loss=3.7384  lr=4.90e-05
step 804  loss=3.5792  lr=4.90e-05
step 805  loss=3.4688  lr=4.90e-05
step 806  loss=3.6526  lr=4.90e-05
step 807  loss=3.5074  lr=4.90e-05
step 808  loss=3.2983  lr=4.90e-05
step 809  loss=3.3681  lr=4.90e-05
step 810  loss=3.3369  lr=4.90e-05
step 811  loss=3.5155  lr=4.90e-05
step 812  loss=3.8534  lr=4.90e-05
step 813  loss=3.7025  lr=4.90e-05
step 814  loss=3.4148  lr=4.90e-05
step 815  loss=3.6013  lr=4.90e-05
step 816  loss=3.5256  lr=4.90e-05
step 817  loss=3.5575  lr=4.90e-05
step 818  loss=3.5190  lr=4.90e-05
step 819  loss=3.6941  lr=4.90e-05
step 820  loss=3.3687  lr=4.90e-05
step 821  loss=3.4454  lr=4.90e-05
step 822  loss=3.5118  lr=4.90e-05
step 823  loss=3.8845  lr=4.90e-05
step 824  loss=3.4031  lr=4.90e-05
step 825  loss=3.4859  lr=4.90e-05
step 826  loss=3.4647  lr=4.90e-05
step 827  loss=3.3260  lr=4.90e-05
step 828  loss=3.7392  lr=4.90e-05
step 829  loss=3.4755  lr=4.90e-05
step 830  loss=3.7434  lr=4.90e-05
step 831  loss=3.6724  lr=4.90e-05
step 832  loss=3.6690  lr=4.89e-05
step 833  loss=3.4712  lr=4.89e-05
step 834  loss=3.3749  lr=4.89e-05
step 835  loss=3.6729  lr=4.89e-05
step 836  loss=3.6253  lr=4.89e-05
step 837  loss=3.5841  lr=4.89e-05
step 838  loss=3.3338  lr=4.89e-05
step 839  loss=3.7462  lr=4.89e-05
step 840  loss=3.5627  lr=4.89e-05
step 841  loss=3.3880  lr=4.89e-05
step 842  loss=3.7719  lr=4.89e-05
step 843  loss=3.3218  lr=4.89e-05
step 844  loss=3.3945  lr=4.89e-05
step 845  loss=3.5594  lr=4.89e-05
step 846  loss=3.6362  lr=4.89e-05
step 847  loss=3.4511  lr=4.89e-05
step 848  loss=3.6462  lr=4.89e-05
step 849  loss=3.6935  lr=4.89e-05
step 850  loss=3.3107  lr=4.89e-05
step 851  loss=3.7892  lr=4.89e-05
step 852  loss=3.7734  lr=4.89e-05
step 853  loss=3.3132  lr=4.89e-05
step 854  loss=3.6082  lr=4.89e-05
step 855  loss=3.6717  lr=4.89e-05
step 856  loss=3.2418  lr=4.89e-05
step 857  loss=3.4424  lr=4.89e-05
step 858  loss=3.5169  lr=4.89e-05
step 859  loss=3.6099  lr=4.89e-05
step 860  loss=3.3068  lr=4.89e-05
step 861  loss=3.5932  lr=4.89e-05
step 862  loss=3.4854  lr=4.89e-05
step 863  loss=3.5906  lr=4.89e-05
step 864  loss=3.3985  lr=4.89e-05
step 865  loss=3.4798  lr=4.89e-05
step 866  loss=3.5508  lr=4.88e-05
step 867  loss=3.4087  lr=4.88e-05
step 868  loss=3.5631  lr=4.88e-05
step 869  loss=3.3655  lr=4.88e-05
step 870  loss=3.3974  lr=4.88e-05
step 871  loss=3.6018  lr=4.88e-05
step 872  loss=3.6027  lr=4.88e-05
step 873  loss=3.6204  lr=4.88e-05
step 874  loss=3.4956  lr=4.88e-05
step 875  loss=3.6106  lr=4.88e-05
step 876  loss=3.4496  lr=4.88e-05
step 877  loss=3.4788  lr=4.88e-05
step 878  loss=3.5085  lr=4.88e-05
step 879  loss=3.4585  lr=4.88e-05
step 880  loss=3.5326  lr=4.88e-05
step 881  loss=3.6183  lr=4.88e-05
step 882  loss=3.3424  lr=4.88e-05
step 883  loss=3.5302  lr=4.88e-05
step 884  loss=3.3413  lr=4.88e-05
step 885  loss=3.5473  lr=4.88e-05
step 886  loss=3.3816  lr=4.88e-05
step 887  loss=3.6619  lr=4.88e-05
step 888  loss=3.2741  lr=4.88e-05
step 889  loss=3.5404  lr=4.88e-05
step 890  loss=3.6601  lr=4.88e-05
step 891  loss=3.3857  lr=4.88e-05
step 892  loss=3.5440  lr=4.88e-05
step 893  loss=3.2628  lr=4.88e-05
step 894  loss=3.6880  lr=4.88e-05
step 895  loss=3.2655  lr=4.88e-05
step 896  loss=3.4952  lr=4.88e-05
step 897  loss=3.0610  lr=4.88e-05
step 898  loss=3.6263  lr=4.88e-05
step 899  loss=3.6079  lr=4.87e-05
step 900  loss=3.3030  lr=4.87e-05
step 901  loss=3.3354  lr=4.87e-05
step 902  loss=3.4539  lr=4.87e-05
step 903  loss=3.4252  lr=4.87e-05
step 904  loss=3.3485  lr=4.87e-05
step 905  loss=3.4816  lr=4.87e-05
step 906  loss=3.4836  lr=4.87e-05
step 907  loss=3.3088  lr=4.87e-05
step 908  loss=3.3965  lr=4.87e-05
step 909  loss=3.5238  lr=4.87e-05
step 910  loss=3.2775  lr=4.87e-05
step 911  loss=3.4254  lr=4.87e-05
step 912  loss=3.4915  lr=4.87e-05
step 913  loss=3.2446  lr=4.87e-05
step 914  loss=3.5532  lr=4.87e-05
step 915  loss=3.6228  lr=4.87e-05
step 916  loss=3.6839  lr=4.87e-05
step 917  loss=3.3691  lr=4.87e-05
step 918  loss=3.2042  lr=4.87e-05
step 919  loss=3.5759  lr=4.87e-05
step 920  loss=3.4683  lr=4.87e-05
step 921  loss=3.4274  lr=4.87e-05
step 922  loss=3.6565  lr=4.87e-05
step 923  loss=3.1991  lr=4.87e-05
step 924  loss=3.4345  lr=4.87e-05
step 925  loss=3.5693  lr=4.87e-05
step 926  loss=3.4154  lr=4.87e-05
step 927  loss=3.2264  lr=4.87e-05
step 928  loss=3.8380  lr=4.87e-05
step 929  loss=3.1753  lr=4.87e-05
step 930  loss=3.3530  lr=4.87e-05
step 931  loss=3.1669  lr=4.86e-05
step 932  loss=3.3453  lr=4.86e-05
step 933  loss=3.4133  lr=4.86e-05
step 934  loss=3.3811  lr=4.86e-05
step 935  loss=3.3066  lr=4.86e-05
step 936  loss=3.3108  lr=4.86e-05
step 937  loss=3.6738  lr=4.86e-05
step 938  loss=3.3748  lr=4.86e-05
step 939  loss=3.1461  lr=4.86e-05
step 940  loss=3.6910  lr=4.86e-05
step 941  loss=3.3769  lr=4.86e-05
step 942  loss=3.4271  lr=4.86e-05
step 943  loss=3.3187  lr=4.86e-05
step 944  loss=3.7025  lr=4.86e-05
step 945  loss=3.3953  lr=4.86e-05
step 946  loss=3.6136  lr=4.86e-05
step 947  loss=3.5139  lr=4.86e-05
step 948  loss=3.5126  lr=4.86e-05
step 949  loss=3.4875  lr=4.86e-05
step 950  loss=3.3834  lr=4.86e-05
step 951  loss=3.3875  lr=4.86e-05
step 952  loss=3.3703  lr=4.86e-05
step 953  loss=3.1581  lr=4.86e-05
step 954  loss=3.1770  lr=4.86e-05
step 955  loss=3.6356  lr=4.86e-05
step 956  loss=3.5301  lr=4.86e-05
step 957  loss=3.2177  lr=4.86e-05
step 958  loss=3.3942  lr=4.86e-05
step 959  loss=3.3591  lr=4.86e-05
step 960  loss=3.4045  lr=4.86e-05
step 961  loss=3.4723  lr=4.85e-05
step 962  loss=3.4232  lr=4.85e-05
step 963  loss=3.5618  lr=4.85e-05
step 964  loss=3.3153  lr=4.85e-05
step 965  loss=3.2870  lr=4.85e-05
step 966  loss=3.2964  lr=4.85e-05
step 967  loss=3.3428  lr=4.85e-05
step 968  loss=3.4945  lr=4.85e-05
step 969  loss=3.2985  lr=4.85e-05
step 970  loss=3.4437  lr=4.85e-05
step 971  loss=3.3389  lr=4.85e-05
step 972  loss=3.4356  lr=4.85e-05
step 973  loss=3.4965  lr=4.85e-05
step 974  loss=3.2330  lr=4.85e-05
step 975  loss=3.3332  lr=4.85e-05
step 976  loss=3.3319  lr=4.85e-05
step 977  loss=3.6143  lr=4.85e-05
step 978  loss=3.4737  lr=4.85e-05
step 979  loss=3.5100  lr=4.85e-05
step 980  loss=3.2952  lr=4.85e-05
step 981  loss=3.1657  lr=4.85e-05
step 982  loss=3.5348  lr=4.85e-05
step 983  loss=3.2126  lr=4.85e-05
step 984  loss=3.2311  lr=4.85e-05
step 985  loss=3.4862  lr=4.85e-05
step 986  loss=3.3028  lr=4.85e-05
step 987  loss=3.3180  lr=4.85e-05
step 988  loss=3.0176  lr=4.85e-05
step 989  loss=3.3636  lr=4.85e-05
step 990  loss=3.3314  lr=4.85e-05
step 991  loss=3.2906  lr=4.84e-05
step 992  loss=3.3693  lr=4.84e-05
step 993  loss=3.1465  lr=4.84e-05
step 994  loss=3.5767  lr=4.84e-05
step 995  loss=3.1874  lr=4.84e-05
step 996  loss=3.4664  lr=4.84e-05
step 997  loss=3.2489  lr=4.84e-05
step 998  loss=3.3993  lr=4.84e-05
step 999  loss=3.5823  lr=4.84e-05
step 1000  loss=3.3018  lr=4.84e-05
step 1001  loss=3.3997  lr=4.84e-05
step 1002  loss=3.2285  lr=4.84e-05
step 1003  loss=3.4998  lr=4.84e-05
step 1004  loss=3.3517  lr=4.84e-05
step 1005  loss=3.4074  lr=4.84e-05
step 1006  loss=3.4143  lr=4.84e-05
step 1007  loss=3.1910  lr=4.84e-05
step 1008  loss=3.2835  lr=4.84e-05
step 1009  loss=3.3281  lr=4.84e-05
step 1010  loss=3.5977  lr=4.84e-05
step 1011  loss=3.1477  lr=4.84e-05
step 1012  loss=3.6644  lr=4.84e-05
step 1013  loss=3.0967  lr=4.84e-05
step 1014  loss=3.2425  lr=4.84e-05
step 1015  loss=3.1690  lr=4.84e-05
step 1016  loss=3.0937  lr=4.84e-05
step 1017  loss=3.2599  lr=4.84e-05
step 1018  loss=3.4579  lr=4.84e-05
step 1019  loss=3.2484  lr=4.83e-05
step 1020  loss=3.4693  lr=4.83e-05
step 1021  loss=3.5270  lr=4.83e-05
step 1022  loss=3.2196  lr=4.83e-05
step 1023  loss=3.2238  lr=4.83e-05
step 1024  loss=3.3248  lr=4.83e-05
step 1025  loss=3.1603  lr=4.83e-05
step 1026  loss=3.1169  lr=4.83e-05
step 1027  loss=3.4650  lr=4.83e-05
step 1028  loss=3.4508  lr=4.83e-05
step 1029  loss=3.5319  lr=4.83e-05
step 1030  loss=3.3699  lr=4.83e-05
step 1031  loss=3.4695  lr=4.83e-05
step 1032  loss=3.5529  lr=4.83e-05
step 1033  loss=3.2345  lr=4.83e-05
step 1034  loss=3.1421  lr=4.83e-05
step 1035  loss=3.4456  lr=4.83e-05
step 1036  loss=3.2620  lr=4.83e-05
step 1037  loss=3.3424  lr=4.83e-05
step 1038  loss=3.1934  lr=4.83e-05
step 1039  loss=3.3917  lr=4.83e-05
step 1040  loss=3.3475  lr=4.83e-05
step 1041  loss=3.3099  lr=4.83e-05
step 1042  loss=3.3895  lr=4.83e-05
step 1043  loss=3.3699  lr=4.83e-05
step 1044  loss=3.3032  lr=4.83e-05
step 1045  loss=3.5492  lr=4.83e-05
step 1046  loss=3.2900  lr=4.83e-05
step 1047  loss=3.2485  lr=4.82e-05
step 1048  loss=3.2337  lr=4.82e-05
step 1049  loss=3.1139  lr=4.82e-05
step 1050  loss=3.5860  lr=4.82e-05
step 1051  loss=3.3107  lr=4.82e-05
step 1052  loss=3.1967  lr=4.82e-05
step 1053  loss=3.3229  lr=4.82e-05
step 1054  loss=3.1855  lr=4.82e-05
step 1055  loss=3.2418  lr=4.82e-05
step 1056  loss=3.4860  lr=4.82e-05
step 1057  loss=3.4118  lr=4.82e-05
step 1058  loss=3.3065  lr=4.82e-05
step 1059  loss=3.5600  lr=4.82e-05
step 1060  loss=3.2224  lr=4.82e-05
step 1061  loss=3.5602  lr=4.82e-05
step 1062  loss=3.3885  lr=4.82e-05
step 1063  loss=3.5035  lr=4.82e-05
step 1064  loss=3.0562  lr=4.82e-05
step 1065  loss=3.1697  lr=4.82e-05
step 1066  loss=3.1195  lr=4.82e-05
step 1067  loss=3.1998  lr=4.82e-05
step 1068  loss=3.3401  lr=4.82e-05
step 1069  loss=3.3511  lr=4.82e-05
step 1070  loss=3.5397  lr=4.82e-05
step 1071  loss=3.3981  lr=4.82e-05
step 1072  loss=3.3882  lr=4.82e-05
step 1073  loss=3.5958  lr=4.82e-05
step 1074  loss=3.1868  lr=4.81e-05
step 1075  loss=3.4987  lr=4.81e-05
step 1076  loss=3.2808  lr=4.81e-05
step 1077  loss=3.4268  lr=4.81e-05
step 1078  loss=3.3459  lr=4.81e-05
step 1079  loss=3.2955  lr=4.81e-05
step 1080  loss=3.3232  lr=4.81e-05
step 1081  loss=3.1071  lr=4.81e-05
step 1082  loss=3.4521  lr=4.81e-05
step 1083  loss=3.3093  lr=4.81e-05
step 1084  loss=3.3317  lr=4.81e-05
step 1085  loss=3.0353  lr=4.81e-05
step 1086  loss=3.2429  lr=4.81e-05
step 1087  loss=3.3655  lr=4.81e-05
step 1088  loss=3.5003  lr=4.81e-05
step 1089  loss=3.3252  lr=4.81e-05
step 1090  loss=3.3577  lr=4.81e-05
step 1091  loss=3.3008  lr=4.81e-05
step 1092  loss=3.3883  lr=4.81e-05
step 1093  loss=3.3047  lr=4.81e-05
step 1094  loss=3.2072  lr=4.81e-05
step 1095  loss=3.2118  lr=4.81e-05
step 1096  loss=3.4611  lr=4.81e-05
step 1097  loss=3.4810  lr=4.81e-05
step 1098  loss=3.4213  lr=4.81e-05
step 1099  loss=3.4216  lr=4.81e-05
step 1100  loss=3.3057  lr=4.80e-05
step 1101  loss=3.1130  lr=4.80e-05
step 1102  loss=3.2738  lr=4.80e-05
step 1103  loss=3.4046  lr=4.80e-05
step 1104  loss=3.4425  lr=4.80e-05
step 1105  loss=3.2623  lr=4.80e-05
step 1106  loss=3.3875  lr=4.80e-05
step 1107  loss=3.2828  lr=4.80e-05
step 1108  loss=3.0043  lr=4.80e-05
step 1109  loss=3.3553  lr=4.80e-05
step 1110  loss=3.5204  lr=4.80e-05
step 1111  loss=3.2766  lr=4.80e-05
step 1112  loss=3.3330  lr=4.80e-05
step 1113  loss=3.4162  lr=4.80e-05
step 1114  loss=3.3226  lr=4.80e-05
step 1115  loss=3.3498  lr=4.80e-05
step 1116  loss=3.2920  lr=4.80e-05
step 1117  loss=3.3398  lr=4.80e-05
step 1118  loss=3.4986  lr=4.80e-05
step 1119  loss=3.4013  lr=4.80e-05
step 1120  loss=3.2802  lr=4.80e-05
step 1121  loss=3.4885  lr=4.80e-05
step 1122  loss=2.9959  lr=4.80e-05
step 1123  loss=3.3460  lr=4.80e-05
step 1124  loss=3.2870  lr=4.80e-05
step 1125  loss=3.1670  lr=4.80e-05
step 1126  loss=3.2622  lr=4.79e-05
step 1127  loss=3.3951  lr=4.79e-05
step 1128  loss=3.3987  lr=4.79e-05
step 1129  loss=3.2079  lr=4.79e-05
step 1130  loss=3.1621  lr=4.79e-05
step 1131  loss=3.3106  lr=4.79e-05
step 1132  loss=3.5314  lr=4.79e-05
step 1133  loss=3.1912  lr=4.79e-05
step 1134  loss=3.0858  lr=4.79e-05
step 1135  loss=3.2604  lr=4.79e-05
step 1136  loss=3.2049  lr=4.79e-05
step 1137  loss=3.5034  lr=4.79e-05
step 1138  loss=3.3395  lr=4.79e-05
step 1139  loss=3.3829  lr=4.79e-05
step 1140  loss=3.2071  lr=4.79e-05
step 1141  loss=3.4359  lr=4.79e-05
step 1142  loss=3.5039  lr=4.79e-05
step 1143  loss=3.0806  lr=4.79e-05
step 1144  loss=3.1552  lr=4.79e-05
step 1145  loss=3.4543  lr=4.79e-05
step 1146  loss=3.1648  lr=4.79e-05
step 1147  loss=3.3578  lr=4.79e-05
step 1148  loss=3.1758  lr=4.79e-05
step 1149  loss=2.9526  lr=4.79e-05
step 1150  loss=3.2233  lr=4.79e-05
step 1151  loss=3.2249  lr=4.78e-05
step 1152  loss=3.1075  lr=4.78e-05
step 1153  loss=3.1182  lr=4.78e-05
step 1154  loss=3.2508  lr=4.78e-05
step 1155  loss=3.2086  lr=4.78e-05
step 1156  loss=3.4821  lr=4.78e-05
step 1157  loss=3.4220  lr=4.78e-05
step 1158  loss=3.3987  lr=4.78e-05
step 1159  loss=3.3870  lr=4.78e-05
step 1160  loss=3.4648  lr=4.78e-05
step 1161  loss=3.1586  lr=4.78e-05
step 1162  loss=3.4077  lr=4.78e-05
step 1163  loss=3.3999  lr=4.78e-05
step 1164  loss=3.4147  lr=4.78e-05
step 1165  loss=3.4234  lr=4.78e-05
step 1166  loss=3.2607  lr=4.78e-05
step 1167  loss=3.1939  lr=4.78e-05
step 1168  loss=3.1728  lr=4.78e-05
step 1169  loss=3.3923  lr=4.78e-05
step 1170  loss=3.1877  lr=4.78e-05
step 1171  loss=3.1584  lr=4.78e-05
step 1172  loss=3.1955  lr=4.78e-05
step 1173  loss=3.3657  lr=4.78e-05
step 1174  loss=3.1439  lr=4.78e-05
step 1175  loss=3.3657  lr=4.78e-05
step 1176  loss=3.1217  lr=4.77e-05
step 1177  loss=3.4060  lr=4.77e-05
step 1178  loss=3.5952  lr=4.77e-05
step 1179  loss=3.3236  lr=4.77e-05
step 1180  loss=3.3834  lr=4.77e-05
step 1181  loss=3.2128  lr=4.77e-05
step 1182  loss=3.2661  lr=4.77e-05
step 1183  loss=3.0397  lr=4.77e-05
step 1184  loss=3.3061  lr=4.77e-05
step 1185  loss=3.5895  lr=4.77e-05
step 1186  loss=3.4110  lr=4.77e-05
step 1187  loss=3.5450  lr=4.77e-05
step 1188  loss=3.5493  lr=4.77e-05
step 1189  loss=3.1041  lr=4.77e-05
step 1190  loss=3.3588  lr=4.77e-05
step 1191  loss=3.1476  lr=4.77e-05
step 1192  loss=3.2147  lr=4.77e-05
step 1193  loss=3.0680  lr=4.77e-05
step 1194  loss=3.1961  lr=4.77e-05
step 1195  loss=3.0032  lr=4.77e-05
step 1196  loss=3.2278  lr=4.77e-05
step 1197  loss=3.2191  lr=4.77e-05
step 1198  loss=3.3332  lr=4.77e-05
step 1199  loss=3.4631  lr=4.77e-05
step 1200  loss=3.3240  lr=4.76e-05
step 1201  loss=3.2895  lr=4.76e-05
step 1202  loss=3.0790  lr=4.76e-05
step 1203  loss=3.2543  lr=4.76e-05
step 1204  loss=3.0461  lr=4.76e-05
step 1205  loss=3.2982  lr=4.76e-05
step 1206  loss=3.1833  lr=4.76e-05
step 1207  loss=3.5500  lr=4.76e-05
step 1208  loss=3.2871  lr=4.76e-05
step 1209  loss=3.3715  lr=4.76e-05
step 1210  loss=3.4737  lr=4.76e-05
step 1211  loss=3.4298  lr=4.76e-05
step 1212  loss=3.3193  lr=4.76e-05
step 1213  loss=3.2414  lr=4.76e-05
step 1214  loss=3.1669  lr=4.76e-05
step 1215  loss=3.4646  lr=4.76e-05
step 1216  loss=3.1939  lr=4.76e-05
step 1217  loss=3.1271  lr=4.76e-05
step 1218  loss=3.4288  lr=4.76e-05
step 1219  loss=3.4233  lr=4.76e-05
step 1220  loss=3.4314  lr=4.76e-05
step 1221  loss=3.1873  lr=4.76e-05
step 1222  loss=3.2572  lr=4.76e-05
step 1223  loss=3.1151  lr=4.75e-05
step 1224  loss=3.2403  lr=4.75e-05
step 1225  loss=3.3933  lr=4.75e-05
step 1226  loss=3.3486  lr=4.75e-05
step 1227  loss=3.1490  lr=4.75e-05
step 1228  loss=3.3766  lr=4.75e-05
step 1229  loss=3.1809  lr=4.75e-05
step 1230  loss=3.4979  lr=4.75e-05
step 1231  loss=3.3347  lr=4.75e-05
step 1232  loss=3.3544  lr=4.75e-05
step 1233  loss=3.2365  lr=4.75e-05
step 1234  loss=3.4204  lr=4.75e-05
step 1235  loss=3.3817  lr=4.75e-05
step 1236  loss=3.4019  lr=4.75e-05
step 1237  loss=3.2546  lr=4.75e-05
step 1238  loss=3.1150  lr=4.75e-05
step 1239  loss=3.1423  lr=4.75e-05
step 1240  loss=3.1988  lr=4.75e-05
step 1241  loss=2.9976  lr=4.75e-05
step 1242  loss=3.3621  lr=4.75e-05
step 1243  loss=3.1467  lr=4.75e-05
step 1244  loss=3.1537  lr=4.75e-05
step 1245  loss=3.1765  lr=4.75e-05
step 1246  loss=3.3210  lr=4.74e-05
step 1247  loss=3.3143  lr=4.74e-05
step 1248  loss=3.1838  lr=4.74e-05
step 1249  loss=3.2089  lr=4.74e-05
step 1250  loss=3.2050  lr=4.74e-05
step 1251  loss=3.2275  lr=4.74e-05
step 1252  loss=3.1476  lr=4.74e-05
step 1253  loss=3.3838  lr=4.74e-05
step 1254  loss=3.2760  lr=4.74e-05
step 1255  loss=3.5844  lr=4.74e-05
step 1256  loss=3.3417  lr=4.74e-05
step 1257  loss=3.1009  lr=4.74e-05
step 1258  loss=3.2846  lr=4.74e-05
step 1259  loss=3.3156  lr=4.74e-05
step 1260  loss=3.2307  lr=4.74e-05
step 1261  loss=3.2152  lr=4.74e-05
step 1262  loss=3.0931  lr=4.74e-05
step 1263  loss=3.4416  lr=4.74e-05
step 1264  loss=3.1801  lr=4.74e-05
step 1265  loss=3.3816  lr=4.74e-05
step 1266  loss=3.3053  lr=4.74e-05
step 1267  loss=3.2210  lr=4.74e-05
step 1268  loss=3.3585  lr=4.74e-05
step 1269  loss=3.2010  lr=4.73e-05
step 1270  loss=3.3295  lr=4.73e-05
step 1271  loss=3.2748  lr=4.73e-05
step 1272  loss=3.0909  lr=4.73e-05
step 1273  loss=3.2260  lr=4.73e-05
step 1274  loss=3.2441  lr=4.73e-05
step 1275  loss=3.1312  lr=4.73e-05
step 1276  loss=3.3763  lr=4.73e-05
step 1277  loss=3.1755  lr=4.73e-05
step 1278  loss=3.5601  lr=4.73e-05
step 1279  loss=3.1893  lr=4.73e-05
step 1280  loss=3.3740  lr=4.73e-05
step 1281  loss=3.2198  lr=4.73e-05
step 1282  loss=3.4060  lr=4.73e-05
step 1283  loss=3.2561  lr=4.73e-05
step 1284  loss=3.2847  lr=4.73e-05
step 1285  loss=3.4229  lr=4.73e-05
step 1286  loss=3.2570  lr=4.73e-05
step 1287  loss=2.9924  lr=4.73e-05
step 1288  loss=3.4991  lr=4.73e-05
step 1289  loss=3.0041  lr=4.73e-05
step 1290  loss=3.1372  lr=4.73e-05
step 1291  loss=3.3909  lr=4.72e-05
step 1292  loss=3.1848  lr=4.72e-05
step 1293  loss=3.4141  lr=4.72e-05
step 1294  loss=3.4687  lr=4.72e-05
step 1295  loss=3.0600  lr=4.72e-05
step 1296  loss=3.0783  lr=4.72e-05
step 1297  loss=3.3775  lr=4.72e-05
step 1298  loss=3.1880  lr=4.72e-05
step 1299  loss=3.0476  lr=4.72e-05
step 1300  loss=3.3577  lr=4.72e-05
step 1301  loss=3.3978  lr=4.72e-05
step 1302  loss=3.2338  lr=4.72e-05
step 1303  loss=3.2099  lr=4.72e-05
step 1304  loss=3.3382  lr=4.72e-05
step 1305  loss=3.2412  lr=4.72e-05
step 1306  loss=2.9596  lr=4.72e-05
step 1307  loss=3.2455  lr=4.72e-05
step 1308  loss=3.1806  lr=4.72e-05
step 1309  loss=3.2241  lr=4.72e-05
step 1310  loss=3.3524  lr=4.72e-05
step 1311  loss=3.4153  lr=4.72e-05
step 1312  loss=3.5006  lr=4.72e-05
step 1313  loss=3.1159  lr=4.71e-05
step 1314  loss=3.2818  lr=4.71e-05
step 1315  loss=3.3467  lr=4.71e-05
step 1316  loss=3.3314  lr=4.71e-05
step 1317  loss=3.2239  lr=4.71e-05
step 1318  loss=3.0324  lr=4.71e-05
step 1319  loss=3.3085  lr=4.71e-05
step 1320  loss=3.3535  lr=4.71e-05
step 1321  loss=3.1160  lr=4.71e-05
step 1322  loss=3.3985  lr=4.71e-05
step 1323  loss=3.1670  lr=4.71e-05
step 1324  loss=3.3140  lr=4.71e-05
step 1325  loss=3.4557  lr=4.71e-05
step 1326  loss=3.1222  lr=4.71e-05
step 1327  loss=3.3216  lr=4.71e-05
step 1328  loss=3.4088  lr=4.71e-05
step 1329  loss=3.0950  lr=4.71e-05
step 1330  loss=2.9685  lr=4.71e-05
step 1331  loss=3.2569  lr=4.71e-05
step 1332  loss=3.4324  lr=4.71e-05
step 1333  loss=2.9160  lr=4.71e-05
step 1334  loss=3.3101  lr=4.70e-05
step 1335  loss=3.3131  lr=4.70e-05
step 1336  loss=3.1165  lr=4.70e-05
step 1337  loss=3.3970  lr=4.70e-05
step 1338  loss=3.1332  lr=4.70e-05
step 1339  loss=3.3080  lr=4.70e-05
step 1340  loss=3.2028  lr=4.70e-05
step 1341  loss=3.1878  lr=4.70e-05
step 1342  loss=3.4639  lr=4.70e-05
step 1343  loss=3.2069  lr=4.70e-05
step 1344  loss=3.2200  lr=4.70e-05
step 1345  loss=3.0504  lr=4.70e-05
step 1346  loss=3.3287  lr=4.70e-05
step 1347  loss=3.0633  lr=4.70e-05
step 1348  loss=3.0645  lr=4.70e-05
step 1349  loss=3.2817  lr=4.70e-05
step 1350  loss=2.9609  lr=4.70e-05
step 1351  loss=3.3161  lr=4.70e-05
step 1352  loss=3.0934  lr=4.70e-05
step 1353  loss=3.2861  lr=4.70e-05
step 1354  loss=3.4874  lr=4.70e-05
step 1355  loss=3.0571  lr=4.70e-05
step 1356  loss=3.1207  lr=4.69e-05
step 1357  loss=3.0610  lr=4.69e-05
step 1358  loss=3.1473  lr=4.69e-05
step 1359  loss=3.1857  lr=4.69e-05
step 1360  loss=3.2160  lr=4.69e-05
step 1361  loss=2.8899  lr=4.69e-05
step 1362  loss=2.9968  lr=4.69e-05
step 1363  loss=3.1386  lr=4.69e-05
step 1364  loss=3.1769  lr=4.69e-05
step 1365  loss=3.0980  lr=4.69e-05
step 1366  loss=3.0623  lr=4.69e-05
step 1367  loss=3.1419  lr=4.69e-05
step 1368  loss=3.2251  lr=4.69e-05
step 1369  loss=3.1843  lr=4.69e-05
step 1370  loss=3.1942  lr=4.69e-05
step 1371  loss=3.0548  lr=4.69e-05
step 1372  loss=3.1713  lr=4.69e-05
step 1373  loss=3.6790  lr=4.69e-05
step 1374  loss=3.3465  lr=4.69e-05
step 1375  loss=3.1569  lr=4.69e-05
step 1376  loss=3.0214  lr=4.68e-05
step 1377  loss=3.1707  lr=4.68e-05
step 1378  loss=3.1019  lr=4.68e-05
step 1379  loss=3.3707  lr=4.68e-05
step 1380  loss=3.2607  lr=4.68e-05
step 1381  loss=3.1499  lr=4.68e-05
step 1382  loss=3.2785  lr=4.68e-05
step 1383  loss=3.0991  lr=4.68e-05
step 1384  loss=3.3688  lr=4.68e-05
step 1385  loss=3.2349  lr=4.68e-05
step 1386  loss=3.1126  lr=4.68e-05
step 1387  loss=3.2630  lr=4.68e-05
step 1388  loss=3.2281  lr=4.68e-05
step 1389  loss=3.3474  lr=4.68e-05
step 1390  loss=3.1590  lr=4.68e-05
step 1391  loss=3.0225  lr=4.68e-05
step 1392  loss=3.2723  lr=4.68e-05
step 1393  loss=2.9328  lr=4.68e-05
step 1394  loss=3.2494  lr=4.68e-05
step 1395  loss=3.1440  lr=4.68e-05
step 1396  loss=3.1167  lr=4.68e-05
step 1397  loss=3.2085  lr=4.67e-05
step 1398  loss=3.3161  lr=4.67e-05
step 1399  loss=3.2981  lr=4.67e-05
step 1400  loss=3.1602  lr=4.67e-05
step 1401  loss=3.3625  lr=4.67e-05
step 1402  loss=2.9445  lr=4.67e-05
step 1403  loss=3.2050  lr=4.67e-05
step 1404  loss=3.0064  lr=4.67e-05
step 1405  loss=3.1469  lr=4.67e-05
step 1406  loss=3.1038  lr=4.67e-05
step 1407  loss=3.1492  lr=4.67e-05
step 1408  loss=3.3054  lr=4.67e-05
step 1409  loss=2.9384  lr=4.67e-05
step 1410  loss=3.2106  lr=4.67e-05
step 1411  loss=2.9575  lr=4.67e-05
step 1412  loss=2.9966  lr=4.67e-05
step 1413  loss=3.2139  lr=4.67e-05
step 1414  loss=3.5185  lr=4.67e-05
step 1415  loss=3.1898  lr=4.67e-05
step 1416  loss=3.0335  lr=4.67e-05
step 1417  loss=3.1049  lr=4.66e-05
step 1418  loss=3.0573  lr=4.66e-05
step 1419  loss=3.2196  lr=4.66e-05
step 1420  loss=3.0385  lr=4.66e-05
step 1421  loss=3.2797  lr=4.66e-05
step 1422  loss=3.4517  lr=4.66e-05
step 1423  loss=3.1057  lr=4.66e-05
step 1424  loss=3.2851  lr=4.66e-05
step 1425  loss=3.0732  lr=4.66e-05
step 1426  loss=3.5941  lr=4.66e-05
step 1427  loss=3.1070  lr=4.66e-05
step 1428  loss=3.0552  lr=4.66e-05
step 1429  loss=3.2115  lr=4.66e-05
step 1430  loss=3.2829  lr=4.66e-05
step 1431  loss=3.2841  lr=4.66e-05
step 1432  loss=3.0988  lr=4.66e-05
step 1433  loss=2.9864  lr=4.66e-05
step 1434  loss=3.2442  lr=4.66e-05
step 1435  loss=3.2907  lr=4.66e-05
step 1436  loss=3.1455  lr=4.66e-05
step 1437  loss=3.1185  lr=4.65e-05
step 1438  loss=3.3723  lr=4.65e-05
step 1439  loss=3.2997  lr=4.65e-05
step 1440  loss=2.9373  lr=4.65e-05
step 1441  loss=3.0263  lr=4.65e-05
step 1442  loss=3.1123  lr=4.65e-05
step 1443  loss=3.3859  lr=4.65e-05
step 1444  loss=2.9119  lr=4.65e-05
step 1445  loss=3.3061  lr=4.65e-05
step 1446  loss=3.2356  lr=4.65e-05
step 1447  loss=3.3738  lr=4.65e-05
step 1448  loss=2.7982  lr=4.65e-05
step 1449  loss=3.1173  lr=4.65e-05
step 1450  loss=3.1044  lr=4.65e-05
step 1451  loss=3.4902  lr=4.65e-05
step 1452  loss=3.2761  lr=4.65e-05
step 1453  loss=3.2431  lr=4.65e-05
step 1454  loss=3.0817  lr=4.65e-05
step 1455  loss=3.0259  lr=4.65e-05
step 1456  loss=3.1353  lr=4.65e-05
step 1457  loss=3.3038  lr=4.64e-05
step 1458  loss=3.1712  lr=4.64e-05
step 1459  loss=3.2792  lr=4.64e-05
step 1460  loss=3.1170  lr=4.64e-05
step 1461  loss=3.4790  lr=4.64e-05
step 1462  loss=3.0710  lr=4.64e-05
step 1463  loss=3.2900  lr=4.64e-05
step 1464  loss=3.3083  lr=4.64e-05
step 1465  loss=3.1477  lr=4.64e-05
step 1466  loss=3.2081  lr=4.64e-05
step 1467  loss=3.1255  lr=4.64e-05
step 1468  loss=3.3488  lr=4.64e-05
step 1469  loss=3.1301  lr=4.64e-05
step 1470  loss=3.1042  lr=4.64e-05
step 1471  loss=3.0921  lr=4.64e-05
step 1472  loss=3.2945  lr=4.64e-05
step 1473  loss=3.0411  lr=4.64e-05
step 1474  loss=3.3735  lr=4.64e-05
step 1475  loss=3.1070  lr=4.64e-05
step 1476  loss=3.2872  lr=4.63e-05
step 1477  loss=2.9756  lr=4.63e-05
step 1478  loss=3.0501  lr=4.63e-05
step 1479  loss=2.9687  lr=4.63e-05
step 1480  loss=3.0150  lr=4.63e-05
step 1481  loss=3.1023  lr=4.63e-05
step 1482  loss=3.2055  lr=4.63e-05
step 1483  loss=3.0687  lr=4.63e-05
step 1484  loss=2.9290  lr=4.63e-05
step 1485  loss=3.0985  lr=4.63e-05
step 1486  loss=3.3755  lr=4.63e-05
step 1487  loss=3.1888  lr=4.63e-05
step 1488  loss=3.2334  lr=4.63e-05
step 1489  loss=3.3322  lr=4.63e-05
step 1490  loss=3.1522  lr=4.63e-05
step 1491  loss=3.2651  lr=4.63e-05
step 1492  loss=3.2669  lr=4.63e-05
step 1493  loss=3.2373  lr=4.63e-05
step 1494  loss=3.4734  lr=4.63e-05
step 1495  loss=2.8751  lr=4.63e-05
step 1496  loss=3.0942  lr=4.62e-05
step 1497  loss=3.0292  lr=4.62e-05
step 1498  loss=3.0933  lr=4.62e-05
step 1499  loss=3.1925  lr=4.62e-05
step 1500  loss=2.8094  lr=4.62e-05
step 1501  loss=3.1874  lr=4.62e-05
step 1502  loss=2.9276  lr=4.62e-05
step 1503  loss=3.1978  lr=4.62e-05
step 1504  loss=3.2497  lr=4.62e-05
step 1505  loss=3.3772  lr=4.62e-05
step 1506  loss=2.9815  lr=4.62e-05
step 1507  loss=3.2364  lr=4.62e-05
step 1508  loss=3.3217  lr=4.62e-05
step 1509  loss=3.2311  lr=4.62e-05
step 1510  loss=3.2368  lr=4.62e-05
step 1511  loss=3.2846  lr=4.62e-05
step 1512  loss=3.1985  lr=4.62e-05
step 1513  loss=3.0949  lr=4.62e-05
step 1514  loss=3.2011  lr=4.62e-05
step 1515  loss=3.0842  lr=4.61e-05
step 1516  loss=3.2110  lr=4.61e-05
step 1517  loss=3.2383  lr=4.61e-05
step 1518  loss=3.2707  lr=4.61e-05
step 1519  loss=3.0576  lr=4.61e-05
step 1520  loss=2.8625  lr=4.61e-05
step 1521  loss=2.8233  lr=4.61e-05
step 1522  loss=3.0423  lr=4.61e-05
step 1523  loss=3.4398  lr=4.61e-05
step 1524  loss=3.3493  lr=4.61e-05
step 1525  loss=3.2264  lr=4.61e-05
step 1526  loss=3.0862  lr=4.61e-05
step 1527  loss=3.0498  lr=4.61e-05
step 1528  loss=2.9584  lr=4.61e-05
step 1529  loss=3.2685  lr=4.61e-05
step 1530  loss=3.0987  lr=4.61e-05
step 1531  loss=3.1109  lr=4.61e-05
step 1532  loss=3.2190  lr=4.61e-05
step 1533  loss=3.1921  lr=4.60e-05
step 1534  loss=3.0704  lr=4.60e-05
step 1535  loss=3.1936  lr=4.60e-05
step 1536  loss=3.0463  lr=4.60e-05
step 1537  loss=2.9548  lr=4.60e-05
step 1538  loss=3.1479  lr=4.60e-05
step 1539  loss=3.2613  lr=4.60e-05
step 1540  loss=3.0055  lr=4.60e-05
step 1541  loss=3.2346  lr=4.60e-05
step 1542  loss=3.4159  lr=4.60e-05
step 1543  loss=2.9700  lr=4.60e-05
step 1544  loss=2.9664  lr=4.60e-05
step 1545  loss=3.1791  lr=4.60e-05
step 1546  loss=3.0723  lr=4.60e-05
step 1547  loss=3.1984  lr=4.60e-05
step 1548  loss=3.1196  lr=4.60e-05
step 1549  loss=3.0127  lr=4.60e-05
step 1550  loss=3.2144  lr=4.60e-05
step 1551  loss=3.2349  lr=4.60e-05
step 1552  loss=3.2175  lr=4.59e-05
step 1553  loss=3.1639  lr=4.59e-05
step 1554  loss=3.2781  lr=4.59e-05
step 1555  loss=3.0318  lr=4.59e-05
step 1556  loss=3.2095  lr=4.59e-05
step 1557  loss=3.1548  lr=4.59e-05
step 1558  loss=3.2510  lr=4.59e-05
step 1559  loss=3.1672  lr=4.59e-05
step 1560  loss=3.1865  lr=4.59e-05
step 1561  loss=2.9906  lr=4.59e-05
step 1562  loss=3.2611  lr=4.59e-05
step 1563  loss=3.3684  lr=4.59e-05
step 1564  loss=3.2593  lr=4.59e-05
step 1565  loss=2.9210  lr=4.59e-05
step 1566  loss=2.9576  lr=4.59e-05
step 1567  loss=3.2336  lr=4.59e-05
step 1568  loss=3.1985  lr=4.59e-05
step 1569  loss=3.0689  lr=4.59e-05
step 1570  loss=3.3223  lr=4.58e-05
step 1571  loss=3.1236  lr=4.58e-05
step 1572  loss=3.1035  lr=4.58e-05
step 1573  loss=3.3746  lr=4.58e-05
step 1574  loss=3.1399  lr=4.58e-05
step 1575  loss=3.0126  lr=4.58e-05
step 1576  loss=3.3083  lr=4.58e-05
step 1577  loss=2.9888  lr=4.58e-05
step 1578  loss=3.0820  lr=4.58e-05
step 1579  loss=3.0878  lr=4.58e-05
step 1580  loss=3.0192  lr=4.58e-05
step 1581  loss=3.3528  lr=4.58e-05
step 1582  loss=3.4968  lr=4.58e-05
step 1583  loss=3.1807  lr=4.58e-05
step 1584  loss=3.1300  lr=4.58e-05
step 1585  loss=3.2414  lr=4.58e-05
step 1586  loss=3.1397  lr=4.58e-05
step 1587  loss=3.1826  lr=4.58e-05
step 1588  loss=3.2943  lr=4.57e-05
step 1589  loss=3.1562  lr=4.57e-05
step 1590  loss=3.1587  lr=4.57e-05
step 1591  loss=3.2539  lr=4.57e-05
step 1592  loss=3.0149  lr=4.57e-05
step 1593  loss=3.5133  lr=4.57e-05
step 1594  loss=3.0483  lr=4.57e-05
step 1595  loss=3.4266  lr=4.57e-05
step 1596  loss=3.1537  lr=4.57e-05
step 1597  loss=3.0970  lr=4.57e-05
step 1598  loss=3.1379  lr=4.57e-05
step 1599  loss=2.9536  lr=4.57e-05
step 1600  loss=3.1006  lr=4.57e-05
step 1601  loss=3.0383  lr=4.57e-05
step 1602  loss=3.3940  lr=4.57e-05
step 1603  loss=3.0799  lr=4.57e-05
step 1604  loss=3.1355  lr=4.57e-05
step 1605  loss=3.1475  lr=4.57e-05
step 1606  loss=3.0750  lr=4.56e-05
step 1607  loss=3.3048  lr=4.56e-05
step 1608  loss=2.8679  lr=4.56e-05
step 1609  loss=3.3589  lr=4.56e-05
step 1610  loss=2.8637  lr=4.56e-05
step 1611  loss=3.1566  lr=4.56e-05
step 1612  loss=3.2377  lr=4.56e-05
step 1613  loss=3.1974  lr=4.56e-05
step 1614  loss=3.2889  lr=4.56e-05
step 1615  loss=2.9212  lr=4.56e-05
step 1616  loss=3.1136  lr=4.56e-05
step 1617  loss=3.0414  lr=4.56e-05
step 1618  loss=3.3238  lr=4.56e-05
step 1619  loss=3.2683  lr=4.56e-05
step 1620  loss=3.1357  lr=4.56e-05
step 1621  loss=3.0586  lr=4.56e-05
step 1622  loss=3.0783  lr=4.56e-05
step 1623  loss=3.0332  lr=4.56e-05
step 1624  loss=3.3230  lr=4.55e-05
step 1625  loss=3.2205  lr=4.55e-05
step 1626  loss=3.0983  lr=4.55e-05
step 1627  loss=2.8948  lr=4.55e-05
step 1628  loss=3.1539  lr=4.55e-05
step 1629  loss=3.1395  lr=4.55e-05
step 1630  loss=3.2694  lr=4.55e-05
step 1631  loss=3.3720  lr=4.55e-05
step 1632  loss=3.0517  lr=4.55e-05
step 1633  loss=3.1343  lr=4.55e-05
step 1634  loss=2.9968  lr=4.55e-05
step 1635  loss=3.1645  lr=4.55e-05
step 1636  loss=3.0778  lr=4.55e-05
step 1637  loss=2.9058  lr=4.55e-05
step 1638  loss=2.9464  lr=4.55e-05
step 1639  loss=3.1346  lr=4.55e-05
step 1640  loss=2.9739  lr=4.55e-05
step 1641  loss=3.0563  lr=4.55e-05
step 1642  loss=2.9152  lr=4.54e-05
step 1643  loss=3.2786  lr=4.54e-05
step 1644  loss=2.8877  lr=4.54e-05
step 1645  loss=3.0827  lr=4.54e-05
step 1646  loss=2.9650  lr=4.54e-05
step 1647  loss=2.8191  lr=4.54e-05
step 1648  loss=2.9626  lr=4.54e-05
step 1649  loss=3.3988  lr=4.54e-05
step 1650  loss=3.2955  lr=4.54e-05
step 1651  loss=3.0881  lr=4.54e-05
step 1652  loss=3.0500  lr=4.54e-05
step 1653  loss=2.8714  lr=4.54e-05
step 1654  loss=3.2908  lr=4.54e-05
step 1655  loss=2.9368  lr=4.54e-05
step 1656  loss=3.2218  lr=4.54e-05
step 1657  loss=3.5877  lr=4.54e-05
step 1658  loss=3.1263  lr=4.54e-05
step 1659  loss=3.3887  lr=4.53e-05
step 1660  loss=3.1184  lr=4.53e-05
step 1661  loss=2.9947  lr=4.53e-05
step 1662  loss=3.3004  lr=4.53e-05
step 1663  loss=3.0432  lr=4.53e-05
step 1664  loss=2.8414  lr=4.53e-05
step 1665  loss=2.9825  lr=4.53e-05
step 1666  loss=3.0629  lr=4.53e-05
step 1667  loss=3.1158  lr=4.53e-05
step 1668  loss=3.0528  lr=4.53e-05
step 1669  loss=3.2166  lr=4.53e-05
step 1670  loss=3.0640  lr=4.53e-05
step 1671  loss=3.1833  lr=4.53e-05
step 1672  loss=3.2566  lr=4.53e-05
step 1673  loss=3.1590  lr=4.53e-05
step 1674  loss=2.9988  lr=4.53e-05
step 1675  loss=3.3403  lr=4.53e-05
step 1676  loss=3.2604  lr=4.52e-05
step 1677  loss=3.2040  lr=4.52e-05
step 1678  loss=3.2459  lr=4.52e-05
step 1679  loss=3.0832  lr=4.52e-05
step 1680  loss=3.0752  lr=4.52e-05
step 1681  loss=3.2391  lr=4.52e-05
step 1682  loss=3.1358  lr=4.52e-05
step 1683  loss=3.1266  lr=4.52e-05
step 1684  loss=3.1406  lr=4.52e-05
step 1685  loss=3.3643  lr=4.52e-05
step 1686  loss=3.1407  lr=4.52e-05
step 1687  loss=2.9454  lr=4.52e-05
step 1688  loss=3.1030  lr=4.52e-05
step 1689  loss=3.0611  lr=4.52e-05
step 1690  loss=3.2467  lr=4.52e-05
step 1691  loss=3.2949  lr=4.52e-05
step 1692  loss=3.0003  lr=4.52e-05
step 1693  loss=3.0625  lr=4.51e-05
step 1694  loss=3.3562  lr=4.51e-05
step 1695  loss=3.2804  lr=4.51e-05
step 1696  loss=2.8679  lr=4.51e-05
step 1697  loss=3.2207  lr=4.51e-05
step 1698  loss=2.9790  lr=4.51e-05
step 1699  loss=2.8729  lr=4.51e-05
step 1700  loss=3.1379  lr=4.51e-05
step 1701  loss=2.8818  lr=4.51e-05
step 1702  loss=3.0696  lr=4.51e-05
step 1703  loss=2.9909  lr=4.51e-05
step 1704  loss=3.2480  lr=4.51e-05
step 1705  loss=3.1336  lr=4.51e-05
step 1706  loss=2.9039  lr=4.51e-05
step 1707  loss=3.0689  lr=4.51e-05
step 1708  loss=2.9938  lr=4.51e-05
step 1709  loss=3.1240  lr=4.51e-05
step 1710  loss=3.1628  lr=4.50e-05
step 1711  loss=3.1275  lr=4.50e-05
step 1712  loss=2.9578  lr=4.50e-05
step 1713  loss=2.9511  lr=4.50e-05
step 1714  loss=3.2514  lr=4.50e-05
step 1715  loss=3.1251  lr=4.50e-05
step 1716  loss=3.0338  lr=4.50e-05
step 1717  loss=3.0952  lr=4.50e-05
step 1718  loss=3.1880  lr=4.50e-05
step 1719  loss=2.9375  lr=4.50e-05
step 1720  loss=3.1045  lr=4.50e-05
step 1721  loss=3.2242  lr=4.50e-05
step 1722  loss=3.0275  lr=4.50e-05
step 1723  loss=3.2964  lr=4.50e-05
step 1724  loss=2.8629  lr=4.50e-05
step 1725  loss=3.1220  lr=4.50e-05
step 1726  loss=3.0635  lr=4.50e-05
step 1727  loss=2.8722  lr=4.49e-05
step 1728  loss=3.0672  lr=4.49e-05
step 1729  loss=3.1705  lr=4.49e-05
step 1730  loss=3.1437  lr=4.49e-05
step 1731  loss=2.8154  lr=4.49e-05
step 1732  loss=3.2430  lr=4.49e-05
step 1733  loss=2.8205  lr=4.49e-05
step 1734  loss=3.0393  lr=4.49e-05
step 1735  loss=3.2518  lr=4.49e-05
step 1736  loss=3.1937  lr=4.49e-05
step 1737  loss=3.2151  lr=4.49e-05
step 1738  loss=3.0150  lr=4.49e-05
step 1739  loss=3.1009  lr=4.49e-05
step 1740  loss=3.1265  lr=4.49e-05
step 1741  loss=3.1361  lr=4.49e-05
step 1742  loss=3.2268  lr=4.49e-05
step 1743  loss=3.1058  lr=4.49e-05
step 1744  loss=2.9541  lr=4.48e-05
step 1745  loss=3.0708  lr=4.48e-05
step 1746  loss=2.8480  lr=4.48e-05
step 1747  loss=2.9462  lr=4.48e-05
step 1748  loss=3.0199  lr=4.48e-05
step 1749  loss=2.9020  lr=4.48e-05
step 1750  loss=3.1234  lr=4.48e-05
step 1751  loss=3.2317  lr=4.48e-05
step 1752  loss=2.9612  lr=4.48e-05
step 1753  loss=3.0820  lr=4.48e-05
step 1754  loss=3.1759  lr=4.48e-05
step 1755  loss=3.0892  lr=4.48e-05
step 1756  loss=3.0759  lr=4.48e-05
step 1757  loss=2.8885  lr=4.48e-05
step 1758  loss=3.0417  lr=4.48e-05
step 1759  loss=3.0193  lr=4.48e-05
step 1760  loss=3.1959  lr=4.47e-05
step 1761  loss=3.0506  lr=4.47e-05
step 1762  loss=3.0076  lr=4.47e-05
step 1763  loss=2.9376  lr=4.47e-05
step 1764  loss=2.9930  lr=4.47e-05
step 1765  loss=3.1985  lr=4.47e-05
step 1766  loss=2.9847  lr=4.47e-05
step 1767  loss=3.1680  lr=4.47e-05
step 1768  loss=3.2968  lr=4.47e-05
step 1769  loss=2.9620  lr=4.47e-05
step 1770  loss=3.1698  lr=4.47e-05
step 1771  loss=2.9211  lr=4.47e-05
step 1772  loss=3.1987  lr=4.47e-05
step 1773  loss=2.9580  lr=4.47e-05
step 1774  loss=2.8625  lr=4.47e-05
step 1775  loss=2.9129  lr=4.47e-05
step 1776  loss=3.0209  lr=4.46e-05
step 1777  loss=2.8811  lr=4.46e-05
step 1778  loss=3.0489  lr=4.46e-05
step 1779  loss=3.3116  lr=4.46e-05
step 1780  loss=3.0533  lr=4.46e-05
step 1781  loss=3.0765  lr=4.46e-05
step 1782  loss=2.9652  lr=4.46e-05
step 1783  loss=3.2678  lr=4.46e-05
step 1784  loss=3.0258  lr=4.46e-05
step 1785  loss=2.7264  lr=4.46e-05
step 1786  loss=3.0603  lr=4.46e-05
step 1787  loss=3.0383  lr=4.46e-05
step 1788  loss=3.0335  lr=4.46e-05
step 1789  loss=3.3192  lr=4.46e-05
step 1790  loss=3.1475  lr=4.46e-05
step 1791  loss=3.1825  lr=4.46e-05
step 1792  loss=3.0756  lr=4.46e-05
step 1793  loss=3.0379  lr=4.45e-05
step 1794  loss=2.9563  lr=4.45e-05
step 1795  loss=3.5797  lr=4.45e-05
step 1796  loss=3.0644  lr=4.45e-05
step 1797  loss=3.2332  lr=4.45e-05
step 1798  loss=2.9363  lr=4.45e-05
step 1799  loss=3.0150  lr=4.45e-05
step 1800  loss=2.8832  lr=4.45e-05
step 1801  loss=3.0640  lr=4.45e-05
step 1802  loss=2.8495  lr=4.45e-05
step 1803  loss=3.3003  lr=4.45e-05
step 1804  loss=3.2405  lr=4.45e-05
step 1805  loss=2.9413  lr=4.45e-05
step 1806  loss=3.1385  lr=4.45e-05
step 1807  loss=3.2426  lr=4.45e-05
step 1808  loss=3.1946  lr=4.45e-05
step 1809  loss=3.1083  lr=4.44e-05
step 1810  loss=3.1753  lr=4.44e-05
step 1811  loss=2.8041  lr=4.44e-05
step 1812  loss=3.2437  lr=4.44e-05
step 1813  loss=3.2803  lr=4.44e-05
step 1814  loss=2.9193  lr=4.44e-05
step 1815  loss=2.9081  lr=4.44e-05
step 1816  loss=2.9466  lr=4.44e-05
step 1817  loss=2.9786  lr=4.44e-05
step 1818  loss=2.9232  lr=4.44e-05
step 1819  loss=3.0712  lr=4.44e-05
step 1820  loss=3.0817  lr=4.44e-05
step 1821  loss=3.0245  lr=4.44e-05
step 1822  loss=2.8450  lr=4.44e-05
step 1823  loss=3.0517  lr=4.44e-05
step 1824  loss=3.3204  lr=4.44e-05
step 1825  loss=3.2159  lr=4.43e-05
step 1826  loss=2.8747  lr=4.43e-05
step 1827  loss=3.1773  lr=4.43e-05
step 1828  loss=3.1978  lr=4.43e-05
step 1829  loss=3.3800  lr=4.43e-05
step 1830  loss=3.1110  lr=4.43e-05
step 1831  loss=3.1215  lr=4.43e-05
step 1832  loss=2.9217  lr=4.43e-05
step 1833  loss=3.1477  lr=4.43e-05
step 1834  loss=3.1597  lr=4.43e-05
step 1835  loss=3.0490  lr=4.43e-05
step 1836  loss=3.1364  lr=4.43e-05
step 1837  loss=2.8404  lr=4.43e-05
step 1838  loss=3.1048  lr=4.43e-05
step 1839  loss=2.9191  lr=4.43e-05
step 1840  loss=2.9747  lr=4.43e-05
step 1841  loss=2.9670  lr=4.42e-05
step 1842  loss=2.8021  lr=4.42e-05
step 1843  loss=3.0454  lr=4.42e-05
step 1844  loss=3.1050  lr=4.42e-05
step 1845  loss=3.0747  lr=4.42e-05
step 1846  loss=2.9687  lr=4.42e-05
step 1847  loss=3.1715  lr=4.42e-05
step 1848  loss=2.7708  lr=4.42e-05
step 1849  loss=3.2230  lr=4.42e-05
step 1850  loss=3.0559  lr=4.42e-05
step 1851  loss=2.9032  lr=4.42e-05
step 1852  loss=3.0013  lr=4.42e-05
step 1853  loss=3.1702  lr=4.42e-05
step 1854  loss=3.0085  lr=4.42e-05
step 1855  loss=3.0842  lr=4.42e-05
step 1856  loss=2.9876  lr=4.41e-05
step 1857  loss=3.1370  lr=4.41e-05
step 1858  loss=2.7538  lr=4.41e-05
step 1859  loss=3.2623  lr=4.41e-05
step 1860  loss=3.1451  lr=4.41e-05
step 1861  loss=3.1383  lr=4.41e-05
step 1862  loss=3.1016  lr=4.41e-05
step 1863  loss=3.0420  lr=4.41e-05
step 1864  loss=3.0926  lr=4.41e-05
step 1865  loss=3.3374  lr=4.41e-05
step 1866  loss=3.0539  lr=4.41e-05
step 1867  loss=3.0919  lr=4.41e-05
step 1868  loss=2.9712  lr=4.41e-05
step 1869  loss=3.1786  lr=4.41e-05
step 1870  loss=2.9704  lr=4.41e-05
step 1871  loss=2.6784  lr=4.41e-05
step 1872  loss=3.1352  lr=4.40e-05
step 1873  loss=3.1581  lr=4.40e-05
step 1874  loss=2.7367  lr=4.40e-05
step 1875  loss=2.7973  lr=4.40e-05
step 1876  loss=3.0049  lr=4.40e-05
step 1877  loss=2.9920  lr=4.40e-05
step 1878  loss=3.0492  lr=4.40e-05
step 1879  loss=2.7990  lr=4.40e-05
step 1880  loss=3.0184  lr=4.40e-05
step 1881  loss=2.9905  lr=4.40e-05
step 1882  loss=3.0205  lr=4.40e-05
step 1883  loss=3.2744  lr=4.40e-05
step 1884  loss=3.0827  lr=4.40e-05
step 1885  loss=3.0064  lr=4.40e-05
step 1886  loss=3.1318  lr=4.40e-05
step 1887  loss=3.0930  lr=4.39e-05
step 1888  loss=2.8962  lr=4.39e-05
step 1889  loss=2.8955  lr=4.39e-05
step 1890  loss=3.0646  lr=4.39e-05
step 1891  loss=2.9621  lr=4.39e-05
step 1892  loss=2.9346  lr=4.39e-05
step 1893  loss=3.1131  lr=4.39e-05
step 1894  loss=2.8953  lr=4.39e-05
step 1895  loss=2.7793  lr=4.39e-05
step 1896  loss=2.9814  lr=4.39e-05
step 1897  loss=3.0757  lr=4.39e-05
step 1898  loss=3.0555  lr=4.39e-05
step 1899  loss=2.7347  lr=4.39e-05
step 1900  loss=3.0508  lr=4.39e-05
step 1901  loss=3.1533  lr=4.39e-05
step 1902  loss=3.0299  lr=4.39e-05
step 1903  loss=3.2592  lr=4.38e-05
step 1904  loss=3.2577  lr=4.38e-05
step 1905  loss=2.7269  lr=4.38e-05
step 1906  loss=3.1070  lr=4.38e-05
step 1907  loss=2.8768  lr=4.38e-05
step 1908  loss=3.0845  lr=4.38e-05
step 1909  loss=3.1693  lr=4.38e-05
step 1910  loss=2.7688  lr=4.38e-05
step 1911  loss=3.0063  lr=4.38e-05
step 1912  loss=3.0433  lr=4.38e-05
step 1913  loss=3.2958  lr=4.38e-05
step 1914  loss=3.2353  lr=4.38e-05
step 1915  loss=3.0446  lr=4.38e-05
step 1916  loss=2.9909  lr=4.38e-05
step 1917  loss=2.7681  lr=4.38e-05
step 1918  loss=2.8357  lr=4.37e-05
step 1919  loss=2.9986  lr=4.37e-05
step 1920  loss=2.9368  lr=4.37e-05
step 1921  loss=2.8752  lr=4.37e-05
step 1922  loss=2.9898  lr=4.37e-05
step 1923  loss=2.9830  lr=4.37e-05
step 1924  loss=3.2054  lr=4.37e-05
step 1925  loss=3.0507  lr=4.37e-05
step 1926  loss=3.0649  lr=4.37e-05
step 1927  loss=3.2937  lr=4.37e-05
step 1928  loss=2.9329  lr=4.37e-05
step 1929  loss=2.8747  lr=4.37e-05
step 1930  loss=3.0045  lr=4.37e-05
step 1931  loss=3.1881  lr=4.37e-05
step 1932  loss=3.1684  lr=4.37e-05
step 1933  loss=3.1680  lr=4.36e-05
step 1934  loss=2.8745  lr=4.36e-05
step 1935  loss=3.1675  lr=4.36e-05
step 1936  loss=3.0114  lr=4.36e-05
step 1937  loss=2.7592  lr=4.36e-05
step 1938  loss=3.0404  lr=4.36e-05
step 1939  loss=3.1689  lr=4.36e-05
step 1940  loss=3.3639  lr=4.36e-05
step 1941  loss=2.8546  lr=4.36e-05
step 1942  loss=2.8333  lr=4.36e-05
step 1943  loss=3.1011  lr=4.36e-05
step 1944  loss=2.9633  lr=4.36e-05
step 1945  loss=3.4845  lr=4.36e-05
step 1946  loss=3.2056  lr=4.36e-05
step 1947  loss=3.1060  lr=4.36e-05
step 1948  loss=3.1018  lr=4.35e-05
step 1949  loss=2.9932  lr=4.35e-05
step 1950  loss=2.8124  lr=4.35e-05
step 1951  loss=2.8548  lr=4.35e-05
step 1952  loss=2.9491  lr=4.35e-05
step 1953  loss=2.9640  lr=4.35e-05
step 1954  loss=3.0287  lr=4.35e-05
step 1955  loss=3.0993  lr=4.35e-05
step 1956  loss=2.9347  lr=4.35e-05
step 1957  loss=2.9590  lr=4.35e-05
step 1958  loss=2.8081  lr=4.35e-05
step 1959  loss=2.8505  lr=4.35e-05
step 1960  loss=2.9976  lr=4.35e-05
step 1961  loss=2.8874  lr=4.35e-05
step 1962  loss=3.2568  lr=4.35e-05
step 1963  loss=2.8943  lr=4.34e-05
step 1964  loss=2.9068  lr=4.34e-05
step 1965  loss=3.0378  lr=4.34e-05
step 1966  loss=2.9151  lr=4.34e-05
step 1967  loss=2.9867  lr=4.34e-05
step 1968  loss=2.9681  lr=4.34e-05
step 1969  loss=3.0978  lr=4.34e-05
step 1970  loss=3.0418  lr=4.34e-05
step 1971  loss=2.8160  lr=4.34e-05
step 1972  loss=3.0857  lr=4.34e-05
step 1973  loss=3.0235  lr=4.34e-05
step 1974  loss=2.9474  lr=4.34e-05
step 1975  loss=3.2034  lr=4.34e-05
step 1976  loss=3.0977  lr=4.34e-05
step 1977  loss=3.0918  lr=4.34e-05
step 1978  loss=3.0604  lr=4.33e-05
step 1979  loss=3.1032  lr=4.33e-05
step 1980  loss=2.7911  lr=4.33e-05
step 1981  loss=3.0974  lr=4.33e-05
step 1982  loss=2.9833  lr=4.33e-05
step 1983  loss=2.9915  lr=4.33e-05
step 1984  loss=3.2127  lr=4.33e-05
step 1985  loss=2.9181  lr=4.33e-05
step 1986  loss=3.1408  lr=4.33e-05
step 1987  loss=3.1908  lr=4.33e-05
step 1988  loss=3.0087  lr=4.33e-05
step 1989  loss=3.1180  lr=4.33e-05
step 1990  loss=3.0335  lr=4.33e-05
step 1991  loss=3.2479  lr=4.33e-05
step 1992  loss=3.0930  lr=4.33e-05
step 1993  loss=3.0113  lr=4.32e-05
step 1994  loss=3.0710  lr=4.32e-05
step 1995  loss=2.9872  lr=4.32e-05
step 1996  loss=3.0093  lr=4.32e-05
step 1997  loss=2.8459  lr=4.32e-05
step 1998  loss=3.1897  lr=4.32e-05
step 1999  loss=2.7906  lr=4.32e-05
step 2000  loss=3.0198  lr=4.32e-05
step 2001  loss=2.9740  lr=4.32e-05
step 2002  loss=2.8598  lr=4.32e-05
step 2003  loss=2.8801  lr=4.32e-05
step 2004  loss=2.8198  lr=4.32e-05
step 2005  loss=3.1126  lr=4.32e-05
step 2006  loss=2.8889  lr=4.32e-05
step 2007  loss=2.8014  lr=4.31e-05
step 2008  loss=2.8475  lr=4.31e-05
step 2009  loss=2.9658  lr=4.31e-05
step 2010  loss=2.9023  lr=4.31e-05
step 2011  loss=3.1546  lr=4.31e-05
step 2012  loss=3.0212  lr=4.31e-05
step 2013  loss=2.8553  lr=4.31e-05
step 2014  loss=3.3346  lr=4.31e-05
step 2015  loss=3.1838  lr=4.31e-05
step 2016  loss=3.0138  lr=4.31e-05
step 2017  loss=3.0584  lr=4.31e-05
step 2018  loss=3.1866  lr=4.31e-05
step 2019  loss=2.6798  lr=4.31e-05
step 2020  loss=3.0968  lr=4.31e-05
step 2021  loss=2.8579  lr=4.31e-05
step 2022  loss=2.8647  lr=4.30e-05
step 2023  loss=3.1605  lr=4.30e-05
step 2024  loss=3.1192  lr=4.30e-05
step 2025  loss=3.1034  lr=4.30e-05
step 2026  loss=2.9769  lr=4.30e-05
step 2027  loss=3.0442  lr=4.30e-05
step 2028  loss=3.1210  lr=4.30e-05
step 2029  loss=3.0521  lr=4.30e-05
step 2030  loss=2.9275  lr=4.30e-05
step 2031  loss=3.1730  lr=4.30e-05
step 2032  loss=2.9241  lr=4.30e-05
step 2033  loss=2.9428  lr=4.30e-05
step 2034  loss=2.7935  lr=4.30e-05
step 2035  loss=2.9601  lr=4.30e-05
step 2036  loss=3.0191  lr=4.29e-05
step 2037  loss=3.1043  lr=4.29e-05
step 2038  loss=3.0126  lr=4.29e-05
step 2039  loss=2.6660  lr=4.29e-05
step 2040  loss=2.9691  lr=4.29e-05
step 2041  loss=2.9820  lr=4.29e-05
step 2042  loss=3.1338  lr=4.29e-05
step 2043  loss=3.0339  lr=4.29e-05
step 2044  loss=3.0536  lr=4.29e-05
step 2045  loss=2.6185  lr=4.29e-05
step 2046  loss=2.8623  lr=4.29e-05
step 2047  loss=2.8578  lr=4.29e-05
step 2048  loss=3.0108  lr=4.29e-05
step 2049  loss=3.0115  lr=4.29e-05
step 2050  loss=2.8201  lr=4.29e-05
step 2051  loss=2.9846  lr=4.28e-05
step 2052  loss=2.9333  lr=4.28e-05
step 2053  loss=2.9523  lr=4.28e-05
step 2054  loss=2.9265  lr=4.28e-05
step 2055  loss=2.9285  lr=4.28e-05
step 2056  loss=2.9632  lr=4.28e-05
step 2057  loss=2.9825  lr=4.28e-05
step 2058  loss=3.1062  lr=4.28e-05
step 2059  loss=2.8884  lr=4.28e-05
step 2060  loss=2.6818  lr=4.28e-05
step 2061  loss=3.0118  lr=4.28e-05
step 2062  loss=3.0357  lr=4.28e-05
step 2063  loss=3.0694  lr=4.28e-05
step 2064  loss=3.0717  lr=4.28e-05
step 2065  loss=2.8567  lr=4.27e-05
step 2066  loss=2.8134  lr=4.27e-05
step 2067  loss=2.9907  lr=4.27e-05
step 2068  loss=2.9297  lr=4.27e-05
step 2069  loss=3.0756  lr=4.27e-05
step 2070  loss=3.0080  lr=4.27e-05
step 2071  loss=2.8618  lr=4.27e-05
step 2072  loss=3.1785  lr=4.27e-05
step 2073  loss=2.6542  lr=4.27e-05
step 2074  loss=3.1599  lr=4.27e-05
step 2075  loss=2.9682  lr=4.27e-05
step 2076  loss=3.0861  lr=4.27e-05
step 2077  loss=2.8299  lr=4.27e-05
step 2078  loss=2.9016  lr=4.27e-05
step 2079  loss=3.1267  lr=4.26e-05
step 2080  loss=2.7839  lr=4.26e-05
step 2081  loss=2.9872  lr=4.26e-05
step 2082  loss=2.8748  lr=4.26e-05
step 2083  loss=2.7565  lr=4.26e-05
step 2084  loss=3.0789  lr=4.26e-05
step 2085  loss=3.0730  lr=4.26e-05
step 2086  loss=3.2101  lr=4.26e-05
step 2087  loss=3.1845  lr=4.26e-05
step 2088  loss=3.2469  lr=4.26e-05
step 2089  loss=2.9189  lr=4.26e-05
step 2090  loss=2.8523  lr=4.26e-05
step 2091  loss=2.9749  lr=4.26e-05
step 2092  loss=2.8936  lr=4.26e-05
step 2093  loss=2.9079  lr=4.26e-05
step 2094  loss=3.0211  lr=4.25e-05
step 2095  loss=2.8540  lr=4.25e-05
step 2096  loss=3.0376  lr=4.25e-05
step 2097  loss=2.9722  lr=4.25e-05
step 2098  loss=3.0882  lr=4.25e-05
step 2099  loss=2.8243  lr=4.25e-05
step 2100  loss=3.0727  lr=4.25e-05
step 2101  loss=3.1734  lr=4.25e-05
step 2102  loss=2.7482  lr=4.25e-05
step 2103  loss=3.0367  lr=4.25e-05
step 2104  loss=3.0196  lr=4.25e-05
step 2105  loss=2.9618  lr=4.25e-05
step 2106  loss=2.9896  lr=4.25e-05
step 2107  loss=2.9670  lr=4.25e-05
step 2108  loss=3.0363  lr=4.24e-05
step 2109  loss=3.1711  lr=4.24e-05
step 2110  loss=3.1536  lr=4.24e-05
step 2111  loss=2.8940  lr=4.24e-05
step 2112  loss=2.6742  lr=4.24e-05
step 2113  loss=3.0812  lr=4.24e-05
step 2114  loss=2.9153  lr=4.24e-05
step 2115  loss=2.8654  lr=4.24e-05
step 2116  loss=3.0618  lr=4.24e-05
step 2117  loss=2.8983  lr=4.24e-05
step 2118  loss=2.9952  lr=4.24e-05
step 2119  loss=2.9925  lr=4.24e-05
step 2120  loss=2.8442  lr=4.24e-05
step 2121  loss=2.9991  lr=4.24e-05
step 2122  loss=3.0796  lr=4.23e-05
step 2123  loss=2.8099  lr=4.23e-05
step 2124  loss=3.0273  lr=4.23e-05
step 2125  loss=3.1037  lr=4.23e-05
step 2126  loss=2.7690  lr=4.23e-05
step 2127  loss=2.8604  lr=4.23e-05
step 2128  loss=2.9260  lr=4.23e-05
step 2129  loss=2.9697  lr=4.23e-05
step 2130  loss=3.2610  lr=4.23e-05
step 2131  loss=2.8844  lr=4.23e-05
step 2132  loss=3.2462  lr=4.23e-05
step 2133  loss=2.8620  lr=4.23e-05
step 2134  loss=2.9066  lr=4.23e-05
step 2135  loss=2.9850  lr=4.23e-05
step 2136  loss=2.8655  lr=4.22e-05
step 2137  loss=2.6432  lr=4.22e-05
step 2138  loss=3.0684  lr=4.22e-05
step 2139  loss=2.7686  lr=4.22e-05
step 2140  loss=3.2406  lr=4.22e-05
step 2141  loss=2.8867  lr=4.22e-05
step 2142  loss=2.8729  lr=4.22e-05
step 2143  loss=3.0632  lr=4.22e-05
step 2144  loss=2.9733  lr=4.22e-05
step 2145  loss=2.8528  lr=4.22e-05
step 2146  loss=2.7706  lr=4.22e-05
step 2147  loss=3.1839  lr=4.22e-05
step 2148  loss=2.9746  lr=4.22e-05
step 2149  loss=3.0044  lr=4.21e-05
step 2150  loss=3.0293  lr=4.21e-05
step 2151  loss=3.2271  lr=4.21e-05
step 2152  loss=3.0584  lr=4.21e-05
step 2153  loss=2.7070  lr=4.21e-05
step 2154  loss=2.9091  lr=4.21e-05
step 2155  loss=2.8831  lr=4.21e-05
step 2156  loss=2.8446  lr=4.21e-05
step 2157  loss=2.8141  lr=4.21e-05
step 2158  loss=3.1069  lr=4.21e-05
step 2159  loss=2.8403  lr=4.21e-05
step 2160  loss=3.1700  lr=4.21e-05
step 2161  loss=2.9417  lr=4.21e-05
step 2162  loss=3.0887  lr=4.21e-05
step 2163  loss=2.8755  lr=4.20e-05
step 2164  loss=3.2006  lr=4.20e-05
step 2165  loss=2.7945  lr=4.20e-05
step 2166  loss=3.2769  lr=4.20e-05
step 2167  loss=2.8796  lr=4.20e-05
step 2168  loss=2.9337  lr=4.20e-05
step 2169  loss=2.8433  lr=4.20e-05
step 2170  loss=3.0772  lr=4.20e-05
step 2171  loss=2.7208  lr=4.20e-05
step 2172  loss=2.8770  lr=4.20e-05
losses: [10.9516, 10.9359, 10.9536, 10.9354, 10.9421, 10.9392, 10.9251, 10.9157, 10.9225, 10.8953, 10.8675, 10.8785, 10.8326, 10.8353, 10.7991, 10.7964, 10.7639, 10.7304, 10.7474, 10.734, 10.6656, 10.6424, 10.5887, 10.595, 10.5867, 10.5771, 10.4896, 10.4706, 10.4965, 10.4181, 10.4124, 10.3431, 10.3554, 10.2753, 10.2742, 10.2245, 10.1936, 10.1237, 10.1658, 10.1961, 10.0406, 10.1275, 10.0924, 9.9615, 9.9267, 10.0016, 9.8374, 9.9237, 9.9103, 9.7723, 9.8756, 9.8634, 9.7496, 9.7516, 9.6151, 9.4851, 9.674, 9.57, 9.4893, 9.4711, 9.4299, 9.3748, 9.4697, 9.3668, 9.3523, 9.3992, 9.1861, 9.366, 9.105, 9.2456, 9.1705, 9.0366, 8.855, 9.0737, 8.7653, 8.8803, 8.8365, 8.7808, 8.9078, 8.6322, 8.4913, 8.4257, 8.613, 8.352, 8.378, 8.3815, 8.2145, 8.1194, 8.1738, 8.1149, 8.0004, 8.1014, 7.9595, 7.7233, 7.7812, 7.7976, 7.9137, 7.5828, 7.7026, 7.5303, 7.5203, 7.5644, 7.3484, 7.3845, 7.3971, 7.3128, 7.3341, 7.2281, 7.3951, 7.0307, 7.045, 7.0961, 6.9874, 7.0583, 7.0724, 7.202, 7.0663, 6.938, 6.8545, 6.7275, 6.5961, 6.848, 6.6649, 6.7125, 6.7341, 6.5899, 6.7227, 6.7163, 6.5375, 6.4456, 6.3757, 6.4959, 6.3457, 6.4683, 6.1516, 6.272, 6.3964, 6.2741, 6.1037, 6.4298, 6.2842, 6.0497, 6.1223, 6.0142, 6.0056, 6.0641, 6.0215, 6.0837, 5.8351, 6.009, 5.8286, 5.9655, 6.0183, 5.8206, 5.9389, 5.9204, 5.8333, 5.7633, 5.8959, 5.6851, 5.6393, 5.7344, 5.7219, 5.4847, 5.7319, 5.5476, 5.555, 5.5079, 5.4474, 5.5057, 5.6131, 5.6097, 5.379, 5.5947, 5.5152, 5.3273, 5.3895, 5.4059, 5.4008, 5.313, 5.3312, 5.2709, 5.197, 5.259, 5.3051, 5.4658, 5.273, 5.1944, 5.2033, 5.0542, 5.1206, 5.3232, 5.0963, 5.0413, 5.205, 5.1251, 5.1106, 4.9365, 4.91, 4.8809, 4.8421, 5.0935, 5.0576, 5.0674, 5.0915, 5.0759, 4.8922, 5.068, 4.9671, 5.1157, 4.909, 4.6845, 5.0134, 4.9772, 5.0182, 5.063, 4.7611, 4.8219, 4.7043, 4.9443, 4.8668, 4.876, 4.9485, 4.5754, 4.9691, 4.7415, 4.7495, 4.7011, 4.8692, 4.7184, 4.6991, 4.6589, 4.6407, 4.58, 4.6628, 4.457, 4.532, 4.6749, 4.7362, 4.472, 4.7986, 4.5922, 4.7341, 4.4856, 4.5297, 4.5165, 4.6495, 4.7857, 4.6819, 4.4854, 4.5101, 4.4887, 4.5401, 4.3268, 4.4382, 4.3012, 4.6228, 4.7934, 4.5467, 4.4366, 4.5449, 4.5931, 4.5324, 4.6314, 4.4749, 4.5741, 4.4224, 4.2938, 4.4741, 4.2258, 4.3703, 4.3033, 4.2615, 4.2891, 4.4204, 4.7674, 4.4242, 4.852, 4.5701, 4.6443, 4.37, 4.5006, 4.3165, 4.2606, 4.4068, 4.6079, 4.4641, 4.3624, 4.1395, 4.432, 4.4579, 4.2523, 4.3559, 4.1426, 4.4805, 4.1676, 4.4777, 4.3384, 4.3807, 4.4312, 4.2982, 4.3325, 4.3696, 4.4451, 4.517, 4.5204, 4.3805, 4.1709, 4.514, 4.481, 4.2199, 4.3461, 4.2753, 4.3431, 4.3873, 4.3635, 4.3807, 4.4646, 4.3369, 4.4335, 4.3952, 4.3468, 4.3696, 4.246, 4.1814, 4.0231, 4.3479, 4.4509, 4.2121, 4.5266, 4.2405, 4.2114, 4.3505, 4.1181, 4.2884, 4.0941, 4.033, 3.948, 4.3757, 4.3075, 4.3463, 3.923, 4.0726, 4.2218, 4.4333, 4.1611, 4.1483, 4.3085, 4.356, 4.2682, 4.0824, 4.1225, 4.1677, 3.824, 4.014, 4.0568, 4.1244, 4.2616, 3.9353, 4.2826, 4.2251, 4.1473, 4.0233, 4.2585, 3.959, 4.3394, 4.3481, 4.0841, 4.0074, 4.0665, 4.1921, 4.3582, 4.1099, 3.9152, 4.1241, 3.8976, 4.2219, 4.2358, 4.1177, 4.1343, 4.2793, 3.9234, 3.9639, 4.1983, 4.365, 3.9144, 4.0061, 4.278, 3.9277, 4.1122, 4.0706, 4.0851, 3.9258, 4.0221, 3.9754, 3.9931, 4.0613, 3.9449, 4.1114, 4.2657, 4.0169, 4.2692, 4.213, 4.1487, 3.977, 4.1556, 4.0514, 4.1604, 4.043, 4.1119, 4.1004, 3.9096, 3.909, 4.0026, 4.0198, 4.0086, 4.312, 4.0174, 4.135, 4.0964, 4.1332, 3.7926, 4.2423, 4.0683, 3.7415, 4.3873, 3.9756, 3.9927, 4.0726, 4.03, 3.9923, 4.1725, 3.9636, 3.8302, 3.9452, 3.7459, 3.895, 3.9801, 4.0883, 4.2577, 3.7848, 3.9622, 4.1037, 4.1063, 3.8188, 4.1921, 3.8813, 3.9942, 3.8387, 3.9022, 4.0463, 4.007, 3.7551, 3.8704, 3.7222, 3.6301, 4.042, 3.8479, 3.8406, 3.8854, 3.71, 3.8016, 3.8742, 3.7336, 4.2165, 3.9467, 3.6085, 3.901, 4.0173, 3.9469, 3.9882, 4.0, 3.8847, 4.0595, 3.8168, 3.8768, 3.8129, 4.022, 3.7747, 3.9859, 3.9424, 3.7263, 3.9843, 3.7447, 3.7595, 4.0642, 3.7282, 3.6453, 3.9139, 4.3924, 3.9014, 3.9359, 3.8494, 3.794, 3.7412, 3.993, 3.7726, 4.1497, 3.7351, 4.0928, 3.7709, 3.7769, 3.7572, 3.9305, 3.8769, 4.0367, 3.9004, 3.9175, 3.8068, 3.7688, 3.9442, 3.5569, 3.9027, 3.8568, 3.8251, 3.9358, 3.8403, 3.8972, 3.8273, 3.9152, 3.7489, 3.7965, 4.0817, 3.7142, 3.5788, 3.7318, 3.7077, 3.838, 3.8923, 3.7539, 3.7556, 3.9303, 3.8189, 3.5716, 4.0752, 3.6294, 3.7395, 3.6342, 3.628, 3.7575, 3.7148, 3.6972, 3.9284, 3.8307, 3.8735, 3.7514, 3.6556, 3.7083, 3.6905, 3.7077, 3.6555, 3.5766, 3.9001, 4.0142, 3.9874, 3.6122, 3.5475, 3.915, 3.9489, 3.6874, 3.7265, 3.9104, 3.7286, 3.742, 3.7181, 3.8466, 3.7718, 3.5564, 3.7071, 3.4576, 3.829, 3.7852, 3.9402, 3.9431, 3.9217, 3.552, 3.5826, 3.7942, 3.595, 3.6797, 3.6595, 3.4146, 3.7245, 3.7809, 3.8158, 3.7302, 3.7091, 3.7375, 3.5256, 3.7136, 3.7199, 3.6238, 3.6801, 3.5307, 3.6826, 3.8674, 3.9874, 3.7262, 3.6849, 3.5677, 3.5423, 3.8854, 3.3168, 3.5649, 3.7886, 3.5699, 3.7298, 3.6245, 3.7201, 3.8162, 3.8601, 3.4954, 3.776, 3.706, 3.7333, 3.5819, 3.6662, 3.893, 3.4852, 3.5618, 3.4364, 3.577, 3.5727, 3.5888, 3.5343, 3.8446, 3.4711, 3.4901, 3.9012, 3.6239, 3.779, 3.6899, 4.0845, 3.801, 3.7772, 3.5557, 3.7512, 3.3157, 3.8658, 3.8007, 3.7617, 3.6305, 3.6112, 3.7466, 3.5309, 3.6272, 3.6907, 3.7527, 3.6595, 3.7513, 3.65, 3.802, 3.7861, 3.7687, 3.8091, 3.7272, 3.5958, 3.7168, 3.6992, 3.8025, 3.4768, 3.5273, 3.8599, 3.7947, 3.6714, 3.728, 3.8865, 3.8497, 3.9311, 3.5064, 3.2924, 3.6518, 3.6925, 3.6505, 3.8903, 3.5505, 3.7146, 3.5026, 3.8314, 3.7319, 3.6319, 3.6303, 3.6701, 3.762, 3.6104, 3.7836, 3.6213, 3.9875, 4.0919, 3.819, 3.7474, 3.5868, 3.5276, 3.684, 3.6314, 3.7479, 3.9272, 3.7632, 3.8018, 3.6806, 3.5832, 3.5692, 3.5133, 3.7073, 3.7236, 3.603, 3.2924, 3.3074, 3.5378, 3.5878, 4.0224, 3.6487, 3.5575, 3.5791, 3.4116, 3.5554, 3.4507, 3.7328, 3.2692, 3.3947, 3.765, 3.7967, 3.7171, 3.612, 3.6105, 3.5144, 3.5127, 3.7491, 3.6827, 3.5767, 3.4775, 3.865, 3.6283, 3.899, 3.4952, 3.6553, 3.4851, 3.5563, 3.5417, 3.6462, 3.6428, 3.8698, 3.3685, 3.5938, 3.6915, 3.6725, 3.7182, 3.5666, 3.4049, 3.6031, 3.623, 3.7563, 3.5921, 3.4114, 3.8127, 3.6673, 3.6143, 3.7751, 3.5887, 3.6059, 3.7233, 3.4546, 3.5705, 3.318, 3.3539, 3.7175, 3.2701, 3.4318, 3.6221, 3.4265, 3.5984, 3.5523, 3.6823, 3.2256, 3.6865, 3.477, 3.6268, 3.5831, 3.419, 3.6827, 3.5239, 3.5779, 3.518, 3.523, 3.6787, 3.3898, 3.8708, 3.6765, 3.4103, 3.5022, 3.513, 3.5372, 3.3991, 3.6061, 3.548, 3.2492, 3.7056, 3.7584, 3.6098, 3.1651, 3.4125, 3.5194, 3.7384, 3.5792, 3.4688, 3.6526, 3.5074, 3.2983, 3.3681, 3.3369, 3.5155, 3.8534, 3.7025, 3.4148, 3.6013, 3.5256, 3.5575, 3.519, 3.6941, 3.3687, 3.4454, 3.5118, 3.8845, 3.4031, 3.4859, 3.4647, 3.326, 3.7392, 3.4755, 3.7434, 3.6724, 3.669, 3.4712, 3.3749, 3.6729, 3.6253, 3.5841, 3.3338, 3.7462, 3.5627, 3.388, 3.7719, 3.3218, 3.3945, 3.5594, 3.6362, 3.4511, 3.6462, 3.6935, 3.3107, 3.7892, 3.7734, 3.3132, 3.6082, 3.6717, 3.2418, 3.4424, 3.5169, 3.6099, 3.3068, 3.5932, 3.4854, 3.5906, 3.3985, 3.4798, 3.5508, 3.4087, 3.5631, 3.3655, 3.3974, 3.6018, 3.6027, 3.6204, 3.4956, 3.6106, 3.4496, 3.4788, 3.5085, 3.4585, 3.5326, 3.6183, 3.3424, 3.5302, 3.3413, 3.5473, 3.3816, 3.6619, 3.2741, 3.5404, 3.6601, 3.3857, 3.544, 3.2628, 3.688, 3.2655, 3.4952, 3.061, 3.6263, 3.6079, 3.303, 3.3354, 3.4539, 3.4252, 3.3485, 3.4816, 3.4836, 3.3088, 3.3965, 3.5238, 3.2775, 3.4254, 3.4915, 3.2446, 3.5532, 3.6228, 3.6839, 3.3691, 3.2042, 3.5759, 3.4683, 3.4274, 3.6565, 3.1991, 3.4345, 3.5693, 3.4154, 3.2264, 3.838, 3.1753, 3.353, 3.1669, 3.3453, 3.4133, 3.3811, 3.3066, 3.3108, 3.6738, 3.3748, 3.1461, 3.691, 3.3769, 3.4271, 3.3187, 3.7025, 3.3953, 3.6136, 3.5139, 3.5126, 3.4875, 3.3834, 3.3875, 3.3703, 3.1581, 3.177, 3.6356, 3.5301, 3.2177, 3.3942, 3.3591, 3.4045, 3.4723, 3.4232, 3.5618, 3.3153, 3.287, 3.2964, 3.3428, 3.4945, 3.2985, 3.4437, 3.3389, 3.4356, 3.4965, 3.233, 3.3332, 3.3319, 3.6143, 3.4737, 3.51, 3.2952, 3.1657, 3.5348, 3.2126, 3.2311, 3.4862, 3.3028, 3.318, 3.0176, 3.3636, 3.3314, 3.2906, 3.3693, 3.1465, 3.5767, 3.1874, 3.4664, 3.2489, 3.3993, 3.5823, 3.3018, 3.3997, 3.2285, 3.4998, 3.3517, 3.4074, 3.4143, 3.191, 3.2835, 3.3281, 3.5977, 3.1477, 3.6644, 3.0967, 3.2425, 3.169, 3.0937, 3.2599, 3.4579, 3.2484, 3.4693, 3.527, 3.2196, 3.2238, 3.3248, 3.1603, 3.1169, 3.465, 3.4508, 3.5319, 3.3699, 3.4695, 3.5529, 3.2345, 3.1421, 3.4456, 3.262, 3.3424, 3.1934, 3.3917, 3.3475, 3.3099, 3.3895, 3.3699, 3.3032, 3.5492, 3.29, 3.2485, 3.2337, 3.1139, 3.586, 3.3107, 3.1967, 3.3229, 3.1855, 3.2418, 3.486, 3.4118, 3.3065, 3.56, 3.2224, 3.5602, 3.3885, 3.5035, 3.0562, 3.1697, 3.1195, 3.1998, 3.3401, 3.3511, 3.5397, 3.3981, 3.3882, 3.5958, 3.1868, 3.4987, 3.2808, 3.4268, 3.3459, 3.2955, 3.3232, 3.1071, 3.4521, 3.3093, 3.3317, 3.0353, 3.2429, 3.3655, 3.5003, 3.3252, 3.3577, 3.3008, 3.3883, 3.3047, 3.2072, 3.2118, 3.4611, 3.481, 3.4213, 3.4216, 3.3057, 3.113, 3.2738, 3.4046, 3.4425, 3.2623, 3.3875, 3.2828, 3.0043, 3.3553, 3.5204, 3.2766, 3.333, 3.4162, 3.3226, 3.3498, 3.292, 3.3398, 3.4986, 3.4013, 3.2802, 3.4885, 2.9959, 3.346, 3.287, 3.167, 3.2622, 3.3951, 3.3987, 3.2079, 3.1621, 3.3106, 3.5314, 3.1912, 3.0858, 3.2604, 3.2049, 3.5034, 3.3395, 3.3829, 3.2071, 3.4359, 3.5039, 3.0806, 3.1552, 3.4543, 3.1648, 3.3578, 3.1758, 2.9526, 3.2233, 3.2249, 3.1075, 3.1182, 3.2508, 3.2086, 3.4821, 3.422, 3.3987, 3.387, 3.4648, 3.1586, 3.4077, 3.3999, 3.4147, 3.4234, 3.2607, 3.1939, 3.1728, 3.3923, 3.1877, 3.1584, 3.1955, 3.3657, 3.1439, 3.3657, 3.1217, 3.406, 3.5952, 3.3236, 3.3834, 3.2128, 3.2661, 3.0397, 3.3061, 3.5895, 3.411, 3.545, 3.5493, 3.1041, 3.3588, 3.1476, 3.2147, 3.068, 3.1961, 3.0032, 3.2278, 3.2191, 3.3332, 3.4631, 3.324, 3.2895, 3.079, 3.2543, 3.0461, 3.2982, 3.1833, 3.55, 3.2871, 3.3715, 3.4737, 3.4298, 3.3193, 3.2414, 3.1669, 3.4646, 3.1939, 3.1271, 3.4288, 3.4233, 3.4314, 3.1873, 3.2572, 3.1151, 3.2403, 3.3933, 3.3486, 3.149, 3.3766, 3.1809, 3.4979, 3.3347, 3.3544, 3.2365, 3.4204, 3.3817, 3.4019, 3.2546, 3.115, 3.1423, 3.1988, 2.9976, 3.3621, 3.1467, 3.1537, 3.1765, 3.321, 3.3143, 3.1838, 3.2089, 3.205, 3.2275, 3.1476, 3.3838, 3.276, 3.5844, 3.3417, 3.1009, 3.2846, 3.3156, 3.2307, 3.2152, 3.0931, 3.4416, 3.1801, 3.3816, 3.3053, 3.221, 3.3585, 3.201, 3.3295, 3.2748, 3.0909, 3.226, 3.2441, 3.1312, 3.3763, 3.1755, 3.5601, 3.1893, 3.374, 3.2198, 3.406, 3.2561, 3.2847, 3.4229, 3.257, 2.9924, 3.4991, 3.0041, 3.1372, 3.3909, 3.1848, 3.4141, 3.4687, 3.06, 3.0783, 3.3775, 3.188, 3.0476, 3.3577, 3.3978, 3.2338, 3.2099, 3.3382, 3.2412, 2.9596, 3.2455, 3.1806, 3.2241, 3.3524, 3.4153, 3.5006, 3.1159, 3.2818, 3.3467, 3.3314, 3.2239, 3.0324, 3.3085, 3.3535, 3.116, 3.3985, 3.167, 3.314, 3.4557, 3.1222, 3.3216, 3.4088, 3.095, 2.9685, 3.2569, 3.4324, 2.916, 3.3101, 3.3131, 3.1165, 3.397, 3.1332, 3.308, 3.2028, 3.1878, 3.4639, 3.2069, 3.22, 3.0504, 3.3287, 3.0633, 3.0645, 3.2817, 2.9609, 3.3161, 3.0934, 3.2861, 3.4874, 3.0571, 3.1207, 3.061, 3.1473, 3.1857, 3.216, 2.8899, 2.9968, 3.1386, 3.1769, 3.098, 3.0623, 3.1419, 3.2251, 3.1843, 3.1942, 3.0548, 3.1713, 3.679, 3.3465, 3.1569, 3.0214, 3.1707, 3.1019, 3.3707, 3.2607, 3.1499, 3.2785, 3.0991, 3.3688, 3.2349, 3.1126, 3.263, 3.2281, 3.3474, 3.159, 3.0225, 3.2723, 2.9328, 3.2494, 3.144, 3.1167, 3.2085, 3.3161, 3.2981, 3.1602, 3.3625, 2.9445, 3.205, 3.0064, 3.1469, 3.1038, 3.1492, 3.3054, 2.9384, 3.2106, 2.9575, 2.9966, 3.2139, 3.5185, 3.1898, 3.0335, 3.1049, 3.0573, 3.2196, 3.0385, 3.2797, 3.4517, 3.1057, 3.2851, 3.0732, 3.5941, 3.107, 3.0552, 3.2115, 3.2829, 3.2841, 3.0988, 2.9864, 3.2442, 3.2907, 3.1455, 3.1185, 3.3723, 3.2997, 2.9373, 3.0263, 3.1123, 3.3859, 2.9119, 3.3061, 3.2356, 3.3738, 2.7982, 3.1173, 3.1044, 3.4902, 3.2761, 3.2431, 3.0817, 3.0259, 3.1353, 3.3038, 3.1712, 3.2792, 3.117, 3.479, 3.071, 3.29, 3.3083, 3.1477, 3.2081, 3.1255, 3.3488, 3.1301, 3.1042, 3.0921, 3.2945, 3.0411, 3.3735, 3.107, 3.2872, 2.9756, 3.0501, 2.9687, 3.015, 3.1023, 3.2055, 3.0687, 2.929, 3.0985, 3.3755, 3.1888, 3.2334, 3.3322, 3.1522, 3.2651, 3.2669, 3.2373, 3.4734, 2.8751, 3.0942, 3.0292, 3.0933, 3.1925, 2.8094, 3.1874, 2.9276, 3.1978, 3.2497, 3.3772, 2.9815, 3.2364, 3.3217, 3.2311, 3.2368, 3.2846, 3.1985, 3.0949, 3.2011, 3.0842, 3.211, 3.2383, 3.2707, 3.0576, 2.8625, 2.8233, 3.0423, 3.4398, 3.3493, 3.2264, 3.0862, 3.0498, 2.9584, 3.2685, 3.0987, 3.1109, 3.219, 3.1921, 3.0704, 3.1936, 3.0463, 2.9548, 3.1479, 3.2613, 3.0055, 3.2346, 3.4159, 2.97, 2.9664, 3.1791, 3.0723, 3.1984, 3.1196, 3.0127, 3.2144, 3.2349, 3.2175, 3.1639, 3.2781, 3.0318, 3.2095, 3.1548, 3.251, 3.1672, 3.1865, 2.9906, 3.2611, 3.3684, 3.2593, 2.921, 2.9576, 3.2336, 3.1985, 3.0689, 3.3223, 3.1236, 3.1035, 3.3746, 3.1399, 3.0126, 3.3083, 2.9888, 3.082, 3.0878, 3.0192, 3.3528, 3.4968, 3.1807, 3.13, 3.2414, 3.1397, 3.1826, 3.2943, 3.1562, 3.1587, 3.2539, 3.0149, 3.5133, 3.0483, 3.4266, 3.1537, 3.097, 3.1379, 2.9536, 3.1006, 3.0383, 3.394, 3.0799, 3.1355, 3.1475, 3.075, 3.3048, 2.8679, 3.3589, 2.8637, 3.1566, 3.2377, 3.1974, 3.2889, 2.9212, 3.1136, 3.0414, 3.3238, 3.2683, 3.1357, 3.0586, 3.0783, 3.0332, 3.323, 3.2205, 3.0983, 2.8948, 3.1539, 3.1395, 3.2694, 3.372, 3.0517, 3.1343, 2.9968, 3.1645, 3.0778, 2.9058, 2.9464, 3.1346, 2.9739, 3.0563, 2.9152, 3.2786, 2.8877, 3.0827, 2.965, 2.8191, 2.9626, 3.3988, 3.2955, 3.0881, 3.05, 2.8714, 3.2908, 2.9368, 3.2218, 3.5877, 3.1263, 3.3887, 3.1184, 2.9947, 3.3004, 3.0432, 2.8414, 2.9825, 3.0629, 3.1158, 3.0528, 3.2166, 3.064, 3.1833, 3.2566, 3.159, 2.9988, 3.3403, 3.2604, 3.204, 3.2459, 3.0832, 3.0752, 3.2391, 3.1358, 3.1266, 3.1406, 3.3643, 3.1407, 2.9454, 3.103, 3.0611, 3.2467, 3.2949, 3.0003, 3.0625, 3.3562, 3.2804, 2.8679, 3.2207, 2.979, 2.8729, 3.1379, 2.8818, 3.0696, 2.9909, 3.248, 3.1336, 2.9039, 3.0689, 2.9938, 3.124, 3.1628, 3.1275, 2.9578, 2.9511, 3.2514, 3.1251, 3.0338, 3.0952, 3.188, 2.9375, 3.1045, 3.2242, 3.0275, 3.2964, 2.8629, 3.122, 3.0635, 2.8722, 3.0672, 3.1705, 3.1437, 2.8154, 3.243, 2.8205, 3.0393, 3.2518, 3.1937, 3.2151, 3.015, 3.1009, 3.1265, 3.1361, 3.2268, 3.1058, 2.9541, 3.0708, 2.848, 2.9462, 3.0199, 2.902, 3.1234, 3.2317, 2.9612, 3.082, 3.1759, 3.0892, 3.0759, 2.8885, 3.0417, 3.0193, 3.1959, 3.0506, 3.0076, 2.9376, 2.993, 3.1985, 2.9847, 3.168, 3.2968, 2.962, 3.1698, 2.9211, 3.1987, 2.958, 2.8625, 2.9129, 3.0209, 2.8811, 3.0489, 3.3116, 3.0533, 3.0765, 2.9652, 3.2678, 3.0258, 2.7264, 3.0603, 3.0383, 3.0335, 3.3192, 3.1475, 3.1825, 3.0756, 3.0379, 2.9563, 3.5797, 3.0644, 3.2332, 2.9363, 3.015, 2.8832, 3.064, 2.8495, 3.3003, 3.2405, 2.9413, 3.1385, 3.2426, 3.1946, 3.1083, 3.1753, 2.8041, 3.2437, 3.2803, 2.9193, 2.9081, 2.9466, 2.9786, 2.9232, 3.0712, 3.0817, 3.0245, 2.845, 3.0517, 3.3204, 3.2159, 2.8747, 3.1773, 3.1978, 3.38, 3.111, 3.1215, 2.9217, 3.1477, 3.1597, 3.049, 3.1364, 2.8404, 3.1048, 2.9191, 2.9747, 2.967, 2.8021, 3.0454, 3.105, 3.0747, 2.9687, 3.1715, 2.7708, 3.223, 3.0559, 2.9032, 3.0013, 3.1702, 3.0085, 3.0842, 2.9876, 3.137, 2.7538, 3.2623, 3.1451, 3.1383, 3.1016, 3.042, 3.0926, 3.3374, 3.0539, 3.0919, 2.9712, 3.1786, 2.9704, 2.6784, 3.1352, 3.1581, 2.7367, 2.7973, 3.0049, 2.992, 3.0492, 2.799, 3.0184, 2.9905, 3.0205, 3.2744, 3.0827, 3.0064, 3.1318, 3.093, 2.8962, 2.8955, 3.0646, 2.9621, 2.9346, 3.1131, 2.8953, 2.7793, 2.9814, 3.0757, 3.0555, 2.7347, 3.0508, 3.1533, 3.0299, 3.2592, 3.2577, 2.7269, 3.107, 2.8768, 3.0845, 3.1693, 2.7688, 3.0063, 3.0433, 3.2958, 3.2353, 3.0446, 2.9909, 2.7681, 2.8357, 2.9986, 2.9368, 2.8752, 2.9898, 2.983, 3.2054, 3.0507, 3.0649, 3.2937, 2.9329, 2.8747, 3.0045, 3.1881, 3.1684, 3.168, 2.8745, 3.1675, 3.0114, 2.7592, 3.0404, 3.1689, 3.3639, 2.8546, 2.8333, 3.1011, 2.9633, 3.4845, 3.2056, 3.106, 3.1018, 2.9932, 2.8124, 2.8548, 2.9491, 2.964, 3.0287, 3.0993, 2.9347, 2.959, 2.8081, 2.8505, 2.9976, 2.8874, 3.2568, 2.8943, 2.9068, 3.0378, 2.9151, 2.9867, 2.9681, 3.0978, 3.0418, 2.816, 3.0857, 3.0235, 2.9474, 3.2034, 3.0977, 3.0918, 3.0604, 3.1032, 2.7911, 3.0974, 2.9833, 2.9915, 3.2127, 2.9181, 3.1408, 3.1908, 3.0087, 3.118, 3.0335, 3.2479, 3.093, 3.0113, 3.071, 2.9872, 3.0093, 2.8459, 3.1897, 2.7906, 3.0198, 2.974, 2.8598, 2.8801, 2.8198, 3.1126, 2.8889, 2.8014, 2.8475, 2.9658, 2.9023, 3.1546, 3.0212, 2.8553, 3.3346, 3.1838, 3.0138, 3.0584, 3.1866, 2.6798, 3.0968, 2.8579, 2.8647, 3.1605, 3.1192, 3.1034, 2.9769, 3.0442, 3.121, 3.0521, 2.9275, 3.173, 2.9241, 2.9428, 2.7935, 2.9601, 3.0191, 3.1043, 3.0126, 2.666, 2.9691, 2.982, 3.1338, 3.0339, 3.0536, 2.6185, 2.8623, 2.8578, 3.0108, 3.0115, 2.8201, 2.9846, 2.9333, 2.9523, 2.9265, 2.9285, 2.9632, 2.9825, 3.1062, 2.8884, 2.6818, 3.0118, 3.0357, 3.0694, 3.0717, 2.8567, 2.8134, 2.9907, 2.9297, 3.0756, 3.008, 2.8618, 3.1785, 2.6542, 3.1599, 2.9682, 3.0861, 2.8299, 2.9016, 3.1267, 2.7839, 2.9872, 2.8748, 2.7565, 3.0789, 3.073, 3.2101, 3.1845, 3.2469, 2.9189, 2.8523, 2.9749, 2.8936, 2.9079, 3.0211, 2.854, 3.0376, 2.9722, 3.0882, 2.8243, 3.0727, 3.1734, 2.7482, 3.0367, 3.0196, 2.9618, 2.9896, 2.967, 3.0363, 3.1711, 3.1536, 2.894, 2.6742, 3.0812, 2.9153, 2.8654, 3.0618, 2.8983, 2.9952, 2.9925, 2.8442, 2.9991, 3.0796, 2.8099, 3.0273, 3.1037, 2.769, 2.8604, 2.926, 2.9697, 3.261, 2.8844, 3.2462, 2.862, 2.9066, 2.985, 2.8655, 2.6432, 3.0684, 2.7686, 3.2406, 2.8867, 2.8729, 3.0632, 2.9733, 2.8528, 2.7706, 3.1839, 2.9746, 3.0044, 3.0293, 3.2271, 3.0584, 2.707, 2.9091, 2.8831, 2.8446, 2.8141, 3.1069, 2.8403, 3.17, 2.9417, 3.0887, 2.8755, 3.2006, 2.7945, 3.2769, 2.8796, 2.9337, 2.8433, 3.0772, 2.7208, 2.877]
delta loss (last-first) = -8.0746
saved checkpoints_v13_sempty/ab_real_pm/latest.pt
