[2026-08-18 14:22:19] === V11 duplex TTS backbone=pam task=t2s ===
[2026-08-18 14:22:19] preset=duplex_100m langs=hindi,gujarati n_per_lang=2000 n_english=2000 init_from=none
[2026-08-18 14:22:19] log_dir=logs/v11/duplex_tts_duplex_100m_pam_t2s_20260818_142219_d04e7c8_dirty log=logs/v11/duplex_tts_duplex_100m_pam_t2s_20260818_142219_d04e7c8_dirty/duplex_tts_duplex_100m_pam_t2s.log ckpt=checkpoints_v11_duplex_100m_tts_pam_t2s
[2026-08-18 14:22:22] Backbone pam preset=duplex_100m: {'embedding (tied)': 30879744, 'blocks': 61649552, 'norms': 768, 'lm_head': 296064, 'total': 92826128} | task=t2s V=40208
[2026-08-18 14:22:22] TTS rows: Indic source is Kathbath (ASR quality, not studio TTS)
[2026-08-18 14:22:22] ASR rows: kathbath hindi (2000)...
[2026-08-18 14:22:26] ASR rows: kathbath gujarati (2000)...
[2026-08-18 14:22:31] ASR rows: librispeech english (2000)...
[2026-08-18 14:22:35] ASR rows total: 6000
[2026-08-18 14:22:35] Loaded 6000 rows in 13.3s
[2026-08-18 14:22:35] Building t2s samples (Mimi codes, cache=.cache/mimi_codes)...
[2026-08-18 14:22:35]   mimi encode 0/6000 (kept 0)
[2026-08-18 14:22:36]   mimi encode 50/6000 (kept 50)
[2026-08-18 14:22:37]   mimi encode 100/6000 (kept 100)
[2026-08-18 14:22:37]   mimi encode 150/6000 (kept 150)
[2026-08-18 14:22:38]   mimi encode 200/6000 (kept 200)
[2026-08-18 14:22:39]   mimi encode 250/6000 (kept 250)
[2026-08-18 14:22:39]   mimi encode 300/6000 (kept 300)
[2026-08-18 14:22:40]   mimi encode 350/6000 (kept 350)
[2026-08-18 14:22:40]   mimi encode 400/6000 (kept 400)
[2026-08-18 14:22:41]   mimi encode 450/6000 (kept 450)
[2026-08-18 14:22:41]   mimi encode 500/6000 (kept 500)
[2026-08-18 14:22:42]   mimi encode 550/6000 (kept 550)
[2026-08-18 14:22:42]   mimi encode 600/6000 (kept 600)
[2026-08-18 14:22:43]   mimi encode 650/6000 (kept 650)
[2026-08-18 14:22:43]   mimi encode 700/6000 (kept 700)
[2026-08-18 14:22:44]   mimi encode 750/6000 (kept 750)
[2026-08-18 14:22:44]   mimi encode 800/6000 (kept 800)
[2026-08-18 14:22:45]   mimi encode 850/6000 (kept 850)
[2026-08-18 14:22:45]   mimi encode 900/6000 (kept 900)
[2026-08-18 14:22:46]   mimi encode 950/6000 (kept 950)
[2026-08-18 14:22:47]   mimi encode 1000/6000 (kept 1000)
[2026-08-18 14:22:47]   mimi encode 1050/6000 (kept 1050)
[2026-08-18 14:22:48]   mimi encode 1100/6000 (kept 1100)
[2026-08-18 14:22:48]   mimi encode 1150/6000 (kept 1150)
[2026-08-18 14:22:48]   mimi encode 1200/6000 (kept 1200)
[2026-08-18 14:22:49]   mimi encode 1250/6000 (kept 1250)
[2026-08-18 14:22:49]   mimi encode 1300/6000 (kept 1300)
[2026-08-18 14:22:50]   mimi encode 1350/6000 (kept 1350)
[2026-08-18 14:22:50]   mimi encode 1400/6000 (kept 1400)
[2026-08-18 14:22:51]   mimi encode 1450/6000 (kept 1450)
[2026-08-18 14:22:52]   mimi encode 1500/6000 (kept 1500)
[2026-08-18 14:22:52]   mimi encode 1550/6000 (kept 1550)
[2026-08-18 14:22:52]   mimi encode 1600/6000 (kept 1600)
[2026-08-18 14:22:53]   mimi encode 1650/6000 (kept 1650)
[2026-08-18 14:22:53]   mimi encode 1700/6000 (kept 1700)
[2026-08-18 14:22:54]   mimi encode 1750/6000 (kept 1750)
[2026-08-18 14:22:54]   mimi encode 1800/6000 (kept 1800)
[2026-08-18 14:22:55]   mimi encode 1850/6000 (kept 1850)
[2026-08-18 14:22:55]   mimi encode 1900/6000 (kept 1900)
[2026-08-18 14:22:56]   mimi encode 1950/6000 (kept 1950)
[2026-08-18 14:22:56]   mimi encode 2000/6000 (kept 2000)
[2026-08-18 14:22:57]   mimi encode 2050/6000 (kept 2050)
[2026-08-18 14:22:58]   mimi encode 2100/6000 (kept 2100)
[2026-08-18 14:22:58]   mimi encode 2150/6000 (kept 2150)
[2026-08-18 14:22:59]   mimi encode 2200/6000 (kept 2200)
[2026-08-18 14:23:00]   mimi encode 2250/6000 (kept 2250)
[2026-08-18 14:23:00]   mimi encode 2300/6000 (kept 2300)
[2026-08-18 14:23:01]   mimi encode 2350/6000 (kept 2350)
[2026-08-18 14:23:01]   mimi encode 2400/6000 (kept 2400)
[2026-08-18 14:23:02]   mimi encode 2450/6000 (kept 2450)
[2026-08-18 14:23:03]   mimi encode 2500/6000 (kept 2500)
[2026-08-18 14:23:03]   mimi encode 2550/6000 (kept 2550)
[2026-08-18 14:23:04]   mimi encode 2600/6000 (kept 2600)
[2026-08-18 14:23:04]   mimi encode 2650/6000 (kept 2650)
[2026-08-18 14:23:05]   mimi encode 2700/6000 (kept 2700)
[2026-08-18 14:23:05]   mimi encode 2750/6000 (kept 2750)
[2026-08-18 14:23:06]   mimi encode 2800/6000 (kept 2800)
[2026-08-18 14:23:06]   mimi encode 2850/6000 (kept 2850)
[2026-08-18 14:23:07]   mimi encode 2900/6000 (kept 2900)
[2026-08-18 14:23:07]   mimi encode 2950/6000 (kept 2950)
[2026-08-18 14:23:08]   mimi encode 3000/6000 (kept 3000)
[2026-08-18 14:23:08]   mimi encode 3050/6000 (kept 3050)
[2026-08-18 14:23:09]   mimi encode 3100/6000 (kept 3100)
[2026-08-18 14:23:09]   mimi encode 3150/6000 (kept 3150)
[2026-08-18 14:23:10]   mimi encode 3200/6000 (kept 3200)
[2026-08-18 14:23:10]   mimi encode 3250/6000 (kept 3250)
[2026-08-18 14:23:11]   mimi encode 3300/6000 (kept 3300)
[2026-08-18 14:23:11]   mimi encode 3350/6000 (kept 3350)
[2026-08-18 14:23:12]   mimi encode 3400/6000 (kept 3400)
[2026-08-18 14:23:12]   mimi encode 3450/6000 (kept 3450)
[2026-08-18 14:23:13]   mimi encode 3500/6000 (kept 3500)
[2026-08-18 14:23:13]   mimi encode 3550/6000 (kept 3550)
[2026-08-18 14:23:14]   mimi encode 3600/6000 (kept 3600)
[2026-08-18 14:23:14]   mimi encode 3650/6000 (kept 3650)
[2026-08-18 14:23:15]   mimi encode 3700/6000 (kept 3700)
[2026-08-18 14:23:15]   mimi encode 3750/6000 (kept 3750)
[2026-08-18 14:23:16]   mimi encode 3800/6000 (kept 3800)
[2026-08-18 14:23:16]   mimi encode 3850/6000 (kept 3850)
[2026-08-18 14:23:17]   mimi encode 3900/6000 (kept 3900)
[2026-08-18 14:23:17]   mimi encode 3950/6000 (kept 3950)
[2026-08-18 14:23:18]   mimi encode 4000/6000 (kept 4000)
[2026-08-18 14:23:19]   mimi encode 4050/6000 (kept 4050)
[2026-08-18 14:23:20]   mimi encode 4100/6000 (kept 4100)
[2026-08-18 14:23:21]   mimi encode 4150/6000 (kept 4150)
[2026-08-18 14:23:22]   mimi encode 4200/6000 (kept 4200)
[2026-08-18 14:23:22]   mimi encode 4250/6000 (kept 4250)
[2026-08-18 14:23:23]   mimi encode 4300/6000 (kept 4300)
[2026-08-18 14:23:24]   mimi encode 4350/6000 (kept 4350)
[2026-08-18 14:23:25]   mimi encode 4400/6000 (kept 4400)
[2026-08-18 14:23:26]   mimi encode 4450/6000 (kept 4450)
[2026-08-18 14:23:27]   mimi encode 4500/6000 (kept 4500)
[2026-08-18 14:23:27]   mimi encode 4550/6000 (kept 4550)
[2026-08-18 14:23:28]   mimi encode 4600/6000 (kept 4600)
[2026-08-18 14:23:29]   mimi encode 4650/6000 (kept 4650)
[2026-08-18 14:23:30]   mimi encode 4700/6000 (kept 4700)
[2026-08-18 14:23:31]   mimi encode 4750/6000 (kept 4750)
[2026-08-18 14:23:32]   mimi encode 4800/6000 (kept 4800)
[2026-08-18 14:23:32]   mimi encode 4850/6000 (kept 4850)
[2026-08-18 14:23:33]   mimi encode 4900/6000 (kept 4900)
[2026-08-18 14:23:34]   mimi encode 4950/6000 (kept 4950)
[2026-08-18 14:23:35]   mimi encode 5000/6000 (kept 5000)
[2026-08-18 14:23:36]   mimi encode 5050/6000 (kept 5050)
[2026-08-18 14:23:37]   mimi encode 5100/6000 (kept 5100)
[2026-08-18 14:23:37]   mimi encode 5150/6000 (kept 5150)
[2026-08-18 14:23:38]   mimi encode 5200/6000 (kept 5200)
[2026-08-18 14:23:39]   mimi encode 5250/6000 (kept 5250)
[2026-08-18 14:23:40]   mimi encode 5300/6000 (kept 5300)
[2026-08-18 14:23:41]   mimi encode 5350/6000 (kept 5350)
[2026-08-18 14:23:41]   mimi encode 5400/6000 (kept 5400)
[2026-08-18 14:23:42]   mimi encode 5450/6000 (kept 5450)
[2026-08-18 14:23:43]   mimi encode 5500/6000 (kept 5500)
[2026-08-18 14:23:44]   mimi encode 5550/6000 (kept 5550)
[2026-08-18 14:23:45]   mimi encode 5600/6000 (kept 5600)
[2026-08-18 14:23:45]   mimi encode 5650/6000 (kept 5650)
[2026-08-18 14:23:46]   mimi encode 5700/6000 (kept 5700)
[2026-08-18 14:23:47]   mimi encode 5750/6000 (kept 5750)
[2026-08-18 14:23:48]   mimi encode 5800/6000 (kept 5800)
[2026-08-18 14:23:49]   mimi encode 5850/6000 (kept 5850)
[2026-08-18 14:23:49]   mimi encode 5900/6000 (kept 5900)
[2026-08-18 14:23:50]   mimi encode 5950/6000 (kept 5950)
[2026-08-18 14:23:51]   t2s samples=6000 skipped=0
[2026-08-18 14:23:51] Built 6000 samples in 1.3m
[2026-08-18 14:23:51] Training start: 713 batches/epoch x 10 epochs train=5700 val=300
[2026-08-18 14:23:52] ep1 step1 loss=10.6949 lr=0.00e+00
[2026-08-18 14:24:07] ep1 step21 loss=10.5071 lr=3.00e-05
[2026-08-18 14:24:21] ep1 step41 loss=10.2269 lr=6.00e-05
[2026-08-18 14:24:35] ep1 step61 loss=9.5583 lr=9.00e-05
[2026-08-18 14:24:47] ep1 step81 loss=8.9184 lr=1.20e-04
[2026-08-18 14:24:59] ep1 step101 loss=8.4503 lr=1.50e-04
[2026-08-18 14:25:11] ep1 step121 loss=8.4520 lr=1.80e-04
[2026-08-18 14:25:25] ep1 step141 loss=8.4171 lr=2.10e-04
[2026-08-18 14:25:36] ep1 step161 loss=7.8628 lr=2.40e-04
[2026-08-18 14:25:49] ep1 step181 loss=8.2539 lr=2.70e-04
[2026-08-18 14:26:02] ep1 step201 loss=7.8666 lr=3.00e-04
[2026-08-18 14:26:14] ep1 step221 loss=7.7032 lr=3.00e-04
[2026-08-18 14:26:27] ep1 step241 loss=6.8184 lr=3.00e-04
[2026-08-18 14:26:40] ep1 step261 loss=6.4712 lr=3.00e-04
[2026-08-18 14:26:53] ep1 step281 loss=6.6865 lr=3.00e-04
[2026-08-18 14:27:05] ep1 step301 loss=6.6298 lr=3.00e-04
[2026-08-18 14:27:17] ep1 step321 loss=6.5517 lr=3.00e-04
[2026-08-18 14:27:29] ep1 step341 loss=6.4006 lr=3.00e-04
[2026-08-18 14:27:42] ep1 step361 loss=6.3552 lr=3.00e-04
[2026-08-18 14:27:53] ep1 step381 loss=6.3186 lr=3.00e-04
[2026-08-18 14:28:04] ep1 step401 loss=5.8737 lr=2.99e-04
[2026-08-18 14:28:16] ep1 step421 loss=6.0851 lr=2.99e-04
[2026-08-18 14:28:27] ep1 step441 loss=6.0766 lr=2.99e-04
[2026-08-18 14:28:39] ep1 step461 loss=5.8383 lr=2.99e-04
[2026-08-18 14:28:50] ep1 step481 loss=5.7881 lr=2.99e-04
[2026-08-18 14:29:01] checkpoint @ step 500 (elapsed 5.2m)
[2026-08-18 14:29:02] ep1 step501 loss=5.9783 lr=2.99e-04
[2026-08-18 14:29:13] ep1 step521 loss=5.8821 lr=2.98e-04
[2026-08-18 14:29:25] ep1 step541 loss=5.6774 lr=2.98e-04
[2026-08-18 14:29:36] ep1 step561 loss=5.4029 lr=2.98e-04
[2026-08-18 14:29:48] ep1 step581 loss=5.5899 lr=2.98e-04
[2026-08-18 14:29:59] ep1 step601 loss=5.8085 lr=2.98e-04
[2026-08-18 14:30:11] ep1 step621 loss=5.4531 lr=2.97e-04
[2026-08-18 14:30:22] ep1 step641 loss=5.3481 lr=2.97e-04
[2026-08-18 14:30:34] ep1 step661 loss=5.6618 lr=2.97e-04
[2026-08-18 14:30:45] ep1 step681 loss=5.4449 lr=2.96e-04
[2026-08-18 14:30:56] ep1 step701 loss=5.5082 lr=2.96e-04
[2026-08-18 14:31:10] === epoch 1 train_loss=6.9159 val_loss=5.3773 codec_acc=0.111 epoch_time=7.3m total=7.3m ===
[2026-08-18 14:31:11] New best codec_acc=0.111 -> best_model.pt
[2026-08-18 14:31:21]   wrote en.wav frames=97 dur=7.76s
[2026-08-18 14:31:31]   wrote hindi.wav frames=97 dur=7.76s
[2026-08-18 14:31:40]   wrote gujarati.wav frames=97 dur=7.76s
[2026-08-18 14:31:41] ep2 step714 loss=5.5484 lr=2.96e-04
[2026-08-18 14:31:52] ep2 step734 loss=5.1861 lr=2.96e-04
[2026-08-18 14:32:04] ep2 step754 loss=5.3412 lr=2.95e-04
[2026-08-18 14:32:15] ep2 step774 loss=5.3328 lr=2.95e-04
[2026-08-18 14:32:26] ep2 step794 loss=5.0791 lr=2.95e-04
[2026-08-18 14:32:37] ep2 step814 loss=5.3105 lr=2.94e-04
[2026-08-18 14:32:49] ep2 step834 loss=5.3392 lr=2.94e-04
[2026-08-18 14:33:01] ep2 step854 loss=5.2591 lr=2.93e-04
[2026-08-18 14:33:13] ep2 step874 loss=5.3668 lr=2.93e-04
[2026-08-18 14:33:23] ep2 step894 loss=5.1666 lr=2.93e-04
[2026-08-18 14:33:35] ep2 step914 loss=5.0027 lr=2.92e-04
[2026-08-18 14:33:46] ep2 step934 loss=5.2554 lr=2.92e-04
[2026-08-18 14:33:58] ep2 step954 loss=5.1851 lr=2.91e-04
[2026-08-18 14:34:09] ep2 step974 loss=4.9517 lr=2.91e-04
[2026-08-18 14:34:19] ep2 step994 loss=5.0854 lr=2.90e-04
[2026-08-18 14:34:24] checkpoint @ step 1000 (elapsed 10.5m)
[2026-08-18 14:34:31] ep2 step1014 loss=5.1072 lr=2.90e-04
[2026-08-18 14:34:43] ep2 step1034 loss=5.1230 lr=2.89e-04
[2026-08-18 14:34:54] ep2 step1054 loss=5.0774 lr=2.89e-04
[2026-08-18 14:35:05] ep2 step1074 loss=4.9727 lr=2.88e-04
[2026-08-18 14:35:16] ep2 step1094 loss=4.7860 lr=2.88e-04
[2026-08-18 14:35:28] ep2 step1114 loss=4.7711 lr=2.87e-04
[2026-08-18 14:35:39] ep2 step1134 loss=4.8050 lr=2.87e-04
[2026-08-18 14:35:50] ep2 step1154 loss=4.9951 lr=2.86e-04
[2026-08-18 14:36:02] ep2 step1174 loss=4.7744 lr=2.86e-04
[2026-08-18 14:36:13] ep2 step1194 loss=5.0375 lr=2.85e-04
[2026-08-18 14:36:24] ep2 step1214 loss=4.8316 lr=2.84e-04
[2026-08-18 14:36:35] ep2 step1234 loss=5.1787 lr=2.84e-04
[2026-08-18 14:36:46] ep2 step1254 loss=4.7433 lr=2.83e-04
[2026-08-18 14:36:57] ep2 step1274 loss=5.0954 lr=2.83e-04
[2026-08-18 14:37:09] ep2 step1294 loss=4.8989 lr=2.82e-04
[2026-08-18 14:37:19] ep2 step1314 loss=4.7732 lr=2.81e-04
[2026-08-18 14:37:30] ep2 step1334 loss=4.9367 lr=2.81e-04
[2026-08-18 14:37:41] ep2 step1354 loss=5.0089 lr=2.80e-04
[2026-08-18 14:37:53] ep2 step1374 loss=4.9529 lr=2.79e-04
[2026-08-18 14:38:04] ep2 step1394 loss=4.7792 lr=2.79e-04
[2026-08-18 14:38:15] ep2 step1414 loss=4.9095 lr=2.78e-04
[2026-08-18 14:38:29] === epoch 2 train_loss=5.0268 val_loss=4.8628 codec_acc=0.137 epoch_time=6.8m total=14.6m ===
[2026-08-18 14:38:30] New best codec_acc=0.137 -> best_model.pt
[2026-08-18 14:38:40]   wrote en.wav frames=97 dur=7.76s
[2026-08-18 14:38:50]   wrote hindi.wav frames=97 dur=7.76s
[2026-08-18 14:39:00]   wrote gujarati.wav frames=97 dur=7.76s
[2026-08-18 14:39:00] ep3 step1427 loss=4.4611 lr=2.77e-04
[2026-08-18 14:39:11] ep3 step1447 loss=4.7360 lr=2.77e-04
[2026-08-18 14:39:23] ep3 step1467 loss=4.8768 lr=2.76e-04
[2026-08-18 14:39:34] ep3 step1487 loss=4.7487 lr=2.75e-04
[2026-08-18 14:39:43] checkpoint @ step 1500 (elapsed 15.9m)
[2026-08-18 14:39:46] ep3 step1507 loss=4.5239 lr=2.74e-04
[2026-08-18 14:39:58] ep3 step1527 loss=4.6300 lr=2.74e-04
[2026-08-18 14:40:08] ep3 step1547 loss=4.6650 lr=2.73e-04
[2026-08-18 14:40:20] ep3 step1567 loss=4.7078 lr=2.72e-04
[2026-08-18 14:40:31] ep3 step1587 loss=4.7347 lr=2.71e-04
[2026-08-18 14:40:43] ep3 step1607 loss=4.7651 lr=2.71e-04
[2026-08-18 14:40:55] ep3 step1627 loss=4.7148 lr=2.70e-04
[2026-08-18 14:41:07] ep3 step1647 loss=4.5876 lr=2.69e-04
[2026-08-18 14:41:18] ep3 step1667 loss=4.6107 lr=2.68e-04
[2026-08-18 14:41:30] ep3 step1687 loss=4.4752 lr=2.67e-04
[2026-08-18 14:41:41] ep3 step1707 loss=4.4952 lr=2.66e-04
[2026-08-18 14:41:52] ep3 step1727 loss=4.7182 lr=2.66e-04
[2026-08-18 14:42:04] ep3 step1747 loss=4.8229 lr=2.65e-04
[2026-08-18 14:42:15] ep3 step1767 loss=4.6997 lr=2.64e-04
[2026-08-18 14:42:27] ep3 step1787 loss=4.6502 lr=2.63e-04
[2026-08-18 14:42:37] ep3 step1807 loss=4.5165 lr=2.62e-04
[2026-08-18 14:42:48] ep3 step1827 loss=4.5200 lr=2.61e-04
[2026-08-18 14:43:00] ep3 step1847 loss=4.6627 lr=2.60e-04
[2026-08-18 14:43:11] ep3 step1867 loss=4.5918 lr=2.59e-04
[2026-08-18 14:43:21] ep3 step1887 loss=4.4912 lr=2.58e-04
[2026-08-18 14:43:33] ep3 step1907 loss=4.6235 lr=2.57e-04
[2026-08-18 14:43:44] ep3 step1927 loss=4.6941 lr=2.56e-04
[2026-08-18 14:43:56] ep3 step1947 loss=4.6043 lr=2.55e-04
[2026-08-18 14:44:07] ep3 step1967 loss=4.5668 lr=2.54e-04
[2026-08-18 14:44:19] ep3 step1987 loss=4.5599 lr=2.53e-04
[2026-08-18 14:44:27] checkpoint @ step 2000 (elapsed 20.6m)
[2026-08-18 14:44:31] ep3 step2007 loss=4.7102 lr=2.52e-04
[2026-08-18 14:44:42] ep3 step2027 loss=4.3100 lr=2.51e-04
[2026-08-18 14:44:53] ep3 step2047 loss=4.7458 lr=2.50e-04
[2026-08-18 14:45:05] ep3 step2067 loss=4.4926 lr=2.49e-04
[2026-08-18 14:45:16] ep3 step2087 loss=4.5008 lr=2.48e-04
[2026-08-18 14:45:27] ep3 step2107 loss=4.5300 lr=2.47e-04
[2026-08-18 14:45:37] ep3 step2127 loss=4.4619 lr=2.46e-04
[2026-08-18 14:45:50] === epoch 3 train_loss=4.6390 val_loss=4.6619 codec_acc=0.148 epoch_time=6.8m total=22.0m ===
[2026-08-18 14:45:51] New best codec_acc=0.148 -> best_model.pt
[2026-08-18 14:46:01]   wrote en.wav frames=97 dur=7.76s
[2026-08-18 14:46:10]   wrote hindi.wav frames=97 dur=7.76s
[2026-08-18 14:46:20]   wrote gujarati.wav frames=97 dur=7.76s
[2026-08-18 14:46:21] ep4 step2140 loss=4.4625 lr=2.46e-04
[2026-08-18 14:46:31] ep4 step2160 loss=4.2568 lr=2.45e-04
[2026-08-18 14:46:43] ep4 step2180 loss=4.3427 lr=2.44e-04
[2026-08-18 14:46:54] ep4 step2200 loss=4.3352 lr=2.43e-04
[2026-08-18 14:47:05] ep4 step2220 loss=4.4403 lr=2.41e-04
[2026-08-18 14:47:16] ep4 step2240 loss=4.2705 lr=2.40e-04
[2026-08-18 14:47:28] ep4 step2260 loss=4.3685 lr=2.39e-04
[2026-08-18 14:47:39] ep4 step2280 loss=4.2254 lr=2.38e-04
[2026-08-18 14:47:51] ep4 step2300 loss=4.3851 lr=2.37e-04
[2026-08-18 14:48:02] ep4 step2320 loss=4.3461 lr=2.36e-04
[2026-08-18 14:48:14] ep4 step2340 loss=4.3835 lr=2.35e-04
[2026-08-18 14:48:25] ep4 step2360 loss=4.2513 lr=2.34e-04
[2026-08-18 14:48:36] ep4 step2380 loss=4.1490 lr=2.33e-04
[2026-08-18 14:48:48] ep4 step2400 loss=4.2078 lr=2.31e-04
[2026-08-18 14:49:00] ep4 step2420 loss=4.4015 lr=2.30e-04
[2026-08-18 14:49:10] ep4 step2440 loss=4.3322 lr=2.29e-04
[2026-08-18 14:49:21] ep4 step2460 loss=4.4474 lr=2.28e-04
[2026-08-18 14:49:33] ep4 step2480 loss=4.3850 lr=2.27e-04
[2026-08-18 14:49:44] ep4 step2500 loss=4.3785 lr=2.26e-04
[2026-08-18 14:49:45] checkpoint @ step 2500 (elapsed 25.9m)
[2026-08-18 14:49:56] ep4 step2520 loss=4.2081 lr=2.24e-04
[2026-08-18 14:50:07] ep4 step2540 loss=4.3937 lr=2.23e-04
[2026-08-18 14:50:19] ep4 step2560 loss=4.5022 lr=2.22e-04
[2026-08-18 14:50:30] ep4 step2580 loss=4.4159 lr=2.21e-04
[2026-08-18 14:50:42] ep4 step2600 loss=4.4860 lr=2.20e-04
[2026-08-18 14:50:53] ep4 step2620 loss=4.2526 lr=2.18e-04
[2026-08-18 14:51:05] ep4 step2640 loss=4.3944 lr=2.17e-04
[2026-08-18 14:51:16] ep4 step2660 loss=4.3102 lr=2.16e-04
[2026-08-18 14:51:27] ep4 step2680 loss=4.5191 lr=2.15e-04
[2026-08-18 14:51:38] ep4 step2700 loss=4.2231 lr=2.14e-04
[2026-08-18 14:51:49] ep4 step2720 loss=4.2133 lr=2.12e-04
[2026-08-18 14:52:01] ep4 step2740 loss=4.2723 lr=2.11e-04
[2026-08-18 14:52:12] ep4 step2760 loss=4.3569 lr=2.10e-04
[2026-08-18 14:52:23] ep4 step2780 loss=4.4920 lr=2.09e-04
[2026-08-18 14:52:35] ep4 step2800 loss=4.4081 lr=2.07e-04
[2026-08-18 14:52:47] ep4 step2820 loss=4.3116 lr=2.06e-04
[2026-08-18 14:52:58] ep4 step2840 loss=4.3844 lr=2.05e-04
[2026-08-18 14:53:11] === epoch 4 train_loss=4.3592 val_loss=4.5825 codec_acc=0.153 epoch_time=6.8m total=29.3m ===
[2026-08-18 14:53:12] New best codec_acc=0.153 -> best_model.pt
[2026-08-18 14:53:22]   wrote en.wav frames=97 dur=7.76s
[2026-08-18 14:53:32]   wrote hindi.wav frames=97 dur=7.76s
[2026-08-18 14:53:42]   wrote gujarati.wav frames=97 dur=7.76s
[2026-08-18 14:53:42] ep5 step2853 loss=4.2906 lr=2.04e-04
[2026-08-18 14:53:53] ep5 step2873 loss=4.0984 lr=2.03e-04
[2026-08-18 14:54:04] ep5 step2893 loss=3.8444 lr=2.01e-04
[2026-08-18 14:54:15] ep5 step2913 loss=3.9179 lr=2.00e-04
[2026-08-18 14:54:26] ep5 step2933 loss=4.1880 lr=1.99e-04
[2026-08-18 14:54:38] ep5 step2953 loss=4.0415 lr=1.98e-04
[2026-08-18 14:54:49] ep5 step2973 loss=4.1394 lr=1.96e-04
[2026-08-18 14:55:00] ep5 step2993 loss=3.8816 lr=1.95e-04
[2026-08-18 14:55:05] checkpoint @ step 3000 (elapsed 31.2m)
[2026-08-18 14:55:12] ep5 step3013 loss=4.1410 lr=1.94e-04
[2026-08-18 14:55:24] ep5 step3033 loss=4.1560 lr=1.92e-04
[2026-08-18 14:55:35] ep5 step3053 loss=3.8504 lr=1.91e-04
[2026-08-18 14:55:46] ep5 step3073 loss=3.9130 lr=1.90e-04
[2026-08-18 14:55:57] ep5 step3093 loss=4.1340 lr=1.89e-04
[2026-08-18 14:56:09] ep5 step3113 loss=4.0811 lr=1.87e-04
[2026-08-18 14:56:21] ep5 step3133 loss=4.0273 lr=1.86e-04
[2026-08-18 14:56:32] ep5 step3153 loss=4.1703 lr=1.85e-04
[2026-08-18 14:56:44] ep5 step3173 loss=4.0890 lr=1.83e-04
[2026-08-18 14:56:55] ep5 step3193 loss=4.0033 lr=1.82e-04
[2026-08-18 14:57:06] ep5 step3213 loss=3.9749 lr=1.81e-04
[2026-08-18 14:57:18] ep5 step3233 loss=4.1315 lr=1.79e-04
[2026-08-18 14:57:30] ep5 step3253 loss=4.1668 lr=1.78e-04
[2026-08-18 14:57:42] ep5 step3273 loss=4.2630 lr=1.77e-04
[2026-08-18 14:57:54] ep5 step3293 loss=4.0873 lr=1.75e-04
[2026-08-18 14:58:05] ep5 step3313 loss=4.1127 lr=1.74e-04
[2026-08-18 14:58:16] ep5 step3333 loss=4.1243 lr=1.73e-04
[2026-08-18 14:58:27] ep5 step3353 loss=4.0390 lr=1.71e-04
[2026-08-18 14:58:38] ep5 step3373 loss=4.2342 lr=1.70e-04
[2026-08-18 14:58:50] ep5 step3393 loss=4.3031 lr=1.69e-04
[2026-08-18 14:59:02] ep5 step3413 loss=4.1649 lr=1.67e-04
[2026-08-18 14:59:13] ep5 step3433 loss=4.0875 lr=1.66e-04
[2026-08-18 14:59:25] ep5 step3453 loss=4.0904 lr=1.64e-04
[2026-08-18 14:59:36] ep5 step3473 loss=4.0609 lr=1.63e-04
[2026-08-18 14:59:47] ep5 step3493 loss=4.0593 lr=1.62e-04
[2026-08-18 14:59:52] checkpoint @ step 3500 (elapsed 36.0m)
[2026-08-18 14:59:59] ep5 step3513 loss=4.0904 lr=1.60e-04
[2026-08-18 15:00:10] ep5 step3533 loss=4.1193 lr=1.59e-04
[2026-08-18 15:00:21] ep5 step3553 loss=4.1462 lr=1.58e-04
[2026-08-18 15:00:34] === epoch 5 train_loss=4.0822 val_loss=4.5946 codec_acc=0.154 epoch_time=6.9m total=36.7m ===
[2026-08-18 15:00:35] New best codec_acc=0.154 -> best_model.pt
[2026-08-18 15:00:45]   wrote en.wav frames=97 dur=7.76s
[2026-08-18 15:00:55]   wrote hindi.wav frames=97 dur=7.76s
[2026-08-18 15:01:05]   wrote gujarati.wav frames=97 dur=7.76s
[2026-08-18 15:01:06] ep6 step3566 loss=3.7416 lr=1.57e-04
[2026-08-18 15:01:17] ep6 step3586 loss=3.6931 lr=1.55e-04
[2026-08-18 15:01:29] ep6 step3606 loss=3.7009 lr=1.54e-04
[2026-08-18 15:01:40] ep6 step3626 loss=3.6495 lr=1.53e-04
[2026-08-18 15:01:51] ep6 step3646 loss=3.7823 lr=1.51e-04
[2026-08-18 15:02:02] ep6 step3666 loss=3.8834 lr=1.50e-04
[2026-08-18 15:02:12] ep6 step3686 loss=3.8717 lr=1.49e-04
[2026-08-18 15:02:22] ep6 step3706 loss=3.8266 lr=1.47e-04
[2026-08-18 15:02:34] ep6 step3726 loss=3.8936 lr=1.46e-04
[2026-08-18 15:02:44] ep6 step3746 loss=3.7486 lr=1.45e-04
[2026-08-18 15:02:56] ep6 step3766 loss=3.7935 lr=1.43e-04
[2026-08-18 15:03:06] ep6 step3786 loss=3.8888 lr=1.42e-04
[2026-08-18 15:03:17] ep6 step3806 loss=3.7763 lr=1.40e-04
[2026-08-18 15:03:29] ep6 step3826 loss=3.7488 lr=1.39e-04
[2026-08-18 15:03:40] ep6 step3846 loss=3.6745 lr=1.38e-04
[2026-08-18 15:03:51] ep6 step3866 loss=3.7657 lr=1.36e-04
[2026-08-18 15:04:03] ep6 step3886 loss=3.7468 lr=1.35e-04
[2026-08-18 15:04:14] ep6 step3906 loss=3.7518 lr=1.34e-04
[2026-08-18 15:04:26] ep6 step3926 loss=3.7743 lr=1.32e-04
[2026-08-18 15:04:37] ep6 step3946 loss=3.7919 lr=1.31e-04
[2026-08-18 15:04:48] ep6 step3966 loss=3.7936 lr=1.30e-04
[2026-08-18 15:04:59] ep6 step3986 loss=3.8464 lr=1.28e-04
[2026-08-18 15:05:08] checkpoint @ step 4000 (elapsed 41.3m)
[2026-08-18 15:05:12] ep6 step4006 loss=3.7437 lr=1.27e-04
[2026-08-18 15:05:22] ep6 step4026 loss=3.9620 lr=1.26e-04
[2026-08-18 15:05:34] ep6 step4046 loss=3.5872 lr=1.24e-04
[2026-08-18 15:05:45] ep6 step4066 loss=3.7862 lr=1.23e-04
[2026-08-18 15:05:57] ep6 step4086 loss=3.8160 lr=1.22e-04
[2026-08-18 15:06:08] ep6 step4106 loss=3.9152 lr=1.20e-04
[2026-08-18 15:06:19] ep6 step4126 loss=3.9828 lr=1.19e-04
[2026-08-18 15:06:31] ep6 step4146 loss=3.7066 lr=1.18e-04
[2026-08-18 15:06:42] ep6 step4166 loss=3.7133 lr=1.16e-04
[2026-08-18 15:06:54] ep6 step4186 loss=3.8435 lr=1.15e-04
[2026-08-18 15:07:06] ep6 step4206 loss=3.7801 lr=1.14e-04
[2026-08-18 15:07:17] ep6 step4226 loss=4.0091 lr=1.12e-04
[2026-08-18 15:07:28] ep6 step4246 loss=3.8428 lr=1.11e-04
[2026-08-18 15:07:40] ep6 step4266 loss=3.7367 lr=1.10e-04
[2026-08-18 15:07:53] === epoch 6 train_loss=3.7621 val_loss=4.6896 codec_acc=0.152 epoch_time=6.8m total=44.0m ===
[2026-08-18 15:08:04]   wrote en.wav frames=97 dur=7.76s
[2026-08-18 15:08:15]   wrote hindi.wav frames=97 dur=7.76s
[2026-08-18 15:08:25]   wrote gujarati.wav frames=97 dur=7.76s
[2026-08-18 15:08:26] ep7 step4279 loss=3.5325 lr=1.09e-04
[2026-08-18 15:08:37] ep7 step4299 loss=3.4400 lr=1.08e-04
[2026-08-18 15:08:47] ep7 step4319 loss=3.2437 lr=1.06e-04
[2026-08-18 15:08:58] ep7 step4339 loss=3.3398 lr=1.05e-04
[2026-08-18 15:09:10] ep7 step4359 loss=3.3481 lr=1.04e-04
[2026-08-18 15:09:21] ep7 step4379 loss=3.3458 lr=1.02e-04
[2026-08-18 15:09:32] ep7 step4399 loss=3.3946 lr=1.01e-04
[2026-08-18 15:09:43] ep7 step4419 loss=3.4995 lr=9.98e-05
[2026-08-18 15:09:54] ep7 step4439 loss=3.5941 lr=9.85e-05
[2026-08-18 15:10:05] ep7 step4459 loss=3.3475 lr=9.72e-05
[2026-08-18 15:10:16] ep7 step4479 loss=3.3316 lr=9.60e-05
[2026-08-18 15:10:27] ep7 step4499 loss=3.4106 lr=9.47e-05
[2026-08-18 15:10:28] checkpoint @ step 4500 (elapsed 46.6m)
[2026-08-18 15:10:39] ep7 step4519 loss=3.4212 lr=9.34e-05
[2026-08-18 15:10:50] ep7 step4539 loss=3.4775 lr=9.22e-05
[2026-08-18 15:11:02] ep7 step4559 loss=3.5321 lr=9.09e-05
[2026-08-18 15:11:13] ep7 step4579 loss=3.0809 lr=8.97e-05
[2026-08-18 15:11:24] ep7 step4599 loss=3.4153 lr=8.84e-05
[2026-08-18 15:11:35] ep7 step4619 loss=3.3942 lr=8.72e-05
[2026-08-18 15:11:47] ep7 step4639 loss=3.2985 lr=8.60e-05
[2026-08-18 15:11:58] ep7 step4659 loss=3.4875 lr=8.47e-05
[2026-08-18 15:12:09] ep7 step4679 loss=3.4487 lr=8.35e-05
[2026-08-18 15:12:20] ep7 step4699 loss=3.3927 lr=8.23e-05
[2026-08-18 15:12:30] ep7 step4719 loss=3.3893 lr=8.11e-05
[2026-08-18 15:12:42] ep7 step4739 loss=3.5461 lr=7.99e-05
[2026-08-18 15:12:54] ep7 step4759 loss=3.5134 lr=7.87e-05
[2026-08-18 15:13:04] ep7 step4779 loss=3.3981 lr=7.75e-05
[2026-08-18 15:13:16] ep7 step4799 loss=3.3940 lr=7.63e-05
[2026-08-18 15:13:27] ep7 step4819 loss=3.3071 lr=7.51e-05
[2026-08-18 15:13:39] ep7 step4839 loss=3.4658 lr=7.39e-05
[2026-08-18 15:13:48] ep7 step4859 loss=3.1497 lr=7.28e-05
[2026-08-18 15:14:00] ep7 step4879 loss=3.5148 lr=7.16e-05
[2026-08-18 15:14:11] ep7 step4899 loss=3.2634 lr=7.05e-05
[2026-08-18 15:14:22] ep7 step4919 loss=3.5486 lr=6.93e-05
[2026-08-18 15:14:34] ep7 step4939 loss=3.4958 lr=6.82e-05
[2026-08-18 15:14:44] ep7 step4959 loss=3.5394 lr=6.70e-05
[2026-08-18 15:14:55] ep7 step4979 loss=3.2300 lr=6.59e-05
[2026-08-18 15:15:08] === epoch 7 train_loss=3.4216 val_loss=4.8371 codec_acc=0.147 epoch_time=6.7m total=51.3m ===
[2026-08-18 15:15:19]   wrote en.wav frames=97 dur=7.76s
[2026-08-18 15:15:29]   wrote hindi.wav frames=97 dur=7.76s
[2026-08-18 15:15:40]   wrote gujarati.wav frames=97 dur=7.76s
[2026-08-18 15:15:40] ep8 step4992 loss=2.9319 lr=6.52e-05
[2026-08-18 15:15:45] checkpoint @ step 5000 (elapsed 51.9m)
[2026-08-18 15:15:52] ep8 step5012 loss=2.9987 lr=6.40e-05
[2026-08-18 15:16:03] ep8 step5032 loss=3.0278 lr=6.29e-05
[2026-08-18 15:16:14] ep8 step5052 loss=3.1527 lr=6.18e-05
[2026-08-18 15:16:25] ep8 step5072 loss=3.0040 lr=6.07e-05
[2026-08-18 15:16:36] ep8 step5092 loss=3.2836 lr=5.96e-05
[2026-08-18 15:16:47] ep8 step5112 loss=3.0466 lr=5.86e-05
[2026-08-18 15:16:57] ep8 step5132 loss=2.9816 lr=5.75e-05
[2026-08-18 15:17:09] ep8 step5152 loss=3.2112 lr=5.64e-05
[2026-08-18 15:17:20] ep8 step5172 loss=3.2415 lr=5.54e-05
[2026-08-18 15:17:31] ep8 step5192 loss=2.9118 lr=5.43e-05
[2026-08-18 15:17:43] ep8 step5212 loss=3.1850 lr=5.33e-05
[2026-08-18 15:17:55] ep8 step5232 loss=3.0110 lr=5.22e-05
[2026-08-18 15:18:06] ep8 step5252 loss=2.9216 lr=5.12e-05
[2026-08-18 15:18:10] Signal 15: saving latest.pt...
[2026-08-18 15:18:11] Shutdown: saved latest.pt @ step 5259
Done. Log: logs/v11/duplex_tts_duplex_100m_pam_t2s_20260818_142219_d04e7c8_dirty/duplex_tts_duplex_100m_pam_t2s.log  Checkpoints: checkpoints_v11_duplex_100m_tts_pam_t2s/best_model.pt + latest.pt
