[2026-07-16 09:04:30] Wall clock start: 2026-07-16 09:04:30
[2026-07-16 09:04:30] ============================================================
[2026-07-16 09:04:30]   V11: PAM with new memory dynamics
[2026-07-16 09:04:30]   Preset: v11_micro_10m_phase | Stage: pretrain | Dataset: pretrain_mix
[2026-07-16 09:04:30] ============================================================

[2026-07-16 09:04:30] Config: {'vocab_size': 50261, 'dim': 96, 'n_heads': 3, 'head_dim': 32, 'n_layers': 6, 'expand': 3, 'dropout': 0.0, 'max_seq_len': 2048, 'use_learned_pos': False, 'use_rope': True, 'use_gsp': True, 'fused_qkv': True, 'qk_norm': False, 'tie_weights': True, 'gradient_checkpointing': False, 'activation': 'swish', 'chunk_size': 64, 'decay_mode': 'head', 'write_mode': 'additive', 'n_states': 3, 'delta_chunk': 64, 'state_dt_spread': 2.0, 'base_dt_bias': -4.0, 'gate_content_aware': True, 'protect_gate_bias': -3.0, 'routing_content_aware': False, 'state_compete': False, 'phase_init': 'zero', 'route_balance_lambda': 0.0, 'aux_loss_weight': 1.0, 'fused_e3': True, 'recompute_pam_chunks': False, 'gamma_floor': 0.0, 'gate_surprisal_lambda': 0.3, 'gate_surprisal_tau': 0.5, 'gate_surprisal_sign': 1.0, 'vault_state': False, 'vault_state_idx': 0, 'write_phase_address': True}
[2026-07-16 09:04:30] Memory dynamics: decay_mode=head, write_mode=additive, n_states=3, chunk_size=64
[2026-07-16 09:04:30] Batch size: 32, Epochs: 9999, LR: 0.0003
[2026-07-16 09:04:30] Token budget: 30,000,000

[2026-07-16 09:04:30] Loading pretrain_mix (seq_len=2048)...
[2026-07-16 09:04:32] Streaming pretrain blend: sources=['recall'] weights=[1.0] edu>=3 budget=30000000 vocab=50257 holdout_pct=5 exclude_holdout=True mix_seed=42 warmup=0 skips={'recall': 0}
[2026-07-16 09:04:32] [cache] Pretrain holdout val from .cache/v7_tokens/pretrain_holdout_v1_v50257_t500000_e3_p5.pt (500,000 tokens)
[2026-07-16 09:04:33] [cache] Loaded WikiText-103 validation from .cache/v7_tokens/wikitext103_validation_v2_full_sl2048.pt (248,461 tokens)
[2026-07-16 09:04:33] Val chunks: 121
[2026-07-16 09:04:33] Adjusting vocab_size: 50261 -> 50257 (tokenizer)
[2026-07-16 09:04:33] Val: in-distro holdout (8 batches), WikiText secondary (4 batches)
[2026-07-16 09:04:33] Train batches: streaming, Val batches: 8

[2026-07-16 09:04:34] Model parameters: {'embedding (tied)': 9649344, 'blocks': 1454736, 'norms': 192, 'lm_head': 18720, 'total': 11122992}
[2026-07-16 09:04:34] Total: 11,122,992 (11.1M)
[2026-07-16 09:04:34] Param groups: 88 tensors (11,117,760) with wd, 77 tensors (5,232) without
[2026-07-16 09:04:34] Compiling model (mode=default)...
[2026-07-16 09:04:35]   fused_ce: compiled _hidden_to_lm (logits never materialized)

[2026-07-16 09:04:35] Training on cuda
[2026-07-16 09:04:35] Parameters: {'embedding (tied)': 9649344, 'blocks': 1454736, 'norms': 192, 'lm_head': 18720, 'total': 11122992}
[2026-07-16 09:04:35] Total: 11,122,992 (11.1M)
[2026-07-16 09:04:35] Epochs: 1..9999, Batches/epoch: stream
[2026-07-16 09:04:35] Periodic checkpoint: every 1000 steps -> latest.pt


[2026-07-16 09:04:35] ============================================================
[2026-07-16 09:04:35] Epoch 1/9999
[2026-07-16 09:04:35] ============================================================
