[2026-07-16 09:55:04] Wall clock start: 2026-07-16 09:55:04
[2026-07-16 09:55:04] ============================================================
[2026-07-16 09:55:04]   V11: PAM with new memory dynamics
[2026-07-16 09:55:04]   Preset: v11_micro_10m_phase | Stage: pretrain | Dataset: pretrain_mix
[2026-07-16 09:55:04] ============================================================

[2026-07-16 09:55:04] Config: {'vocab_size': 50261, 'dim': 96, 'n_heads': 3, 'head_dim': 32, 'n_layers': 6, 'expand': 3, 'dropout': 0.0, 'max_seq_len': 2048, 'use_learned_pos': False, 'use_rope': True, 'use_gsp': True, 'fused_qkv': True, 'qk_norm': False, 'tie_weights': True, 'gradient_checkpointing': False, 'activation': 'swish', 'chunk_size': 64, 'decay_mode': 'head', 'write_mode': 'additive', 'n_states': 3, 'delta_chunk': 64, 'state_dt_spread': 2.0, 'base_dt_bias': -4.0, 'gate_content_aware': True, 'protect_gate_bias': -3.0, 'routing_content_aware': False, 'state_compete': False, 'phase_init': 'zero', 'route_balance_lambda': 0.0, 'aux_loss_weight': 1.0, 'fused_e3': True, 'recompute_pam_chunks': False, 'gamma_floor': 0.0, 'gate_surprisal_lambda': 0.3, 'gate_surprisal_tau': 0.5, 'gate_surprisal_sign': 1.0, 'vault_state': False, 'vault_state_idx': 0, 'write_phase_address': True}
[2026-07-16 09:55:04] Memory dynamics: decay_mode=head, write_mode=additive, n_states=3, chunk_size=64
[2026-07-16 09:55:04] Batch size: 32, Epochs: 9999, LR: 0.0003
[2026-07-16 09:55:04] Token budget: 30,000,000

[2026-07-16 09:55:04] Loading pretrain_mix (seq_len=2048)...
[2026-07-16 09:55:06] Streaming pretrain blend: sources=['recall'] weights=[1.0] edu>=3 budget=30000000 vocab=50257 holdout_pct=5 exclude_holdout=True mix_seed=42 warmup=0 skips={'recall': 0}
[2026-07-16 09:55:06] [cache] Pretrain holdout val from .cache/v7_tokens/pretrain_holdout_v1_v50257_t500000_e3_p5.pt (500,000 tokens)
[2026-07-16 09:55:07] [cache] Loaded WikiText-103 validation from .cache/v7_tokens/wikitext103_validation_v2_full_sl2048.pt (248,461 tokens)
[2026-07-16 09:55:07] Val chunks: 121
[2026-07-16 09:55:07] Adjusting vocab_size: 50261 -> 50257 (tokenizer)
[2026-07-16 09:55:07] Val: in-distro holdout (8 batches), WikiText secondary (4 batches)
[2026-07-16 09:55:07] Train batches: streaming, Val batches: 8

[2026-07-16 09:55:07] Model parameters: {'embedding (tied)': 9649344, 'blocks': 1454736, 'norms': 192, 'lm_head': 18720, 'total': 11122992}
[2026-07-16 09:55:07] Total: 11,122,992 (11.1M)
[2026-07-16 09:55:07] Param groups: 88 tensors (11,117,760) with wd, 77 tensors (5,232) without
[2026-07-16 09:55:07] Compiling model (mode=default)...
[2026-07-16 09:55:08]   fused_ce: compiled _hidden_to_lm (logits never materialized)

[2026-07-16 09:55:09] Training on cuda
[2026-07-16 09:55:09] Parameters: {'embedding (tied)': 9649344, 'blocks': 1454736, 'norms': 192, 'lm_head': 18720, 'total': 11122992}
[2026-07-16 09:55:09] Total: 11,122,992 (11.1M)
[2026-07-16 09:55:09] Epochs: 1..9999, Batches/epoch: stream
[2026-07-16 09:55:09] Periodic checkpoint: every 1000 steps -> latest.pt


[2026-07-16 09:55:09] ============================================================
[2026-07-16 09:55:09] Epoch 1/9999
[2026-07-16 09:55:09] ============================================================
[2026-07-16 10:06:14]   [1] 0 loss=10.8198 ppl=50000.9 lr=1.50e-06 | 98 tok/s (avg 98) ETA n/a | GPU 0.2/10.7GB | gtok=65536
[2026-07-16 10:06:34]   [1] 50 loss=10.2208 ppl=27468.4 lr=7.65e-05 | 162114 tok/s (avg 4875) ETA n/a | GPU 0.2/10.8GB | gtok=3342336
[2026-07-16 10:06:54]   [1] 100 loss=8.4406 ppl=4631.3 lr=1.51e-04 | 162144 tok/s (avg 9379) ETA n/a | GPU 0.2/10.8GB | gtok=6619136
[2026-07-16 10:07:27]   [1] 150 loss=6.5305 ppl=685.8 lr=2.26e-04 | 99245 tok/s (avg 13395) ETA n/a | GPU 0.2/10.8GB | gtok=9895936
[2026-07-16 10:07:48]   [1] 200 loss=4.2914 ppl=73.1 lr=3.00e-04 | 161039 tok/s (avg 17352) ETA n/a | GPU 0.2/10.8GB | gtok=13172736
[2026-07-16 10:08:08]   [1] 250 loss=2.2277 ppl=9.3 lr=2.91e-04 | 161518 tok/s (avg 21105) ETA n/a | GPU 0.2/10.8GB | gtok=16449536
[2026-07-16 10:08:28]   [1] 300 loss=1.2124 ppl=3.4 lr=2.65e-04 | 161881 tok/s (avg 24668) ETA n/a | GPU 0.2/10.8GB | gtok=19726336
[2026-07-16 10:08:48]   [1] 350 loss=0.7873 ppl=2.2 lr=2.26e-04 | 162157 tok/s (avg 28057) ETA n/a | GPU 0.2/10.8GB | gtok=23003136
[2026-07-16 10:09:09]   [1] 400 loss=0.5369 ppl=1.7 lr=1.78e-04 | 162383 tok/s (avg 31284) ETA n/a | GPU 0.2/10.8GB | gtok=26279936
[2026-07-16 10:09:29]   [1] 450 loss=0.4485 ppl=1.6 lr=1.27e-04 | 162564 tok/s (avg 34360) ETA n/a | GPU 0.2/10.8GB | gtok=29556736
[2026-07-16 10:26:41]   Token budget reached: 30,001,152 / 30,000,000
[2026-07-16 10:34:32] Epoch 1/9999 | Train Loss: 4.3714 PPL: 79.16 | 15853 tok/s | Time: 1892.4s (30,001,152 tok) | Val Loss: 11.1736 PPL: 71223.27 Acc: 0.009 | Wiki PPL: 98155.44 *best*
[2026-07-16 10:34:32] Saved checkpoint: checkpoints_v11_recall_micro/phase/best_model.pt

[2026-07-16 10:34:32] Stopping: token budget 30,000,000 reached.
[2026-07-16 10:34:33] Saved checkpoint: checkpoints_v11_recall_micro/phase/final_model.pt

[2026-07-16 10:34:33] Training complete (token budget)!
[2026-07-16 10:34:33] Total wall time: 2363.9s (0.66h)
[2026-07-16 10:34:33] Best Val Loss: 11.1736, Best Val PPL: 71223.27

[2026-07-16 10:34:33] Wall clock end: 2026-07-16 10:34:33
