[Discord] Webhook configured -- notifications enabled
Wall clock start: 2026-08-22 15:35:03
============================================================
  V11: PAM with new memory dynamics
  Preset: v13_e3_k3_selective | Stage: lm | Dataset: pretrain_mix
============================================================

Config: {'vocab_size': 50261, 'dim': 384, 'n_heads': 6, 'head_dim': 64, 'n_layers': 16, 'expand': 3, 'dropout': 0.1, 'max_seq_len': 2048, 'use_learned_pos': False, 'use_rope': True, 'use_gsp': True, 'fused_qkv': True, 'qk_norm': False, 'tie_weights': True, 'gradient_checkpointing': True, 'activation': 'swish', 'chunk_size': 256, 'decay_mode': 'head', 'write_mode': 'delta', 'delta_erase_gate': True, 'n_states': 3, 'delta_chunk': 128, 'state_dt_spread': 2.0, 'base_dt_bias': -4.0, 'gate_content_aware': True, 'protect_gate_bias': -3.0, 'routing_content_aware': False, 'state_compete': False, 'phase_init': 'zero', 'route_balance_lambda': 0.0, 'aux_loss_weight': 1.0, 'fused_e3': True, 'recompute_pam_chunks': False, 'gamma_floor': 0.0, 'gate_surprisal_lambda': 0.1, 'gate_surprisal_tau': 1.0, 'gate_surprisal_sign': 1.0, 'vault_state': True, 'vault_state_idx': 0, 'write_phase_address': True}
Memory dynamics: decay_mode=head, write_mode=delta, n_states=3, chunk_size=256
Batch size: 16, Epochs: 10, LR: 0.0001
Token budget: 500,000,000

Loading pretrain_mix (seq_len=2048)...
Streaming pretrain blend: sources=['dclm', 'fineweb', 'smoltalk2_mid', 'recall', 'reason'] weights=[70.0, 20.0, 5.0, 5.0, 5.0] edu>=3 budget=500000000 vocab=50261 holdout_pct=5 exclude_holdout=True mix_seed=42 warmup=0 skips={'dclm': 0, 'fineweb': 0, 'smoltalk2_mid': 0, 'recall': 0, 'reason': 0}
[cache] Pretrain holdout val from .cache/v7_tokens/pretrain_holdout_v1_v50261_t500000_e3_p5.pt (500,000 tokens)
[cache] Loaded WikiText-103 validation from .cache/v7_tokens/wikitext103_validation_v2_full_sl2048.pt (248,461 tokens)
Val chunks: 121
Val: in-distro holdout (16 batches), WikiText secondary (8 batches)
Train batches: streaming, Val batches: 16

Model parameters: {'embedding (tied)': 38600448, 'blocks': 61724512, 'norms': 768, 'lm_head': 296064, 'total': 100621792}
Total: 100,621,792 (100.6M)
Param groups: 260 tensors (100,569,856) with wd, 229 tensors (51,936) without
fused_ce enabled (chunked linear+CE; logits never materialized)

Training on cuda
Parameters: {'embedding (tied)': 38600448, 'blocks': 61724512, 'norms': 768, 'lm_head': 296064, 'total': 100621792}
Total: 100,621,792 (100.6M)
Epochs: 1..9999, Batches/epoch: stream


============================================================
Epoch 1/9999
============================================================
Token indices sequence length is longer than the specified maximum sequence length for this model (1053 > 1024). Running this sequence through the model will result in indexing errors
  [1] 0 loss=10.9139 ppl=54932.9 lr=1.00e-07 | 100 tok/s (avg 100) ETA n/a | GPU 2.7/13.9GB | gtok=32768
  [1] 50 loss=10.7906 ppl=48560.0 lr=5.10e-06 | 21025 tok/s (avg 4113) ETA n/a | GPU 2.7/14.2GB | gtok=1671168
  [1] 100 loss=10.4898 ppl=35948.4 lr=1.01e-05 | 21101 tok/s (avg 6839) ETA n/a | GPU 2.7/14.2GB | gtok=3309568
  [1] 150 loss=10.2767 ppl=29048.8 lr=1.51e-05 | 20604 tok/s (avg 8781) ETA n/a | GPU 2.7/14.2GB | gtok=4947968
[Discord] Webhook configured -- notifications enabled
Wall clock start: 2026-08-22 15:46:30
============================================================
  V11: PAM with new memory dynamics
  Preset: v13_e3_k3_selective | Stage: lm | Dataset: pretrain_mix
============================================================

Config: {'vocab_size': 50261, 'dim': 384, 'n_heads': 6, 'head_dim': 64, 'n_layers': 16, 'expand': 3, 'dropout': 0.1, 'max_seq_len': 2048, 'use_learned_pos': False, 'use_rope': True, 'use_gsp': True, 'fused_qkv': True, 'qk_norm': False, 'tie_weights': True, 'gradient_checkpointing': True, 'activation': 'swish', 'chunk_size': 256, 'decay_mode': 'head', 'write_mode': 'delta', 'delta_erase_gate': True, 'n_states': 3, 'delta_chunk': 128, 'state_dt_spread': 2.0, 'base_dt_bias': -4.0, 'gate_content_aware': True, 'protect_gate_bias': -3.0, 'routing_content_aware': False, 'state_compete': False, 'phase_init': 'zero', 'route_balance_lambda': 0.0, 'aux_loss_weight': 1.0, 'fused_e3': True, 'recompute_pam_chunks': False, 'gamma_floor': 0.0, 'gate_surprisal_lambda': 0.1, 'gate_surprisal_tau': 1.0, 'gate_surprisal_sign': 1.0, 'vault_state': True, 'vault_state_idx': 0, 'write_phase_address': True}
Memory dynamics: decay_mode=head, write_mode=delta, n_states=3, chunk_size=256
Batch size: 16, Epochs: 10, LR: 0.0001
Token budget: 500,000,000

Loading pretrain_mix (seq_len=2048)...
Streaming pretrain blend: sources=['dclm', 'fineweb', 'smoltalk2_mid', 'recall', 'reason'] weights=[70.0, 20.0, 5.0, 5.0, 5.0] edu>=3 budget=500000000 vocab=50261 holdout_pct=5 exclude_holdout=True mix_seed=42 warmup=0 skips={'dclm': 0, 'fineweb': 0, 'smoltalk2_mid': 0, 'recall': 0, 'reason': 0}
[cache] Pretrain holdout val from .cache/v7_tokens/pretrain_holdout_v1_v50261_t500000_e3_p5.pt (500,000 tokens)
[cache] Loaded WikiText-103 validation from .cache/v7_tokens/wikitext103_validation_v2_full_sl2048.pt (248,461 tokens)
Val chunks: 121
Val: in-distro holdout (16 batches), WikiText secondary (8 batches)
Train batches: streaming, Val batches: 16

Model parameters: {'embedding (tied)': 38600448, 'blocks': 61724512, 'norms': 768, 'lm_head': 296064, 'total': 100621792}
Total: 100,621,792 (100.6M)
Param groups: 260 tensors (100,569,856) with wd, 229 tensors (51,936) without
fused_ce enabled (chunked linear+CE; logits never materialized)

Training on cuda
Parameters: {'embedding (tied)': 38600448, 'blocks': 61724512, 'norms': 768, 'lm_head': 296064, 'total': 100621792}
Total: 100,621,792 (100.6M)
Epochs: 1..9999, Batches/epoch: stream
Periodic checkpoint: every 5000 steps -> latest.pt


============================================================
Epoch 1/9999
============================================================
